所有 print 內容將同步寫入 C:\Users\Jerry-yc.Liu\Desktop\script\stock_signal_charts\20251221_160523_其他行業\stock_analysis_20251221_160523_其他行業.log
正在讀取大 pkl: C:\Users\Jerry-yc.Liu\Desktop\script\cache\all_stock_2y.pkl
大 pkl 讀取完成，共有 854 檔股票
可用股票數量: 18
其他行業 全部有快取的股票代號: 
['1432', '1598', '1736', '2062', '2762', '3557', '4536', '5306', '6670', '6671', '6754', '6768', '6807', '8462', '8464', '8467', '8478', '8482']
✅ 快取最新交易日為 2025-12-19, 昨日訊號才有可能出現。

[Step 1: Random Forest 訓練權重 (Random Forest Algo)]
訓練集勝率: 79.61%
測試集勝率: 71.42%
Random Forest 訓練耗時: 6.64 秒
y_all 樣本分布 (0=敗, 1=勝):
0    4263
1    1519
dtype: int64
勝率比例: 26.271186%

混淆矩陣 (Confusion Matrix):
[[917 362]
 [369 910]]

分類報告 (Classification Report):
              precision    recall  f1-score   support

           0     0.7131    0.7170    0.7150      1279
           1     0.7154    0.7115    0.7134      1279

    accuracy                         0.7142      2558
   macro avg     0.7142    0.7142    0.7142      2558
weighted avg     0.7142    0.7142    0.7142      2558


各特徵對模型預測勝率的重要性: 
k_pattern   : 0.0059
ma_cross    : 0.0023
rsi_signal  : 0.0020
macd_signal : 0.0010
kd_cross    : 0.0032
vol_cross   : 0.0024
RSI         : 0.0872
MACD        : 0.1276
K           : 0.0782
D           : 0.0760
close/5MA   : 0.1140
close/20MA  : 0.0964
close/60MA  : 0.1587
vol/5MA     : 0.0618
vol/20MA    : 0.0684
bullish_ma  : 0.0059
bullish_ma_just: 0.0031
vol_up_just : 0.0059
rsi_just    : 0.0016
ma5_up      : 0.0047
ma20_up     : 0.0080
ma60_up     : 0.0274
bullish_ma_n: 0.0069
ma5_up_n    : 0.0055
vol_up_n    : 0.0084
bullish_ma_and_rsi: 0.0055
ma5_up_and_macd: 0.0023
bullish_ma_and_vol: 0.0040
is_w_buttom : 0.0117
is_triangle : 0.0046
is_cup_handle: 0.0027
is_inverse_head_shoulder: 0.0067
特徵重要性圖已存檔於 C:\Users\Jerry-yc.Liu\Desktop\script\stock_signal_charts\20251221_160523_其他行業\feature_importances.png

[Step 2: 多股票回測與分數分布 (Multi Stock Analyze)]
回測分數分布總耗時: 11.94 秒

分數分布統計: 最小值：0.21，最大值: 0.91，平均值:0.47，中位數:0.45，95分位: 0.65

近 60 天内分數 >= 95分位 (0.65) 且多頭排列持續且量能放大且多頭+RSI>50的進場訊號:
8462 2025-09-16 features: ['0', '0', '0', '0', '0', '0', '50.41', '3.58', '4.17', '14.09', '0.97', '0.99', '1.07', '1.13', '0.74', '1', '0', '1', '0', '0', '1', '1', '1', '0', '0', '1', '0', '0', '0', '0', '0', '0'] 分數: 0.70進場 敗，10 天內最高獲利: 3.82% (2025-09-26)
4536 2025-09-11 features: ['0', '0', '0', '0', '0', '0', '43.63', '0.62', '7.41', '23.10', '0.97', '0.98', '0.98', '1.74', '2.32', '1', '0', '1', '0', '0', '0', '0', '1', '0', '0', '0', '0', '0', '0', '0', '0', '0'] 分數: 0.66進場 敗，10 天內最高獲利: 3.84% (2025-09-19)
6768 2025-10-14 features: ['0', '0', '0', '0', '0', '0', '61.04', '4.03', '62.50', '71.17', '0.98', '1.07', '1.10', '0.48', '0.95', '1', '0', '0', '0', '0', '1', '1', '1', '0', '0', '1', '0', '0', '1', '0', '1', '0'] 分數: 0.69進場 勝，10 天內最高獲利: 6.03% (2025-10-15)
1736 2025-09-09 features: ['0', '0', '0', '1', '0', '0', '39.35', '-4.09', '31.58', '27.92', '1.00', '0.97', '0.89', '1.10', '1.04', '0', '0', '0', '0', '0', '0', '0', '0', '0', '1', '0', '0', '0', '0', '0', '0', '0'] 分數: 0.70進場 勝，10 天內最高獲利: 12.68% (2025-09-19)

近 60 天內總勝率: 2/4 = 50.00%
分數>95分位且多頭排列持續性勝率: 80.00% (樣本數: 55)
分數>95分位且多頭排列且量能持續放大勝率: 86.21% (樣本數: 58)
剛形成多頭排列勝率: 17.76% (樣本數: 107)

[BYPASS Step3: 畫圖]

[Step 4: 進出場買賣模擬 (Entry and exit trading simulation)]

🔍 昨日 (2025-12-18) 有訊號，今日 (2025-12-19) 用開盤價進場 (模擬持有部位)
昨日所有股票都沒有進場訊號

最近 10 天內所有分數 >= 95 分位(0.65) 且多頭排列持續且量能放大且多頭+RSI>50的進場訊號 (含預測，無勝負結果)
最近 10 天內沒有任何進場訊號

今日(2025-12-19)有訊號，預測(2025-12-22)進場的 Predicted

已更新模擬自動下單 Excel: C:\Users\Jerry-yc.Liu\Desktop\script\stock_signal_charts\auto_trade_sim.xlsx，sheet: 其他行業

全部執行總耗時: 23.87 秒
