所有 print 內容將同步寫入 C:\Users\Jerry-yc.Liu\Desktop\script\stock_signal_charts\20251221_160523_科技業\stock_analysis_20251221_160523_科技業.log
正在讀取大 pkl: C:\Users\Jerry-yc.Liu\Desktop\script\cache\all_stock_2y.pkl
大 pkl 讀取完成，共有 854 檔股票
可用股票數量: 434
科技業 全部有快取的股票代號: 
['1471', '1582', '2059', '2301', '2302', '2303', '2305', '2308', '2312', '2313', '2314', '2316', '2317', '2321', '2323', '2324', '2327', '2328', '2329', '2330', '2331', '2332', '2337', '2338', '2340', '2342', '2344', '2345', '2347', '2349', '2351', '2352', '2353', '2354', '2355', '2356', '2357', '2359', '2360', '2362', '2363', '2364', '2365', '2367', '2368', '2369', '2373', '2374', '2375', '2376', '2377', '2379', '2380', '2382', '2383', '2385', '2387', '2388', '2390', '2392', '2393', '2395', '2397', '2399', '2401', '2402', '2404', '2405', '2406', '2408', '2409', '2412', '2413', '2414', '2415', '2417', '2419', '2420', '2421', '2423', '2424', '2425', '2426', '2427', '2428', '2429', '2430', '2431', '2433', '2434', '2436', '2438', '2439', '2440', '2441', '2444', '2449', '2450', '2451', '2453', '2454', '2455', '2457', '2458', '2459', '2460', '2461', '2462', '2464', '2465', '2466', '2467', '2468', '2471', '2472', '2474', '2476', '2477', '2478', '2480', '2481', '2482', '2483', '2484', '2485', '2486', '2488', '2489', '2491', '2492', '2493', '2495', '2498', '3002', '3003', '3005', '3006', '3008', '3010', '3011', '3013', '3014', '3015', '3016', '3017', '3018', '3019', '3021', '3022', '3023', '3024', '3025', '3026', '3027', '3028', '3029', '3030', '3031', '3032', '3033', '3034', '3035', '3036', '3037', '3038', '3041', '3042', '3043', '3044', '3045', '3046', '3047', '3048', '3049', '3050', '3051', '3055', '3057', '3058', '3059', '3060', '3062', '3090', '3092', '3094', '3130', '3138', '3149', '3168', '3189', '3209', '3229', '3231', '3257', '3296', '3305', '3308', '3311', '3312', '3321', '3338', '3356', '3376', '3380', '3406', '3413', '3416', '3419', '3432', '3437', '3443', '3447', '3450', '3454', '3481', '3494', '3501', '3504', '3515', '3518', '3528', '3530', '3532', '3533', '3535', '3543', '3545', '3550', '3563', '3576', '3583', '3588', '3591', '3592', '3593', '3596', '3605', '3607', '3617', '3622', '3645', '3652', '3653', '3661', '3665', '3669', '3673', '3679', '3686', '3694', '3701', '3702', '3704', '3706', '3711', '3712', '3714', '3715', '4545', '4588', '4904', '4906', '4912', '4915', '4916', '4919', '4927', '4934', '4935', '4938', '4942', '4943', '4949', '4952', '4956', '4958', '4960', '4961', '4967', '4968', '4976', '4977', '4989', '4994', '4999', '5203', '5215', '5222', '5225', '5234', '5243', '5244', '5258', '5269', '5285', '5388', '5434', '5469', '5471', '5484', '6108', '6112', '6115', '6116', '6117', '6120', '6128', '6133', '6136', '6139', '6141', '6142', '6152', '6153', '6155', '6164', '6165', '6166', '6168', '6176', '6183', '6189', '6191', '6192', '6196', '6197', '6201', '6202', '6205', '6206', '6209', '6213', '6214', '6215', '6216', '6224', '6225', '6226', '6230', '6235', '6239', '6243', '6257', '6269', '6271', '6277', '6278', '6281', '6282', '6283', '6285', '6405', '6409', '6412', '6414', '6415', '6416', '6426', '6438', '6442', '6443', '6449', '6451', '6456', '6477', '6515', '6525', '6526', '6531', '6533', '6552', '6558', '6573', '6579', '6591', '6658', '6668', '6669', '6672', '6674', '6689', '6691', '6695', '6698', '6706', '6715', '6719', '6742', '6743', '6756', '6770', '6776', '6781', '6789', '6792', '6799', '6805', '6830', '6834', '6835', '6863', '6906', '6916', '6928', '6933', '6937', '8011', '8016', '8021', '8028', '8039', '8046', '8070', '8072', '8081', '8101', '8103', '8104', '8105', '8110', '8112', '8114', '8131', '8150', '8163', '8201', '8210', '8213', '8215', '8249', '8261', '8271', '8454', '8499']
✅ 快取最新交易日為 2025-12-19, 昨日訊號才有可能出現。

[Step 1: Random Forest 訓練權重 (Random Forest Algo)]
訓練集勝率: 61.10%
測試集勝率: 60.04%
Random Forest 訓練耗時: 153.50 秒
y_all 樣本分布 (0=敗, 1=勝):
0    106845
1     44163
dtype: int64
勝率比例: 29.245470%

混淆矩陣 (Confusion Matrix):
[[22529  9525]
 [16093 15960]]

分類報告 (Classification Report):
              precision    recall  f1-score   support

           0     0.5833    0.7028    0.6375     32054
           1     0.6263    0.4979    0.5548     32053

    accuracy                         0.6004     64107
   macro avg     0.6048    0.6004    0.5961     64107
weighted avg     0.6048    0.6004    0.5961     64107


各特徵對模型預測勝率的重要性: 
k_pattern   : 0.0026
ma_cross    : 0.0006
rsi_signal  : 0.0022
macd_signal : 0.0011
kd_cross    : 0.0015
vol_cross   : 0.0096
RSI         : 0.0646
MACD        : 0.1372
K           : 0.0630
D           : 0.0485
close/5MA   : 0.0983
close/20MA  : 0.1555
close/60MA  : 0.2976
vol/5MA     : 0.0326
vol/20MA    : 0.0268
bullish_ma  : 0.0040
bullish_ma_just: 0.0005
vol_up_just : 0.0022
rsi_just    : 0.0008
ma5_up      : 0.0047
ma20_up     : 0.0036
ma60_up     : 0.0169
bullish_ma_n: 0.0043
ma5_up_n    : 0.0028
vol_up_n    : 0.0016
bullish_ma_and_rsi: 0.0029
ma5_up_and_macd: 0.0008
bullish_ma_and_vol: 0.0003
is_w_buttom : 0.0033
is_triangle : 0.0040
is_cup_handle: 0.0030
is_inverse_head_shoulder: 0.0026
特徵重要性圖已存檔於 C:\Users\Jerry-yc.Liu\Desktop\script\stock_signal_charts\20251221_160523_科技業\feature_importances.png

[Step 2: 多股票回測與分數分布 (Multi Stock Analyze)]
回測分數分布總耗時: 294.58 秒

分數分布統計: 最小值：0.14，最大值: 0.96，平均值:0.49，中位數:0.47，95分位: 0.64

近 60 天内分數 >= 95分位 (0.64) 且多頭排列持續且量能放大且多頭+RSI>50的進場訊號:
6669 2025-10-15 features: ['1', '0', '0', '0', '0', '0', '72.89', '133.80', '99.15', '85.94', '1.08', '1.15', '1.24', '1.36', '1.67', '1', '0', '0', '0', '1', '1', '1', '1', '1', '1', '1', '0', '1', '0', '0', '1', '0'] 分數: 0.66進場 勝，10 天內最高獲利: 8.17% (2025-10-23)
6669 2025-10-27 features: ['0', '0', '0', '0', '0', '0', '73.47', '242.98', '75.48', '82.92', '1.01', '1.13', '1.26', '0.91', '0.83', '1', '0', '0', '0', '1', '1', '1', '1', '1', '0', '1', '0', '0', '0', '0', '0', '0'] 分數: 0.67進場 勝，10 天內最高獲利: 7.64% (2025-10-31)
4967 2025-11-03 features: ['1', '0', '0', '0', '0', '0', '74.04', '11.58', '100', '68.12', '1.07', '1.15', '1.52', '1.38', '0.32', '1', '0', '0', '0', '1', '1', '1', '1', '0', '0', '1', '0', '0', '0', '0', '0', '0'] 分數: 0.65進場 敗，10 天內最高獲利: 6.05% (2025-11-10)
8110 2025-11-10 features: ['1', '0', '0', '0', '0', '0', '78.96', '2.22', '100', '100', '1.18', '1.29', '1.70', '1.90', '2.61', '1', '0', '0', '0', '1', '1', '1', '1', '1', '1', '1', '0', '1', '0', '1', '0', '0'] 分數: 0.66進場 勝，10 天內最高獲利: 32.81% (2025-11-13)
6257 2025-11-03 features: ['1', '0', '0', '0', '0', '0', '79.02', '4.21', '100.00', '83.28', '1.12', '1.21', '1.30', '2.70', '3.86', '1', '0', '0', '0', '1', '1', '1', '1', '1', '0', '1', '0', '0', '0', '0', '0', '0'] 分數: 0.65進場 敗，10 天內最高獲利: -9.61% (2025-11-04)
2493 2025-11-13 features: ['0', '0', '0', '0', '0', '0', '39.70', '-3.42', '23.40', '66.74', '0.98', '0.99', '0.79', '3.79', '4.09', '0', '0', '0', '0', '0', '0', '0', '0', '0', '1', '0', '0', '0', '0', '0', '0', '0'] 分數: 0.68進場 敗，10 天內最高獲利: 0.55% (2025-11-20)
3653 2025-12-05 features: ['1', '0', '0', '0', '0', '1', '73.42', '164.00', '100', '74.11', '1.08', '1.17', '1.28', '2.60', '1.92', '1', '0', '1', '0', '1', '1', '1', '1', '1', '0', '1', '0', '0', '0', '0', '0', '0'] 分數: 0.65進場 敗，10 天內最高獲利: -1.31% (2025-12-08)
6515 2025-09-18 features: ['1', '0', '0', '0', '0', '0', '75.39', '145.89', '100', '76.92', '1.10', '1.23', '1.47', '3.73', '1.21', '1', '0', '1', '0', '1', '1', '1', '1', '0', '0', '1', '0', '0', '0', '0', '0', '0'] 分數: 0.66進場 勝，10 天內最高獲利: 12.27% (2025-09-26)
6515 2025-10-03 features: ['0', '0', '0', '0', '0', '0', '79.30', '222.66', '79.44', '87.12', '1.00', '1.17', '1.57', '0.48', '0.81', '1', '0', '0', '0', '1', '1', '1', '1', '1', '0', '1', '0', '0', '0', '0', '0', '0'] 分數: 0.65進場 敗，10 天內最高獲利: 2.68% (2025-10-09)
6515 2025-10-13 features: ['0', '0', '0', '0', '0', '0', '72.22', '200.77', '78.26', '71.98', '1.02', '1.13', '1.52', '0.79', '0.80', '1', '0', '0', '0', '0', '1', '1', '1', '0', '0', '1', '0', '0', '0', '0', '0', '0'] 分數: 0.65進場 勝，10 天內最高獲利: 8.59% (2025-10-22)
6515 2025-10-27 features: ['0', '0', '0', '0', '0', '0', '73.89', '185.04', '68.25', '79.34', '1.01', '1.08', '1.46', '1.46', '0.78', '1', '0', '1', '0', '1', '1', '1', '1', '1', '0', '1', '0', '0', '0', '0', '0', '0'] 分數: 0.65進場 勝，10 天內最高獲利: 6.26% (2025-10-29)
2404 2025-11-12 features: ['0', '0', '0', '0', '1', '0', '24.48', '-38.45', '13.29', '12.43', '0.96', '0.90', '0.78', '1.28', '1.17', '0', '0', '0', '0', '0', '0', '0', '0', '0', '1', '0', '0', '0', '0', '0', '0', '0'] 分數: 0.66進場 勝，10 天內最高獲利: 9.91% (2025-11-13)
6415 2025-11-05 features: ['0', '0', '0', '0', '0', '0', '26.20', '-14.18', '12.86', '6.72', '0.97', '0.90', '0.77', '1.22', '1.16', '0', '0', '0', '0', '0', '0', '0', '0', '0', '1', '0', '0', '0', '0', '0', '0', '0'] 分數: 0.65進場 敗，10 天內最高獲利: 4.76% (2025-11-07)
6415 2025-11-17 features: ['0', '0', '0', '0', '0', '0', '26.35', '-13.02', '6.35', '13.52', '0.95', '0.89', '0.75', '2.12', '1.86', '0', '0', '0', '0', '0', '0', '0', '0', '0', '1', '0', '0', '0', '0', '0', '0', '0'] 分數: 0.66進場 敗，10 天內最高獲利: 4.62% (2025-11-26)
6128 2025-11-13 features: ['0', '0', '0', '0', '1', '0', '8.79', '-1.00', '14.60', '4.87', '0.88', '0.82', '0.79', '9.44', '22.37', '0', '0', '0', '0', '0', '0', '0', '0', '0', '1', '0', '0', '0', '0', '0', '0', '0'] 分數: 0.66進場 勝，10 天內最高獲利: 6.07% (2025-11-14)
6928 2025-11-18 features: ['0', '0', '0', '0', '1', '0', '23.41', '-2.74', '5.00', '1.67', '0.95', '0.89', '0.78', '2.02', '1.27', '0', '0', '1', '0', '0', '0', '0', '0', '0', '1', '0', '0', '0', '0', '0', '0', '0'] 分數: 0.65進場 勝，10 天內最高獲利: 13.42% (2025-11-26)
3450 2025-09-24 features: ['0', '0', '0', '0', '0', '0', '83.72', '16.72', '96.39', '94.75', '1.08', '1.29', '1.36', '1.05', '2.27', '1', '0', '0', '0', '1', '1', '1', '1', '1', '0', '1', '0', '0', '1', '0', '0', '0'] 分數: 0.64進場 勝，10 天內最高獲利: 7.90% (2025-10-02)
2364 2025-10-13 features: ['1', '0', '0', '0', '0', '0', '29.64', '-4.09', '30.21', '11.84', '0.98', '0.93', '0.79', '1.09', '0.81', '0', '0', '0', '0', '0', '0', '0', '0', '0', '1', '0', '0', '0', '0', '0', '0', '0'] 分數: 0.65進場 敗，10 天內最高獲利: 0.98% (2025-10-16)
6282 2025-10-22 features: ['1', '0', '0', '0', '0', '0', '81.26', '2.61', '100', '90.97', '1.11', '1.28', '1.41', '1.48', '3.92', '1', '0', '0', '0', '1', '1', '1', '1', '1', '0', '1', '0', '0', '0', '0', '0', '0'] 分數: 0.65進場 勝，10 天內最高獲利: 9.21% (2025-10-29)
6243 2025-11-19 features: ['0', '0', '0', '0', '1', '0', '21.11', '-1.38', '21.90', '12.19', '0.93', '0.87', '0.81', '3.34', '3.23', '0', '0', '0', '0', '0', '0', '0', '0', '0', '1', '0', '0', '0', '0', '0', '0', '0'] 分數: 0.72進場 敗，10 天內最高獲利: 4.35% (2025-11-28)
3711 2025-10-31 features: ['1', '0', '0', '0', '0', '0', '85.91', '15.63', '100', '96.63', '1.13', '1.30', '1.47', '1.69', '1.93', '1', '0', '0', '0', '1', '1', '1', '1', '1', '1', '1', '0', '1', '0', '0', '0', '0'] 分數: 0.65進場 敗，10 天內最高獲利: -0.61% (2025-11-03)
4916 2025-11-18 features: ['0', '0', '0', '0', '0', '0', '25.44', '-2.60', '2.78', '1.80', '0.95', '0.88', '0.78', '1.23', '1.19', '0', '0', '1', '0', '0', '0', '0', '0', '0', '1', '0', '0', '0', '0', '0', '0', '0'] 分數: 0.66進場 勝，10 天內最高獲利: 11.33% (2025-11-26)
2344 2025-09-18 features: ['0', '0', '0', '0', '0', '0', '92.30', '2.85', '100', '94.87', '1.14', '1.41', '1.63', '1.04', '2.24', '1', '0', '0', '0', '1', '1', '1', '1', '1', '0', '1', '0', '0', '0', '0', '0', '0'] 分數: 0.65進場 勝，10 天內最高獲利: 12.85% (2025-09-23)
2344 2025-10-27 features: ['0', '0', '0', '0', '0', '0', '76.98', '4.99', '100.00', '83.72', '1.09', '1.25', '1.82', '0.35', '0.23', '1', '0', '0', '0', '1', '1', '1', '1', '1', '0', '1', '0', '0', '0', '0', '0', '0'] 分數: 0.66進場 勝，10 天內最高獲利: 15.91% (2025-11-06)
2360 2025-10-16 features: ['0', '0', '0', '0', '0', '0', '71.51', '32.07', '87.16', '79.54', '1.05', '1.12', '1.28', '0.83', '1.16', '1', '0', '0', '0', '1', '1', '1', '1', '1', '0', '1', '0', '0', '0', '0', '0', '0'] 分數: 0.65進場 敗，10 天內最高獲利: -0.14% (2025-10-22)
2360 2025-10-27 features: ['0', '0', '0', '0', '0', '0', '72.42', '34.77', '84.62', '85.39', '1.07', '1.14', '1.29', '1.77', '1.31', '1', '0', '1', '0', '1', '1', '1', '1', '0', '0', '1', '0', '0', '0', '0', '0', '0'] 分數: 0.65進場 勝，10 天內最高獲利: 10.98% (2025-10-31)
3665 2025-10-17 features: ['0', '0', '0', '0', '0', '0', '73.47', '45.16', '93.65', '91.98', '1.09', '1.18', '1.28', '1.37', '1.94', '1', '0', '1', '0', '1', '1', '1', '1', '1', '0', '1', '0', '0', '1', '0', '0', '0'] 分數: 0.67進場 勝，10 天內最高獲利: 5.79% (2025-10-27)
3665 2025-10-27 features: ['0', '0', '0', '0', '0', '0', '77.76', '78.28', '86.89', '83.13', '1.04', '1.19', '1.30', '0.73', '0.84', '1', '0', '0', '0', '1', '1', '1', '1', '1', '0', '1', '0', '0', '0', '0', '0', '0'] 分數: 0.68進場 勝，10 天內最高獲利: 6.57% (2025-10-29)
3665 2025-11-11 features: ['0', '0', '0', '0', '0', '0', '74.03', '94.42', '77.78', '78.79', '1.07', '1.14', '1.35', '1.26', '1.17', '1', '0', '0', '0', '1', '1', '1', '1', '1', '1', '1', '0', '1', '0', '0', '0', '0'] 分數: 0.68進場 勝，10 天內最高獲利: 8.39% (2025-11-20)
2345 2025-09-11 features: ['0', '0', '0', '0', '0', '0', '72.13', '39.01', '78.72', '80.40', '1.06', '1.12', '1.27', '2.01', '1.95', '1', '0', '0', '0', '1', '1', '1', '1', '1', '0', '1', '0', '0', '1', '0', '0', '0'] 分數: 0.66進場 敗，10 天內最高獲利: -1.34% (2025-09-12)
3443 2025-10-21 features: ['0', '0', '0', '0', '0', '0', '76.72', '66.04', '100', '82.75', '1.10', '1.19', '1.27', '2.02', '2.13', '1', '0', '1', '0', '1', '1', '1', '1', '0', '0', '1', '0', '0', '0', '0', '0', '0'] 分數: 0.68進場 敗，10 天內最高獲利: -0.60% (2025-10-22)
3443 2025-11-10 features: ['1', '0', '0', '0', '0', '0', '73.70', '88.94', '100', '92.86', '1.10', '1.20', '1.35', '1.10', '1.38', '1', '0', '1', '0', '1', '1', '1', '1', '1', '0', '1', '0', '0', '1', '0', '0', '0'] 分數: 0.65進場 敗，10 天內最高獲利: 3.97% (2025-11-20)
3443 2025-11-20 features: ['0', '0', '0', '0', '0', '0', '70.66', '123.04', '68.18', '64.04', '1.03', '1.14', '1.31', '1.38', '0.99', '1', '0', '1', '0', '1', '1', '1', '1', '0', '0', '1', '0', '0', '0', '0', '0', '0'] 分數: 0.65進場 敗，10 天內最高獲利: 15.01% (2025-11-28)
6442 2025-11-13 features: ['1', '0', '0', '0', '0', '0', '66.31', '32.22', '100', '70.54', '1.10', '1.16', '1.19', '1.99', '1.86', '1', '0', '0', '0', '1', '1', '1', '1', '1', '1', '1', '0', '1', '0', '1', '1', '0'] 分數: 0.67進場 勝，10 天內最高獲利: 7.69% (2025-11-21)
6442 2025-11-25 features: ['0', '0', '0', '0', '0', '0', '74.41', '86.60', '91.36', '93.68', '1.14', '1.30', '1.44', '1.61', '1.47', '1', '0', '1', '0', '1', '1', '1', '1', '1', '0', '1', '0', '0', '0', '0', '0', '0'] 分數: 0.65進場 敗，10 天內最高獲利: 0.38% (2025-11-26)
3017 2025-10-21 features: ['0', '0', '0', '0', '0', '0', '58.78', '43.78', '48.28', '43.68', '0.99', '1.06', '1.12', '0.69', '0.71', '1', '0', '0', '0', '0', '1', '1', '1', '0', '0', '1', '0', '0', '0', '0', '1', '0'] 分數: 0.66進場 勝，10 天內最高獲利: 23.38% (2025-10-31)
3017 2025-10-31 features: ['0', '0', '0', '0', '0', '0', '79.04', '81.44', '95.31', '96.02', '1.07', '1.19', '1.32', '0.80', '0.82', '1', '0', '0', '0', '1', '1', '1', '1', '1', '0', '1', '0', '0', '0', '0', '0', '0'] 分數: 0.68進場 勝，10 天內最高獲利: 8.77% (2025-11-10)
3017 2025-11-10 features: ['1', '0', '0', '0', '0', '0', '75.66', '111.82', '92.86', '90.55', '1.05', '1.19', '1.38', '1.14', '1.08', '1', '0', '1', '0', '1', '1', '1', '1', '1', '0', '1', '0', '0', '0', '0', '0', '0'] 分數: 0.67進場 敗，10 天內最高獲利: -0.65% (2025-11-11)
6805 2025-10-21 features: ['1', '0', '0', '0', '0', '0', '73.21', '59.62', '100', '86.62', '1.08', '1.20', '1.26', '1.50', '1.36', '1', '0', '1', '0', '1', '1', '1', '1', '0', '0', '1', '0', '0', '0', '0', '0', '0'] 分數: 0.65進場 勝，10 天內最高獲利: 10.23% (2025-10-31)
6805 2025-10-31 features: ['0', '0', '0', '0', '0', '0', '80.48', '103.03', '96.61', '94.00', '1.02', '1.17', '1.32', '0.65', '0.42', '1', '0', '0', '0', '1', '1', '1', '1', '1', '0', '1', '0', '0', '0', '0', '0', '0'] 分數: 0.67進場 敗，10 天內最高獲利: 0.69% (2025-11-03)
2301 2025-09-22 features: ['1', '0', '0', '0', '0', '0', '79.11', '12.26', '100', '89.91', '1.10', '1.27', '1.42', '1.50', '1.85', '1', '0', '1', '0', '1', '1', '1', '1', '0', '0', '1', '0', '0', '0', '0', '0', '0'] 分數: 0.65進場 敗，10 天內最高獲利: -1.35% (2025-09-23)
2059 2025-10-09 features: ['0', '0', '0', '0', '0', '0', '73.56', '120.89', '95.56', '91.91', '1.07', '1.11', '1.24', '1.64', '1.43', '1', '0', '0', '0', '1', '1', '1', '1', '1', '0', '1', '0', '0', '0', '0', '0', '0'] 分數: 0.66進場 敗，10 天內最高獲利: 4.94% (2025-10-16)
2059 2025-10-31 features: ['0', '0', '0', '0', '0', '0', '73.73', '183.60', '89.77', '83.66', '1.04', '1.10', '1.23', '0.98', '0.77', '1', '0', '0', '0', '1', '1', '1', '1', '1', '0', '1', '0', '0', '0', '0', '0', '0'] 分數: 0.67進場 敗，10 天內最高獲利: 4.87% (2025-11-06)
2466 2025-10-07 features: ['0', '0', '0', '0', '1', '0', '25.85', '-2.96', '17.27', '11.55', '0.95', '0.86', '0.81', '1.67', '1.06', '0', '0', '0', '0', '0', '0', '0', '0', '0', '1', '0', '0', '0', '0', '0', '0', '0'] 分數: 0.71進場 敗，10 天內最高獲利: -1.65% (2025-10-08)
3006 2025-09-22 features: ['0', '0', '0', '0', '0', '0', '85.70', '4.95', '100', '92.50', '1.12', '1.29', '1.45', '0.62', '1.51', '1', '0', '0', '0', '1', '1', '1', '1', '1', '0', '1', '0', '0', '0', '0', '0', '0'] 分數: 0.66進場 敗，10 天內最高獲利: 0.62% (2025-09-23)
2451 2025-11-10 features: ['0', '0', '0', '0', '0', '0', '77.91', '7.31', '100', '88.89', '1.16', '1.22', '1.40', '0.75', '0.58', '1', '0', '0', '0', '1', '1', '1', '1', '1', '0', '1', '0', '0', '0', '1', '0', '0'] 分數: 0.65進場 勝，10 天內最高獲利: 32.52% (2025-11-13)
2330 2025-09-23 features: ['1', '0', '0', '0', '0', '0', '75.19', '38.58', '100', '91.67', '1.04', '1.10', '1.15', '1.04', '1.26', '1', '0', '1', '0', '1', '1', '1', '1', '1', '0', '1', '0', '0', '0', '0', '0', '0'] 分數: 0.66進場 敗，10 天內最高獲利: 4.48% (2025-10-03)
2330 2025-10-03 features: ['0', '0', '0', '0', '0', '0', '75.78', '46.70', '100', '87.30', '1.05', '1.09', '1.17', '1.01', '1.00', '1', '0', '1', '0', '1', '1', '1', '1', '0', '0', '1', '0', '0', '0', '0', '0', '0'] 分數: 0.68進場 敗，10 天內最高獲利: 2.86% (2025-10-09)
2330 2025-10-16 features: ['0', '0', '0', '0', '0', '0', '75.86', '63.36', '92.86', '90.09', '1.03', '1.09', '1.20', '0.96', '1.12', '1', '0', '0', '0', '1', '1', '1', '1', '1', '0', '1', '0', '0', '0', '0', '0', '0'] 分數: 0.68進場 敗，10 天內最高獲利: -0.34% (2025-10-20)
2408 2025-09-16 features: ['1', '0', '0', '0', '0', '0', '86.44', '4.30', '99.08', '92.94', '1.15', '1.36', '1.46', '2.68', '4.78', '1', '0', '0', '0', '1', '1', '1', '1', '1', '1', '1', '0', '1', '1', '0', '0', '1'] 分數: 0.65進場 勝，10 天內最高獲利: 17.05% (2025-09-23)
2408 2025-10-07 features: ['0', '0', '0', '0', '0', '0', '79.32', '8.26', '100', '85.42', '1.13', '1.28', '1.70', '1.42', '0.33', '1', '0', '0', '0', '1', '1', '1', '1', '1', '0', '1', '0', '0', '0', '0', '0', '0'] 分數: 0.65進場 敗，10 天內最高獲利: 14.04% (2025-10-17)
2408 2025-10-27 features: ['0', '0', '0', '0', '0', '0', '79.01', '12.26', '100', '96.79', '1.09', '1.31', '1.83', '0.17', '0.24', '1', '0', '0', '0', '1', '1', '1', '1', '1', '0', '1', '0', '0', '0', '0', '0', '0'] 分數: 0.68進場 勝，10 天內最高獲利: 23.33% (2025-11-06)
3533 2025-09-17 features: ['0', '0', '0', '0', '0', '0', '72.05', '57.24', '92.06', '81.26', '1.06', '1.15', '1.19', '2.22', '2.40', '1', '0', '1', '0', '1', '1', '1', '1', '1', '0', '1', '0', '0', '0', '0', '1', '0'] 分數: 0.66進場 敗，10 天內最高獲利: -2.92% (2025-09-18)
8210 2025-10-22 features: ['0', '0', '0', '0', '0', '0', '75.34', '34.09', '93.30', '86.36', '1.06', '1.20', '1.28', '1.08', '2.02', '1', '0', '1', '0', '1', '1', '1', '1', '1', '0', '1', '0', '0', '0', '0', '0', '1'] 分數: 0.66進場 勝，10 天內最高獲利: 21.34% (2025-10-31)
8210 2025-11-03 features: ['0', '0', '0', '0', '0', '0', '88.15', '87.51', '97.79', '90.43', '1.05', '1.32', '1.51', '0.79', '0.90', '1', '0', '0', '0', '1', '1', '1', '1', '1', '0', '1', '0', '0', '0', '0', '0', '0'] 分數: 0.66進場 勝，10 天內最高獲利: 9.74% (2025-11-11)
2308 2025-09-09 features: ['0', '0', '0', '1', '0', '0', '77.23', '39.87', '88.62', '84.86', '1.09', '1.14', '1.39', '1.78', '1.54', '1', '0', '1', '0', '1', '1', '1', '1', '1', '0', '1', '1', '0', '0', '0', '0', '0'] 分數: 0.66進場 勝，10 天內最高獲利: 13.78% (2025-09-18)
2308 2025-09-19 features: ['0', '0', '0', '0', '0', '0', '81.89', '64.76', '88.40', '90.59', '1.03', '1.16', '1.43', '1.27', '1.39', '1', '0', '0', '0', '1', '1', '1', '1', '0', '0', '1', '0', '0', '0', '0', '0', '0'] 分數: 0.68進場 敗，10 天內最高獲利: 2.14% (2025-09-22)
2308 2025-10-03 features: ['1', '0', '0', '0', '0', '0', '75.84', '53.58', '98.13', '70.63', '1.07', '1.11', '1.37', '1.18', '1.10', '1', '0', '0', '0', '1', '1', '1', '1', '0', '0', '1', '0', '0', '0', '0', '0', '0'] 分數: 0.69進場 勝，10 天內最高獲利: 9.34% (2025-10-13)
2308 2025-10-13 features: ['0', '0', '0', '0', '0', '0', '81.61', '68.35', '92.79', '93.45', '1.04', '1.15', '1.43', '1.31', '1.35', '1', '0', '1', '0', '1', '1', '1', '1', '1', '0', '1', '0', '0', '0', '0', '0', '0'] 分數: 0.67進場 敗，10 天內最高獲利: -0.49% (2025-10-16)
2308 2025-10-27 features: ['0', '0', '0', '0', '0', '0', '74.11', '60.26', '94.38', '65.52', '1.04', '1.11', '1.34', '1.65', '0.99', '1', '0', '1', '0', '1', '1', '1', '1', '0', '0', '1', '0', '0', '0', '0', '0', '0'] 分數: 0.66進場 敗，10 天內最高獲利: 0.47% (2025-10-28)
8150 2025-11-13 features: ['0', '0', '0', '0', '0', '0', '79.23', '2.35', '100', '91.61', '1.16', '1.28', '1.48', '1.63', '3.35', '1', '0', '0', '0', '1', '1', '1', '1', '1', '1', '1', '0', '1', '0', '0', '0', '0'] 分數: 0.65進場 勝，10 天內最高獲利: 8.98% (2025-11-14)
2375 2025-09-24 features: ['1', '0', '0', '0', '0', '0', '81.24', '4.27', '100', '78.87', '1.09', '1.28', '1.35', '1.33', '4.62', '1', '0', '1', '0', '1', '1', '1', '1', '1', '0', '1', '0', '0', '1', '0', '0', '0'] 分數: 0.65進場 敗，10 天內最高獲利: 1.00% (2025-10-03)
2492 2025-10-27 features: ['1', '0', '0', '0', '0', '0', '80.21', '8.00', '100', '88.96', '1.12', '1.27', '1.48', '0.85', '1.44', '1', '0', '0', '0', '1', '1', '1', '1', '1', '0', '1', '0', '0', '1', '0', '0', '0'] 分數: 0.65進場 敗，10 天內最高獲利: 2.22% (2025-10-28)

近 60 天內總勝率: 30/63 = 47.62%
分數>95分位且多頭排列持續性勝率: 56.64% (樣本數: 761)
分數>95分位且多頭排列且量能持續放大勝率: 66.98% (樣本數: 745)
剛形成多頭排列勝率: 24.30% (樣本數: 2782)

[BYPASS Step3: 畫圖]

[Step 4: 進出場買賣模擬 (Entry and exit trading simulation)]

🔍 昨日 (2025-12-18) 有訊號，今日 (2025-12-19) 用開盤價進場 (模擬持有部位)
昨日所有股票都沒有進場訊號

最近 10 天內所有分數 >= 95 分位(0.64) 且多頭排列持續且量能放大且多頭+RSI>50的進場訊號 (含預測，無勝負結果)
2429 鼎炫-KY 2025-12-10 分數: 0.667 預測訊號，無勝負結果
2429 鼎炫-KY 2025-12-12 分數: 0.714 預測訊號，無勝負結果
2467 鼎炫-KY 2025-12-12 分數: 0.646 預測訊號，無勝負結果
3694 鼎炫-KY 2025-12-11 分數: 0.646 預測訊號，無勝負結果
4927 鼎炫-KY 2025-12-19 分數: 0.647 預測訊號，無勝負結果
6139 鼎炫-KY 2025-12-16 分數: 0.648 預測訊號，無勝負結果
6139 鼎炫-KY 2025-12-17 分數: 0.655 預測訊號，無勝負結果
6442 鼎炫-KY 2025-12-15 分數: 0.646 預測訊號，無勝負結果
6456 鼎炫-KY 2025-12-09 分數: 0.663 預測訊號，無勝負結果
6691 鼎炫-KY 2025-12-10 分數: 0.656 預測訊號，無勝負結果
6691 鼎炫-KY 2025-12-11 分數: 0.661 預測訊號，無勝負結果
6691 鼎炫-KY 2025-12-12 分數: 0.678 預測訊號，無勝負結果
6691 鼎炫-KY 2025-12-15 分數: 0.670 預測訊號，無勝負結果
6691 鼎炫-KY 2025-12-16 分數: 0.689 預測訊號，無勝負結果
8499 鼎炫-KY 2025-12-12 分數: 0.656 預測訊號，無勝負結果
8499 鼎炫-KY 2025-12-15 分數: 0.656 預測訊號，無勝負結果
8499 鼎炫-KY 2025-12-16 分數: 0.674 預測訊號，無勝負結果

今日(2025-12-19)有訊號，預測(2025-12-22)進場的 Predicted
4927 泰鼎-KY 今日 (2025-12-19) 分數: 0.647 下個交易日 (2025-12-22) 預測進場

已更新模擬自動下單 Excel: C:\Users\Jerry-yc.Liu\Desktop\script\stock_signal_charts\auto_trade_sim.xlsx，sheet: 科技業

全部執行總耗時: 556.72 秒
