所有 print 內容將同步寫入 C:\Users\Jerry-yc.Liu\Desktop\script\stock_signal_charts\20251203_231206_其他行業\stock_analysis_20251203_231206_其他行業.log
正在讀取大 pkl: C:\Users\Jerry-yc.Liu\Desktop\script\cache\all_stock_2y.pkl
大 pkl 讀取完成，共有 854 檔股票
可用股票數量: 18
其他行業 全部有快取的股票代號: 
['1432', '1598', '1736', '2062', '2762', '3557', '4536', '5306', '6670', '6671', '6754', '6768', '6807', '8462', '8464', '8467', '8478', '8482']
✅ 快取最新交易日為 2025-12-02, 昨日訊號才有可能出現。

[Step 1: Random Forest 訓練權重 (Random Forest Algo)]
訓練集勝率: 78.32%
測試集勝率: 71.19%
Random Forest 訓練耗時: 6.87 秒
y_all 樣本分布 (0=敗, 1=勝):
0    4274
1    1515
dtype: int64
勝率比例: 26.170323%

混淆矩陣 (Confusion Matrix):
[[970 313]
 [426 856]]

分類報告 (Classification Report):
              precision    recall  f1-score   support

           0     0.6948    0.7560    0.7242      1283
           1     0.7322    0.6677    0.6985      1282

    accuracy                         0.7119      2565
   macro avg     0.7135    0.7119    0.7113      2565
weighted avg     0.7135    0.7119    0.7113      2565


各特徵對模型預測勝率的重要性: 
k_pattern   : 0.0046
ma_cross    : 0.0022
rsi_signal  : 0.0029
macd_signal : 0.0025
kd_cross    : 0.0049
vol_cross   : 0.0061
RSI         : 0.1009
MACD        : 0.1351
K           : 0.0643
D           : 0.0811
close/5MA   : 0.0984
close/20MA  : 0.0869
close/60MA  : 0.1711
vol/5MA     : 0.0700
vol/20MA    : 0.0665
bullish_ma  : 0.0051
bullish_ma_just: 0.0016
vol_up_just : 0.0046
rsi_just    : 0.0022
ma5_up      : 0.0037
ma20_up     : 0.0079
ma60_up     : 0.0245
bullish_ma_n: 0.0054
ma5_up_n    : 0.0075
vol_up_n    : 0.0044
bullish_ma_and_rsi: 0.0049
ma5_up_and_macd: 0.0019
bullish_ma_and_vol: 0.0019
is_w_buttom : 0.0082
is_triangle : 0.0051
is_cup_handle: 0.0030
is_inverse_head_shoulder: 0.0105
特徵重要性圖已存檔於 C:\Users\Jerry-yc.Liu\Desktop\script\stock_signal_charts\20251203_231206_其他行業\feature_importances.png

[Step 2: 多股票回測與分數分布 (Multi Stock Analyze)]
回測分數分布總耗時: 13.46 秒

分數分布統計: 最小值：0.20，最大值: 0.91，平均值:0.47，中位數:0.45，95分位: 0.64

近 60 天内分數 >= 95分位 (0.64) 且多頭排列持續且量能放大且多頭+RSI>50的進場訊號:
8462 2025-08-27 features: ['0', '0', '0', '1', '0', '0', '72.49', '3.23', '96.30', '74.37', '1.05', '1.06', '1.14', '1.79', '2.85', '1', '0', '0', '0', '1', '1', '1', '1', '1', '1', '1', '1', '1', '0', '0', '0', '0'] 分數: 0.70進場 勝，10 天內最高獲利: 7.28% (2025-08-29)
8462 2025-09-16 features: ['0', '0', '0', '0', '0', '0', '50.41', '3.58', '4.17', '14.09', '0.97', '0.99', '1.07', '1.13', '0.74', '1', '0', '1', '0', '0', '1', '1', '1', '0', '0', '1', '0', '0', '0', '0', '0', '0'] 分數: 0.69進場 敗，10 天內最高獲利: 3.82% (2025-09-26)
8467 2025-09-02 features: ['0', '0', '0', '0', '0', '0', '49.14', '3.75', '0', '27.56', '0.96', '0.98', '1.02', '0.81', '0.60', '1', '0', '0', '0', '0', '1', '0', '1', '0', '0', '0', '0', '0', '0', '0', '0', '0'] 分數: 0.65進場 勝，10 天內最高獲利: 16.47% (2025-09-09)
6768 2025-10-14 features: ['0', '0', '0', '0', '0', '0', '61.04', '4.03', '62.50', '71.17', '0.98', '1.07', '1.10', '0.48', '0.95', '1', '0', '0', '0', '0', '1', '1', '1', '0', '0', '1', '0', '0', '1', '0', '1', '0'] 分數: 0.66進場 勝，10 天內最高獲利: 6.03% (2025-10-15)
6768 2025-10-27 features: ['0', '0', '0', '0', '0', '0', '56.01', '3.14', '43.48', '41.55', '1.00', '1.02', '1.08', '0.81', '0.49', '1', '0', '0', '0', '0', '1', '1', '1', '0', '0', '1', '0', '0', '0', '0', '0', '0'] 分數: 0.64進場 勝，10 天內最高獲利: 5.15% (2025-11-05)
6768 2025-11-06 features: ['0', '0', '0', '0', '0', '0', '49.23', '1.81', '17.39', '67.09', '0.97', '0.97', '1.04', '2.89', '2.04', '0', '0', '0', '0', '0', '0', '1', '0', '0', '1', '0', '0', '0', '0', '0', '0', '0'] 分數: 0.66進場 勝，10 天內最高獲利: 5.73% (2025-11-13)
1736 2025-09-09 features: ['0', '0', '0', '1', '0', '0', '39.35', '-4.09', '31.58', '27.92', '1.00', '0.97', '0.89', '1.10', '1.04', '0', '0', '0', '0', '0', '0', '0', '0', '0', '1', '0', '0', '0', '0', '0', '0', '0'] 分數: 0.69進場 勝，10 天內最高獲利: 12.68% (2025-09-19)

近 60 天內總勝率: 6/7 = 85.71%
分數>95分位且多頭排列持續性勝率: 75.64% (樣本數: 78)
分數>95分位且多頭排列且量能持續放大勝率: 89.19% (樣本數: 37)
剛形成多頭排列勝率: 17.43% (樣本數: 109)

[BYPASS Step3: 畫圖]

[Step 4: 進出場買賣模擬 (Entry and exit trading simulation)]

🔍 昨日 (2025-12-01) 有訊號，今日 (2025-12-02) 用開盤價進場 (模擬持有部位)
昨日所有股票都沒有進場訊號

最近 10 天內所有分數 >= 95 分位(0.64) 且多頭排列持續且量能放大且多頭+RSI>50的進場訊號 (含預測，無勝負結果)
最近 10 天內沒有任何進場訊號

今日(2025-12-02)有訊號，預測(2025-12-03)進場的 Predicted

已更新模擬自動下單 Excel: C:\Users\Jerry-yc.Liu\Desktop\script\stock_signal_charts\auto_trade_sim.xlsx，sheet: 其他行業

全部執行總耗時: 26.03 秒
