所有 print 內容將同步寫入 C:\Users\Jerry-yc.Liu\Desktop\script\stock_signal_charts\20251217_224828_其他行業\stock_analysis_20251217_224828_其他行業.log
正在讀取大 pkl: C:\Users\Jerry-yc.Liu\Desktop\script\cache\all_stock_2y.pkl
大 pkl 讀取完成，共有 854 檔股票
可用股票數量: 18
其他行業 全部有快取的股票代號: 
['1432', '1598', '1736', '2062', '2762', '3557', '4536', '5306', '6670', '6671', '6754', '6768', '6807', '8462', '8464', '8467', '8478', '8482']
✅ 快取最新交易日為 2025-12-16, 昨日訊號才有可能出現。

[Step 1: Random Forest 訓練權重 (Random Forest Algo)]
訓練集勝率: 79.63%
測試集勝率: 70.99%
Random Forest 訓練耗時: 6.77 秒
y_all 樣本分布 (0=敗, 1=勝):
0    4251
1    1535
dtype: int64
勝率比例: 26.529554%

混淆矩陣 (Confusion Matrix):
[[933 343]
 [397 878]]

分類報告 (Classification Report):
              precision    recall  f1-score   support

           0     0.7015    0.7312    0.7160      1276
           1     0.7191    0.6886    0.7035      1275

    accuracy                         0.7099      2551
   macro avg     0.7103    0.7099    0.7098      2551
weighted avg     0.7103    0.7099    0.7098      2551


各特徵對模型預測勝率的重要性: 
k_pattern   : 0.0048
ma_cross    : 0.0040
rsi_signal  : 0.0014
macd_signal : 0.0033
kd_cross    : 0.0027
vol_cross   : 0.0026
RSI         : 0.0992
MACD        : 0.1312
K           : 0.0741
D           : 0.0739
close/5MA   : 0.1088
close/20MA  : 0.0942
close/60MA  : 0.1670
vol/5MA     : 0.0653
vol/20MA    : 0.0687
bullish_ma  : 0.0058
bullish_ma_just: 0.0016
vol_up_just : 0.0063
rsi_just    : 0.0018
ma5_up      : 0.0047
ma20_up     : 0.0075
ma60_up     : 0.0146
bullish_ma_n: 0.0070
ma5_up_n    : 0.0049
vol_up_n    : 0.0074
bullish_ma_and_rsi: 0.0049
ma5_up_and_macd: 0.0025
bullish_ma_and_vol: 0.0083
is_w_buttom : 0.0052
is_triangle : 0.0076
is_cup_handle: 0.0018
is_inverse_head_shoulder: 0.0070
特徵重要性圖已存檔於 C:\Users\Jerry-yc.Liu\Desktop\script\stock_signal_charts\20251217_224828_其他行業\feature_importances.png

[Step 2: 多股票回測與分數分布 (Multi Stock Analyze)]
回測分數分布總耗時: 12.36 秒

分數分布統計: 最小值：0.19，最大值: 0.87，平均值:0.47，中位數:0.45，95分位: 0.67

近 60 天内分數 >= 95分位 (0.67) 且多頭排列持續且量能放大且多頭+RSI>50的進場訊號:
1598 2025-10-08 features: ['1', '0', '0', '0', '0', '0', '60.62', '0.31', '52.17', '44.53', '1.00', '1.03', '1.04', '1.00', '0.61', '1', '0', '0', '0', '1', '1', '1', '1', '0', '1', '1', '0', '1', '0', '1', '0', '0'] 分數: 0.70進場 敗，10 天內最高獲利: 0.66% (2025-10-17)
1598 2025-11-03 features: ['0', '0', '0', '0', '0', '0', '45.38', '0.22', '15.38', '19.44', '0.98', '0.98', '1.01', '1.81', '1.70', '1', '0', '0', '0', '0', '0', '1', '1', '0', '1', '0', '0', '1', '0', '0', '0', '0'] 分數: 0.73進場 敗，10 天內最高獲利: 4.91% (2025-11-12)
6768 2025-10-21 features: ['0', '0', '0', '0', '0', '0', '53.71', '3.79', '4.55', '30.14', '0.97', '1.02', '1.07', '0.60', '0.54', '1', '0', '0', '0', '0', '1', '1', '1', '0', '0', '1', '0', '0', '0', '0', '0', '0'] 分數: 0.69進場 敗，10 天內最高獲利: 2.18% (2025-10-23)
6768 2025-11-06 features: ['0', '0', '0', '0', '0', '0', '49.23', '1.81', '17.39', '67.09', '0.97', '0.97', '1.04', '2.89', '2.04', '0', '0', '0', '0', '0', '0', '1', '0', '0', '1', '0', '0', '0', '0', '0', '0', '0'] 分數: 0.70進場 勝，10 天內最高獲利: 5.73% (2025-11-13)
8462 2025-09-16 features: ['0', '0', '0', '0', '0', '0', '50.41', '3.58', '4.17', '14.09', '0.97', '0.99', '1.07', '1.13', '0.74', '1', '0', '1', '0', '0', '1', '1', '1', '0', '0', '1', '0', '0', '0', '0', '0', '0'] 分數: 0.68進場 敗，10 天內最高獲利: 3.82% (2025-09-26)
8462 2025-10-09 features: ['0', '0', '0', '0', '0', '0', '48.23', '1.33', '8.70', '26.07', '0.98', '0.99', '1.03', '0.70', '0.69', '1', '0', '0', '0', '0', '0', '1', '1', '0', '0', '0', '0', '0', '1', '0', '0', '0'] 分數: 0.68進場 敗，10 天內最高獲利: 3.80% (2025-10-15)

近 60 天內總勝率: 1/6 = 16.67%
分數>95分位且多頭排列持續性勝率: 70.27% (樣本數: 74)
分數>95分位且多頭排列且量能持續放大勝率: 84.00% (樣本數: 50)
剛形成多頭排列勝率: 17.76% (樣本數: 107)

[BYPASS Step3: 畫圖]

[Step 4: 進出場買賣模擬 (Entry and exit trading simulation)]

🔍 昨日 (2025-12-15) 有訊號，今日 (2025-12-16) 用開盤價進場 (模擬持有部位)
昨日所有股票都沒有進場訊號

最近 10 天內所有分數 >= 95 分位(0.67) 且多頭排列持續且量能放大且多頭+RSI>50的進場訊號 (含預測，無勝負結果)
最近 10 天內沒有任何進場訊號

今日(2025-12-16)有訊號，預測(2025-12-17)進場的 Predicted

已更新模擬自動下單 Excel: C:\Users\Jerry-yc.Liu\Desktop\script\stock_signal_charts\auto_trade_sim.xlsx，sheet: 其他行業

全部執行總耗時: 24.62 秒
