所有 print 內容將同步寫入 C:\Users\Jerry-yc.Liu\Desktop\script\stock_signal_charts\20260525_081507_科技業\stock_analysis_20260525_081507_科技業.log
正在讀取大 pkl: C:\Users\Jerry-yc.Liu\Desktop\script\cache\all_stock_2y.pkl
大 pkl 讀取完成，共有 760 檔股票
可用股票數量: 434
科技業 全部有快取的股票代號: 
['1471', '1582', '2059', '2301', '2302', '2303', '2305', '2308', '2312', '2313', '2314', '2316', '2317', '2321', '2323', '2324', '2327', '2328', '2329', '2330', '2331', '2332', '2337', '2338', '2340', '2342', '2344', '2345', '2347', '2349', '2351', '2352', '2353', '2354', '2355', '2356', '2357', '2359', '2360', '2362', '2363', '2364', '2365', '2367', '2368', '2369', '2373', '2374', '2375', '2376', '2377', '2379', '2380', '2382', '2383', '2385', '2387', '2388', '2390', '2392', '2393', '2395', '2397', '2399', '2401', '2402', '2404', '2405', '2406', '2408', '2409', '2412', '2413', '2414', '2415', '2417', '2419', '2420', '2421', '2423', '2424', '2425', '2426', '2427', '2428', '2429', '2430', '2431', '2433', '2434', '2436', '2438', '2439', '2440', '2441', '2444', '2449', '2450', '2451', '2453', '2454', '2455', '2457', '2458', '2459', '2460', '2461', '2462', '2464', '2465', '2466', '2467', '2468', '2471', '2472', '2474', '2476', '2477', '2478', '2480', '2481', '2482', '2483', '2484', '2485', '2486', '2488', '2489', '2491', '2492', '2493', '2495', '2498', '3002', '3003', '3005', '3006', '3008', '3010', '3011', '3013', '3014', '3015', '3016', '3017', '3018', '3019', '3021', '3022', '3023', '3024', '3025', '3026', '3027', '3028', '3029', '3030', '3031', '3032', '3033', '3034', '3035', '3036', '3037', '3038', '3041', '3042', '3043', '3044', '3045', '3046', '3047', '3048', '3049', '3050', '3051', '3055', '3057', '3058', '3059', '3060', '3062', '3090', '3092', '3094', '3130', '3138', '3149', '3168', '3189', '3209', '3229', '3231', '3257', '3296', '3305', '3308', '3311', '3312', '3321', '3338', '3356', '3376', '3380', '3406', '3413', '3416', '3419', '3432', '3437', '3443', '3447', '3450', '3454', '3481', '3494', '3501', '3504', '3515', '3518', '3528', '3530', '3532', '3533', '3535', '3543', '3545', '3550', '3563', '3576', '3583', '3588', '3591', '3592', '3593', '3596', '3605', '3607', '3617', '3622', '3645', '3652', '3653', '3661', '3665', '3669', '3673', '3679', '3686', '3694', '3701', '3702', '3704', '3706', '3711', '3712', '3714', '3715', '4545', '4588', '4904', '4906', '4912', '4915', '4916', '4919', '4927', '4934', '4935', '4938', '4942', '4943', '4949', '4952', '4956', '4958', '4960', '4961', '4967', '4968', '4976', '4977', '4989', '4994', '4999', '5203', '5215', '5222', '5225', '5234', '5243', '5244', '5258', '5269', '5285', '5388', '5434', '5469', '5471', '5484', '6108', '6112', '6115', '6116', '6117', '6120', '6128', '6133', '6136', '6139', '6141', '6142', '6152', '6153', '6155', '6164', '6165', '6166', '6168', '6176', '6183', '6189', '6191', '6192', '6196', '6197', '6201', '6202', '6205', '6206', '6209', '6213', '6214', '6215', '6216', '6224', '6225', '6226', '6230', '6235', '6239', '6243', '6257', '6269', '6271', '6277', '6278', '6281', '6282', '6283', '6285', '6405', '6409', '6412', '6414', '6415', '6416', '6426', '6438', '6442', '6443', '6449', '6451', '6456', '6477', '6515', '6525', '6526', '6531', '6533', '6552', '6558', '6573', '6579', '6591', '6658', '6668', '6669', '6672', '6674', '6689', '6691', '6695', '6698', '6706', '6715', '6719', '6742', '6743', '6756', '6770', '6776', '6781', '6789', '6792', '6799', '6805', '6830', '6834', '6835', '6863', '6906', '6916', '6928', '6933', '6937', '8011', '8016', '8021', '8028', '8039', '8046', '8070', '8072', '8081', '8101', '8103', '8104', '8105', '8110', '8112', '8114', '8131', '8150', '8163', '8201', '8210', '8213', '8215', '8249', '8261', '8271', '8454', '8499']
✅ 快取最新交易日為 2026-05-22, 昨日訊號才有可能出現。

[Step 1: Random Forest 訓練權重 (Random Forest Algo)]
訓練集勝率: 63.11%
測試集勝率: 61.26%
Random Forest 訓練耗時: 48.27 秒
y_all 樣本分布 (0=敗, 1=勝):
0    41431
1    19689
dtype: int64
勝率比例: 32.213678%

混淆矩陣 (Confusion Matrix):
[[8281 4149]
 [5481 6948]]

分類報告 (Classification Report):
              precision    recall  f1-score   support

           0     0.6017    0.6662    0.6323     12430
           1     0.6261    0.5590    0.5907     12429

    accuracy                         0.6126     24859
   macro avg     0.6139    0.6126    0.6115     24859
weighted avg     0.6139    0.6126    0.6115     24859


各特徵對模型預測勝率的重要性: 
k_pattern   : 0.0036
ma_cross    : 0.0013
rsi_signal  : 0.0021
macd_signal : 0.0017
kd_cross    : 0.0020
vol_cross   : 0.0102
RSI         : 0.0863
MACD        : 0.1308
K           : 0.0582
D           : 0.0594
close/5MA   : 0.1327
close/20MA  : 0.1512
close/60MA  : 0.2060
vol/5MA     : 0.0370
vol/20MA    : 0.0419
bullish_ma  : 0.0067
bullish_ma_just: 0.0010
vol_up_just : 0.0027
rsi_just    : 0.0013
ma5_up      : 0.0042
ma20_up     : 0.0053
ma60_up     : 0.0126
bullish_ma_n: 0.0068
ma5_up_n    : 0.0032
vol_up_n    : 0.0027
bullish_ma_and_rsi: 0.0030
ma5_up_and_macd: 0.0020
bullish_ma_and_vol: 0.0009
is_w_buttom : 0.0031
is_triangle : 0.0094
is_cup_handle: 0.0072
is_inverse_head_shoulder: 0.0032
特徵重要性圖已存檔於 C:\Users\Jerry-yc.Liu\Desktop\script\stock_signal_charts\20260525_081507_科技業\feature_importances.png

[Step 2: 多股票回測與分數分布 (Multi Stock Analyze)]
回測分數分布總耗時: 83.89 秒

分數分布統計: 最小值：0.17，最大值: 0.96，平均值:0.49，中位數:0.48，95分位: 0.62

近 60 天内分數 >= 95分位 (0.62) 且多頭排列持續且量能放大且多頭+RSI>50的進場訊號:
6141 2026-03-04 features: ['0', '0', '0', '0', '0', '0', '85.75', '0.76', '100', '100.00', '1.19', '1.39', '1.44', '3.20', '8.30', '1', '0', '0', '0', '1', '1', '1', '1', '1', '1', '1', '0', '1', '1', '0', '0', '0'] 分數: 0.63進場 勝，10 天內最高獲利: 21.95% (2026-03-13)
6141 2026-03-17 features: ['0', '0', '0', '0', '0', '0', '89.27', '2.65', '100', '100', '1.18', '1.58', '1.92', '0.53', '0.64', '1', '0', '0', '0', '1', '1', '1', '1', '1', '0', '1', '0', '0', '0', '0', '0', '0'] 分數: 0.63進場 敗，10 天內最高獲利: 16.94% (2026-03-19)
6141 2026-03-31 features: ['0', '0', '0', '0', '0', '0', '51.07', '2.02', '1.69', '16.94', '0.92', '0.94', '1.35', '0.67', '0.32', '1', '0', '0', '0', '0', '1', '1', '1', '0', '0', '1', '0', '0', '0', '0', '0', '0'] 分數: 0.68進場 勝，10 天內最高獲利: 21.72% (2026-04-10)
6141 2026-04-17 features: ['0', '0', '0', '0', '0', '0', '74.63', '2.43', '100', '100', '1.18', '1.32', '1.83', '2.53', '2.93', '1', '0', '1', '0', '1', '1', '1', '1', '1', '0', '1', '0', '0', '1', '1', '0', '0'] 分數: 0.63進場 勝，10 天內最高獲利: 12.02% (2026-04-21)
6166 2026-04-22 features: ['1', '0', '0', '0', '0', '0', '79.56', '4.55', '100', '96.63', '1.06', '1.24', '1.28', '0.75', '1.73', '1', '0', '0', '0', '1', '1', '1', '1', '1', '0', '1', '0', '0', '0', '0', '0', '0'] 分數: 0.63進場 敗，10 天內最高獲利: -4.81% (2026-04-28)
6197 2026-03-11 features: ['0', '0', '0', '0', '0', '0', '64.64', '2.43', '94.55', '71.31', '1.07', '1.10', '1.14', '2.49', '3.18', '1', '0', '0', '0', '1', '1', '1', '0', '0', '1', '1', '0', '1', '1', '0', '1', '0'] 分數: 0.62進場 勝，10 天內最高獲利: 19.15% (2026-03-19)
6197 2026-03-30 features: ['0', '0', '0', '0', '0', '0', '46.51', '5.66', '4.94', '9.78', '0.95', '0.96', '1.05', '0.67', '0.53', '1', '0', '0', '0', '0', '1', '1', '1', '0', '0', '0', '0', '0', '0', '0', '0', '0'] 分數: 0.65進場 勝，10 天內最高獲利: 12.00% (2026-04-08)
6197 2026-04-24 features: ['0', '0', '0', '0', '0', '0', '48.34', '4.58', '18.33', '45.33', '0.94', '0.99', '1.07', '1.53', '2.32', '1', '0', '0', '0', '0', '0', '1', '1', '0', '0', '0', '0', '0', '0', '0', '0', '0'] 分數: 0.62進場 勝，10 天內最高獲利: 30.95% (2026-05-04)
6197 2026-05-04 features: ['0', '0', '0', '0', '0', '0', '76.32', '9.87', '100', '98.50', '1.13', '1.23', '1.36', '0.49', '0.79', '1', '0', '0', '0', '1', '1', '1', '1', '1', '0', '1', '0', '0', '0', '0', '0', '0'] 分數: 0.68進場 勝，10 天內最高獲利: 6.56% (2026-05-05)
6443 2026-02-10 features: ['0', '0', '0', '0', '0', '0', '52.51', '2.72', '15.42', '26.37', '0.93', '0.94', '1.40', '0.34', '0.38', '1', '0', '0', '0', '0', '1', '1', '1', '0', '0', '1', '0', '0', '0', '0', '0', '0'] 分數: 0.65進場 敗，10 天內最高獲利: -1.59% (2026-02-11)
6443 2026-03-23 features: ['0', '0', '0', '0', '0', '0', '47.61', '2.37', '3.69', '17.68', '0.91', '0.94', '1.16', '0.39', '0.28', '1', '0', '0', '0', '0', '1', '1', '1', '0', '0', '0', '0', '0', '0', '0', '0', '0'] 分數: 0.65進場 敗，10 天內最高獲利: 3.46% (2026-03-26)
6239 2026-03-03 features: ['0', '0', '0', '0', '0', '0', '44.32', '6.25', '8.57', '53.39', '0.92', '0.92', '1.11', '1.35', '1.05', '1', '0', '1', '0', '0', '0', '1', '1', '0', '0', '0', '0', '0', '0', '0', '0', '0'] 分數: 0.64進場 敗，10 天內最高獲利: -2.60% (2026-03-06)
6672 2026-04-09 features: ['0', '0', '0', '0', '0', '0', '78.63', '10.88', '95.45', '77.53', '1.13', '1.28', '1.48', '2.83', '2.18', '1', '0', '0', '0', '1', '1', '1', '1', '0', '0', '1', '0', '0', '0', '0', '0', '0'] 分數: 0.62進場 勝，10 天內最高獲利: 14.29% (2026-04-17)
4949 2026-02-11 features: ['0', '0', '0', '0', '1', '0', '49.92', '1.54', '5.03', '2.90', '0.95', '0.97', '1.09', '0.32', '0.34', '1', '0', '0', '0', '0', '1', '1', '1', '0', '0', '0', '0', '0', '0', '0', '0', '0'] 分數: 0.63進場 敗，10 天內最高獲利: 0.00%
4949 2026-03-12 features: ['1', '0', '0', '0', '0', '0', '76.26', '3.06', '100', '95.02', '1.16', '1.27', '1.44', '2.83', '3.23', '1', '0', '0', '0', '1', '1', '1', '1', '1', '1', '1', '0', '1', '0', '0', '0', '1'] 分數: 0.63進場 勝，10 天內最高獲利: 15.92% (2026-03-19)
4949 2026-04-09 features: ['1', '0', '0', '1', '0', '0', '68.24', '4.69', '100', '72.50', '1.12', '1.16', '1.49', '1.31', '1.18', '1', '0', '1', '0', '1', '1', '1', '1', '0', '0', '1', '1', '0', '0', '0', '0', '0'] 分數: 0.63進場 勝，10 天內最高獲利: 20.91% (2026-04-13)
6830 2026-02-04 features: ['0', '1', '0', '1', '0', '0', '72.41', '3.81', '100', '84.47', '1.11', '1.13', '1.21', '3.24', '4.59', '1', '1', '0', '0', '1', '1', '1', '0', '1', '1', '1', '1', '1', '0', '0', '0', '0'] 分數: 0.64進場 勝，10 天內最高獲利: 9.90% (2026-02-05)
6830 2026-02-25 features: ['1', '0', '0', '0', '0', '0', '75.52', '16.18', '100', '90.47', '1.12', '1.29', '1.43', '0.53', '1.01', '1', '0', '0', '0', '1', '1', '1', '1', '0', '0', '1', '0', '0', '0', '0', '0', '0'] 分數: 0.67進場 勝，10 天內最高獲利: 53.18% (2026-03-06)
6830 2026-03-13 features: ['0', '0', '0', '0', '0', '0', '65.12', '49.47', '50', '73.06', '0.92', '1.18', '1.61', '0.86', '0.30', '1', '0', '0', '0', '0', '1', '1', '1', '0', '0', '1', '0', '0', '0', '0', '0', '0'] 分數: 0.63進場 勝，10 天內最高獲利: 30.47% (2026-03-23)
6830 2026-03-24 features: ['0', '0', '0', '0', '0', '1', '65.06', '50.59', '46.13', '78.64', '0.97', '1.14', '1.68', '13.96', '2.56', '1', '0', '1', '0', '1', '1', '1', '1', '1', '1', '1', '0', '1', '0', '0', '0', '0'] 分數: 0.63進場 勝，10 天內最高獲利: 37.64% (2026-04-02)
6830 2026-04-27 features: ['0', '0', '0', '0', '0', '0', '50.03', '94.12', '0', '12.98', '0.83', '0.94', '1.53', '1.10', '0.28', '1', '0', '0', '0', '0', '1', '1', '1', '0', '1', '1', '0', '1', '0', '0', '0', '0'] 分數: 0.70進場 勝，10 天內最高獲利: 49.77% (2026-05-05)
6285 2026-03-04 features: ['0', '0', '0', '0', '0', '0', '47.04', '11.13', '1.30', '29.32', '0.89', '0.89', '1.22', '0.75', '0.65', '1', '0', '0', '0', '0', '1', '1', '1', '0', '0', '0', '0', '0', '0', '0', '0', '0'] 分數: 0.71進場 勝，10 天內最高獲利: 5.02% (2026-03-12)
6285 2026-04-07 features: ['1', '0', '0', '1', '0', '0', '62.67', '5.10', '100', '71.15', '1.09', '1.14', '1.26', '1.23', '1.82', '1', '0', '1', '0', '1', '1', '1', '1', '0', '0', '1', '1', '0', '0', '0', '0', '0'] 分數: 0.63進場 勝，10 天內最高獲利: 35.53% (2026-04-16)
6285 2026-04-23 features: ['0', '0', '0', '0', '0', '0', '51.57', '18.51', '0', '32.64', '0.89', '1.01', '1.18', '1.03', '1.08', '1', '0', '1', '0', '0', '1', '1', '1', '0', '0', '1', '0', '0', '0', '0', '1', '0'] 分數: 0.69進場 敗，10 天內最高獲利: 0.00% (2026-04-28)
8261 2026-03-13 features: ['1', '0', '0', '0', '0', '0', '71.15', '2.91', '100', '85.82', '1.09', '1.15', '1.19', '2.41', '3.67', '1', '0', '1', '0', '1', '1', '1', '1', '1', '0', '1', '0', '0', '0', '0', '1', '0'] 分數: 0.63進場 敗，10 天內最高獲利: 2.70% (2026-03-18)
8261 2026-04-17 features: ['1', '0', '0', '0', '0', '0', '75.74', '4.19', '100', '85.40', '1.11', '1.19', '1.28', '3.61', '4.22', '1', '0', '0', '0', '1', '1', '1', '1', '1', '0', '1', '0', '0', '0', '0', '0', '1'] 分數: 0.62進場 敗，10 天內最高獲利: 0.39% (2026-04-21)
6933 2026-04-27 features: ['0', '0', '0', '0', '0', '0', '52.56', '11.00', '3.75', '8.81', '0.94', '1.01', '1.16', '0.44', '0.41', '1', '0', '0', '0', '0', '1', '1', '1', '0', '0', '1', '0', '0', '0', '0', '0', '0'] 分數: 0.63進場 敗，10 天內最高獲利: 2.08% (2026-05-05)
6213 2026-02-25 features: ['1', '0', '0', '0', '0', '0', '76.14', '4.50', '100', '95.56', '1.14', '1.24', '1.29', '2.38', '2.81', '1', '0', '0', '0', '1', '1', '1', '1', '1', '0', '1', '0', '0', '0', '0', '0', '0'] 分數: 0.63進場 敗，10 天內最高獲利: -3.41% (2026-02-26)
6213 2026-03-09 features: ['0', '0', '0', '0', '0', '0', '44.59', '2.88', '0', '18.10', '0.92', '0.94', '0.99', '0.69', '0.61', '1', '0', '0', '0', '0', '0', '1', '1', '0', '0', '0', '0', '0', '0', '0', '0', '0'] 分數: 0.63進場 勝，10 天內最高獲利: 33.91% (2026-03-17)
6213 2026-03-24 features: ['0', '0', '0', '0', '0', '0', '50.05', '5.43', '11.48', '31.31', '0.93', '0.98', '1.09', '0.34', '0.39', '1', '0', '0', '0', '0', '1', '1', '1', '0', '0', '1', '0', '0', '0', '0', '1', '0'] 分數: 0.66進場 勝，10 天內最高獲利: 28.30% (2026-04-02)
6213 2026-04-07 features: ['1', '0', '0', '0', '0', '0', '71.72', '11.02', '100', '95.65', '1.14', '1.28', '1.46', '0.79', '1.33', '1', '0', '0', '0', '1', '1', '1', '1', '1', '0', '1', '0', '0', '0', '0', '0', '0'] 分數: 0.64進場 勝，10 天內最高獲利: 44.65% (2026-04-17)
6230 2026-03-24 features: ['0', '0', '0', '0', '0', '0', '45.54', '8.46', '1.37', '20.37', '0.89', '0.90', '1.11', '2.10', '0.80', '1', '0', '0', '0', '0', '1', '1', '1', '0', '1', '0', '0', '1', '0', '0', '0', '0'] 分數: 0.71進場 敗，10 天內最高獲利: 4.00% (2026-03-26)
6691 2026-02-26 features: ['1', '0', '0', '0', '0', '0', '76.67', '13.67', '100', '91.59', '1.09', '1.13', '1.19', '3.19', '3.46', '1', '0', '1', '0', '1', '1', '1', '1', '1', '0', '1', '0', '0', '1', '0', '0', '0'] 分數: 0.63進場 敗，10 天內最高獲利: -0.88% (2026-03-02)
6691 2026-04-22 features: ['0', '0', '0', '0', '0', '0', '69.41', '17.94', '92.86', '92.70', '1.02', '1.11', '1.12', '0.62', '0.77', '1', '1', '0', '0', '1', '1', '1', '0', '1', '0', '1', '0', '0', '0', '0', '1', '0'] 分數: 0.62進場 敗，10 天內最高獲利: -1.17% (2026-04-23)
8021 2026-01-30 features: ['0', '0', '0', '0', '0', '0', '49.47', '13.25', '11.46', '23.56', '0.92', '0.95', '1.21', '0.90', '0.33', '1', '0', '0', '0', '0', '1', '1', '1', '0', '0', '0', '0', '0', '0', '0', '0', '0'] 分數: 0.63進場 敗，10 天內最高獲利: 3.90% (2026-02-04)
8021 2026-03-09 features: ['0', '0', '0', '0', '0', '0', '45.82', '7.69', '0', '28.29', '0.91', '0.95', '1.07', '0.23', '0.30', '1', '0', '0', '0', '0', '0', '1', '1', '0', '0', '0', '0', '0', '0', '0', '0', '0'] 分數: 0.63進場 勝，10 天內最高獲利: 23.17% (2026-03-18)
8021 2026-03-24 features: ['0', '0', '0', '0', '0', '0', '48.70', '7.36', '15.45', '38.51', '0.92', '0.95', '1.07', '0.48', '0.72', '1', '0', '0', '0', '0', '1', '1', '1', '0', '0', '0', '0', '0', '0', '0', '0', '0'] 分數: 0.64進場 勝，10 天內最高獲利: 16.02% (2026-03-27)
8021 2026-04-08 features: ['1', '0', '0', '1', '0', '0', '64.52', '10.10', '100', '73.97', '1.13', '1.17', '1.28', '2.05', '1.89', '1', '0', '1', '0', '1', '1', '1', '1', '0', '0', '1', '1', '0', '0', '0', '0', '0'] 分數: 0.63進場 勝，10 天內最高獲利: 33.28% (2026-04-17)
4960 2026-03-06 features: ['1', '0', '0', '0', '0', '0', '80.51', '0.58', '100', '96.40', '1.14', '1.25', '1.28', '3.78', '6.03', '1', '0', '0', '0', '1', '1', '1', '1', '1', '1', '1', '0', '1', '1', '0', '0', '0'] 分數: 0.63進場 勝，10 天內最高獲利: 43.54% (2026-03-16)
4960 2026-03-16 features: ['0', '0', '0', '0', '0', '0', '89.66', '2.24', '100.00', '100', '1.20', '1.56', '1.75', '0.22', '0.43', '1', '0', '0', '0', '1', '1', '1', '1', '1', '0', '1', '0', '0', '0', '0', '0', '0'] 分數: 0.67進場 勝，10 天內最高獲利: 5.68% (2026-03-18)
4960 2026-04-01 features: ['0', '0', '0', '0', '0', '0', '50.67', '2.26', '0', '31.70', '0.88', '0.95', '1.29', '3.47', '1.93', '1', '0', '0', '0', '0', '1', '1', '1', '0', '1', '1', '0', '1', '0', '0', '0', '0'] 分數: 0.63進場 敗，10 天內最高獲利: 5.02% (2026-04-10)
4960 2026-04-15 features: ['1', '1', '0', '1', '0', '0', '67.15', '1.44', '100', '84.22', '1.14', '1.15', '1.54', '1.39', '1.90', '1', '1', '0', '0', '1', '1', '1', '0', '1', '1', '1', '1', '1', '0', '0', '0', '0'] 分數: 0.63進場 勝，10 天內最高獲利: 60.25% (2026-04-22)
6414 2026-05-05 features: ['0', '0', '0', '0', '0', '0', '80.87', '14.05', '97.44', '91.52', '1.05', '1.13', '1.20', '1.53', '1.36', '1', '0', '0', '0', '1', '1', '1', '1', '1', '1', '1', '0', '1', '0', '0', '0', '0'] 分數: 0.63進場 敗，10 天內最高獲利: 4.93% (2026-05-12)
8215 2026-04-24 features: ['0', '0', '0', '0', '0', '0', '50.44', '1.11', '0', '39.72', '0.94', '0.99', '1.11', '0.31', '0.50', '1', '0', '0', '0', '0', '1', '1', '1', '0', '0', '1', '0', '0', '0', '0', '0', '0'] 分數: 0.62進場 敗，10 天內最高獲利: 3.99% (2026-04-29)
6669 2026-04-21 features: ['0', '0', '0', '0', '0', '0', '69.17', '39.95', '93.20', '91.46', '1.09', '1.16', '1.12', '1.83', '2.21', '0', '0', '0', '0', '1', '1', '1', '0', '1', '1', '0', '0', '0', '1', '0', '0', '0'] 分數: 0.64進場 勝，10 天內最高獲利: 15.88% (2026-04-27)
6669 2026-05-04 features: ['1', '0', '0', '0', '0', '0', '70.84', '294.18', '81.77', '78.26', '1.01', '1.19', '1.25', '0.70', '1.03', '1', '0', '0', '0', '1', '1', '1', '1', '1', '0', '1', '0', '0', '0', '0', '1', '0'] 分數: 0.64進場 勝，10 天內最高獲利: 19.14% (2026-05-12)
4967 2026-02-06 features: ['0', '0', '0', '0', '0', '0', '49.96', '13.15', '8.20', '25.29', '0.94', '0.96', '1.22', '0.72', '0.83', '1', '0', '0', '0', '0', '1', '1', '1', '0', '0', '0', '0', '0', '0', '0', '0', '0'] 分數: 0.63進場 敗，10 天內最高獲利: -0.48% (2026-02-09)
4967 2026-03-31 features: ['0', '0', '0', '0', '0', '0', '41.87', '5.80', '0.56', '13.52', '0.88', '0.91', '0.95', '0.60', '0.80', '1', '0', '0', '0', '0', '1', '1', '1', '0', '0', '0', '0', '0', '0', '0', '0', '0'] 分數: 0.68進場 勝，10 天內最高獲利: 12.81% (2026-04-08)
4967 2026-04-22 features: ['1', '1', '0', '0', '0', '0', '66.79', '4.61', '100', '76.92', '1.14', '1.17', '1.20', '4.35', '2.47', '1', '1', '0', '0', '1', '1', '1', '0', '0', '1', '1', '0', '1', '0', '1', '1', '0'] 分數: 0.71進場 勝，10 天內最高獲利: 15.65% (2026-04-28)
6278 2026-04-15 features: ['1', '0', '0', '0', '0', '0', '86.81', '5.54', '98.88', '99.63', '1.19', '1.36', '1.39', '3.46', '10.14', '1', '0', '0', '0', '1', '1', '1', '1', '1', '1', '1', '0', '1', '0', '0', '0', '0'] 分數: 0.65進場 勝，10 天內最高獲利: 15.69% (2026-04-20)
8131 2026-02-03 features: ['0', '0', '0', '0', '0', '0', '47.24', '4.41', '3.12', '30.00', '0.89', '0.92', '1.18', '0.85', '0.73', '1', '0', '0', '0', '0', '0', '1', '1', '0', '0', '0', '0', '0', '0', '0', '0', '0'] 分數: 0.68進場 敗，10 天內最高獲利: 4.19% (2026-02-04)
4989 2026-01-30 features: ['0', '0', '0', '0', '0', '0', '46.48', '2.95', '1.87', '25.75', '0.90', '0.92', '1.10', '0.98', '0.74', '1', '0', '0', '0', '0', '0', '1', '1', '0', '0', '0', '0', '0', '0', '1', '0', '0'] 分數: 0.63進場 敗，10 天內最高獲利: -2.81% (2026-02-04)
4989 2026-03-24 features: ['0', '0', '0', '0', '0', '0', '51.57', '3.57', '6.90', '39.18', '0.93', '0.98', '1.15', '0.52', '0.58', '1', '0', '0', '0', '0', '1', '1', '1', '0', '0', '1', '0', '0', '0', '0', '0', '0'] 分數: 0.63進場 敗，10 天內最高獲利: 0.75% (2026-03-25)
4989 2026-04-10 features: ['1', '1', '0', '1', '0', '0', '68.63', '2.28', '100', '88.72', '1.15', '1.17', '1.31', '2.17', '1.70', '1', '1', '0', '0', '1', '1', '1', '0', '1', '1', '1', '1', '1', '0', '0', '0', '0'] 分數: 0.65進場 勝，10 天內最高獲利: 32.59% (2026-04-20)
8150 2026-02-02 features: ['0', '0', '0', '0', '1', '0', '47.61', '3.30', '12.79', '8.02', '0.93', '0.93', '1.15', '0.66', '0.36', '1', '0', '0', '0', '0', '1', '1', '1', '0', '0', '0', '0', '0', '0', '0', '0', '0'] 分數: 0.66進場 敗，10 天內最高獲利: -2.76% (2026-02-03)
4906 2026-03-26 features: ['0', '0', '0', '0', '0', '0', '69.30', '1.80', '100', '71.61', '1.10', '1.25', '1.30', '0.65', '1.33', '1', '0', '0', '0', '1', '1', '1', '1', '0', '0', '1', '0', '0', '1', '0', '0', '0'] 分數: 0.63進場 勝，10 天內最高獲利: 8.33% (2026-04-01)
4906 2026-04-23 features: ['0', '0', '0', '0', '0', '0', '47.87', '1.74', '7.74', '28.54', '0.93', '0.93', '1.13', '1.05', '0.61', '1', '0', '1', '0', '0', '1', '1', '1', '0', '0', '0', '0', '0', '0', '0', '0', '0'] 分數: 0.67進場 敗，10 天內最高獲利: 2.26% (2026-04-27)
4927 2026-03-17 features: ['1', '0', '0', '1', '0', '0', '69.22', '2.88', '100', '73.80', '1.09', '1.19', '1.35', '5.38', '1.60', '1', '0', '0', '0', '1', '1', '1', '1', '0', '1', '1', '1', '1', '0', '0', '0', '0'] 分數: 0.63進場 敗，10 天內最高獲利: -6.96% (2026-03-19)
4977 2026-02-25 features: ['0', '0', '0', '0', '0', '0', '65.89', '3.65', '100', '78.79', '1.13', '1.20', '1.21', '0.88', '1.03', '1', '0', '0', '0', '1', '1', '1', '1', '0', '0', '1', '0', '0', '0', '0', '1', '0'] 分數: 0.67進場 勝，10 天內最高獲利: 10.48% (2026-03-02)
4977 2026-03-10 features: ['0', '0', '0', '0', '0', '0', '53.06', '7.90', '10', '36.35', '0.96', '1.03', '1.11', '0.60', '0.70', '1', '0', '0', '0', '0', '1', '1', '1', '0', '0', '1', '0', '0', '1', '0', '1', '0'] 分數: 0.63進場 勝，10 天內最高獲利: 32.78% (2026-03-20)
4977 2026-03-31 features: ['0', '0', '0', '0', '0', '0', '51.39', '11.13', '5.13', '34.60', '0.92', '0.99', '1.18', '0.54', '0.49', '1', '0', '0', '0', '0', '1', '1', '1', '0', '0', '1', '0', '0', '0', '0', '0', '0'] 分數: 0.63進場 勝，10 天內最高獲利: 14.69% (2026-04-10)
4977 2026-04-17 features: ['1', '0', '0', '0', '0', '0', '70.02', '11.55', '100', '85.88', '1.15', '1.22', '1.47', '0.49', '0.47', '1', '0', '0', '0', '1', '1', '1', '1', '1', '0', '1', '0', '0', '1', '0', '0', '0'] 分數: 0.62進場 敗，10 天內最高獲利: 7.01% (2026-04-21)
6271 2026-02-02 features: ['0', '0', '0', '0', '0', '0', '49.63', '4.58', '25.33', '36.89', '0.93', '1.00', '1.05', '0.41', '0.76', '1', '0', '0', '0', '0', '1', '1', '1', '0', '0', '0', '0', '0', '0', '0', '0', '0'] 分數: 0.62進場 勝，10 天內最高獲利: 15.44% (2026-02-04)
6271 2026-03-04 features: ['0', '0', '0', '0', '0', '0', '50.62', '8.57', '6.82', '33.13', '0.90', '0.99', '1.12', '0.60', '0.80', '1', '0', '0', '0', '0', '1', '1', '1', '0', '0', '1', '0', '0', '0', '0', '0', '0'] 分數: 0.63進場 敗，10 天內最高獲利: 2.58% (2026-03-06)
6271 2026-04-08 features: ['1', '1', '0', '1', '0', '0', '61.16', '0.67', '98.28', '83.44', '1.10', '1.11', '1.14', '2.92', '2.78', '1', '1', '0', '0', '1', '1', '1', '0', '1', '1', '1', '1', '1', '1', '0', '1', '0'] 分數: 0.64進場 勝，10 天內最高獲利: 10.09% (2026-04-17)
6139 2026-04-10 features: ['0', '0', '0', '1', '0', '0', '62.79', '6.26', '92.48', '59.08', '1.12', '1.11', '1.13', '2.21', '1.99', '0', '0', '0', '0', '1', '1', '1', '0', '1', '1', '0', '1', '0', '0', '0', '1', '0'] 分數: 0.62進場 勝，10 天內最高獲利: 18.08% (2026-04-20)
6139 2026-04-21 features: ['0', '0', '0', '0', '0', '0', '67.33', '40.16', '77.51', '88.67', '1.04', '1.19', '1.26', '0.82', '0.92', '1', '0', '0', '0', '1', '1', '1', '1', '1', '0', '1', '0', '0', '0', '0', '1', '0'] 分數: 0.64進場 敗，10 天內最高獲利: -0.55% (2026-04-22)
5243 2026-04-28 features: ['0', '0', '0', '0', '0', '0', '45.58', '7.55', '9.62', '16.79', '0.88', '0.91', '1.12', '3.44', '2.08', '1', '0', '0', '0', '0', '1', '1', '1', '0', '0', '0', '0', '0', '0', '0', '0', '0'] 分數: 0.67進場 勝，10 天內最高獲利: 9.22% (2026-05-05)
4958 2026-01-30 features: ['1', '0', '0', '0', '0', '0', '74.83', '8.65', '100', '81.45', '1.11', '1.20', '1.30', '2.60', '2.85', '1', '0', '0', '0', '1', '1', '1', '1', '1', '1', '1', '0', '1', '0', '1', '0', '0'] 分數: 0.63進場 敗，10 天內最高獲利: 1.79% (2026-02-04)
4958 2026-03-04 features: ['0', '0', '0', '0', '0', '0', '48.25', '8.25', '5.41', '35.08', '0.91', '0.96', '1.10', '0.58', '0.55', '1', '0', '0', '0', '0', '1', '1', '1', '0', '0', '0', '0', '0', '0', '0', '0', '0'] 分數: 0.63進場 敗，10 天內最高獲利: 5.31% (2026-03-13)
4958 2026-04-02 features: ['0', '0', '0', '0', '0', '0', '56.26', '9.61', '50', '51.12', '0.97', '1.07', '1.18', '0.99', '1.41', '1', '0', '0', '0', '0', '1', '1', '1', '0', '0', '1', '0', '0', '0', '0', '1', '0'] 分數: 0.63進場 勝，10 天內最高獲利: 24.12% (2026-04-10)
4958 2026-04-17 features: ['1', '0', '0', '0', '0', '0', '72.37', '19.40', '100', '80.46', '1.09', '1.22', '1.43', '1.60', '1.30', '1', '0', '1', '0', '1', '1', '1', '1', '0', '0', '1', '0', '0', '0', '0', '0', '0'] 分數: 0.63進場 勝，10 天內最高獲利: 27.13% (2026-04-27)
4958 2026-05-08 features: ['0', '0', '0', '0', '0', '0', '68.68', '50.49', '60.09', '72.16', '0.96', '1.17', '1.63', '0.80', '0.78', '1', '0', '0', '0', '0', '1', '1', '1', '0', '0', '1', '0', '0', '0', '0', '0', '0'] 分數: 0.63進場 勝，10 天內最高獲利: 10.35% (2026-05-13)
6456 2026-03-06 features: ['1', '0', '0', '0', '0', '0', '75.07', '3.89', '100', '85.56', '1.11', '1.37', '1.43', '1.42', '3.93', '1', '0', '0', '0', '1', '1', '1', '1', '1', '0', '1', '0', '0', '0', '0', '0', '0'] 分數: 0.62進場 敗，10 天內最高獲利: 2.55% (2026-03-12)
6456 2026-05-07 features: ['0', '0', '0', '0', '0', '0', '50.68', '4.10', '15.87', '40.90', '0.94', '0.97', '1.19', '1.80', '0.84', '1', '0', '0', '0', '0', '1', '1', '1', '0', '1', '1', '0', '1', '0', '1', '0', '0'] 分數: 0.64進場 敗，10 天內最高獲利: -1.83% (2026-05-13)
6789 2026-03-02 features: ['1', '0', '0', '0', '0', '0', '79.64', '15.52', '100', '94.61', '1.16', '1.27', '1.35', '2.56', '4.17', '1', '0', '0', '0', '1', '1', '1', '1', '1', '0', '1', '0', '0', '1', '0', '0', '1'] 分數: 0.64進場 敗，10 天內最高獲利: -2.66% (2026-03-03)
6789 2026-03-23 features: ['0', '0', '0', '0', '0', '0', '47.66', '10.92', '0', '43.25', '0.93', '0.94', '1.07', '0.84', '0.65', '1', '0', '0', '0', '0', '1', '1', '1', '0', '0', '0', '0', '0', '0', '1', '0', '0'] 分數: 0.64進場 敗，10 天內最高獲利: 2.98% (2026-03-30)
6789 2026-04-13 features: ['1', '0', '0', '1', '0', '0', '63.28', '6.18', '100', '82.85', '1.07', '1.11', '1.19', '2.32', '1.97', '1', '0', '1', '0', '1', '1', '1', '0', '1', '0', '1', '1', '0', '0', '0', '0', '0'] 分數: 0.63進場 勝，10 天內最高獲利: 39.19% (2026-04-23)
6789 2026-04-23 features: ['0', '0', '0', '0', '0', '0', '79.71', '44.01', '88.38', '87.86', '1.07', '1.35', '1.54', '3.14', '4.43', '1', '0', '0', '0', '1', '1', '1', '1', '1', '1', '1', '0', '1', '0', '0', '0', '0'] 分數: 0.67進場 勝，10 天內最高獲利: 11.84% (2026-04-30)
8039 2026-02-26 features: ['1', '1', '0', '1', '0', '0', '63.43', '0.50', '100', '85.32', '1.10', '1.10', '1.12', '4.29', '1.70', '1', '1', '1', '0', '1', '1', '1', '0', '1', '0', '1', '1', '0', '1', '0', '1', '1'] 分數: 0.65進場 勝，10 天內最高獲利: 15.98% (2026-03-03)
8039 2026-04-09 features: ['1', '0', '0', '0', '0', '0', '70.61', '5.98', '100', '82.81', '1.11', '1.15', '1.37', '1.35', '1.25', '1', '0', '0', '0', '1', '1', '1', '0', '1', '1', '1', '0', '1', '0', '0', '0', '0'] 分數: 0.62進場 勝，10 天內最高獲利: 5.51% (2026-04-17)
8039 2026-04-22 features: ['1', '0', '0', '0', '0', '0', '78.65', '10.97', '100', '84.38', '1.10', '1.26', '1.49', '0.43', '0.52', '1', '0', '0', '0', '1', '1', '1', '1', '1', '0', '1', '0', '0', '0', '0', '0', '0'] 分數: 0.64進場 敗，10 天內最高獲利: -9.94% (2026-04-23)
6405 2026-04-29 features: ['1', '0', '0', '0', '0', '0', '76.86', '2.29', '100.00', '96.90', '1.16', '1.26', '1.40', '1.13', '1.38', '1', '0', '0', '0', '1', '1', '1', '1', '1', '0', '1', '0', '0', '0', '0', '0', '0'] 分數: 0.64進場 勝，10 天內最高獲利: 39.09% (2026-05-08)
5234 2026-03-03 features: ['0', '0', '0', '0', '0', '0', '54.51', '17.42', '36.41', '54.05', '0.93', '1.06', '1.10', '1.17', '1.93', '1', '0', '0', '0', '0', '1', '1', '1', '0', '1', '1', '0', '1', '1', '0', '1', '0'] 分數: 0.63進場 敗，10 天內最高獲利: 3.61% (2026-03-12)
5234 2026-04-21 features: ['1', '0', '0', '0', '0', '0', '72.54', '19.49', '99.34', '94.81', '1.04', '1.19', '1.23', '0.57', '0.62', '1', '0', '0', '0', '1', '1', '1', '1', '1', '0', '1', '0', '0', '0', '0', '1', '0'] 分數: 0.63進場 敗，10 天內最高獲利: -0.11% (2026-04-29)
5234 2026-05-06 features: ['0', '0', '0', '0', '0', '0', '48.95', '12.07', '20', '21.14', '0.95', '0.97', '1.06', '1.22', '1.00', '1', '0', '1', '0', '0', '1', '1', '1', '0', '0', '0', '0', '0', '0', '0', '0', '0'] 分數: 0.62進場 敗，10 天內最高獲利: 4.72% (2026-05-12)
6155 2026-02-02 features: ['0', '0', '0', '0', '0', '0', '46.80', '2.47', '2.07', '6.25', '0.92', '0.92', '1.12', '0.66', '0.26', '1', '0', '0', '0', '0', '0', '1', '1', '0', '0', '0', '0', '0', '0', '0', '0', '0'] 分數: 0.62進場 敗，10 天內最高獲利: 2.99% (2026-02-04)
6706 2026-03-09 features: ['0', '0', '0', '0', '0', '0', '43.36', '1.30', '1.39', '32.87', '0.87', '0.90', '0.91', '0.29', '0.42', '1', '0', '0', '0', '0', '0', '1', '1', '0', '0', '0', '0', '0', '0', '0', '0', '0'] 分數: 0.67進場 勝，10 天內最高獲利: 17.51% (2026-03-13)
6706 2026-04-10 features: ['1', '1', '0', '0', '0', '0', '61.49', '1.84', '100', '70.18', '1.11', '1.13', '1.16', '2.45', '1.79', '1', '1', '0', '0', '1', '1', '1', '0', '1', '1', '1', '0', '1', '1', '0', '1', '0'] 分數: 0.63進場 勝，10 天內最高獲利: 8.21% (2026-04-17)
6706 2026-04-23 features: ['0', '0', '0', '0', '0', '0', '48.91', '5.61', '9.68', '38.01', '0.91', '0.99', '1.06', '1.11', '1.22', '1', '0', '1', '0', '0', '1', '1', '1', '0', '0', '0', '0', '0', '0', '0', '0', '0'] 分數: 0.62進場 敗，10 天內最高獲利: 15.21% (2026-04-30)
6706 2026-05-04 features: ['1', '1', '0', '0', '0', '0', '67.18', '6.08', '100', '83.21', '1.15', '1.20', '1.32', '0.32', '0.30', '1', '1', '0', '0', '1', '1', '1', '0', '1', '0', '1', '0', '0', '0', '0', '1', '0'] 分數: 0.68進場 勝，10 天內最高獲利: 9.91% (2026-05-05)
8016 2026-04-22 features: ['1', '0', '0', '0', '0', '0', '82.55', '7.51', '100', '94.31', '1.09', '1.18', '1.22', '2.36', '4.20', '1', '0', '0', '0', '1', '1', '1', '1', '1', '1', '1', '0', '1', '0', '0', '0', '0'] 分數: 0.63進場 敗，10 天內最高獲利: -4.37% (2026-04-30)
8016 2026-05-07 features: ['1', '0', '0', '0', '0', '0', '78.59', '11.79', '100', '78.12', '1.10', '1.19', '1.30', '4.01', '3.44', '1', '0', '0', '0', '1', '1', '1', '1', '1', '0', '1', '0', '0', '0', '0', '0', '0'] 分數: 0.65進場 勝，10 天內最高獲利: 10.92% (2026-05-14)
6805 2026-02-26 features: ['1', '0', '0', '0', '0', '0', '68.63', '42.49', '100', '59.01', '1.10', '1.15', '1.15', '2.33', '1.72', '1', '1', '0', '0', '1', '1', '1', '0', '0', '1', '1', '0', '1', '0', '0', '1', '0'] 分數: 0.70進場 勝，10 天內最高獲利: 7.89% (2026-03-06)
6805 2026-03-09 features: ['0', '0', '0', '0', '0', '0', '55.25', '76.42', '48.24', '67.52', '0.96', '1.05', '1.10', '0.45', '0.55', '1', '0', '0', '0', '0', '1', '1', '1', '0', '0', '1', '0', '0', '0', '0', '1', '0'] 分數: 0.63進場 勝，10 天內最高獲利: 18.62% (2026-03-19)
6805 2026-03-20 features: ['1', '0', '0', '0', '0', '0', '67.67', '102.97', '93.65', '83.20', '1.07', '1.15', '1.29', '0.70', '0.67', '1', '0', '0', '0', '1', '1', '1', '1', '0', '0', '1', '0', '0', '0', '0', '0', '0'] 分數: 0.65進場 敗，10 天內最高獲利: -4.75% (2026-03-25)
6805 2026-03-31 features: ['0', '0', '0', '0', '0', '0', '48.89', '65.38', '4.84', '26.92', '0.94', '0.96', '1.10', '0.88', '0.64', '1', '0', '0', '0', '0', '0', '1', '1', '0', '0', '0', '0', '0', '0', '0', '0', '0'] 分數: 0.67進場 勝，10 天內最高獲利: 10.00% (2026-04-01)
6805 2026-05-07 features: ['0', '0', '0', '0', '0', '0', '49.60', '49.66', '24.47', '24.85', '0.95', '0.99', '1.07', '0.62', '0.68', '1', '0', '0', '0', '0', '1', '1', '1', '0', '0', '0', '0', '0', '0', '0', '0', '0'] 分數: 0.62進場 敗，10 天內最高獲利: 3.91% (2026-05-11)
6226 2026-02-02 features: ['0', '0', '0', '0', '1', '0', '53.07', '0.42', '8.45', '6.06', '0.97', '1.01', '1.16', '0.34', '0.20', '1', '0', '0', '0', '0', '1', '1', '1', '0', '0', '1', '0', '0', '0', '1', '0', '0'] 分數: 0.64進場 勝，10 天內最高獲利: 9.08% (2026-02-04)
6226 2026-04-07 features: ['0', '0', '0', '0', '0', '0', '48.75', '0.71', '10.13', '19.61', '0.92', '0.95', '1.16', '1.73', '0.77', '1', '0', '1', '0', '0', '1', '1', '1', '0', '0', '0', '0', '0', '0', '1', '0', '0'] 分數: 0.66進場 勝，10 天內最高獲利: 30.36% (2026-04-17)
6226 2026-04-27 features: ['0', '0', '0', '0', '0', '0', '46.63', '0.47', '6.90', '12.91', '0.92', '0.93', '1.10', '0.30', '0.52', '1', '0', '0', '0', '0', '0', '1', '1', '0', '0', '0', '0', '0', '0', '0', '0', '0'] 分數: 0.63進場 勝，10 天內最高獲利: 10.37% (2026-04-29)
6689 2026-03-18 features: ['1', '0', '0', '0', '0', '0', '72.87', '3.17', '100', '79.23', '1.08', '1.17', '1.24', '4.13', '3.12', '1', '0', '1', '0', '1', '1', '1', '1', '1', '0', '1', '0', '0', '0', '0', '0', '0'] 分數: 0.63進場 勝，10 天內最高獲利: 8.64% (2026-03-23)
6689 2026-03-30 features: ['0', '0', '0', '0', '0', '0', '52.01', '4.24', '18.18', '41.15', '0.93', '0.99', '1.14', '0.40', '0.51', '1', '0', '0', '0', '0', '1', '1', '1', '0', '0', '1', '0', '0', '0', '0', '0', '0'] 分數: 0.63進場 敗，10 天內最高獲利: 2.13% (2026-04-01)
6426 2026-01-30 features: ['1', '0', '0', '0', '0', '0', '74.55', '4.28', '100', '98.87', '1.18', '1.30', '1.41', '6.76', '11.67', '1', '0', '0', '0', '1', '1', '1', '1', '1', '1', '1', '0', '1', '1', '0', '0', '0'] 分數: 0.62進場 勝，10 天內最高獲利: 6.94% (2026-02-03)
6426 2026-02-10 features: ['1', '0', '0', '0', '0', '0', '75.07', '10.67', '100', '86.40', '1.10', '1.32', '1.51', '0.57', '0.64', '1', '0', '0', '0', '1', '1', '1', '1', '0', '0', '1', '0', '0', '0', '0', '1', '0'] 分數: 0.63進場 勝，10 天內最高獲利: 9.57% (2026-02-11)
6426 2026-04-10 features: ['1', '0', '0', '0', '0', '0', '65.33', '9.77', '100', '87.11', '1.12', '1.24', '1.48', '2.40', '2.44', '1', '0', '0', '0', '1', '1', '1', '1', '1', '1', '1', '0', '1', '0', '0', '0', '0'] 分數: 0.62進場 勝，10 天內最高獲利: 26.65% (2026-04-20)
6426 2026-04-24 features: ['0', '0', '0', '0', '0', '0', '57.49', '23.00', '28.29', '53.56', '0.90', '1.12', '1.39', '1.55', '1.96', '1', '0', '0', '0', '0', '1', '1', '1', '0', '0', '1', '0', '0', '0', '0', '1', '0'] 分數: 0.63進場 敗，10 天內最高獲利: 3.47% (2026-04-30)
6438 2026-04-23 features: ['0', '0', '0', '0', '0', '0', '49.68', '5.05', '23.64', '38.58', '0.95', '0.97', '1.07', '1.64', '1.44', '1', '0', '1', '0', '0', '1', '1', '1', '0', '0', '0', '0', '0', '0', '0', '0', '0'] 分數: 0.63進場 敗，10 天內最高獲利: 3.78% (2026-04-28)
6770 2026-03-04 features: ['0', '0', '0', '0', '0', '0', '47.64', '4.28', '0', '37.55', '0.86', '0.93', '1.21', '0.60', '0.65', '1', '0', '0', '0', '0', '1', '1', '1', '0', '0', '0', '0', '0', '0', '0', '0', '0'] 分數: 0.69進場 勝，10 天內最高獲利: 7.98% (2026-03-11)
6770 2026-03-24 features: ['0', '0', '0', '0', '0', '0', '46.00', '1.97', '4.97', '45.13', '0.89', '0.92', '1.08', '0.89', '1.30', '1', '0', '0', '0', '0', '0', '1', '1', '0', '0', '0', '0', '0', '0', '0', '0', '0'] 分數: 0.67進場 敗，10 天內最高獲利: 3.67% (2026-03-25)
6202 2026-02-10 features: ['1', '0', '0', '0', '0', '0', '69.64', '2.78', '100', '62.79', '1.10', '1.19', '1.34', '5.04', '4.08', '1', '0', '0', '0', '1', '1', '1', '1', '0', '0', '1', '0', '0', '0', '0', '0', '0'] 分數: 0.62進場 勝，10 天內最高獲利: 5.21% (2026-02-11)
6202 2026-03-10 features: ['0', '0', '0', '0', '0', '0', '48.50', '3.15', '7.69', '18.92', '0.93', '0.95', '1.16', '0.94', '0.56', '1', '0', '0', '0', '0', '1', '1', '1', '0', '0', '0', '0', '0', '0', '0', '0', '0'] 分數: 0.66進場 勝，10 天內最高獲利: 10.04% (2026-03-18)
8210 2026-02-05 features: ['0', '1', '0', '0', '0', '0', '69.13', '14.40', '100', '85.89', '1.12', '1.15', '1.16', '3.27', '3.35', '1', '1', '0', '0', '1', '1', '1', '0', '0', '1', '1', '0', '1', '1', '0', '0', '0'] 分數: 0.63進場 敗，10 天內最高獲利: -9.40% (2026-02-10)
8210 2026-02-23 features: ['0', '0', '0', '0', '0', '0', '43.77', '4.35', '2.99', '32.50', '0.94', '0.94', '0.95', '1.78', '2.82', '1', '0', '1', '0', '0', '0', '0', '1', '0', '0', '0', '0', '0', '0', '0', '0', '0'] 分數: 0.63進場 敗，10 天內最高獲利: 4.94% (2026-03-02)
8210 2026-04-27 features: ['0', '0', '0', '0', '0', '0', '72.09', '61.63', '59.70', '81.01', '1.05', '1.20', '1.24', '1.68', '1.77', '1', '0', '0', '0', '1', '1', '1', '1', '1', '1', '1', '0', '1', '0', '0', '0', '0'] 分數: 0.63進場 勝，10 天內最高獲利: 13.73% (2026-05-06)
8210 2026-05-08 features: ['1', '0', '0', '0', '0', '0', '77.99', '102.52', '89.86', '78.38', '1.10', '1.27', '1.45', '1.57', '1.66', '1', '0', '0', '0', '1', '1', '1', '1', '1', '1', '1', '0', '1', '0', '0', '0', '0'] 分數: 0.63進場 勝，10 天內最高獲利: 9.89% (2026-05-11)
6224 2026-04-17 features: ['1', '0', '0', '0', '0', '0', '86.97', '4.05', '98.22', '95.82', '1.10', '1.38', '1.43', '0.49', '1.74', '1', '0', '0', '0', '1', '1', '1', '1', '1', '0', '1', '0', '0', '1', '0', '0', '0'] 分數: 0.65進場 敗，10 天內最高獲利: -0.98% (2026-04-23)
6224 2026-04-29 features: ['1', '0', '0', '0', '0', '0', '81.62', '5.57', '100.00', '84.90', '1.09', '1.28', '1.48', '1.87', '0.77', '1', '0', '1', '0', '1', '1', '1', '1', '0', '0', '1', '0', '0', '0', '0', '0', '0'] 分數: 0.63進場 勝，10 天內最高獲利: 32.19% (2026-05-06)
4956 2026-03-19 features: ['1', '0', '0', '0', '0', '0', '74.16', '2.47', '100', '88.44', '1.07', '1.29', '1.48', '0.82', '2.13', '1', '0', '0', '0', '1', '1', '1', '1', '1', '0', '1', '0', '0', '0', '0', '0', '0'] 分數: 0.62進場 勝，10 天內最高獲利: 6.59% (2026-03-25)
4956 2026-04-13 features: ['0', '0', '0', '1', '0', '0', '67.27', '2.37', '97.14', '81.42', '1.05', '1.11', '1.41', '0.80', '0.65', '1', '0', '0', '0', '1', '1', '1', '1', '1', '0', '1', '1', '0', '0', '0', '0', '0'] 分數: 0.62進場 勝，10 天內最高獲利: 43.95% (2026-04-20)
4956 2026-05-07 features: ['1', '0', '0', '0', '0', '0', '65.64', '3.87', '100', '67.17', '1.07', '1.12', '1.52', '5.63', '1.19', '1', '0', '0', '0', '1', '1', '1', '1', '0', '0', '1', '0', '0', '0', '1', '0', '0'] 分數: 0.63進場 敗，10 天內最高獲利: -7.20% (2026-05-08)
8046 2026-02-02 features: ['0', '0', '0', '0', '0', '0', '64.58', '34.73', '41.82', '69.19', '0.96', '1.16', '1.32', '0.81', '0.16', '1', '0', '0', '0', '0', '1', '1', '1', '0', '0', '1', '0', '0', '0', '0', '1', '0'] 分數: 0.64進場 勝，10 天內最高獲利: 13.18% (2026-02-09)
8046 2026-02-23 features: ['0', '0', '0', '0', '0', '0', '72.55', '36.82', '100', '73.19', '1.10', '1.20', '1.54', '0.48', '0.39', '1', '0', '0', '0', '1', '1', '1', '1', '1', '0', '1', '0', '0', '0', '0', '0', '0'] 分數: 0.65進場 勝，10 天內最高獲利: 21.31% (2026-02-26)
8046 2026-03-09 features: ['0', '0', '0', '0', '0', '0', '49.97', '35.91', '0', '18.26', '0.92', '0.95', '1.27', '0.20', '0.08', '1', '0', '0', '0', '0', '1', '1', '1', '0', '0', '0', '0', '0', '0', '0', '0', '0'] 分數: 0.66進場 勝，10 天內最高獲利: 34.04% (2026-03-18)
8046 2026-03-24 features: ['0', '0', '0', '0', '0', '0', '52.08', '34.66', '23.81', '49.44', '0.91', '0.97', '1.30', '1.49', '2.54', '1', '0', '1', '0', '0', '1', '1', '1', '0', '0', '1', '0', '0', '0', '0', '0', '0'] 分數: 0.63進場 勝，10 天內最高獲利: 18.13% (2026-03-30)
8046 2026-04-07 features: ['1', '0', '0', '1', '0', '0', '64.00', '36.54', '97.87', '79.42', '1.09', '1.17', '1.48', '0.89', '1.33', '1', '0', '0', '0', '1', '1', '1', '1', '0', '0', '1', '1', '0', '0', '0', '0', '0'] 分數: 0.68進場 勝，10 天內最高獲利: 16.03% (2026-04-17)
8046 2026-04-17 features: ['0', '0', '0', '0', '0', '0', '71.31', '56.11', '83.97', '85.97', '1.06', '1.20', '1.51', '1.52', '1.15', '1', '0', '0', '0', '1', '1', '1', '1', '1', '1', '1', '0', '1', '0', '0', '0', '0'] 分數: 0.64進場 勝，10 天內最高獲利: 26.10% (2026-04-27)
6715 2026-01-30 features: ['1', '0', '0', '0', '0', '0', '80.32', '5.34', '100', '82.41', '1.13', '1.22', '1.34', '4.33', '5.53', '1', '0', '0', '0', '1', '1', '1', '1', '1', '0', '1', '0', '0', '0', '0', '0', '0'] 分數: 0.64進場 勝，10 天內最高獲利: 14.50% (2026-02-04)
6715 2026-02-24 features: ['1', '0', '0', '0', '0', '0', '83.41', '13.34', '100', '86.22', '1.11', '1.28', '1.54', '1.37', '1.57', '1', '0', '1', '0', '1', '1', '1', '1', '0', '0', '1', '0', '0', '0', '0', '0', '0'] 分數: 0.65進場 勝，10 天內最高獲利: 28.01% (2026-03-06)
6715 2026-03-10 features: ['1', '0', '0', '0', '0', '0', '88.25', '28.60', '100', '100.00', '1.20', '1.51', '2.06', '0.37', '0.75', '1', '0', '0', '0', '1', '1', '1', '1', '1', '0', '1', '0', '0', '0', '0', '0', '0'] 分數: 0.68進場 勝，10 天內最高獲利: 39.18% (2026-03-19)
6715 2026-04-02 features: ['0', '0', '0', '0', '0', '0', '58.49', '35.16', '52.24', '48.72', '0.95', '1.03', '1.67', '5.09', '1.94', '1', '0', '0', '0', '0', '1', '1', '1', '0', '1', '1', '0', '1', '0', '1', '0', '0'] 分數: 0.66進場 勝，10 天內最高獲利: 40.71% (2026-04-10)
6715 2026-04-27 features: ['0', '0', '0', '0', '0', '0', '52.41', '33.85', '8.62', '17.16', '0.93', '0.98', '1.44', '0.52', '0.58', '1', '0', '0', '0', '0', '1', '1', '1', '0', '0', '1', '0', '0', '0', '0', '0', '0'] 分數: 0.67進場 勝，10 天內最高獲利: 22.57% (2026-05-07)
6715 2026-05-07 features: ['0', '0', '0', '0', '0', '0', '64.94', '28.26', '85.36', '76.29', '1.07', '1.12', '1.56', '1.17', '0.89', '1', '0', '0', '0', '1', '1', '1', '0', '1', '0', '1', '0', '0', '0', '0', '0', '0'] 分數: 0.62進場 敗，10 天內最高獲利: 4.82% (2026-05-11)
6209 2026-02-02 features: ['0', '0', '0', '0', '0', '0', '44.17', '1.75', '1.91', '24.81', '0.87', '0.94', '1.00', '0.47', '0.88', '1', '0', '0', '0', '0', '0', '1', '1', '0', '0', '0', '0', '0', '0', '0', '0', '0'] 分數: 0.62進場 敗，10 天內最高獲利: 0.50% (2026-02-03)
8103 2026-02-11 features: ['1', '0', '0', '0', '0', '0', '67.16', '2.40', '100', '87.47', '1.12', '1.15', '1.25', '1.94', '1.89', '1', '0', '0', '0', '1', '1', '1', '0', '1', '1', '1', '0', '1', '0', '0', '0', '0'] 分數: 0.63進場 敗，10 天內最高獲利: 0.00%
8103 2026-04-27 features: ['1', '0', '0', '0', '0', '0', '74.53', '5.36', '100', '82.17', '1.12', '1.28', '1.27', '1.32', '2.99', '0', '0', '0', '0', '1', '1', '1', '0', '1', '1', '0', '0', '0', '0', '0', '1', '0'] 分數: 0.64進場 勝，10 天內最高獲利: 9.87% (2026-04-28)
6282 2026-01-30 features: ['0', '0', '0', '0', '0', '0', '47.39', '2.98', '3.01', '9.06', '0.92', '0.94', '1.12', '0.76', '0.46', '1', '0', '0', '0', '0', '1', '1', '1', '0', '0', '0', '0', '0', '0', '0', '0', '0'] 分數: 0.65進場 敗，10 天內最高獲利: 1.61% (2026-02-04)
8271 2026-03-10 features: ['0', '1', '0', '0', '0', '0', '60.88', '1.87', '91.23', '88.30', '1.10', '1.12', '1.17', '3.09', '2.53', '1', '1', '0', '0', '1', '1', '1', '0', '0', '1', '1', '0', '1', '0', '0', '0', '1'] 分數: 0.63進場 勝，10 天內最高獲利: 59.16% (2026-03-19)
8271 2026-03-26 features: ['0', '0', '0', '0', '0', '0', '48.49', '12.37', '0', '7.69', '0.89', '0.96', '1.14', '0.58', '0.17', '1', '0', '0', '0', '0', '1', '1', '1', '0', '0', '0', '0', '0', '0', '0', '1', '1'] 分數: 0.64進場 敗，10 天內最高獲利: -0.34% (2026-04-02)
8271 2026-04-17 features: ['1', '0', '0', '1', '0', '0', '62.51', '5.74', '100', '83.07', '1.10', '1.13', '1.30', '0.81', '1.41', '1', '0', '0', '0', '1', '0', '1', '0', '1', '0', '1', '1', '0', '0', '1', '0', '0'] 分數: 0.65進場 勝，10 天內最高獲利: 32.59% (2026-04-22)
8271 2026-05-08 features: ['1', '0', '0', '0', '0', '0', '72.53', '23.27', '100', '92.59', '1.08', '1.26', '1.61', '1.69', '0.32', '1', '0', '0', '0', '1', '1', '1', '1', '1', '1', '1', '0', '1', '0', '0', '0', '0'] 分數: 0.64進場 敗，10 天內最高獲利: -1.73% (2026-05-11)
6451 2026-03-09 features: ['0', '0', '0', '0', '0', '0', '45.68', '7.01', '0', '31.02', '0.90', '0.91', '1.02', '0.48', '0.42', '1', '0', '0', '0', '0', '1', '1', '1', '0', '0', '0', '0', '0', '0', '0', '0', '0'] 分數: 0.68進場 勝，10 天內最高獲利: 63.16% (2026-03-18)
6451 2026-03-20 features: ['0', '0', '0', '0', '0', '0', '72.49', '23.81', '89.54', '90.61', '1.04', '1.30', '1.54', '0.24', '0.40', '1', '0', '0', '0', '1', '1', '1', '1', '1', '0', '1', '0', '0', '1', '0', '0', '0'] 分數: 0.62進場 勝，10 天內最高獲利: 32.97% (2026-03-27)
6451 2026-03-31 features: ['0', '0', '0', '0', '0', '0', '60.00', '37.36', '33.33', '67.93', '0.90', '1.17', '1.51', '0.76', '0.48', '1', '0', '0', '0', '1', '1', '1', '1', '1', '0', '1', '0', '0', '0', '0', '0', '0'] 分數: 0.63進場 勝，10 天內最高獲利: 45.95% (2026-04-10)
6451 2026-04-27 features: ['0', '0', '0', '0', '0', '0', '49.25', '44.39', '10.42', '12.17', '0.86', '0.92', '1.39', '1.72', '0.48', '1', '0', '0', '0', '0', '1', '1', '1', '0', '0', '0', '0', '0', '0', '0', '0', '0'] 分數: 0.71進場 勝，10 天內最高獲利: 37.29% (2026-05-05)
6451 2026-05-08 features: ['0', '0', '0', '0', '0', '0', '53.20', '34.06', '40.72', '55.41', '0.92', '0.96', '1.41', '1.01', '1.57', '1', '0', '0', '0', '1', '1', '1', '1', '1', '0', '1', '0', '0', '0', '0', '0', '0'] 分數: 0.64進場 勝，10 天內最高獲利: 30.84% (2026-05-15)
6168 2026-03-30 features: ['0', '0', '0', '0', '0', '0', '52.56', '1.17', '18.03', '40.16', '0.92', '1.04', '1.09', '0.18', '0.43', '1', '0', '0', '0', '0', '1', '1', '1', '0', '0', '1', '0', '0', '0', '0', '0', '0'] 分數: 0.62進場 勝，10 天內最高獲利: 19.91% (2026-04-09)
6415 2026-04-17 features: ['1', '1', '0', '1', '0', '0', '67.53', '7.24', '100', '73.61', '1.14', '1.16', '1.22', '2.85', '2.73', '1', '1', '0', '0', '1', '1', '1', '0', '0', '0', '1', '1', '0', '0', '0', '1', '0'] 分數: 0.68進場 勝，10 天內最高獲利: 31.13% (2026-04-24)
6415 2026-04-27 features: ['0', '0', '0', '0', '0', '0', '75.47', '37.34', '86.80', '89.24', '1.02', '1.30', '1.45', '0.44', '0.79', '1', '0', '0', '0', '1', '1', '1', '1', '1', '0', '1', '0', '0', '1', '0', '0', '0'] 分數: 0.64進場 敗，10 天內最高獲利: 3.81% (2026-05-05)
8110 2026-04-23 features: ['0', '0', '0', '0', '0', '0', '39.82', '-2.34', '17.21', '48.77', '0.97', '0.94', '0.77', '1.27', '1.18', '0', '0', '0', '0', '0', '0', '0', '0', '0', '1', '0', '0', '0', '0', '0', '0', '0'] 分數: 0.71進場 敗，10 天內最高獲利: 4.84% (2026-04-28)
6526 2026-04-28 features: ['0', '0', '0', '0', '0', '0', '59.34', '23.96', '59.70', '71.58', '0.98', '1.11', '1.16', '0.71', '1.98', '1', '0', '0', '0', '1', '1', '1', '1', '1', '0', '1', '0', '0', '0', '0', '1', '1'] 分數: 0.63進場 勝，10 天內最高獲利: 32.11% (2026-05-08)
6526 2026-05-08 features: ['0', '0', '0', '0', '0', '0', '77.46', '48.80', '86.18', '95.39', '1.14', '1.33', '1.47', '1.93', '3.25', '1', '0', '0', '0', '1', '1', '1', '1', '1', '1', '1', '0', '1', '0', '0', '0', '0'] 分數: 0.64進場 敗，10 天內最高獲利: -0.40% (2026-05-11)
6117 2026-05-08 features: ['0', '0', '0', '0', '0', '0', '47.33', '2.65', '9.30', '25.42', '0.94', '0.96', '1.05', '1.50', '1.16', '1', '0', '1', '0', '0', '1', '1', '1', '0', '0', '0', '0', '0', '0', '0', '0', '0'] 分數: 0.64進場 敗，10 天內最高獲利: 1.73% (2026-05-15)
5471 2026-03-10 features: ['0', '0', '0', '0', '0', '0', '53.30', '1.88', '13.10', '28.86', '0.97', '1.02', '1.14', '0.44', '0.47', '1', '0', '0', '0', '0', '1', '1', '1', '0', '0', '1', '0', '0', '0', '1', '0', '0'] 分數: 0.63進場 勝，10 天內最高獲利: 6.22% (2026-03-18)
4919 2026-02-23 features: ['1', '1', '0', '1', '0', '0', '64.17', '1.69', '100', '62.83', '1.09', '1.10', '1.21', '3.74', '2.68', '1', '1', '0', '0', '1', '1', '1', '0', '1', '1', '1', '1', '1', '0', '0', '0', '0'] 分數: 0.65進場 勝，10 天內最高獲利: 21.72% (2026-03-03)
4919 2026-03-19 features: ['1', '0', '0', '0', '0', '0', '74.75', '7.61', '100.00', '81.14', '1.13', '1.26', '1.57', '1.47', '1.12', '1', '0', '0', '0', '1', '1', '1', '1', '0', '0', '1', '0', '0', '0', '0', '0', '0'] 分數: 0.64進場 敗，10 天內最高獲利: 9.66% (2026-03-20)
4919 2026-03-31 features: ['0', '0', '0', '0', '0', '0', '52.22', '7.15', '4.17', '36.76', '0.93', '0.99', '1.28', '0.47', '0.50', '1', '0', '0', '0', '0', '1', '1', '1', '0', '0', '1', '0', '0', '0', '0', '0', '0'] 分數: 0.63進場 勝，10 天內最高獲利: 6.18% (2026-04-01)
4919 2026-04-14 features: ['1', '1', '0', '0', '0', '0', '65.76', '5.19', '100', '75.83', '1.14', '1.16', '1.47', '4.26', '2.63', '1', '1', '0', '0', '1', '1', '1', '0', '0', '1', '1', '0', '1', '0', '1', '0', '0'] 分數: 0.67進場 勝，10 天內最高獲利: 39.37% (2026-04-22)
6257 2026-02-02 features: ['0', '0', '0', '0', '0', '0', '51.58', '5.60', '9.38', '11.86', '0.96', '0.97', '1.15', '0.97', '0.54', '1', '0', '0', '0', '0', '1', '1', '1', '0', '0', '1', '0', '0', '0', '0', '0', '0'] 分數: 0.63進場 敗，10 天內最高獲利: 2.39% (2026-02-04)
6257 2026-03-04 features: ['0', '0', '0', '0', '0', '0', '47.64', '3.22', '9.43', '37.06', '0.92', '0.97', '1.08', '0.69', '1.27', '1', '0', '0', '0', '0', '0', '1', '1', '0', '0', '0', '0', '0', '0', '0', '0', '0'] 分數: 0.63進場 敗，10 天內最高獲利: 5.14% (2026-03-05)
6257 2026-03-26 features: ['0', '1', '0', '1', '0', '0', '61.90', '2.05', '82.35', '58.49', '1.09', '1.10', '1.15', '5.05', '2.76', '1', '1', '0', '0', '1', '1', '1', '0', '0', '0', '1', '1', '0', '0', '0', '0', '0'] 分數: 0.63進場 勝，10 天內最高獲利: 6.85% (2026-04-01)
6257 2026-04-08 features: ['1', '0', '0', '0', '0', '0', '72.63', '7.80', '100', '83.70', '1.09', '1.22', '1.29', '1.13', '2.19', '1', '0', '1', '0', '1', '1', '1', '1', '1', '0', '1', '0', '0', '0', '0', '1', '0'] 分數: 0.65進場 勝，10 天內最高獲利: 6.74% (2026-04-14)
6257 2026-05-06 features: ['0', '0', '0', '1', '0', '0', '74.25', '11.17', '96.88', '89.90', '1.07', '1.12', '1.36', '1.85', '1.36', '1', '0', '0', '0', '1', '1', '1', '1', '1', '1', '1', '1', '1', '0', '0', '0', '0'] 分數: 0.62進場 勝，10 天內最高獲利: 6.63% (2026-05-15)
6196 2026-04-09 features: ['0', '0', '0', '0', '0', '0', '63.71', '4.86', '91.74', '79.30', '1.08', '1.11', '1.12', '3.19', '3.17', '1', '1', '0', '0', '1', '1', '1', '0', '0', '1', '1', '0', '1', '1', '0', '1', '0'] 分數: 0.63進場 勝，10 天內最高獲利: 12.72% (2026-04-17)
6196 2026-04-20 features: ['1', '0', '0', '0', '0', '0', '75.79', '21.30', '100', '91.46', '1.11', '1.28', '1.35', '0.74', '0.99', '1', '0', '0', '0', '1', '1', '1', '1', '1', '0', '1', '0', '0', '0', '0', '0', '0'] 分數: 0.68進場 敗，10 天內最高獲利: 0.76% (2026-04-21)
6658 2026-04-22 features: ['1', '0', '0', '0', '0', '0', '77.23', '5.49', '100', '83.11', '1.11', '1.20', '1.43', '1.75', '1.33', '1', '0', '0', '0', '1', '1', '1', '1', '0', '1', '1', '0', '1', '0', '0', '0', '0'] 分數: 0.63進場 勝，10 天內最高獲利: 63.57% (2026-04-30)
6152 2026-03-24 features: ['0', '0', '0', '0', '0', '0', '51.81', '0.96', '17.72', '26.53', '0.96', '0.96', '1.23', '0.82', '0.76', '1', '0', '0', '0', '0', '1', '1', '1', '0', '0', '1', '0', '0', '0', '1', '0', '0'] 分數: 0.63進場 敗，10 天內最高獲利: 3.02% (2026-03-25)
4916 2026-02-02 features: ['0', '0', '0', '0', '0', '0', '50.48', '2.35', '3.94', '21.81', '0.94', '0.99', '1.12', '0.35', '0.52', '1', '0', '0', '0', '0', '1', '1', '1', '0', '0', '1', '0', '0', '0', '0', '0', '0'] 分數: 0.64進場 勝，10 天內最高獲利: 7.74% (2026-02-04)
8028 2026-04-21 features: ['1', '0', '0', '1', '0', '0', '61.73', '3.96', '100', '56.58', '1.08', '1.11', '1.16', '2.46', '2.07', '1', '0', '0', '0', '1', '1', '1', '1', '0', '0', '1', '1', '0', '0', '0', '1', '0'] 分數: 0.66進場 勝，10 天內最高獲利: 17.42% (2026-04-29)
6515 2026-02-03 features: ['1', '0', '0', '0', '0', '0', '74.03', '324.96', '100', '72.86', '1.10', '1.19', '1.50', '1.65', '1.60', '1', '0', '1', '0', '1', '1', '1', '1', '0', '0', '1', '0', '0', '0', '0', '0', '0'] 分數: 0.67進場 勝，10 天內最高獲利: 12.09% (2026-02-11)
6515 2026-02-23 features: ['0', '0', '0', '0', '0', '0', '66.62', '412.98', '63.06', '87.54', '0.99', '1.12', '1.44', '1.54', '1.16', '1', '0', '1', '0', '1', '1', '1', '1', '1', '0', '1', '0', '0', '0', '0', '0', '0'] 分數: 0.64進場 勝，10 天內最高獲利: 8.95% (2026-02-26)
6515 2026-03-10 features: ['1', '0', '0', '1', '0', '0', '67.04', '356.05', '100', '88.54', '1.09', '1.16', '1.50', '1.00', '0.80', '1', '0', '0', '0', '1', '1', '1', '1', '1', '0', '1', '1', '0', '0', '0', '0', '0'] 分數: 0.68進場 勝，10 天內最高獲利: 44.84% (2026-03-20)
6515 2026-04-02 features: ['0', '0', '0', '0', '0', '0', '50.69', '649.43', '1.97', '12.88', '0.90', '0.95', '1.33', '2.38', '0.93', '1', '0', '1', '0', '0', '1', '1', '1', '0', '1', '1', '0', '1', '0', '0', '0', '0'] 分數: 0.71進場 勝，10 天內最高獲利: 21.04% (2026-04-09)
6515 2026-04-13 features: ['0', '0', '0', '0', '0', '0', '68.13', '639.39', '93.22', '80.65', '1.09', '1.14', '1.59', '2.16', '1.39', '1', '0', '1', '0', '1', '1', '1', '1', '1', '0', '1', '0', '0', '0', '0', '0', '0'] 分數: 0.64進場 勝，10 天內最高獲利: 26.11% (2026-04-20)
6834 2026-05-07 features: ['1', '0', '0', '0', '0', '0', '72.64', '2.04', '100', '84.35', '1.10', '1.17', '1.34', '2.13', '2.32', '1', '0', '0', '0', '1', '1', '1', '1', '1', '0', '1', '0', '0', '0', '0', '0', '0'] 分數: 0.63進場 勝，10 天內最高獲利: 14.74% (2026-05-15)
6531 2026-03-17 features: ['1', '0', '0', '0', '0', '0', '74.87', '23.64', '100', '95.23', '1.13', '1.31', '1.32', '1.45', '2.99', '1', '1', '0', '0', '1', '1', '1', '0', '1', '0', '1', '0', '0', '1', '0', '1', '0'] 分數: 0.63進場 敗，10 天內最高獲利: -1.38% (2026-03-18)
6531 2026-04-14 features: ['1', '1', '0', '0', '0', '0', '69.22', '18.50', '95.42', '93.95', '1.14', '1.18', '1.29', '2.94', '2.35', '1', '1', '0', '0', '1', '1', '1', '0', '1', '1', '1', '0', '1', '0', '0', '0', '0'] 分數: 0.65進場 勝，10 天內最高獲利: 30.69% (2026-04-22)
6531 2026-04-24 features: ['0', '0', '0', '0', '0', '0', '79.83', '75.59', '73.73', '83.48', '1.05', '1.36', '1.58', '1.18', '2.00', '1', '0', '0', '0', '1', '1', '1', '1', '1', '0', '1', '0', '0', '0', '0', '0', '0'] 分數: 0.63進場 勝，10 天內最高獲利: 17.26% (2026-05-04)
6531 2026-05-08 features: ['0', '0', '0', '0', '0', '0', '67.46', '103.49', '57.09', '73.24', '0.95', '1.16', '1.57', '1.30', '0.47', '1', '0', '1', '0', '1', '1', '1', '1', '1', '0', '1', '0', '0', '0', '0', '0', '0'] 分數: 0.64進場 勝，10 天內最高獲利: 29.71% (2026-05-18)
5434 2026-03-04 features: ['0', '0', '0', '0', '0', '0', '40.84', '3.32', '1.10', '32.15', '0.93', '0.94', '0.99', '1.12', '1.20', '1', '0', '1', '0', '0', '0', '1', '1', '0', '0', '0', '0', '0', '0', '0', '0', '0'] 分數: 0.63進場 勝，10 天內最高獲利: 7.92% (2026-03-11)
5434 2026-04-10 features: ['1', '0', '0', '0', '0', '0', '74.86', '10.81', '98.99', '93.40', '1.10', '1.20', '1.23', '1.99', '3.55', '1', '0', '1', '0', '1', '1', '1', '1', '1', '0', '1', '0', '0', '0', '0', '0', '0'] 分數: 0.63進場 敗，10 天內最高獲利: 4.36% (2026-04-20)
5434 2026-04-20 features: ['0', '0', '0', '0', '0', '0', '77.59', '24.41', '85.62', '93.17', '1.01', '1.17', '1.24', '0.61', '0.78', '1', '0', '0', '0', '1', '1', '1', '1', '1', '0', '1', '0', '0', '0', '0', '0', '0'] 分數: 0.66進場 敗，10 天內最高獲利: 3.70% (2026-04-21)
5269 2026-02-02 features: ['0', '0', '0', '0', '0', '0', '45.72', '17.06', '13.95', '32.56', '0.94', '0.95', '1.00', '0.61', '0.50', '1', '0', '0', '0', '0', '1', '0', '1', '0', '0', '0', '0', '0', '0', '0', '0', '0'] 分數: 0.64進場 勝，10 天內最高獲利: 6.80% (2026-02-04)
6442 2026-01-30 features: ['0', '0', '0', '0', '0', '0', '75.03', '92.09', '90.16', '96.72', '1.14', '1.30', '1.43', '2.27', '2.31', '1', '0', '0', '0', '1', '1', '1', '1', '1', '0', '1', '0', '0', '0', '0', '1', '0'] 分數: 0.62進場 敗，10 天內最高獲利: 4.20% (2026-02-04)
6442 2026-02-09 features: ['1', '0', '0', '0', '0', '0', '67.10', '140.63', '96.55', '79.87', '1.03', '1.23', '1.39', '0.39', '0.29', '1', '0', '0', '0', '1', '1', '1', '1', '0', '0', '1', '0', '0', '0', '0', '1', '0'] 分數: 0.68進場 勝，10 天內最高獲利: 7.30% (2026-02-10)
6442 2026-02-24 features: ['0', '0', '0', '0', '0', '0', '70.94', '178.18', '87.88', '88.44', '1.03', '1.23', '1.46', '0.83', '0.30', '1', '0', '0', '0', '1', '1', '1', '1', '1', '0', '1', '0', '0', '0', '0', '0', '0'] 分數: 0.65進場 敗，10 天內最高獲利: 16.01% (2026-03-02)
6442 2026-03-09 features: ['0', '0', '0', '0', '0', '0', '45.29', '131.17', '0', '4.43', '0.85', '0.88', '1.13', '0.04', '0.07', '1', '0', '0', '0', '0', '1', '1', '1', '0', '0', '0', '0', '0', '0', '0', '0', '0'] 分數: 0.68進場 勝，10 天內最高獲利: 12.87% (2026-03-19)
6442 2026-04-20 features: ['1', '0', '0', '1', '0', '0', '62.52', '88.36', '91.89', '49.12', '1.10', '1.13', '1.28', '1.07', '1.46', '1', '0', '0', '0', '1', '1', '1', '1', '0', '0', '1', '1', '0', '0', '0', '1', '0'] 分數: 0.62進場 敗，10 天內最高獲利: -1.27% (2026-04-21)

近 60 天內總勝率: 116/188 = 61.70%
分數>95分位且多頭排列持續性勝率: 63.26% (樣本數: 969)
分數>95分位且多頭排列且量能持續放大勝率: 68.33% (樣本數: 341)
剛形成多頭排列勝率: 27.62% (樣本數: 1249)

[BYPASS Step3: 畫圖]

[Step 4: 進出場買賣模擬 (Entry and exit trading simulation)]

🔍 昨日 (2026-05-21) 有訊號，今日 (2026-05-22) 用開盤價進場 (模擬持有部位)
模擬進場 6271 同欣電 昨日 (2026-05-21) 分數: 0.632，今日(2026-05-22) 以開盤價 217.0 進場 ✅！
模擬進場 6415 矽力*-KY 昨日 (2026-05-21) 分數: 0.666，今日(2026-05-22) 以開盤價 564.0 進場 ✅！
模擬進場 6531 愛普* 昨日 (2026-05-21) 分數: 0.658，今日(2026-05-22) 以開盤價 919.0 進場 ✅！

最近 10 天內所有分數 >= 95 分位(0.62) 且多頭排列持續且量能放大且多頭+RSI>50的進場訊號 (含預測，無勝負結果)
4916 鼎炫-KY 2026-05-19 分數: 0.633 預測訊號，無勝負結果
4919 鼎炫-KY 2026-05-18 分數: 0.657 預測訊號，無勝負結果
4927 鼎炫-KY 2026-05-13 分數: 0.646 預測訊號，無勝負結果
4949 鼎炫-KY 2026-05-13 分數: 0.660 預測訊號，無勝負結果
4949 鼎炫-KY 2026-05-14 分數: 0.631 預測訊號，無勝負結果
4956 鼎炫-KY 2026-05-11 分數: 0.642 預測訊號，無勝負結果
4958 鼎炫-KY 2026-05-22 分數: 0.632 預測訊號，無勝負結果
4960 鼎炫-KY 2026-05-13 分數: 0.682 預測訊號，無勝負結果
4967 鼎炫-KY 2026-05-15 分數: 0.626 預測訊號，無勝負結果
5269 鼎炫-KY 2026-05-12 分數: 0.657 預測訊號，無勝負結果
5285 鼎炫-KY 2026-05-11 分數: 0.627 預測訊號，無勝負結果
5285 鼎炫-KY 2026-05-12 分數: 0.650 預測訊號，無勝負結果
5285 鼎炫-KY 2026-05-20 分數: 0.628 預測訊號，無勝負結果
6141 鼎炫-KY 2026-05-13 分數: 0.706 預測訊號，無勝負結果
6166 鼎炫-KY 2026-05-12 分數: 0.626 預測訊號，無勝負結果
6166 鼎炫-KY 2026-05-13 分數: 0.640 預測訊號，無勝負結果
6166 鼎炫-KY 2026-05-15 分數: 0.622 預測訊號，無勝負結果
6168 鼎炫-KY 2026-05-22 分數: 0.624 預測訊號，無勝負結果
6196 鼎炫-KY 2026-05-14 分數: 0.626 預測訊號，無勝負結果
6197 鼎炫-KY 2026-05-15 分數: 0.637 預測訊號，無勝負結果
6197 鼎炫-KY 2026-05-19 分數: 0.630 預測訊號，無勝負結果
6205 鼎炫-KY 2026-05-13 分數: 0.651 預測訊號，無勝負結果
6206 鼎炫-KY 2026-05-11 分數: 0.630 預測訊號，無勝負結果
6206 鼎炫-KY 2026-05-12 分數: 0.625 預測訊號，無勝負結果
6206 鼎炫-KY 2026-05-13 分數: 0.625 預測訊號，無勝負結果
6209 鼎炫-KY 2026-05-13 分數: 0.632 預測訊號，無勝負結果
6239 鼎炫-KY 2026-05-22 分數: 0.627 預測訊號，無勝負結果
6271 鼎炫-KY 2026-05-21 分數: 0.632 預測訊號，無勝負結果
6271 鼎炫-KY 2026-05-22 分數: 0.638 預測訊號，無勝負結果
6278 鼎炫-KY 2026-05-14 分數: 0.625 預測訊號，無勝負結果
6285 鼎炫-KY 2026-05-12 分數: 0.623 預測訊號，無勝負結果
6414 鼎炫-KY 2026-05-11 分數: 0.650 預測訊號，無勝負結果
6414 鼎炫-KY 2026-05-12 分數: 0.666 預測訊號，無勝負結果
6414 鼎炫-KY 2026-05-15 分數: 0.666 預測訊號，無勝負結果
6414 鼎炫-KY 2026-05-18 分數: 0.623 預測訊號，無勝負結果
6415 鼎炫-KY 2026-05-11 分數: 0.664 預測訊號，無勝負結果
6415 鼎炫-KY 2026-05-12 分數: 0.661 預測訊號，無勝負結果
6415 鼎炫-KY 2026-05-13 分數: 0.642 預測訊號，無勝負結果
6415 鼎炫-KY 2026-05-14 分數: 0.659 預測訊號，無勝負結果
6415 鼎炫-KY 2026-05-18 分數: 0.686 預測訊號，無勝負結果
6415 鼎炫-KY 2026-05-21 分數: 0.666 預測訊號，無勝負結果
6449 鼎炫-KY 2026-05-12 分數: 0.631 預測訊號，無勝負結果
6449 鼎炫-KY 2026-05-13 分數: 0.624 預測訊號，無勝負結果
6449 鼎炫-KY 2026-05-20 分數: 0.648 預測訊號，無勝負結果
6451 鼎炫-KY 2026-05-18 分數: 0.627 預測訊號，無勝負結果
6526 鼎炫-KY 2026-05-11 分數: 0.644 預測訊號，無勝負結果
6526 鼎炫-KY 2026-05-12 分數: 0.633 預測訊號，無勝負結果
6531 鼎炫-KY 2026-05-21 分數: 0.658 預測訊號，無勝負結果
6533 鼎炫-KY 2026-05-15 分數: 0.652 預測訊號，無勝負結果
6579 鼎炫-KY 2026-05-13 分數: 0.635 預測訊號，無勝負結果
6669 鼎炫-KY 2026-05-11 分數: 0.687 預測訊號，無勝負結果
6669 鼎炫-KY 2026-05-12 分數: 0.637 預測訊號，無勝負結果
6669 鼎炫-KY 2026-05-13 分數: 0.641 預測訊號，無勝負結果
6669 鼎炫-KY 2026-05-14 分數: 0.630 預測訊號，無勝負結果
6669 鼎炫-KY 2026-05-19 分數: 0.628 預測訊號，無勝負結果
6669 鼎炫-KY 2026-05-20 分數: 0.622 預測訊號，無勝負結果
6706 鼎炫-KY 2026-05-20 分數: 0.641 預測訊號，無勝負結果
6715 鼎炫-KY 2026-05-11 分數: 0.662 預測訊號，無勝負結果
6715 鼎炫-KY 2026-05-18 分數: 0.653 預測訊號，無勝負結果
6781 鼎炫-KY 2026-05-11 分數: 0.633 預測訊號，無勝負結果
6781 鼎炫-KY 2026-05-15 分數: 0.624 預測訊號，無勝負結果
6781 鼎炫-KY 2026-05-19 分數: 0.637 預測訊號，無勝負結果
6830 鼎炫-KY 2026-05-11 分數: 0.663 預測訊號，無勝負結果
6834 鼎炫-KY 2026-05-18 分數: 0.627 預測訊號，無勝負結果
6906 鼎炫-KY 2026-05-22 分數: 0.627 預測訊號，無勝負結果
6937 鼎炫-KY 2026-05-11 分數: 0.646 預測訊號，無勝負結果
8016 鼎炫-KY 2026-05-12 分數: 0.627 預測訊號，無勝負結果
8016 鼎炫-KY 2026-05-14 分數: 0.637 預測訊號，無勝負結果
8021 鼎炫-KY 2026-05-12 分數: 0.647 預測訊號，無勝負結果
8021 鼎炫-KY 2026-05-14 分數: 0.633 預測訊號，無勝負結果
8021 鼎炫-KY 2026-05-18 分數: 0.675 預測訊號，無勝負結果
8021 鼎炫-KY 2026-05-19 分數: 0.646 預測訊號，無勝負結果
8028 鼎炫-KY 2026-05-15 分數: 0.639 預測訊號，無勝負結果
8039 鼎炫-KY 2026-05-19 分數: 0.629 預測訊號，無勝負結果
8046 鼎炫-KY 2026-05-14 分數: 0.649 預測訊號，無勝負結果
8103 鼎炫-KY 2026-05-14 分數: 0.659 預測訊號，無勝負結果
8114 鼎炫-KY 2026-05-12 分數: 0.634 預測訊號，無勝負結果
8150 鼎炫-KY 2026-05-19 分數: 0.637 預測訊號，無勝負結果
8210 鼎炫-KY 2026-05-11 分數: 0.635 預測訊號，無勝負結果
8210 鼎炫-KY 2026-05-13 分數: 0.651 預測訊號，無勝負結果
8210 鼎炫-KY 2026-05-15 分數: 0.634 預測訊號，無勝負結果
8271 鼎炫-KY 2026-05-11 分數: 0.625 預測訊號，無勝負結果
8271 鼎炫-KY 2026-05-12 分數: 0.624 預測訊號，無勝負結果
8271 鼎炫-KY 2026-05-19 分數: 0.653 預測訊號，無勝負結果
8271 鼎炫-KY 2026-05-20 分數: 0.675 預測訊號，無勝負結果
8499 鼎炫-KY 2026-05-12 分數: 0.654 預測訊號，無勝負結果

今日(2026-05-22)有訊號，預測(2026-05-25)進場的 Predicted
4958 臻鼎-KY 今日 (2026-05-22) 分數: 0.632 下個交易日 (2026-05-25) 預測進場
6168 宏齊 今日 (2026-05-22) 分數: 0.624 下個交易日 (2026-05-25) 預測進場
6239 力成 今日 (2026-05-22) 分數: 0.627 下個交易日 (2026-05-25) 預測進場
6271 同欣電 今日 (2026-05-22) 分數: 0.638 下個交易日 (2026-05-25) 預測進場
6906 現觀科 今日 (2026-05-22) 分數: 0.627 下個交易日 (2026-05-25) 預測進場

已更新模擬自動下單 Excel: C:\Users\Jerry-yc.Liu\Desktop\script\stock_signal_charts\auto_trade_sim.xlsx，sheet: 科技業

全部執行總耗時: 186.38 秒
