所有 print 內容將同步寫入 C:\Users\Jerry-yc.Liu\Desktop\script\stock_signal_charts\20260528_081507_傳統產業\stock_analysis_20260528_081507_傳統產業.log
正在讀取大 pkl: C:\Users\Jerry-yc.Liu\Desktop\script\cache\all_stock_2y.pkl
大 pkl 讀取完成，共有 760 檔股票
可用股票數量: 326
傳統產業 全部有快取的股票代號: 
['1101', '1102', '1103', '1104', '1108', '1109', '1110', '1201', '1203', '1210', '1213', '1215', '1216', '1217', '1218', '1219', '1220', '1225', '1227', '1229', '1231', '1232', '1233', '1234', '1235', '1236', '1256', '1301', '1303', '1304', '1305', '1307', '1308', '1309', '1310', '1312', '1313', '1314', '1315', '1319', '1321', '1323', '1324', '1325', '1326', '1337', '1338', '1339', '1340', '1341', '1402', '1409', '1410', '1413', '1414', '1417', '1418', '1419', '1423', '1434', '1440', '1441', '1444', '1445', '1446', '1447', '1449', '1451', '1452', '1454', '1455', '1457', '1459', '1460', '1463', '1464', '1465', '1466', '1467', '1468', '1470', '1473', '1474', '1475', '1476', '1477', '1503', '1504', '1506', '1512', '1513', '1514', '1515', '1517', '1519', '1521', '1522', '1524', '1525', '1526', '1527', '1528', '1529', '1530', '1531', '1532', '1533', '1535', '1536', '1537', '1538', '1539', '1540', '1541', '1558', '1560', '1563', '1568', '1583', '1587', '1589', '1590', '1597', '1603', '1604', '1605', '1608', '1609', '1611', '1612', '1614', '1615', '1616', '1617', '1618', '1626', '1702', '1708', '1709', '1710', '1711', '1712', '1713', '1714', '1717', '1718', '1721', '1722', '1723', '1725', '1726', '1727', '1730', '1732', '1735', '1737', '1773', '1776', '1802', '1806', '1809', '1810', '1817', '1903', '1904', '1905', '1906', '1907', '1909', '2002', '2006', '2007', '2008', '2009', '2010', '2012', '2013', '2014', '2015', '2017', '2020', '2022', '2023', '2024', '2025', '2027', '2028', '2029', '2030', '2031', '2032', '2033', '2034', '2038', '2049', '2069', '2101', '2102', '2103', '2104', '2105', '2106', '2107', '2108', '2109', '2114', '2115', '2201', '2204', '2206', '2207', '2208', '2211', '2227', '2228', '2231', '2233', '2236', '2239', '2241', '2243', '2247', '2250', '2371', '2497', '2603', '2605', '2606', '2607', '2608', '2609', '2610', '2611', '2612', '2613', '2615', '2616', '2617', '2618', '2630', '2633', '2634', '2636', '2637', '2642', '2645', '2701', '2702', '2704', '2705', '2706', '2707', '2712', '2722', '2723', '2727', '2731', '2739', '2748', '2753', '3004', '3054', '3167', '3346', '3708', '4306', '4414', '4426', '4438', '4439', '4440', '4526', '4532', '4540', '4551', '4552', '4555', '4557', '4560', '4562', '4564', '4566', '4569', '4571', '4572', '4576', '4581', '4583', '4720', '4722', '4739', '4755', '4763', '4764', '4766', '4770', '4930', '5007', '5283', '5288', '5292', '5538', '5607', '5608', '5706', '6288', '6505', '6581', '6582', '6605', '6606', '6641', '6753', '6790', '6806', '8222', '8341', '8367', '8374', '8422', '8438', '8473', '8476', '8926', '8940', '8996']
✅ 快取最新交易日為 2026-05-26, 昨日訊號才有可能出現。

[Step 1: Random Forest 訓練權重 (Random Forest Algo)]
訓練集勝率: 71.32%
測試集勝率: 66.78%
Random Forest 訓練耗時: 18.89 秒
y_all 樣本分布 (0=敗, 1=勝):
0    13322
1     4672
dtype: int64
勝率比例: 25.964210%

混淆矩陣 (Confusion Matrix):
[[2791 1206]
 [1450 2547]]

分類報告 (Classification Report):
              precision    recall  f1-score   support

           0     0.6581    0.6983    0.6776      3997
           1     0.6787    0.6372    0.6573      3997

    accuracy                         0.6678      7994
   macro avg     0.6684    0.6678    0.6674      7994
weighted avg     0.6684    0.6678    0.6674      7994


各特徵對模型預測勝率的重要性: 
k_pattern   : 0.0034
ma_cross    : 0.0019
rsi_signal  : 0.0021
macd_signal : 0.0023
kd_cross    : 0.0025
vol_cross   : 0.0035
RSI         : 0.1093
MACD        : 0.1541
K           : 0.0620
D           : 0.0707
close/5MA   : 0.1338
close/20MA  : 0.1107
close/60MA  : 0.1638
vol/5MA     : 0.0495
vol/20MA    : 0.0538
bullish_ma  : 0.0024
bullish_ma_just: 0.0016
vol_up_just : 0.0037
rsi_just    : 0.0026
ma5_up      : 0.0085
ma20_up     : 0.0090
ma60_up     : 0.0115
bullish_ma_n: 0.0029
ma5_up_n    : 0.0063
vol_up_n    : 0.0034
bullish_ma_and_rsi: 0.0020
ma5_up_and_macd: 0.0017
bullish_ma_and_vol: 0.0018
is_w_buttom : 0.0033
is_triangle : 0.0071
is_cup_handle: 0.0043
is_inverse_head_shoulder: 0.0044
特徵重要性圖已存檔於 C:\Users\Jerry-yc.Liu\Desktop\script\stock_signal_charts\20260528_081507_傳統產業\feature_importances.png

[Step 2: 多股票回測與分數分布 (Multi Stock Analyze)]
回測分數分布總耗時: 30.41 秒

分數分布統計: 最小值：0.21，最大值: 0.89，平均值:0.48，中位數:0.47，95分位: 0.63

近 60 天内分數 >= 95分位 (0.63) 且多頭排列持續且量能放大且多頭+RSI>50的進場訊號:
4764 2026-04-15 features: ['0', '0', '0', '0', '0', '1', '74.19', '10.98', '88.82', '96.27', '1.14', '1.36', '1.49', '2.75', '3.24', '1', '0', '1', '0', '1', '1', '1', '1', '1', '0', '1', '0', '0', '0', '0', '0', '0'] 分數: 0.65進場 勝，10 天內最高獲利: 25.06% (2026-04-21)
4764 2026-04-28 features: ['0', '0', '0', '0', '0', '0', '68.63', '23.31', '75.16', '51.64', '1.10', '1.33', '1.63', '0.61', '0.22', '1', '0', '0', '0', '0', '1', '1', '1', '0', '0', '1', '0', '0', '0', '0', '0', '0'] 分數: 0.64進場 勝，10 天內最高獲利: 44.30% (2026-05-06)
8996 2026-04-10 features: ['0', '0', '0', '0', '0', '0', '65.01', '38.11', '88.24', '88.87', '1.10', '1.16', '1.29', '1.02', '1.09', '1', '0', '0', '0', '1', '1', '1', '1', '1', '1', '1', '0', '1', '0', '0', '1', '0'] 分數: 0.65進場 勝，10 天內最高獲利: 17.31% (2026-04-17)
4576 2026-04-01 features: ['0', '0', '0', '0', '0', '0', '58.41', '4.23', '59.65', '66.67', '0.98', '1.06', '1.11', '0.36', '0.88', '1', '0', '0', '0', '1', '1', '1', '1', '1', '0', '1', '0', '0', '0', '0', '1', '0'] 分數: 0.63進場 勝，10 天內最高獲利: 25.48% (2026-04-10)
4576 2026-04-13 features: ['0', '0', '0', '0', '0', '0', '82.31', '11.70', '100', '95.35', '1.14', '1.35', '1.48', '1.13', '1.84', '1', '0', '0', '0', '1', '1', '1', '1', '1', '0', '1', '0', '0', '0', '0', '0', '0'] 分數: 0.63進場 勝，10 天內最高獲利: 9.09% (2026-04-20)
4576 2026-04-30 features: ['1', '0', '0', '1', '0', '0', '77.52', '18.16', '100', '86.50', '1.13', '1.24', '1.58', '4.96', '2.43', '1', '0', '0', '0', '1', '1', '1', '1', '1', '1', '1', '1', '1', '0', '0', '0', '0'] 分數: 0.70進場 勝，10 天內最高獲利: 9.01% (2026-05-07)
4722 2026-05-08 features: ['1', '0', '0', '0', '0', '0', '75.24', '9.15', '100', '92.63', '1.15', '1.25', '1.32', '2.93', '3.49', '1', '0', '0', '0', '1', '1', '1', '1', '1', '1', '1', '0', '1', '0', '0', '1', '0'] 分數: 0.67進場 勝，10 天內最高獲利: 11.84% (2026-05-15)
4763 2026-03-04 features: ['0', '0', '0', '0', '0', '0', '21.43', '-1.77', '0.67', '4.49', '0.93', '0.87', '0.83', '1.44', '1.47', '0', '0', '0', '0', '0', '0', '0', '0', '0', '1', '0', '0', '0', '0', '0', '0', '0'] 分數: 0.65進場 勝，10 天內最高獲利: 6.71% (2026-03-06)
4766 2026-04-30 features: ['0', '0', '0', '1', '0', '0', '61.38', '6.81', '37.11', '39.91', '1.03', '1.04', '1.09', '7.92', '4.95', '1', '0', '0', '0', '1', '1', '1', '1', '0', '0', '1', '1', '0', '0', '0', '0', '0'] 分數: 0.65進場 勝，10 天內最高獲利: 9.34% (2026-05-08)
5288 2026-04-17 features: ['0', '0', '0', '0', '0', '0', '61.99', '5.28', '52.63', '60.40', '0.98', '1.09', '1.09', '0.55', '1.38', '1', '1', '0', '0', '1', '1', '1', '0', '1', '0', '1', '0', '0', '1', '0', '1', '0'] 分數: 0.63進場 勝，10 天內最高獲利: 10.69% (2026-04-22)
8438 2026-03-02 features: ['1', '0', '0', '0', '0', '0', '74.75', '3.94', '98.05', '99.35', '1.17', '1.24', '1.64', '5.03', '8.06', '1', '0', '0', '0', '1', '1', '1', '0', '1', '1', '1', '0', '1', '0', '0', '0', '0'] 分數: 0.64進場 敗，10 天內最高獲利: -6.60% (2026-03-06)

近 60 天內總勝率: 10/11 = 90.91%
分數>95分位且多頭排列持續性勝率: 84.48% (樣本數: 58)
分數>95分位且多頭排列且量能持續放大勝率: 73.15% (樣本數: 108)
剛形成多頭排列勝率: 22.74% (樣本數: 343)

[BYPASS Step3: 畫圖]

[Step 4: 進出場買賣模擬 (Entry and exit trading simulation)]

🔍 昨日 (2026-05-25) 有訊號，今日 (2026-05-26) 用開盤價進場 (模擬持有部位)
昨日所有股票都沒有進場訊號

最近 10 天內所有分數 >= 95 分位(0.63) 且多頭排列持續且量能放大且多頭+RSI>50的進場訊號 (含預測，無勝負結果)
4562 高力 2026-05-18 分數: 0.635 預測訊號，無勝負結果
4571 高力 2026-05-18 分數: 0.639 預測訊號，無勝負結果
4576 高力 2026-05-26 分數: 0.636 預測訊號，無勝負結果
8996 高力 2026-05-26 分數: 0.644 預測訊號，無勝負結果

今日(2026-05-26)有訊號，預測(2026-05-27)進場的 Predicted
4576 大銀微系統 今日 (2026-05-26) 分數: 0.636 下個交易日 (2026-05-27) 預測進場
8996 高力 今日 (2026-05-26) 分數: 0.644 下個交易日 (2026-05-27) 預測進場

已更新模擬自動下單 Excel: C:\Users\Jerry-yc.Liu\Desktop\script\stock_signal_charts\auto_trade_sim.xlsx，sheet: 傳統產業

全部執行總耗時: 87.61 秒
