所有 print 內容將同步寫入 C:\Users\Jerry-yc.Liu\Desktop\script\stock_signal_charts\20260128_150008_醫療業\stock_analysis_20260128_150008_醫療業.log
正在讀取大 pkl: C:\Users\Jerry-yc.Liu\Desktop\script\cache\all_stock_2y.pkl
大 pkl 讀取完成，共有 854 檔股票
可用股票數量: 42
醫療業 全部有快取的股票代號: 
['1701', '1707', '1720', '1731', '1733', '1734', '1752', '1760', '1762', '1783', '1786', '1789', '1795', '3164', '3705', '4104', '4106', '4108', '4119', '4133', '4137', '4142', '4148', '4155', '4164', '4190', '4736', '4737', '4746', '4771', '6431', '6446', '6472', '6491', '6541', '6550', '6598', '6657', '6666', '6782', '6796', '6861']
✅ 快取最新交易日為 2026-01-27, 昨日訊號才有可能出現。

[Step 1: Random Forest 訓練權重 (Random Forest Algo)]
訓練集勝率: 80.66%
測試集勝率: 71.25%
Random Forest 訓練耗時: 5.03 秒
y_all 樣本分布 (0=敗, 1=勝):
0    3941
1    1412
dtype: int64
勝率比例: 26.377732%

混淆矩陣 (Confusion Matrix):
[[891 292]
 [388 794]]

分類報告 (Classification Report):
              precision    recall  f1-score   support

           0     0.6966    0.7532    0.7238      1183
           1     0.7311    0.6717    0.7002      1182

    accuracy                         0.7125      2365
   macro avg     0.7139    0.7125    0.7120      2365
weighted avg     0.7139    0.7125    0.7120      2365


各特徵對模型預測勝率的重要性: 
k_pattern   : 0.0039
ma_cross    : 0.0026
rsi_signal  : 0.0016
macd_signal : 0.0030
kd_cross    : 0.0031
vol_cross   : 0.0050
RSI         : 0.0908
MACD        : 0.1428
K           : 0.0689
D           : 0.0801
close/5MA   : 0.0767
close/20MA  : 0.1213
close/60MA  : 0.1747
vol/5MA     : 0.0643
vol/20MA    : 0.0664
bullish_ma  : 0.0085
bullish_ma_just: 0.0023
vol_up_just : 0.0048
rsi_just    : 0.0028
ma5_up      : 0.0054
ma20_up     : 0.0079
ma60_up     : 0.0112
bullish_ma_n: 0.0049
ma5_up_n    : 0.0072
vol_up_n    : 0.0055
bullish_ma_and_rsi: 0.0046
ma5_up_and_macd: 0.0017
bullish_ma_and_vol: 0.0013
is_w_buttom : 0.0048
is_triangle : 0.0036
is_cup_handle: 0.0119
is_inverse_head_shoulder: 0.0064
特徵重要性圖已存檔於 C:\Users\Jerry-yc.Liu\Desktop\script\stock_signal_charts\20260128_150008_醫療業\feature_importances.png

[Step 2: 多股票回測與分數分布 (Multi Stock Analyze)]
回測分數分布總耗時: 9.29 秒

分數分布統計: 最小值：0.17，最大值: 0.93，平均值:0.46，中位數:0.45，95分位: 0.68

近 60 天内分數 >= 95分位 (0.68) 且多頭排列持續且量能放大且多頭+RSI>50的進場訊號:
6782 2025-11-18 features: ['0', '0', '0', '0', '1', '0', '27.69', '-5.52', '2.86', '2.66', '0.95', '0.89', '0.86', '1.48', '1.37', '0', '0', '1', '0', '0', '0', '0', '0', '0', '1', '0', '0', '0', '0', '0', '0', '0'] 分數: 0.75進場 勝，10 天內最高獲利: 6.55% (2025-11-26)
6796 2025-12-10 features: ['1', '0', '0', '0', '0', '0', '76.20', '2.37', '100', '84.97', '1.03', '1.08', '1.16', '3.37', '4.31', '1', '0', '0', '0', '1', '1', '1', '1', '1', '1', '1', '0', '1', '0', '0', '0', '0'] 分數: 0.70進場 敗，10 天內最高獲利: 0.51% (2025-12-19)
6431 2025-12-01 features: ['1', '0', '0', '0', '0', '0', '92.70', '1.39', '98.33', '94.33', '1.03', '1.24', '1.32', '0.57', '1.30', '1', '0', '0', '0', '1', '1', '1', '1', '1', '0', '1', '0', '0', '0', '0', '0', '0'] 分數: 0.75進場 勝，10 天內最高獲利: 41.18% (2025-12-11)

近 60 天內總勝率: 2/3 = 66.67%
分數>95分位且多頭排列持續性勝率: 94.12% (樣本數: 17)
分數>95分位且多頭排列且量能持續放大勝率: 83.33% (樣本數: 30)
剛形成多頭排列勝率: 14.12% (樣本數: 85)

[BYPASS Step3: 畫圖]

[Step 4: 進出場買賣模擬 (Entry and exit trading simulation)]

🔍 昨日 (2026-01-26) 有訊號，今日 (2026-01-27) 用開盤價進場 (模擬持有部位)
昨日所有股票都沒有進場訊號

最近 10 天內所有分數 >= 95 分位(0.68) 且多頭排列持續且量能放大且多頭+RSI>50的進場訊號 (含預測，無勝負結果)
最近 10 天內沒有任何進場訊號

今日(2026-01-27)有訊號，預測(2026-01-28)進場的 Predicted

已更新模擬自動下單 Excel: C:\Users\Jerry-yc.Liu\Desktop\script\stock_signal_charts\auto_trade_sim.xlsx，sheet: 醫療業

全部執行總耗時: 22.36 秒
