所有 print 內容將同步寫入 C:\Users\Jerry-yc.Liu\Desktop\script\stock_signal_charts\20260129_081508_其他行業\stock_analysis_20260129_081508_其他行業.log
正在讀取大 pkl: C:\Users\Jerry-yc.Liu\Desktop\script\cache\all_stock_2y.pkl
大 pkl 讀取完成，共有 854 檔股票
可用股票數量: 18
其他行業 全部有快取的股票代號: 
['1432', '1598', '1736', '2062', '2762', '3557', '4536', '5306', '6670', '6671', '6754', '6768', '6807', '8462', '8464', '8467', '8478', '8482']
✅ 快取最新交易日為 2026-01-27, 昨日訊號才有可能出現。

[Step 1: Random Forest 訓練權重 (Random Forest Algo)]
訓練集勝率: 83.44%
測試集勝率: 75.22%
Random Forest 訓練耗時: 3.87 秒
y_all 樣本分布 (0=敗, 1=勝):
0    2623
1     986
dtype: int64
勝率比例: 27.320587%

混淆矩陣 (Confusion Matrix):
[[613 174]
 [216 571]]

分類報告 (Classification Report):
              precision    recall  f1-score   support

           0     0.7394    0.7789    0.7587       787
           1     0.7664    0.7255    0.7454       787

    accuracy                         0.7522      1574
   macro avg     0.7529    0.7522    0.7520      1574
weighted avg     0.7529    0.7522    0.7520      1574


各特徵對模型預測勝率的重要性: 
k_pattern   : 0.0063
ma_cross    : 0.0025
rsi_signal  : 0.0022
macd_signal : 0.0014
kd_cross    : 0.0040
vol_cross   : 0.0019
RSI         : 0.1212
MACD        : 0.1190
K           : 0.0724
D           : 0.0757
close/5MA   : 0.1200
close/20MA  : 0.0933
close/60MA  : 0.1332
vol/5MA     : 0.0714
vol/20MA    : 0.0817
bullish_ma  : 0.0051
bullish_ma_just: 0.0008
vol_up_just : 0.0057
rsi_just    : 0.0027
ma5_up      : 0.0059
ma20_up     : 0.0085
ma60_up     : 0.0095
bullish_ma_n: 0.0051
ma5_up_n    : 0.0073
vol_up_n    : 0.0066
bullish_ma_and_rsi: 0.0045
ma5_up_and_macd: 0.0010
bullish_ma_and_vol: 0.0021
is_w_buttom : 0.0081
is_triangle : 0.0087
is_cup_handle: 0.0034
is_inverse_head_shoulder: 0.0088
特徵重要性圖已存檔於 C:\Users\Jerry-yc.Liu\Desktop\script\stock_signal_charts\20260129_081508_其他行業\feature_importances.png

[Step 2: 多股票回測與分數分布 (Multi Stock Analyze)]
回測分數分布總耗時: 6.69 秒

分數分布統計: 最小值：0.23，最大值: 0.87，平均值:0.47，中位數:0.46，95分位: 0.63

近 60 天内分數 >= 95分位 (0.63) 且多頭排列持續且量能放大且多頭+RSI>50的進場訊號:
6768 2025-10-21 features: ['0', '0', '0', '0', '0', '0', '53.71', '3.79', '4.55', '30.14', '0.97', '1.02', '1.07', '0.60', '0.54', '1', '0', '0', '0', '0', '1', '1', '1', '0', '0', '1', '0', '0', '0', '0', '0', '0'] 分數: 0.65進場 敗，10 天內最高獲利: 2.18% (2025-10-23)
8467 2026-01-07 features: ['0', '0', '0', '0', '0', '0', '59.08', '5.42', '70.49', '76.50', '0.98', '1.06', '1.10', '0.44', '0.56', '1', '0', '0', '0', '0', '1', '1', '1', '0', '0', '1', '0', '0', '0', '0', '1', '0'] 分數: 0.69進場 勝，10 天內最高獲利: 8.43% (2026-01-16)

近 60 天內總勝率: 1/2 = 50.00%
分數>95分位且多頭排列持續性勝率: 68.42% (樣本數: 38)
分數>95分位且多頭排列且量能持續放大勝率: 58.97% (樣本數: 39)
剛形成多頭排列勝率: 21.54% (樣本數: 65)

[BYPASS Step3: 畫圖]

[Step 4: 進出場買賣模擬 (Entry and exit trading simulation)]

🔍 昨日 (2026-01-26) 有訊號，今日 (2026-01-27) 用開盤價進場 (模擬持有部位)
昨日所有股票都沒有進場訊號

最近 10 天內所有分數 >= 95 分位(0.63) 且多頭排列持續且量能放大且多頭+RSI>50的進場訊號 (含預測，無勝負結果)
最近 10 天內沒有任何進場訊號

今日(2026-01-27)有訊號，預測(2026-01-28)進場的 Predicted

已更新模擬自動下單 Excel: C:\Users\Jerry-yc.Liu\Desktop\script\stock_signal_charts\auto_trade_sim.xlsx，sheet: 其他行業

全部執行總耗時: 15.07 秒
