所有 print 內容將同步寫入 C:\Users\Jerry-yc.Liu\Desktop\script\stock_signal_charts\20251217_224828_傳統產業\stock_analysis_20251217_224828_傳統產業.log
正在讀取大 pkl: C:\Users\Jerry-yc.Liu\Desktop\script\cache\all_stock_2y.pkl
大 pkl 讀取完成，共有 854 檔股票
可用股票數量: 326
傳統產業 全部有快取的股票代號: 
['1101', '1102', '1103', '1104', '1108', '1109', '1110', '1201', '1203', '1210', '1213', '1215', '1216', '1217', '1218', '1219', '1220', '1225', '1227', '1229', '1231', '1232', '1233', '1234', '1235', '1236', '1256', '1301', '1303', '1304', '1305', '1307', '1308', '1309', '1310', '1312', '1313', '1314', '1315', '1319', '1321', '1323', '1324', '1325', '1326', '1337', '1338', '1339', '1340', '1341', '1402', '1409', '1410', '1413', '1414', '1417', '1418', '1419', '1423', '1434', '1440', '1441', '1444', '1445', '1446', '1447', '1449', '1451', '1452', '1454', '1455', '1457', '1459', '1460', '1463', '1464', '1465', '1466', '1467', '1468', '1470', '1473', '1474', '1475', '1476', '1477', '1503', '1504', '1506', '1512', '1513', '1514', '1515', '1517', '1519', '1521', '1522', '1524', '1525', '1526', '1527', '1528', '1529', '1530', '1531', '1532', '1533', '1535', '1536', '1537', '1538', '1539', '1540', '1541', '1558', '1560', '1563', '1568', '1583', '1587', '1589', '1590', '1597', '1603', '1604', '1605', '1608', '1609', '1611', '1612', '1614', '1615', '1616', '1617', '1618', '1626', '1702', '1708', '1709', '1710', '1711', '1712', '1713', '1714', '1717', '1718', '1721', '1722', '1723', '1725', '1726', '1727', '1730', '1732', '1735', '1737', '1773', '1776', '1802', '1806', '1809', '1810', '1817', '1903', '1904', '1905', '1906', '1907', '1909', '2002', '2006', '2007', '2008', '2009', '2010', '2012', '2013', '2014', '2015', '2017', '2020', '2022', '2023', '2024', '2025', '2027', '2028', '2029', '2030', '2031', '2032', '2033', '2034', '2038', '2049', '2069', '2101', '2102', '2103', '2104', '2105', '2106', '2107', '2108', '2109', '2114', '2115', '2201', '2204', '2206', '2207', '2208', '2211', '2227', '2228', '2231', '2233', '2236', '2239', '2241', '2243', '2247', '2250', '2371', '2497', '2603', '2605', '2606', '2607', '2608', '2609', '2610', '2611', '2612', '2613', '2615', '2616', '2617', '2618', '2630', '2633', '2634', '2636', '2637', '2642', '2645', '2701', '2702', '2704', '2705', '2706', '2707', '2712', '2722', '2723', '2727', '2731', '2739', '2748', '2753', '3004', '3054', '3167', '3346', '3708', '4306', '4414', '4426', '4438', '4439', '4440', '4526', '4532', '4540', '4551', '4552', '4555', '4557', '4560', '4562', '4564', '4566', '4569', '4571', '4572', '4576', '4581', '4583', '4720', '4722', '4739', '4755', '4763', '4764', '4766', '4770', '4930', '5007', '5283', '5288', '5292', '5538', '5607', '5608', '5706', '6288', '6505', '6581', '6582', '6605', '6606', '6641', '6753', '6790', '6806', '8222', '8341', '8367', '8374', '8422', '8438', '8473', '8476', '8926', '8940', '8996']
✅ 快取最新交易日為 2025-12-16, 昨日訊號才有可能出現。

[Step 1: Random Forest 訓練權重 (Random Forest Algo)]
訓練集勝率: 64.12%
測試集勝率: 63.52%
Random Forest 訓練耗時: 95.18 秒
y_all 樣本分布 (0=敗, 1=勝):
0    87408
1    22356
dtype: int64
勝率比例: 20.367334%

混淆矩陣 (Confusion Matrix):
[[18164  8059]
 [11071 15151]]

分類報告 (Classification Report):
              precision    recall  f1-score   support

           0     0.6213    0.6927    0.6551     26223
           1     0.6528    0.5778    0.6130     26222

    accuracy                         0.6352     52445
   macro avg     0.6370    0.6352    0.6340     52445
weighted avg     0.6370    0.6352    0.6340     52445


各特徵對模型預測勝率的重要性: 
k_pattern   : 0.0035
ma_cross    : 0.0012
rsi_signal  : 0.0014
macd_signal : 0.0010
kd_cross    : 0.0012
vol_cross   : 0.0038
RSI         : 0.0684
MACD        : 0.1223
K           : 0.0461
D           : 0.0468
close/5MA   : 0.1456
close/20MA  : 0.1678
close/60MA  : 0.2838
vol/5MA     : 0.0268
vol/20MA    : 0.0309
bullish_ma  : 0.0026
bullish_ma_just: 0.0003
vol_up_just : 0.0018
rsi_just    : 0.0009
ma5_up      : 0.0049
ma20_up     : 0.0053
ma60_up     : 0.0110
bullish_ma_n: 0.0021
ma5_up_n    : 0.0046
vol_up_n    : 0.0020
bullish_ma_and_rsi: 0.0022
ma5_up_and_macd: 0.0008
bullish_ma_and_vol: 0.0004
is_w_buttom : 0.0032
is_triangle : 0.0040
is_cup_handle: 0.0020
is_inverse_head_shoulder: 0.0011
特徵重要性圖已存檔於 C:\Users\Jerry-yc.Liu\Desktop\script\stock_signal_charts\20251217_224828_傳統產業\feature_importances.png

[Step 2: 多股票回測與分數分布 (Multi Stock Analyze)]
回測分數分布總耗時: 193.91 秒

分數分布統計: 最小值：0.25，最大值: 0.96，平均值:0.48，中位數:0.46，95分位: 0.66

近 60 天内分數 >= 95分位 (0.66) 且多頭排列持續且量能放大且多頭+RSI>50的進場訊號:
1810 2025-11-18 features: ['0', '0', '0', '0', '0', '0', '29.29', '-0.58', '8.82', '12.27', '0.95', '0.92', '0.84', '2.07', '2.01', '0', '0', '0', '0', '0', '0', '0', '0', '0', '1', '0', '0', '0', '0', '0', '0', '0'] 分數: 0.72進場 勝，10 天內最高獲利: 13.64% (2025-11-26)
2723 2025-11-13 features: ['0', '0', '0', '0', '0', '0', '24.12', '-1.73', '20.00', '26.33', '0.97', '0.94', '0.88', '1.58', '2.49', '0', '0', '0', '0', '0', '0', '0', '0', '0', '1', '0', '0', '0', '0', '0', '0', '0'] 分數: 0.68進場 敗，10 天內最高獲利: -3.22% (2025-11-14)
1256 2025-09-05 features: ['1', '0', '0', '0', '0', '0', '86.60', '8.63', '82.57', '82.98', '1.09', '1.29', '1.34', '1.32', '4.14', '1', '0', '0', '0', '1', '1', '1', '1', '1', '0', '1', '0', '0', '0', '0', '0', '0'] 分數: 0.67進場 勝，10 天內最高獲利: 11.31% (2025-09-11)
1587 2025-09-08 features: ['1', '0', '0', '0', '0', '0', '72.06', '1.13', '100', '73.71', '1.09', '1.14', '1.24', '5.09', '6.80', '1', '0', '0', '0', '1', '1', '1', '1', '1', '0', '1', '0', '0', '1', '0', '0', '0'] 分數: 0.68進場 敗，10 天內最高獲利: 15.33% (2025-09-18)
1587 2025-09-18 features: ['1', '0', '0', '0', '0', '0', '71.31', '2.16', '100', '78.08', '1.12', '1.25', '1.38', '2.85', '5.97', '1', '0', '0', '0', '1', '1', '1', '1', '0', '1', '1', '0', '1', '0', '0', '0', '0'] 分數: 0.70進場 敗，10 天內最高獲利: -0.23% (2025-09-23)
4739 2025-09-09 features: ['0', '0', '0', '0', '0', '0', '75.22', '2.17', '80.77', '89.29', '1.08', '1.16', '1.24', '2.52', '4.37', '1', '0', '0', '0', '1', '1', '1', '1', '1', '0', '1', '0', '0', '0', '0', '0', '0'] 分數: 0.66進場 敗，10 天內最高獲利: -0.88% (2025-09-10)
2009 2025-09-26 features: ['1', '0', '0', '0', '0', '1', '82.62', '0.92', '100', '89.36', '1.15', '1.21', '1.23', '18.77', '26.05', '1', '0', '0', '0', '1', '1', '1', '1', '1', '1', '1', '0', '1', '0', '0', '0', '0'] 分數: 0.66進場 敗，10 天內最高獲利: 0.83% (2025-09-30)
2009 2025-10-09 features: ['0', '0', '0', '0', '0', '0', '77.34', '2.64', '84.66', '86.21', '1.08', '1.24', '1.32', '2.01', '3.80', '1', '0', '0', '0', '1', '1', '1', '1', '1', '1', '1', '0', '1', '1', '0', '0', '0'] 分數: 0.67進場 敗，10 天內最高獲利: -6.07% (2025-10-13)
2009 2025-12-01 features: ['0', '1', '0', '1', '0', '1', '60.69', '-0.04', '88.37', '63.62', '1.07', '1.08', '1.10', '13.67', '10.28', '1', '1', '1', '0', '1', '1', '1', '0', '1', '0', '1', '1', '0', '0', '0', '0', '0'] 分數: 0.67進場 勝，10 天內最高獲利: 11.31% (2025-12-04)
1231 2025-10-07 features: ['0', '0', '0', '0', '0', '0', '18.06', '-4.15', '6.45', '11.45', '0.94', '0.90', '0.85', '2.84', '4.83', '0', '0', '0', '0', '0', '0', '0', '0', '0', '1', '0', '0', '0', '0', '0', '0', '0'] 分數: 0.74進場 敗，10 天內最高獲利: 1.29% (2025-10-09)
2236 2025-10-15 features: ['0', '0', '0', '0', '0', '0', '23.79', '-0.96', '13.90', '16.09', '0.90', '0.86', '0.89', '4.59', '3.38', '0', '0', '0', '0', '0', '0', '0', '0', '0', '1', '0', '0', '0', '0', '0', '0', '0'] 分數: 0.69進場 敗，10 天內最高獲利: 0.11% (2025-10-23)
2607 2025-10-07 features: ['0', '0', '0', '0', '0', '0', '93.64', '1.87', '95.38', '75.79', '1.49', '1.64', '1.66', '0.73', '0.91', '1', '1', '0', '0', '1', '1', '1', '0', '1', '0', '1', '0', '0', '0', '0', '1', '0'] 分數: 0.67進場 敗，10 天內最高獲利: 0.51% (2025-10-16)
4764 2025-12-02 features: ['1', '1', '0', '1', '0', '0', '63.09', '1.20', '98.32', '92.42', '1.13', '1.16', '1.35', '4.89', '4.06', '1', '1', '0', '0', '1', '1', '1', '0', '1', '0', '1', '1', '0', '0', '0', '0', '0'] 分數: 0.74進場 勝，10 天內最高獲利: 37.62% (2025-12-12)
1419 2025-11-24 features: ['1', '0', '0', '0', '0', '0', '77.05', '3.01', '100', '90.57', '1.11', '1.21', '1.29', '4.12', '2.20', '1', '0', '0', '0', '1', '1', '1', '1', '1', '0', '1', '0', '0', '0', '0', '0', '0'] 分數: 0.69進場 敗，10 天內最高獲利: -1.89% (2025-11-25)
1590 2025-10-07 features: ['1', '1', '0', '0', '0', '0', '67.85', '-0.86', '100', '85.66', '1.08', '1.09', '1.05', '2.38', '3.38', '0', '0', '0', '0', '1', '1', '0', '0', '1', '1', '0', '0', '0', '1', '0', '0', '0'] 分數: 0.68進場 勝，10 天內最高獲利: 6.99% (2025-10-16)
6505 2025-11-07 features: ['0', '0', '0', '0', '0', '0', '75.20', '1.67', '88.97', '75.76', '1.08', '1.13', '1.20', '3.44', '2.97', '1', '0', '0', '0', '1', '1', '1', '1', '0', '1', '1', '0', '1', '0', '0', '0', '0'] 分數: 0.67進場 勝，10 天內最高獲利: 10.60% (2025-11-12)
1711 2025-09-10 features: ['1', '0', '0', '0', '0', '0', '79.69', '0.75', '100', '81.86', '1.13', '1.18', '1.29', '7.14', '8.67', '1', '0', '0', '0', '1', '1', '1', '1', '1', '1', '1', '0', '1', '0', '0', '0', '0'] 分數: 0.70進場 敗，10 天內最高獲利: -5.91% (2025-09-11)
3167 2025-09-26 features: ['0', '0', '0', '0', '0', '0', '40.43', '-0.99', '4.55', '35.54', '0.90', '0.91', '0.95', '1.67', '1.14', '1', '0', '0', '0', '0', '0', '1', '1', '0', '1', '0', '0', '1', '0', '0', '0', '0'] 分數: 0.66進場 勝，10 天內最高獲利: 6.03% (2025-10-03)
3167 2025-10-14 features: ['0', '0', '0', '0', '0', '0', '41.30', '-4.06', '36.62', '38.09', '0.94', '0.91', '0.90', '1.48', '2.17', '0', '0', '0', '0', '0', '0', '1', '0', '0', '1', '0', '0', '0', '0', '0', '0', '0'] 分數: 0.67進場 敗，10 天內最高獲利: 2.07% (2025-10-15)
1608 2025-11-04 features: ['0', '0', '0', '0', '0', '0', '75.08', '1.16', '100', '89.01', '1.13', '1.21', '1.27', '1.08', '1.51', '1', '0', '0', '0', '1', '1', '1', '1', '1', '0', '1', '0', '0', '1', '0', '0', '0'] 分數: 0.67進場 敗，10 天內最高獲利: 4.01% (2025-11-05)
1802 2025-11-28 features: ['0', '0', '0', '1', '0', '0', '62.14', '1.18', '90.98', '50.13', '1.08', '1.12', '1.22', '2.49', '1.83', '1', '0', '1', '0', '1', '1', '1', '1', '0', '0', '1', '1', '0', '0', '0', '0', '0'] 分數: 0.66進場 勝，10 天內最高獲利: 6.85% (2025-12-08)
5288 2025-09-12 features: ['0', '0', '0', '0', '1', '0', '23.52', '-3.27', '12.20', '6.29', '0.94', '0.91', '0.85', '1.50', '2.48', '0', '0', '0', '0', '0', '0', '0', '0', '0', '1', '0', '0', '0', '0', '0', '0', '0'] 分數: 0.73進場 敗，10 天內最高獲利: 0.00% (2025-09-15)
2105 2025-11-04 features: ['1', '0', '0', '0', '1', '0', '16.73', '-1.52', '19.64', '10.43', '0.98', '0.92', '0.85', '1.20', '1.35', '0', '0', '1', '0', '0', '0', '0', '0', '0', '1', '0', '0', '0', '0', '0', '0', '0'] 分數: 0.66進場 敗，10 天內最高獲利: 3.99% (2025-11-14)
1727 2025-11-25 features: ['1', '0', '0', '0', '0', '0', '67.57', '1.12', '100', '70.82', '1.11', '1.19', '1.19', '2.58', '4.38', '1', '1', '0', '0', '1', '1', '1', '0', '0', '0', '1', '0', '0', '0', '0', '1', '0'] 分數: 0.68進場 敗，10 天內最高獲利: -7.01% (2025-11-28)
1303 2025-11-12 features: ['1', '0', '0', '0', '0', '0', '79.40', '1.27', '100', '90.21', '1.12', '1.17', '1.21', '3.01', '3.79', '1', '0', '0', '0', '1', '1', '1', '1', '1', '1', '1', '0', '1', '1', '0', '0', '0'] 分數: 0.67進場 勝，10 天內最高獲利: 15.06% (2025-11-18)
1303 2025-12-01 features: ['0', '0', '0', '0', '0', '0', '70.04', '3.91', '79.71', '73.04', '1.09', '1.19', '1.39', '1.70', '1.77', '1', '0', '0', '0', '1', '1', '1', '1', '0', '1', '1', '0', '1', '0', '0', '0', '0'] 分數: 0.66進場 勝，10 天內最高獲利: 10.80% (2025-12-03)
4557 2025-11-05 features: ['0', '0', '0', '0', '1', '0', '27.18', '-2.50', '12.66', '5.64', '0.96', '0.93', '0.85', '1.59', '1.46', '0', '0', '0', '0', '0', '0', '0', '0', '0', '1', '0', '0', '0', '0', '0', '0', '0'] 分數: 0.67進場 敗，10 天內最高獲利: 4.91% (2025-11-13)
1326 2025-11-13 features: ['1', '0', '0', '0', '0', '0', '76.65', '0.72', '100', '90.45', '1.13', '1.18', '1.21', '3.43', '6.42', '1', '0', '0', '0', '1', '1', '1', '0', '1', '1', '1', '0', '1', '1', '0', '0', '0'] 分數: 0.66進場 敗，10 天內最高獲利: -4.49% (2025-11-14)
8422 2025-10-22 features: ['1', '0', '0', '0', '0', '0', '89.13', '6.82', '100', '91.77', '1.12', '1.19', '1.24', '5.04', '7.56', '1', '0', '0', '0', '1', '1', '1', '1', '1', '1', '1', '0', '1', '1', '0', '0', '0'] 分數: 0.70進場 敗，10 天內最高獲利: -2.03% (2025-10-30)
8422 2025-11-19 features: ['0', '0', '0', '0', '0', '0', '12.35', '-31.08', '0.13', '0.20', '0.19', '0.11', '0.11', '2.27', '6.47', '0', '0', '0', '0', '0', '0', '0', '0', '0', '1', '0', '0', '0', '0', '0', '0', '0'] 分數: 0.72進場 勝，10 天內最高獲利: 18.90% (2025-11-26)
4564 2025-11-25 features: ['0', '0', '0', '1', '0', '0', '41.72', '-0.62', '72.41', '58.66', '1.03', '0.98', '0.89', '1.91', '1.32', '0', '0', '0', '0', '1', '0', '0', '0', '0', '1', '0', '1', '0', '0', '0', '0', '0'] 分數: 0.67進場 勝，10 天內最高獲利: 7.65% (2025-11-26)
2634 2025-11-18 features: ['0', '0', '0', '0', '1', '0', '26.09', '-2.07', '2.33', '1.74', '0.96', '0.91', '0.83', '1.41', '1.09', '0', '0', '0', '0', '0', '0', '1', '0', '0', '1', '0', '0', '0', '0', '0', '0', '0'] 分數: 0.68進場 勝，10 天內最高獲利: 16.63% (2025-11-26)
4722 2025-09-12 features: ['0', '0', '0', '0', '0', '0', '53.99', '10.87', '16.33', '35.62', '0.95', '0.95', '1.38', '1.10', '1.32', '1', '0', '0', '0', '0', '1', '1', '1', '0', '0', '1', '0', '0', '0', '0', '0', '0'] 分數: 0.66進場 勝，10 天內最高獲利: 35.22% (2025-09-22)
4722 2025-09-22 features: ['1', '1', '0', '1', '0', '0', '72.85', '11.48', '100', '92.95', '1.16', '1.22', '1.73', '1.26', '2.24', '1', '1', '0', '0', '1', '1', '1', '0', '1', '1', '1', '1', '1', '1', '0', '0', '0'] 分數: 0.76進場 勝，10 天內最高獲利: 16.77% (2025-10-02)
4722 2025-10-03 features: ['1', '0', '0', '0', '0', '0', '84.37', '21.90', '100', '95.75', '1.11', '1.38', '1.91', '1.24', '1.89', '1', '0', '1', '0', '1', '1', '1', '1', '1', '0', '1', '0', '0', '0', '0', '0', '0'] 分數: 0.67進場 敗，10 天內最高獲利: -0.23% (2025-10-09)
4755 2025-11-18 features: ['0', '0', '0', '0', '0', '0', '22.91', '-3.85', '9.57', '25.41', '0.96', '0.93', '0.84', '2.28', '0.85', '0', '0', '0', '0', '0', '0', '0', '0', '0', '1', '0', '0', '0', '0', '0', '0', '0'] 分數: 0.68進場 敗，10 天內最高獲利: 1.49% (2025-11-26)
2211 2025-10-14 features: ['0', '0', '0', '0', '0', '0', '82.44', '3.16', '88.30', '83.09', '1.08', '1.13', '1.22', '3.37', '4.21', '1', '0', '0', '0', '1', '1', '1', '1', '1', '0', '1', '0', '0', '1', '0', '0', '0'] 分數: 0.67進場 敗，10 天內最高獲利: 3.20% (2025-10-22)
5608 2025-10-14 features: ['0', '1', '0', '1', '0', '1', '68.98', '0.04', '100', '72.70', '1.09', '1.10', '1.11', '19.24', '11.21', '1', '1', '0', '0', '1', '1', '1', '0', '1', '1', '1', '1', '1', '1', '0', '0', '0'] 分數: 0.68進場 敗，10 天內最高獲利: -5.28% (2025-10-15)
2231 2025-09-04 features: ['1', '0', '0', '0', '0', '0', '85.77', '11.37', '100', '89.88', '1.13', '1.41', '1.66', '0.86', '1.78', '1', '0', '0', '0', '1', '1', '1', '1', '1', '0', '1', '0', '0', '0', '0', '0', '0'] 分數: 0.73進場 勝，10 天內最高獲利: 13.90% (2025-09-10)
1519 2025-10-30 features: ['0', '0', '0', '0', '0', '0', '66.37', '6.81', '89.61', '81.90', '1.07', '1.11', '1.07', '4.01', '5.23', '0', '0', '0', '0', '1', '1', '0', '0', '1', '1', '0', '0', '0', '0', '0', '1', '0'] 分數: 0.67進場 勝，10 天內最高獲利: 20.92% (2025-11-03)
1473 2025-10-07 features: ['0', '0', '0', '0', '0', '0', '84.72', '0.95', '95.80', '84.87', '1.06', '1.17', '1.17', '1.10', '3.48', '1', '1', '1', '0', '1', '1', '1', '0', '1', '0', '1', '0', '0', '0', '0', '0', '0'] 分數: 0.66進場 敗，10 天內最高獲利: 4.92% (2025-10-17)
1314 2025-11-06 features: ['1', '0', '0', '0', '0', '0', '83.53', '0.35', '100', '100', '1.17', '1.28', '1.32', '1.60', '3.93', '1', '0', '0', '0', '1', '1', '1', '1', '1', '1', '1', '0', '1', '1', '0', '0', '1'] 分數: 0.68進場 敗，10 天內最高獲利: -3.38% (2025-11-07)
1528 2025-11-14 features: ['1', '1', '0', '0', '0', '0', '64.51', '-0.18', '100', '87.45', '1.09', '1.10', '1.00', '3.69', '4.32', '0', '0', '0', '1', '1', '1', '0', '0', '1', '1', '0', '0', '0', '0', '0', '0', '0'] 分數: 0.66進場 敗，10 天內最高獲利: -7.45% (2025-11-17)
2103 2025-11-19 features: ['0', '0', '0', '0', '0', '0', '21.52', '-0.38', '3.70', '7.95', '0.96', '0.93', '0.87', '1.41', '2.86', '0', '0', '0', '0', '0', '0', '0', '0', '0', '1', '0', '0', '0', '0', '0', '0', '0'] 分數: 0.67進場 勝，10 天內最高獲利: 12.32% (2025-11-28)
1583 2025-11-20 features: ['0', '0', '0', '0', '0', '0', '24.03', '-1.51', '0', '3.60', '0.96', '0.92', '0.86', '2.13', '1.84', '0', '0', '0', '0', '0', '0', '0', '0', '0', '1', '0', '0', '0', '0', '0', '0', '0'] 分數: 0.69進場 勝，10 天內最高獲利: 9.93% (2025-11-24)
1605 2025-10-07 features: ['1', '0', '0', '0', '0', '1', '69.68', '1.01', '100', '67.07', '1.07', '1.16', '1.23', '1.67', '3.29', '1', '0', '1', '0', '1', '1', '1', '1', '0', '0', '1', '0', '0', '0', '0', '0', '0'] 分數: 0.68進場 勝，10 天內最高獲利: 16.40% (2025-10-09)
1605 2025-11-13 features: ['1', '0', '0', '1', '0', '0', '69.78', '1.22', '100', '87.96', '1.11', '1.14', '1.31', '4.70', '3.72', '1', '0', '0', '0', '1', '1', '1', '1', '1', '1', '1', '1', '1', '1', '0', '0', '1'] 分數: 0.70進場 敗，10 天內最高獲利: -4.79% (2025-11-14)
2241 2025-10-16 features: ['1', '0', '0', '0', '0', '0', '81.05', '2.39', '100', '81.68', '1.06', '1.20', '1.36', '1.23', '2.06', '1', '0', '0', '0', '1', '1', '1', '1', '1', '0', '1', '0', '0', '0', '0', '0', '0'] 分數: 0.66進場 敗，10 天內最高獲利: 1.88% (2025-10-20)
8996 2025-10-02 features: ['1', '1', '0', '1', '0', '0', '68.10', '3.18', '100', '84.99', '1.15', '1.17', '1.21', '3.32', '3.74', '1', '1', '0', '0', '1', '1', '1', '0', '0', '0', '1', '1', '0', '0', '0', '0', '0'] 分數: 0.76進場 勝，10 天內最高獲利: 8.61% (2025-10-09)
8996 2025-10-14 features: ['0', '0', '0', '0', '0', '0', '74.78', '24.49', '100', '92.54', '1.09', '1.27', '1.35', '0.37', '0.59', '1', '0', '0', '0', '1', '1', '1', '1', '1', '0', '1', '0', '0', '0', '0', '0', '0'] 分數: 0.67進場 勝，10 天內最高獲利: 19.44% (2025-10-16)
2208 2025-09-04 features: ['0', '0', '0', '0', '0', '0', '73.64', '1.00', '100', '74.65', '1.11', '1.24', '1.28', '0.92', '2.44', '1', '0', '0', '0', '1', '1', '1', '1', '1', '0', '1', '0', '0', '0', '0', '0', '0'] 分數: 0.67進場 勝，10 天內最高獲利: 29.80% (2025-09-12)
1340 2025-11-04 features: ['0', '0', '0', '0', '0', '0', '31.10', '-0.19', '2.11', '11.81', '0.93', '0.88', '0.90', '2.56', '2.17', '0', '0', '0', '0', '0', '0', '0', '0', '0', '1', '0', '0', '0', '0', '0', '0', '0'] 分數: 0.66進場 勝，10 天內最高獲利: 19.70% (2025-11-13)
2033 2025-09-25 features: ['0', '0', '0', '0', '0', '0', '83.48', '0.80', '100', '88.21', '1.12', '1.19', '1.30', '3.15', '4.88', '1', '0', '0', '0', '1', '1', '1', '1', '1', '1', '1', '0', '1', '0', '0', '0', '0'] 分數: 0.70進場 敗，10 天內最高獲利: 2.10% (2025-09-30)
6753 2025-09-04 features: ['0', '0', '0', '0', '0', '1', '76.97', '14.57', '100', '76.88', '1.10', '1.34', '1.59', '1.87', '3.30', '1', '0', '1', '0', '1', '1', '1', '1', '1', '0', '1', '0', '0', '0', '0', '0', '0'] 分數: 0.66進場 勝，10 天內最高獲利: 16.95% (2025-09-10)

近 60 天內總勝率: 25/54 = 46.30%
分數>95分位且多頭排列持續性勝率: 57.35% (樣本數: 340)
分數>95分位且多頭排列且量能持續放大勝率: 55.67% (樣本數: 846)
剛形成多頭排列勝率: 17.13% (樣本數: 1810)

[BYPASS Step3: 畫圖]

[Step 4: 進出場買賣模擬 (Entry and exit trading simulation)]

🔍 昨日 (2025-12-15) 有訊號，今日 (2025-12-16) 用開盤價進場 (模擬持有部位)
模擬進場 1475 業旺 昨日 (2025-12-15) 分數: 0.753，今日(2025-12-16) 以開盤價 30.4 進場 ✅！
模擬進場 4764 雙鍵 昨日 (2025-12-15) 分數: 0.698，今日(2025-12-16) 以開盤價 106.0 進場 ✅！

最近 10 天內所有分數 >= 95 分位(0.66) 且多頭排列持續且量能放大且多頭+RSI>50的進場訊號 (含預測，無勝負結果)
1303 高力 2025-12-03 分數: 0.669 預測訊號，無勝負結果
1475 高力 2025-12-11 分數: 0.696 預測訊號，無勝負結果
1475 高力 2025-12-15 分數: 0.753 預測訊號，無勝負結果
1519 高力 2025-12-10 分數: 0.668 預測訊號，無勝負結果
1560 高力 2025-12-08 分數: 0.657 預測訊號，無勝負結果
2009 高力 2025-12-04 分數: 0.679 預測訊號，無勝負結果
2236 高力 2025-12-09 分數: 0.668 預測訊號，無勝負結果
2605 高力 2025-12-04 分數: 0.700 預測訊號，無勝負結果
2612 高力 2025-12-04 分數: 0.681 預測訊號，無勝負結果
3167 高力 2025-12-05 分數: 0.685 預測訊號，無勝負結果
4764 高力 2025-12-03 分數: 0.660 預測訊號，無勝負結果
4764 高力 2025-12-05 分數: 0.660 預測訊號，無勝負結果
4764 高力 2025-12-09 分數: 0.673 預測訊號，無勝負結果
4764 高力 2025-12-10 分數: 0.710 預測訊號，無勝負結果
4764 高力 2025-12-15 分數: 0.698 預測訊號，無勝負結果

今日(2025-12-16)有訊號，預測(2025-12-17)進場的 Predicted

已更新模擬自動下單 Excel: C:\Users\Jerry-yc.Liu\Desktop\script\stock_signal_charts\auto_trade_sim.xlsx，sheet: 傳統產業

全部執行總耗時: 347.51 秒
