所有 print 內容將同步寫入 C:\Users\Jerry-yc.Liu\Desktop\script\stock_signal_charts\20260212_081508_其他行業\stock_analysis_20260212_081508_其他行業.log
正在讀取大 pkl: C:\Users\Jerry-yc.Liu\Desktop\script\cache\all_stock_2y.pkl
大 pkl 讀取完成，共有 854 檔股票
可用股票數量: 18
其他行業 全部有快取的股票代號: 
['1432', '1598', '1736', '2062', '2762', '3557', '4536', '5306', '6670', '6671', '6754', '6768', '6807', '8462', '8464', '8467', '8478', '8482']
✅ 快取最新交易日為 2026-01-29, 昨日訊號才有可能出現。

[Step 1: Random Forest 訓練權重 (Random Forest Algo)]
訓練集勝率: 83.11%
測試集勝率: 73.95%
Random Forest 訓練耗時: 3.66 秒
y_all 樣本分布 (0=敗, 1=勝):
0    2622
1     987
dtype: int64
勝率比例: 27.348296%

混淆矩陣 (Confusion Matrix):
[[619 168]
 [242 545]]

分類報告 (Classification Report):
              precision    recall  f1-score   support

           0     0.7189    0.7865    0.7512       787
           1     0.7644    0.6925    0.7267       787

    accuracy                         0.7395      1574
   macro avg     0.7417    0.7395    0.7389      1574
weighted avg     0.7417    0.7395    0.7389      1574


各特徵對模型預測勝率的重要性: 
k_pattern   : 0.0047
ma_cross    : 0.0032
rsi_signal  : 0.0013
macd_signal : 0.0020
kd_cross    : 0.0029
vol_cross   : 0.0016
RSI         : 0.1113
MACD        : 0.1202
K           : 0.0793
D           : 0.0831
close/5MA   : 0.1109
close/20MA  : 0.0931
close/60MA  : 0.1299
vol/5MA     : 0.0741
vol/20MA    : 0.0794
bullish_ma  : 0.0060
bullish_ma_just: 0.0021
vol_up_just : 0.0053
rsi_just    : 0.0030
ma5_up      : 0.0054
ma20_up     : 0.0083
ma60_up     : 0.0123
bullish_ma_n: 0.0072
ma5_up_n    : 0.0057
vol_up_n    : 0.0072
bullish_ma_and_rsi: 0.0029
ma5_up_and_macd: 0.0025
bullish_ma_and_vol: 0.0030
is_w_buttom : 0.0061
is_triangle : 0.0080
is_cup_handle: 0.0028
is_inverse_head_shoulder: 0.0152
特徵重要性圖已存檔於 C:\Users\Jerry-yc.Liu\Desktop\script\stock_signal_charts\20260212_081508_其他行業\feature_importances.png

[Step 2: 多股票回測與分數分布 (Multi Stock Analyze)]
回測分數分布總耗時: 5.90 秒

分數分布統計: 最小值：0.16，最大值: 0.85，平均值:0.47，中位數:0.45，95分位: 0.64

近 60 天内分數 >= 95分位 (0.64) 且多頭排列持續且量能放大且多頭+RSI>50的進場訊號:
8467 2025-12-29 features: ['0', '1', '0', '0', '0', '0', '62.66', '1.40', '93.02', '64.92', '1.08', '1.09', '1.09', '2.68', '3.38', '1', '1', '0', '0', '1', '1', '0', '0', '0', '0', '1', '0', '0', '0', '0', '1', '0'] 分數: 0.74進場 勝，10 天內最高獲利: 5.57% (2025-12-31)
6768 2025-10-21 features: ['0', '0', '0', '0', '0', '0', '53.71', '3.79', '4.55', '30.14', '0.97', '1.02', '1.07', '0.60', '0.54', '1', '0', '0', '0', '0', '1', '1', '1', '0', '0', '1', '0', '0', '0', '0', '0', '0'] 分數: 0.69進場 敗，10 天內最高獲利: 2.18% (2025-10-23)

近 60 天內總勝率: 1/2 = 50.00%
分數>95分位且多頭排列持續性勝率: 79.59% (樣本數: 49)
分數>95分位且多頭排列且量能持續放大勝率: 70.97% (樣本數: 31)
剛形成多頭排列勝率: 21.21% (樣本數: 66)

[BYPASS Step3: 畫圖]

[Step 4: 進出場買賣模擬 (Entry and exit trading simulation)]

🔍 昨日 (2026-01-28) 有訊號，今日 (2026-01-29) 用開盤價進場 (模擬持有部位)
昨日所有股票都沒有進場訊號

最近 10 天內所有分數 >= 95 分位(0.64) 且多頭排列持續且量能放大且多頭+RSI>50的進場訊號 (含預測，無勝負結果)
最近 10 天內沒有任何進場訊號

今日(2026-01-29)有訊號，預測(2026-01-30)進場的 Predicted

已更新模擬自動下單 Excel: C:\Users\Jerry-yc.Liu\Desktop\script\stock_signal_charts\auto_trade_sim.xlsx，sheet: 其他行業

全部執行總耗時: 13.86 秒
