所有 print 內容將同步寫入 C:\Users\Jerry-yc.Liu\Desktop\script\stock_signal_charts\20251217_224828_醫療業\stock_analysis_20251217_224828_醫療業.log
正在讀取大 pkl: C:\Users\Jerry-yc.Liu\Desktop\script\cache\all_stock_2y.pkl
大 pkl 讀取完成，共有 854 檔股票
可用股票數量: 42
醫療業 全部有快取的股票代號: 
['1701', '1707', '1720', '1731', '1733', '1734', '1752', '1760', '1762', '1783', '1786', '1789', '1795', '3164', '3705', '4104', '4106', '4108', '4119', '4133', '4137', '4142', '4148', '4155', '4164', '4190', '4736', '4737', '4746', '4771', '6431', '6446', '6472', '6491', '6541', '6550', '6598', '6657', '6666', '6782', '6796', '6861']
✅ 快取最新交易日為 2025-12-16, 昨日訊號才有可能出現。

[Step 1: Random Forest 訓練權重 (Random Forest Algo)]
訓練集勝率: 73.25%
測試集勝率: 69.52%
Random Forest 訓練耗時: 13.04 秒
y_all 樣本分布 (0=敗, 1=勝):
0    11358
1     2630
dtype: int64
勝率比例: 18.801830%

混淆矩陣 (Confusion Matrix):
[[2482  926]
 [1151 2256]]

分類報告 (Classification Report):
              precision    recall  f1-score   support

           0     0.6832    0.7283    0.7050      3408
           1     0.7090    0.6622    0.6848      3407

    accuracy                         0.6952      6815
   macro avg     0.6961    0.6952    0.6949      6815
weighted avg     0.6961    0.6952    0.6949      6815


各特徵對模型預測勝率的重要性: 
k_pattern   : 0.0032
ma_cross    : 0.0013
rsi_signal  : 0.0018
macd_signal : 0.0013
kd_cross    : 0.0014
vol_cross   : 0.0026
RSI         : 0.0855
MACD        : 0.1585
K           : 0.0559
D           : 0.0639
close/5MA   : 0.0845
close/20MA  : 0.1402
close/60MA  : 0.2327
vol/5MA     : 0.0445
vol/20MA    : 0.0593
bullish_ma  : 0.0034
bullish_ma_just: 0.0012
vol_up_just : 0.0028
rsi_just    : 0.0017
ma5_up      : 0.0061
ma20_up     : 0.0058
ma60_up     : 0.0086
bullish_ma_n: 0.0044
ma5_up_n    : 0.0050
vol_up_n    : 0.0024
bullish_ma_and_rsi: 0.0026
ma5_up_and_macd: 0.0013
bullish_ma_and_vol: 0.0006
is_w_buttom : 0.0031
is_triangle : 0.0026
is_cup_handle: 0.0093
is_inverse_head_shoulder: 0.0025
特徵重要性圖已存檔於 C:\Users\Jerry-yc.Liu\Desktop\script\stock_signal_charts\20251217_224828_醫療業\feature_importances.png

[Step 2: 多股票回測與分數分布 (Multi Stock Analyze)]
回測分數分布總耗時: 25.56 秒

分數分布統計: 最小值：0.24，最大值: 0.97，平均值:0.46，中位數:0.44，95分位: 0.67

近 60 天内分數 >= 95分位 (0.67) 且多頭排列持續且量能放大且多頭+RSI>50的進場訊號:
1733 2025-09-24 features: ['0', '0', '0', '0', '0', '0', '85.51', '1.06', '91.24', '90.58', '1.11', '1.17', '1.24', '3.62', '9.19', '1', '0', '0', '0', '1', '1', '1', '1', '1', '1', '1', '0', '1', '0', '0', '0', '0'] 分數: 0.68進場 敗，10 天內最高獲利: -1.36% (2025-09-30)
6431 2025-12-01 features: ['1', '0', '0', '0', '0', '0', '92.70', '1.39', '98.33', '94.33', '1.03', '1.24', '1.32', '0.57', '1.30', '1', '0', '0', '0', '1', '1', '1', '1', '1', '0', '1', '0', '0', '0', '0', '0', '0'] 分數: 0.68進場 勝，10 天內最高獲利: 41.18% (2025-12-11)
6598 2025-09-05 features: ['0', '0', '0', '0', '0', '0', '60.50', '0.24', '47.06', '65.15', '1.02', '1.06', '1.05', '2.50', '6.70', '0', '0', '0', '0', '1', '1', '1', '0', '1', '1', '0', '0', '0', '0', '0', '0', '1'] 分數: 0.69進場 勝，10 天內最高獲利: 11.99% (2025-09-10)
6446 2025-09-23 features: ['0', '0', '0', '1', '0', '0', '54.24', '-1.80', '85.11', '55.04', '1.04', '1.02', '1.01', '1.39', '2.09', '0', '0', '0', '1', '1', '1', '0', '0', '0', '1', '0', '1', '0', '0', '0', '0', '0'] 分數: 0.74進場 勝，10 天內最高獲利: 8.12% (2025-10-01)
1795 2025-10-07 features: ['0', '0', '0', '0', '0', '0', '86.04', '18.71', '97.79', '90.17', '1.05', '1.29', '1.32', '0.37', '1.20', '1', '0', '0', '0', '1', '1', '1', '0', '1', '0', '1', '0', '0', '1', '0', '1', '0'] 分數: 0.87進場 勝，10 天內最高獲利: 7.73% (2025-10-17)
1795 2025-10-20 features: ['0', '0', '0', '0', '0', '0', '65.54', '22.55', '33.85', '76.17', '0.98', '1.10', '1.27', '4.12', '2.53', '1', '0', '0', '0', '0', '1', '1', '1', '0', '1', '1', '0', '1', '0', '0', '0', '0'] 分數: 0.68進場 勝，10 天內最高獲利: 9.86% (2025-10-21)

近 60 天內總勝率: 5/6 = 83.33%
分數>95分位且多頭排列持續性勝率: 70.97% (樣本數: 31)
分數>95分位且多頭排列且量能持續放大勝率: 72.73% (樣本數: 88)
剛形成多頭排列勝率: 15.21% (樣本數: 217)

[BYPASS Step3: 畫圖]

[Step 4: 進出場買賣模擬 (Entry and exit trading simulation)]

🔍 昨日 (2025-12-15) 有訊號，今日 (2025-12-16) 用開盤價進場 (模擬持有部位)
昨日所有股票都沒有進場訊號

最近 10 天內所有分數 >= 95 分位(0.67) 且多頭排列持續且量能放大且多頭+RSI>50的進場訊號 (含預測，無勝負結果)
最近 10 天內沒有任何進場訊號

今日(2025-12-16)有訊號，預測(2025-12-17)進場的 Predicted

已更新模擬自動下單 Excel: C:\Users\Jerry-yc.Liu\Desktop\script\stock_signal_charts\auto_trade_sim.xlsx，sheet: 醫療業

全部執行總耗時: 48.65 秒
