所有 print 內容將同步寫入 C:\Users\Jerry-yc.Liu\Desktop\script\stock_signal_charts\20251204_213957_傳統產業\stock_analysis_20251204_213957_傳統產業.log
正在讀取大 pkl: C:\Users\Jerry-yc.Liu\Desktop\script\cache\all_stock_2y.pkl
大 pkl 讀取完成，共有 854 檔股票
可用股票數量: 326
傳統產業 全部有快取的股票代號: 
['1101', '1102', '1103', '1104', '1108', '1109', '1110', '1201', '1203', '1210', '1213', '1215', '1216', '1217', '1218', '1219', '1220', '1225', '1227', '1229', '1231', '1232', '1233', '1234', '1235', '1236', '1256', '1301', '1303', '1304', '1305', '1307', '1308', '1309', '1310', '1312', '1313', '1314', '1315', '1319', '1321', '1323', '1324', '1325', '1326', '1337', '1338', '1339', '1340', '1341', '1402', '1409', '1410', '1413', '1414', '1417', '1418', '1419', '1423', '1434', '1440', '1441', '1444', '1445', '1446', '1447', '1449', '1451', '1452', '1454', '1455', '1457', '1459', '1460', '1463', '1464', '1465', '1466', '1467', '1468', '1470', '1473', '1474', '1475', '1476', '1477', '1503', '1504', '1506', '1512', '1513', '1514', '1515', '1517', '1519', '1521', '1522', '1524', '1525', '1526', '1527', '1528', '1529', '1530', '1531', '1532', '1533', '1535', '1536', '1537', '1538', '1539', '1540', '1541', '1558', '1560', '1563', '1568', '1583', '1587', '1589', '1590', '1597', '1603', '1604', '1605', '1608', '1609', '1611', '1612', '1614', '1615', '1616', '1617', '1618', '1626', '1702', '1708', '1709', '1710', '1711', '1712', '1713', '1714', '1717', '1718', '1721', '1722', '1723', '1725', '1726', '1727', '1730', '1732', '1735', '1737', '1773', '1776', '1802', '1806', '1809', '1810', '1817', '1903', '1904', '1905', '1906', '1907', '1909', '2002', '2006', '2007', '2008', '2009', '2010', '2012', '2013', '2014', '2015', '2017', '2020', '2022', '2023', '2024', '2025', '2027', '2028', '2029', '2030', '2031', '2032', '2033', '2034', '2038', '2049', '2069', '2101', '2102', '2103', '2104', '2105', '2106', '2107', '2108', '2109', '2114', '2115', '2201', '2204', '2206', '2207', '2208', '2211', '2227', '2228', '2231', '2233', '2236', '2239', '2241', '2243', '2247', '2250', '2371', '2497', '2603', '2605', '2606', '2607', '2608', '2609', '2610', '2611', '2612', '2613', '2615', '2616', '2617', '2618', '2630', '2633', '2634', '2636', '2637', '2642', '2645', '2701', '2702', '2704', '2705', '2706', '2707', '2712', '2722', '2723', '2727', '2731', '2739', '2748', '2753', '3004', '3054', '3167', '3346', '3708', '4306', '4414', '4426', '4438', '4439', '4440', '4526', '4532', '4540', '4551', '4552', '4555', '4557', '4560', '4562', '4564', '4566', '4569', '4571', '4572', '4576', '4581', '4583', '4720', '4722', '4739', '4755', '4763', '4764', '4766', '4770', '4930', '5007', '5283', '5288', '5292', '5538', '5607', '5608', '5706', '6288', '6505', '6581', '6582', '6605', '6606', '6641', '6753', '6790', '6806', '8222', '8341', '8367', '8374', '8422', '8438', '8473', '8476', '8926', '8940', '8996']
✅ 快取最新交易日為 2025-12-04, 昨日訊號才有可能出現。

[Step 1: Random Forest 訓練權重 (Random Forest Algo)]
訓練集勝率: 64.18%
測試集勝率: 63.34%
Random Forest 訓練耗時: 97.18 秒
y_all 樣本分布 (0=敗, 1=勝):
0    87593
1    22236
dtype: int64
勝率比例: 20.246019%

混淆矩陣 (Confusion Matrix):
[[17575  8703]
 [10566 15712]]

分類報告 (Classification Report):
              precision    recall  f1-score   support

           0     0.6245    0.6688    0.6459     26278
           1     0.6435    0.5979    0.6199     26278

    accuracy                         0.6334     52556
   macro avg     0.6340    0.6334    0.6329     52556
weighted avg     0.6340    0.6334    0.6329     52556


各特徵對模型預測勝率的重要性: 
k_pattern   : 0.0035
ma_cross    : 0.0009
rsi_signal  : 0.0008
macd_signal : 0.0009
kd_cross    : 0.0009
vol_cross   : 0.0034
RSI         : 0.0671
MACD        : 0.1361
K           : 0.0477
D           : 0.0456
close/5MA   : 0.1633
close/20MA  : 0.1693
close/60MA  : 0.2520
vol/5MA     : 0.0256
vol/20MA    : 0.0285
bullish_ma  : 0.0032
bullish_ma_just: 0.0004
vol_up_just : 0.0018
rsi_just    : 0.0007
ma5_up      : 0.0059
ma20_up     : 0.0066
ma60_up     : 0.0106
bullish_ma_n: 0.0020
ma5_up_n    : 0.0051
vol_up_n    : 0.0021
bullish_ma_and_rsi: 0.0025
ma5_up_and_macd: 0.0008
bullish_ma_and_vol: 0.0006
is_w_buttom : 0.0043
is_triangle : 0.0045
is_cup_handle: 0.0024
is_inverse_head_shoulder: 0.0010
特徵重要性圖已存檔於 C:\Users\Jerry-yc.Liu\Desktop\script\stock_signal_charts\20251204_213957_傳統產業\feature_importances.png

[Step 2: 多股票回測與分數分布 (Multi Stock Analyze)]
回測分數分布總耗時: 207.45 秒

分數分布統計: 最小值：0.25，最大值: 0.96，平均值:0.48，中位數:0.47，95分位: 0.65

近 60 天内分數 >= 95分位 (0.65) 且多頭排列持續且量能放大且多頭+RSI>50的進場訊號:
2211 2025-10-15 features: ['1', '0', '0', '0', '0', '0', '84.35', '3.92', '100', '91.60', '1.07', '1.15', '1.24', '1.11', '1.90', '1', '0', '0', '0', '1', '1', '1', '1', '1', '0', '1', '0', '0', '1', '0', '0', '0'] 分數: 0.66進場 敗，10 天內最高獲利: 0.89% (2025-10-22)
1590 2025-10-07 features: ['1', '1', '0', '0', '0', '0', '67.85', '-0.86', '100', '85.66', '1.08', '1.09', '1.05', '2.38', '3.38', '0', '0', '0', '0', '1', '1', '0', '0', '1', '1', '0', '0', '0', '1', '0', '0', '0'] 分數: 0.70進場 勝，10 天內最高獲利: 6.99% (2025-10-16)
4440 2025-10-15 features: ['1', '0', '0', '0', '0', '0', '88.98', '0.75', '97.94', '89.34', '1.10', '1.22', '1.25', '2.48', '7.83', '1', '0', '0', '0', '1', '1', '1', '1', '1', '0', '1', '0', '0', '0', '0', '0', '0'] 分數: 0.66進場 敗，10 天內最高獲利: 1.83% (2025-10-17)
1589 2025-11-05 features: ['0', '0', '0', '0', '1', '0', '24.15', '-0.84', '9.46', '3.15', '0.96', '0.86', '0.85', '1.10', '0.83', '0', '0', '1', '0', '0', '0', '0', '0', '0', '1', '0', '0', '0', '0', '0', '0', '0'] 分數: 0.69進場 敗，10 天內最高獲利: 1.08% (2025-11-06)
1587 2025-09-08 features: ['1', '0', '0', '0', '0', '0', '72.06', '1.13', '100', '73.71', '1.09', '1.14', '1.24', '5.09', '6.80', '1', '0', '0', '0', '1', '1', '1', '1', '1', '0', '1', '0', '0', '1', '0', '0', '0'] 分數: 0.67進場 敗，10 天內最高獲利: 15.33% (2025-09-18)
1587 2025-09-18 features: ['1', '0', '0', '0', '0', '0', '71.31', '2.16', '100', '78.08', '1.12', '1.25', '1.38', '2.85', '5.97', '1', '0', '0', '0', '1', '1', '1', '1', '0', '1', '1', '0', '1', '0', '0', '0', '0'] 分數: 0.70進場 敗，10 天內最高獲利: -0.23% (2025-09-23)
4755 2025-11-18 features: ['0', '0', '0', '0', '0', '0', '22.91', '-3.85', '9.57', '25.41', '0.96', '0.93', '0.84', '2.28', '0.85', '0', '0', '0', '0', '0', '0', '0', '0', '0', '1', '0', '0', '0', '0', '0', '0', '0'] 分數: 0.66進場 敗，10 天內最高獲利: 1.49% (2025-11-26)
1231 2025-10-07 features: ['0', '0', '0', '0', '0', '0', '18.06', '-4.15', '6.45', '11.45', '0.94', '0.90', '0.85', '2.84', '4.83', '0', '0', '0', '0', '0', '0', '0', '0', '0', '1', '0', '0', '0', '0', '0', '0', '0'] 分數: 0.71進場 敗，10 天內最高獲利: 1.29% (2025-10-09)
2642 2025-09-05 features: ['1', '0', '0', '0', '0', '0', '88.24', '0.34', '100', '95.24', '1.09', '1.12', '1.12', '6.22', '7.52', '1', '0', '0', '0', '1', '1', '1', '0', '1', '1', '1', '0', '1', '0', '0', '0', '1'] 分數: 0.68進場 勝，10 天內最高獲利: 9.95% (2025-09-08)
4766 2025-09-01 features: ['0', '0', '0', '0', '0', '0', '75.41', '15.07', '78.46', '83.90', '1.09', '1.17', '1.26', '2.32', '4.50', '1', '0', '0', '0', '1', '1', '1', '1', '1', '1', '1', '0', '1', '0', '0', '0', '1'] 分數: 0.66進場 敗，10 天內最高獲利: 3.42% (2025-09-03)
2033 2025-09-25 features: ['0', '0', '0', '0', '0', '0', '83.48', '0.80', '100', '88.21', '1.12', '1.19', '1.30', '3.15', '4.88', '1', '0', '0', '0', '1', '1', '1', '1', '1', '1', '1', '0', '1', '0', '0', '0', '0'] 分數: 0.67進場 敗，10 天內最高獲利: 2.10% (2025-09-30)
2228 2025-08-29 features: ['1', '0', '0', '0', '0', '0', '65.77', '6.21', '97.73', '80.92', '1.08', '1.14', '1.29', '2.40', '1.91', '1', '0', '0', '0', '1', '1', '1', '1', '1', '1', '1', '0', '1', '0', '0', '0', '0'] 分數: 0.68進場 敗，10 天內最高獲利: -3.21% (2025-09-01)
1608 2025-11-04 features: ['0', '0', '0', '0', '0', '0', '75.08', '1.16', '100', '89.01', '1.13', '1.21', '1.27', '1.08', '1.51', '1', '0', '0', '0', '1', '1', '1', '1', '1', '0', '1', '0', '0', '1', '0', '0', '0'] 分數: 0.69進場 敗，10 天內最高獲利: 4.01% (2025-11-05)
1727 2025-08-28 features: ['0', '0', '0', '0', '0', '0', '71.49', '2.85', '75.52', '69.53', '1.07', '1.17', '1.46', '1.55', '2.00', '1', '0', '1', '0', '1', '1', '1', '1', '0', '1', '1', '0', '1', '0', '0', '0', '0'] 分數: 0.65進場 敗，10 天內最高獲利: -2.77% (2025-08-29)
2634 2025-08-27 features: ['1', '0', '0', '0', '0', '0', '70.92', '1.82', '100', '85.29', '1.09', '1.15', '1.22', '2.17', '2.82', '1', '0', '1', '0', '1', '1', '1', '1', '1', '0', '1', '0', '0', '0', '0', '0', '0'] 分數: 0.70進場 勝，10 天內最高獲利: 22.89% (2025-09-03)
2634 2025-11-18 features: ['0', '0', '0', '0', '1', '0', '26.09', '-2.07', '2.33', '1.74', '0.96', '0.91', '0.83', '1.41', '1.09', '0', '0', '0', '0', '0', '0', '1', '0', '0', '1', '0', '0', '0', '0', '0', '0', '0'] 分數: 0.66進場 勝，10 天內最高獲利: 16.63% (2025-11-26)
1303 2025-11-12 features: ['1', '0', '0', '0', '0', '0', '79.40', '1.27', '100', '90.21', '1.12', '1.17', '1.21', '3.01', '3.79', '1', '0', '0', '0', '1', '1', '1', '1', '1', '1', '1', '0', '1', '1', '0', '0', '0'] 分數: 0.67進場 勝，10 天內最高獲利: 15.06% (2025-11-18)
2243 2025-09-01 features: ['1', '0', '0', '0', '0', '0', '76.51', '0.48', '100', '88.62', '1.14', '1.28', '1.26', '2.86', '4.83', '0', '0', '0', '0', '1', '1', '1', '0', '1', '1', '0', '0', '0', '0', '0', '1', '0'] 分數: 0.69進場 敗，10 天內最高獲利: 9.86% (2025-09-02)
1519 2025-10-30 features: ['0', '0', '0', '0', '0', '0', '66.37', '6.81', '89.61', '81.90', '1.07', '1.11', '1.07', '4.01', '5.23', '0', '0', '0', '0', '1', '1', '0', '0', '1', '1', '0', '0', '0', '0', '0', '1', '0'] 分數: 0.66進場 勝，10 天內最高獲利: 20.92% (2025-11-03)
1810 2025-08-26 features: ['1', '0', '0', '1', '0', '0', '72.51', '1.26', '93.42', '55.18', '1.10', '1.16', '1.34', '2.22', '1.70', '1', '0', '0', '0', '1', '1', '1', '1', '0', '1', '1', '1', '1', '0', '0', '0', '0'] 分數: 0.67進場 勝，10 天內最高獲利: 8.04% (2025-09-03)
1810 2025-11-18 features: ['0', '0', '0', '0', '0', '0', '29.29', '-0.58', '8.82', '12.27', '0.95', '0.92', '0.84', '2.07', '2.01', '0', '0', '0', '0', '0', '0', '0', '0', '0', '1', '0', '0', '0', '0', '0', '0', '0'] 分數: 0.69進場 勝，10 天內最高獲利: 13.64% (2025-11-26)
6605 2025-10-01 features: ['0', '0', '0', '0', '0', '0', '26.47', '-5.08', '0', '18.38', '0.97', '0.94', '0.82', '2.04', '1.86', '0', '0', '0', '0', '0', '0', '0', '0', '0', '1', '0', '0', '0', '0', '0', '0', '0'] 分數: 0.66進場 勝，10 天內最高獲利: 5.51% (2025-10-08)
6605 2025-10-13 features: ['0', '0', '0', '0', '0', '0', '45.84', '-3.78', '70.83', '62.50', '1.02', '1.01', '0.89', '1.92', '2.23', '0', '0', '0', '0', '1', '0', '0', '0', '1', '1', '0', '0', '0', '0', '0', '0', '0'] 分數: 0.71進場 敗，10 天內最高獲利: 4.53% (2025-10-23)
4722 2025-09-19 features: ['1', '0', '0', '0', '0', '0', '67.77', '9.53', '100', '74.36', '1.13', '1.12', '1.60', '1.69', '2.87', '0', '0', '0', '0', '1', '1', '1', '0', '0', '1', '0', '0', '0', '0', '0', '0', '0'] 分數: 0.71進場 勝，10 天內最高獲利: 15.13% (2025-09-26)
4722 2025-10-01 features: ['0', '0', '0', '0', '0', '0', '79.86', '18.85', '95.52', '91.95', '1.07', '1.30', '1.79', '1.02', '1.93', '1', '0', '1', '0', '1', '1', '1', '1', '1', '0', '1', '0', '0', '0', '0', '0', '0'] 分數: 0.66進場 勝，10 天內最高獲利: 11.14% (2025-10-03)
1419 2025-10-23 features: ['0', '0', '0', '0', '0', '0', '75.30', '1.54', '100', '89.73', '1.10', '1.16', '1.20', '2.22', '1.95', '1', '0', '0', '0', '1', '1', '1', '1', '1', '0', '1', '0', '0', '0', '0', '0', '0'] 分數: 0.67進場 敗，10 天內最高獲利: -5.97% (2025-10-27)
1314 2025-11-06 features: ['1', '0', '0', '0', '0', '0', '83.53', '0.35', '100', '100', '1.17', '1.28', '1.32', '1.60', '3.93', '1', '0', '0', '0', '1', '1', '1', '1', '1', '1', '1', '0', '1', '1', '0', '0', '1'] 分數: 0.66進場 敗，10 天內最高獲利: -3.38% (2025-11-07)
2233 2025-08-25 features: ['1', '0', '0', '0', '0', '0', '79.81', '17.97', '100', '81.64', '1.06', '1.23', '1.39', '1.58', '2.24', '1', '0', '1', '0', '1', '1', '1', '1', '0', '0', '1', '0', '0', '0', '0', '0', '0'] 分數: 0.68進場 敗，10 天內最高獲利: 1.13% (2025-08-27)
1536 2025-08-28 features: ['1', '0', '0', '0', '0', '0', '75.28', '2.46', '100', '88.58', '1.10', '1.14', '1.22', '2.22', '2.01', '1', '0', '0', '0', '1', '1', '1', '1', '1', '0', '1', '0', '0', '0', '0', '0', '0'] 分數: 0.68進場 敗，10 天內最高獲利: -3.84% (2025-09-03)
1340 2025-11-04 features: ['0', '0', '0', '0', '0', '0', '31.10', '-0.19', '2.11', '11.81', '0.93', '0.88', '0.90', '2.56', '2.17', '0', '0', '0', '0', '0', '0', '0', '0', '0', '1', '0', '0', '0', '0', '0', '0', '0'] 分數: 0.68進場 勝，10 天內最高獲利: 19.70% (2025-11-13)
2208 2025-09-04 features: ['0', '0', '0', '0', '0', '0', '73.64', '1.00', '100', '74.65', '1.11', '1.24', '1.28', '0.92', '2.44', '1', '0', '0', '0', '1', '1', '1', '1', '1', '0', '1', '0', '0', '0', '0', '0', '0'] 分數: 0.68進場 勝，10 天內最高獲利: 29.80% (2025-09-12)
6753 2025-08-25 features: ['1', '0', '0', '0', '0', '0', '70.00', '4.50', '100', '69.12', '1.08', '1.14', '1.23', '1.80', '2.00', '1', '0', '0', '0', '1', '1', '1', '1', '1', '0', '1', '0', '0', '0', '0', '0', '0'] 分數: 0.68進場 勝，10 天內最高獲利: 37.55% (2025-09-04)
6753 2025-09-04 features: ['0', '0', '0', '0', '0', '1', '76.97', '14.57', '100', '76.88', '1.10', '1.34', '1.59', '1.87', '3.30', '1', '0', '1', '0', '1', '1', '1', '1', '1', '0', '1', '0', '0', '0', '0', '0', '0'] 分數: 0.68進場 勝，10 天內最高獲利: 16.95% (2025-09-10)
2630 2025-08-27 features: ['0', '0', '0', '0', '0', '0', '74.73', '5.65', '85.61', '66.43', '1.08', '1.20', '1.54', '1.49', '0.26', '1', '0', '1', '0', '1', '1', '1', '1', '0', '0', '1', '0', '0', '0', '0', '0', '0'] 分數: 0.67進場 勝，10 天內最高獲利: 13.59% (2025-09-03)
5288 2025-09-12 features: ['0', '0', '0', '0', '1', '0', '23.52', '-3.27', '12.20', '6.29', '0.94', '0.91', '0.85', '1.50', '2.48', '0', '0', '0', '0', '0', '0', '0', '0', '0', '1', '0', '0', '0', '0', '0', '0', '0'] 分數: 0.68進場 敗，10 天內最高獲利: 0.00% (2025-09-15)
1711 2025-09-10 features: ['1', '0', '0', '0', '0', '0', '79.69', '0.75', '100', '81.86', '1.13', '1.18', '1.29', '7.14', '8.67', '1', '0', '0', '0', '1', '1', '1', '1', '1', '1', '1', '0', '1', '0', '0', '0', '0'] 分數: 0.67進場 敗，10 天內最高獲利: -5.91% (2025-09-11)
2231 2025-08-27 features: ['0', '0', '0', '0', '0', '0', '74.90', '4.98', '100', '81.00', '1.09', '1.22', '1.31', '3.09', '3.96', '1', '0', '1', '0', '1', '1', '1', '1', '0', '0', '1', '0', '0', '0', '0', '0', '0'] 分數: 0.72進場 勝，10 天內最高獲利: 35.05% (2025-09-05)
1517 2025-10-09 features: ['0', '0', '0', '0', '0', '0', '86.88', '0.28', '100', '65.48', '1.11', '1.16', '1.19', '5.47', '6.24', '1', '0', '0', '0', '1', '1', '1', '1', '0', '1', '1', '0', '1', '0', '0', '0', '0'] 分數: 0.69進場 勝，10 天內最高獲利: 14.00% (2025-10-14)
4540 2025-08-28 features: ['1', '0', '0', '0', '0', '0', '72.91', '1.95', '100', '80.45', '1.08', '1.15', '1.25', '1.89', '1.90', '1', '0', '1', '0', '1', '1', '1', '1', '1', '0', '1', '0', '0', '0', '0', '0', '0'] 分數: 0.69進場 敗，10 天內最高獲利: -6.25% (2025-08-29)
2009 2025-09-26 features: ['1', '0', '0', '0', '0', '1', '82.62', '0.92', '100', '89.36', '1.15', '1.21', '1.23', '18.77', '26.05', '1', '0', '0', '0', '1', '1', '1', '1', '1', '1', '1', '0', '1', '0', '0', '0', '0'] 分數: 0.68進場 敗，10 天內最高獲利: 0.83% (2025-09-30)
2009 2025-10-07 features: ['1', '0', '0', '0', '0', '0', '74.25', '2.01', '99.53', '70.11', '1.08', '1.22', '1.28', '0.97', '3.23', '1', '0', '0', '0', '1', '1', '1', '1', '1', '0', '1', '0', '0', '1', '0', '0', '0'] 分數: 0.66進場 敗，10 天內最高獲利: 4.41% (2025-10-09)
2607 2025-10-08 features: ['0', '0', '0', '0', '0', '0', '84.12', '3.13', '84.20', '79.86', '1.27', '1.52', '1.57', '1.65', '1.87', '1', '0', '1', '0', '1', '1', '1', '0', '1', '0', '1', '0', '0', '0', '0', '1', '0'] 分數: 0.77進場 勝，10 天內最高獲利: 5.70% (2025-10-16)
8996 2025-08-25 features: ['0', '0', '0', '0', '0', '0', '77.14', '25.88', '82.98', '75.73', '1.08', '1.18', '1.38', '1.63', '1.50', '1', '0', '0', '0', '1', '1', '1', '1', '0', '1', '1', '0', '1', '0', '0', '0', '0'] 分數: 0.67進場 敗，10 天內最高獲利: -1.52% (2025-08-27)
8996 2025-10-02 features: ['1', '1', '0', '1', '0', '0', '68.10', '3.18', '100', '84.99', '1.15', '1.17', '1.21', '3.32', '3.74', '1', '1', '0', '0', '1', '1', '1', '0', '0', '0', '1', '1', '0', '0', '0', '0', '0'] 分數: 0.72進場 勝，10 天內最高獲利: 8.61% (2025-10-09)
8996 2025-10-15 features: ['1', '0', '0', '0', '0', '1', '79.81', '31.47', '100', '94.98', '1.14', '1.37', '1.47', '3.41', '4.13', '1', '0', '1', '0', '1', '1', '1', '1', '1', '0', '1', '0', '0', '0', '0', '0', '0'] 分數: 0.68進場 勝，10 天內最高獲利: 8.70% (2025-10-16)
8996 2025-10-29 features: ['0', '0', '0', '0', '0', '0', '79.31', '54.26', '100', '89.22', '1.11', '1.30', '1.57', '1.34', '0.40', '1', '0', '1', '0', '1', '1', '1', '1', '0', '0', '1', '0', '0', '0', '0', '0', '0'] 分數: 0.67進場 勝，10 天內最高獲利: 9.78% (2025-11-06)
1236 2025-09-24 features: ['0', '1', '0', '1', '0', '1', '88.12', '0.65', '94.12', '93.75', '1.01', '1.05', '1.10', '4.25', '1.95', '1', '1', '1', '1', '1', '1', '0', '0', '0', '0', '1', '1', '0', '1', '0', '1', '0'] 分數: 0.66進場 勝，10 天內最高獲利: 14.37% (2025-10-03)
6505 2025-11-10 features: ['1', '0', '0', '0', '0', '0', '78.60', '2.04', '96.53', '94.78', '1.08', '1.16', '1.24', '1.89', '2.29', '1', '0', '0', '0', '1', '1', '1', '1', '1', '1', '1', '0', '1', '0', '0', '0', '0'] 分數: 0.68進場 勝，10 天內最高獲利: 8.29% (2025-11-20)
1605 2025-10-07 features: ['1', '0', '0', '0', '0', '1', '69.68', '1.01', '100', '67.07', '1.07', '1.16', '1.23', '1.67', '3.29', '1', '0', '1', '0', '1', '1', '1', '1', '0', '0', '1', '0', '0', '0', '0', '0', '0'] 分數: 0.67進場 勝，10 天內最高獲利: 16.40% (2025-10-09)
2645 2025-09-03 features: ['0', '0', '0', '1', '0', '0', '80.21', '16.53', '75', '78.61', '1.07', '1.15', '1.53', '2.15', '1.46', '1', '0', '0', '0', '1', '1', '1', '1', '0', '1', '1', '1', '1', '0', '0', '0', '0'] 分數: 0.66進場 敗，10 天內最高獲利: -1.98% (2025-09-09)
1524 2025-10-22 features: ['1', '1', '0', '0', '0', '0', '71.16', '0.05', '100', '86.88', '1.09', '1.11', '1.09', '3.33', '7.04', '0', '0', '0', '0', '1', '1', '1', '0', '1', '1', '0', '0', '0', '0', '0', '0', '0'] 分數: 0.66進場 勝，10 天內最高獲利: 7.74% (2025-10-28)
1717 2025-09-04 features: ['0', '0', '0', '0', '0', '0', '59.00', '3.90', '6.71', '42.24', '0.92', '1.03', '1.35', '1.96', '1.13', '1', '0', '0', '0', '0', '1', '1', '1', '0', '1', '1', '0', '1', '0', '0', '0', '0'] 分數: 0.66進場 勝，10 天內最高獲利: 11.87% (2025-09-10)
4564 2025-08-25 features: ['1', '0', '0', '0', '0', '0', '79.99', '0.47', '100', '92.59', '1.16', '1.25', '1.23', '1.95', '4.86', '0', '0', '0', '0', '1', '1', '1', '0', '1', '1', '0', '0', '0', '0', '0', '1', '0'] 分數: 0.75進場 勝，10 天內最高獲利: 6.43% (2025-09-01)
2241 2025-10-16 features: ['1', '0', '0', '0', '0', '0', '81.05', '2.39', '100', '81.68', '1.06', '1.20', '1.36', '1.23', '2.06', '1', '0', '0', '0', '1', '1', '1', '1', '1', '0', '1', '0', '0', '0', '0', '0', '0'] 分數: 0.66進場 敗，10 天內最高獲利: 1.88% (2025-10-20)
1506 2025-08-25 features: ['1', '0', '0', '0', '0', '1', '88.11', '0.08', '100', '95.24', '1.08', '1.11', '1.10', '6.60', '6.45', '0', '0', '0', '0', '1', '1', '1', '0', '1', '1', '0', '0', '0', '0', '0', '0', '0'] 分數: 0.71進場 勝，10 天內最高獲利: 14.17% (2025-09-01)
2723 2025-11-14 features: ['0', '0', '0', '0', '0', '0', '19.88', '-2.03', '0', '22.86', '0.96', '0.91', '0.85', '1.68', '3.06', '0', '0', '0', '0', '0', '0', '0', '0', '0', '1', '0', '0', '0', '0', '0', '0', '0'] 分數: 0.67進場 敗，10 天內最高獲利: 1.27% (2025-11-24)
2236 2025-10-15 features: ['0', '0', '0', '0', '0', '0', '23.79', '-0.96', '13.90', '16.09', '0.90', '0.86', '0.89', '4.59', '3.38', '0', '0', '0', '0', '0', '0', '0', '0', '0', '1', '0', '0', '0', '0', '0', '0', '0'] 分數: 0.70進場 敗，10 天內最高獲利: 0.11% (2025-10-23)
3167 2025-10-14 features: ['0', '0', '0', '0', '0', '0', '41.30', '-4.06', '36.62', '38.09', '0.94', '0.91', '0.90', '1.48', '2.17', '0', '0', '0', '0', '0', '0', '1', '0', '0', '1', '0', '0', '0', '0', '0', '0', '0'] 分數: 0.66進場 敗，10 天內最高獲利: 2.07% (2025-10-15)
1256 2025-09-01 features: ['0', '1', '0', '0', '0', '0', '75.62', '0.92', '100', '83.33', '1.07', '1.08', '1.09', '4.68', '3.66', '1', '1', '1', '1', '1', '1', '1', '0', '1', '0', '1', '0', '0', '0', '0', '0', '0'] 分數: 0.66進場 勝，10 天內最高獲利: 39.46% (2025-09-11)
1256 2025-09-11 features: ['1', '0', '0', '0', '0', '0', '88.80', '13.53', '100', '89.20', '1.09', '1.33', '1.45', '0.89', '2.61', '1', '0', '0', '0', '1', '1', '1', '1', '1', '0', '1', '0', '0', '1', '0', '0', '0'] 分數: 0.71進場 敗，10 天內最高獲利: -3.57% (2025-09-17)
8422 2025-10-22 features: ['1', '0', '0', '0', '0', '0', '89.13', '6.82', '100', '91.77', '1.12', '1.19', '1.24', '5.04', '7.56', '1', '0', '0', '0', '1', '1', '1', '1', '1', '1', '1', '0', '1', '1', '0', '0', '0'] 分數: 0.70進場 敗，10 天內最高獲利: -2.03% (2025-10-30)
8422 2025-11-19 features: ['0', '0', '0', '0', '0', '0', '12.35', '-31.08', '0.13', '0.20', '0.19', '0.11', '0.11', '2.27', '6.47', '0', '0', '0', '0', '0', '0', '0', '0', '0', '1', '0', '0', '0', '0', '0', '0', '0'] 分數: 0.86進場 勝，10 天內最高獲利: 18.90% (2025-11-26)

近 60 天內總勝率: 31/62 = 50.00%
分數>95分位且多頭排列持續性勝率: 53.73% (樣本數: 402)
分數>95分位且多頭排列且量能持續放大勝率: 55.20% (樣本數: 866)
剛形成多頭排列勝率: 16.95% (樣本數: 1823)

[BYPASS Step3: 畫圖]

[Step 4: 進出場買賣模擬 (Entry and exit trading simulation)]

🔍 昨日 (2025-12-03) 有訊號，今日 (2025-12-04) 用開盤價進場 (模擬持有部位)
昨日所有股票都沒有進場訊號

最近 10 天內所有分數 >= 95 分位(0.65) 且多頭排列持續且量能放大且多頭+RSI>50的進場訊號 (含預測，無勝負結果)
1303 高力 2025-12-01 分數: 0.678 預測訊號，無勝負結果
1303 高力 2025-12-03 分數: 0.683 預測訊號，無勝負結果
1419 高力 2025-11-24 分數: 0.698 預測訊號，無勝負結果
1727 高力 2025-11-25 分數: 0.678 預測訊號，無勝負結果
1802 高力 2025-12-02 分數: 0.660 預測訊號，無勝負結果
2208 高力 2025-11-26 分數: 0.681 預測訊號，無勝負結果
2231 高力 2025-11-25 分數: 0.688 預測訊號，無勝負結果
2231 高力 2025-11-26 分數: 0.666 預測訊號，無勝負結果
4564 高力 2025-11-25 分數: 0.684 預測訊號，無勝負結果
4722 高力 2025-11-28 分數: 0.665 預測訊號，無勝負結果
4764 高力 2025-12-02 分數: 0.686 預測訊號，無勝負結果
4764 高力 2025-12-03 分數: 0.685 預測訊號，無勝負結果
4766 高力 2025-12-02 分數: 0.665 預測訊號，無勝負結果
6753 高力 2025-11-25 分數: 0.718 預測訊號，無勝負結果
6753 高力 2025-11-26 分數: 0.654 預測訊號，無勝負結果

今日(2025-12-04)有訊號，預測(2025-12-05)進場的 Predicted

已更新模擬自動下單 Excel: C:\Users\Jerry-yc.Liu\Desktop\script\stock_signal_charts\auto_trade_sim.xlsx，sheet: 傳統產業

全部執行總耗時: 358.39 秒
