所有 print 內容將同步寫入 C:\Users\Jerry-yc.Liu\Desktop\script\stock_signal_charts\20251217_224828_科技業\stock_analysis_20251217_224828_科技業.log
正在讀取大 pkl: C:\Users\Jerry-yc.Liu\Desktop\script\cache\all_stock_2y.pkl
大 pkl 讀取完成，共有 854 檔股票
可用股票數量: 434
科技業 全部有快取的股票代號: 
['1471', '1582', '2059', '2301', '2302', '2303', '2305', '2308', '2312', '2313', '2314', '2316', '2317', '2321', '2323', '2324', '2327', '2328', '2329', '2330', '2331', '2332', '2337', '2338', '2340', '2342', '2344', '2345', '2347', '2349', '2351', '2352', '2353', '2354', '2355', '2356', '2357', '2359', '2360', '2362', '2363', '2364', '2365', '2367', '2368', '2369', '2373', '2374', '2375', '2376', '2377', '2379', '2380', '2382', '2383', '2385', '2387', '2388', '2390', '2392', '2393', '2395', '2397', '2399', '2401', '2402', '2404', '2405', '2406', '2408', '2409', '2412', '2413', '2414', '2415', '2417', '2419', '2420', '2421', '2423', '2424', '2425', '2426', '2427', '2428', '2429', '2430', '2431', '2433', '2434', '2436', '2438', '2439', '2440', '2441', '2444', '2449', '2450', '2451', '2453', '2454', '2455', '2457', '2458', '2459', '2460', '2461', '2462', '2464', '2465', '2466', '2467', '2468', '2471', '2472', '2474', '2476', '2477', '2478', '2480', '2481', '2482', '2483', '2484', '2485', '2486', '2488', '2489', '2491', '2492', '2493', '2495', '2498', '3002', '3003', '3005', '3006', '3008', '3010', '3011', '3013', '3014', '3015', '3016', '3017', '3018', '3019', '3021', '3022', '3023', '3024', '3025', '3026', '3027', '3028', '3029', '3030', '3031', '3032', '3033', '3034', '3035', '3036', '3037', '3038', '3041', '3042', '3043', '3044', '3045', '3046', '3047', '3048', '3049', '3050', '3051', '3055', '3057', '3058', '3059', '3060', '3062', '3090', '3092', '3094', '3130', '3138', '3149', '3168', '3189', '3209', '3229', '3231', '3257', '3296', '3305', '3308', '3311', '3312', '3321', '3338', '3356', '3376', '3380', '3406', '3413', '3416', '3419', '3432', '3437', '3443', '3447', '3450', '3454', '3481', '3494', '3501', '3504', '3515', '3518', '3528', '3530', '3532', '3533', '3535', '3543', '3545', '3550', '3563', '3576', '3583', '3588', '3591', '3592', '3593', '3596', '3605', '3607', '3617', '3622', '3645', '3652', '3653', '3661', '3665', '3669', '3673', '3679', '3686', '3694', '3701', '3702', '3704', '3706', '3711', '3712', '3714', '3715', '4545', '4588', '4904', '4906', '4912', '4915', '4916', '4919', '4927', '4934', '4935', '4938', '4942', '4943', '4949', '4952', '4956', '4958', '4960', '4961', '4967', '4968', '4976', '4977', '4989', '4994', '4999', '5203', '5215', '5222', '5225', '5234', '5243', '5244', '5258', '5269', '5285', '5388', '5434', '5469', '5471', '5484', '6108', '6112', '6115', '6116', '6117', '6120', '6128', '6133', '6136', '6139', '6141', '6142', '6152', '6153', '6155', '6164', '6165', '6166', '6168', '6176', '6183', '6189', '6191', '6192', '6196', '6197', '6201', '6202', '6205', '6206', '6209', '6213', '6214', '6215', '6216', '6224', '6225', '6226', '6230', '6235', '6239', '6243', '6257', '6269', '6271', '6277', '6278', '6281', '6282', '6283', '6285', '6405', '6409', '6412', '6414', '6415', '6416', '6426', '6438', '6442', '6443', '6449', '6451', '6456', '6477', '6515', '6525', '6526', '6531', '6533', '6552', '6558', '6573', '6579', '6591', '6658', '6668', '6669', '6672', '6674', '6689', '6691', '6695', '6698', '6706', '6715', '6719', '6742', '6743', '6756', '6770', '6776', '6781', '6789', '6792', '6799', '6805', '6830', '6834', '6835', '6863', '6906', '6916', '6928', '6933', '6937', '8011', '8016', '8021', '8028', '8039', '8046', '8070', '8072', '8081', '8101', '8103', '8104', '8105', '8110', '8112', '8114', '8131', '8150', '8163', '8201', '8210', '8213', '8215', '8249', '8261', '8271', '8454', '8499']
✅ 快取最新交易日為 2025-12-16, 昨日訊號才有可能出現。

[Step 1: Random Forest 訓練權重 (Random Forest Algo)]
訓練集勝率: 60.98%
測試集勝率: 59.73%
Random Forest 訓練耗時: 131.48 秒
y_all 樣本分布 (0=敗, 1=勝):
0    106833
1     44186
dtype: int64
勝率比例: 29.258570%

混淆矩陣 (Confusion Matrix):
[[22591  9459]
 [16357 15693]]

分類報告 (Classification Report):
              precision    recall  f1-score   support

           0     0.5800    0.7049    0.6364     32050
           1     0.6239    0.4896    0.5487     32050

    accuracy                         0.5973     64100
   macro avg     0.6020    0.5973    0.5925     64100
weighted avg     0.6020    0.5973    0.5925     64100


各特徵對模型預測勝率的重要性: 
k_pattern   : 0.0022
ma_cross    : 0.0006
rsi_signal  : 0.0025
macd_signal : 0.0010
kd_cross    : 0.0026
vol_cross   : 0.0114
RSI         : 0.0617
MACD        : 0.1426
K           : 0.0590
D           : 0.0516
close/5MA   : 0.0980
close/20MA  : 0.1377
close/60MA  : 0.3161
vol/5MA     : 0.0316
vol/20MA    : 0.0243
bullish_ma  : 0.0045
bullish_ma_just: 0.0005
vol_up_just : 0.0017
rsi_just    : 0.0010
ma5_up      : 0.0057
ma20_up     : 0.0040
ma60_up     : 0.0174
bullish_ma_n: 0.0041
ma5_up_n    : 0.0029
vol_up_n    : 0.0011
bullish_ma_and_rsi: 0.0025
ma5_up_and_macd: 0.0007
bullish_ma_and_vol: 0.0005
is_w_buttom : 0.0023
is_triangle : 0.0026
is_cup_handle: 0.0033
is_inverse_head_shoulder: 0.0017
特徵重要性圖已存檔於 C:\Users\Jerry-yc.Liu\Desktop\script\stock_signal_charts\20251217_224828_科技業\feature_importances.png

[Step 2: 多股票回測與分數分布 (Multi Stock Analyze)]
回測分數分布總耗時: 272.53 秒

分數分布統計: 最小值：0.15，最大值: 0.96，平均值:0.49，中位數:0.47，95分位: 0.64

近 60 天内分數 >= 95分位 (0.64) 且多頭排列持續且量能放大且多頭+RSI>50的進場訊號:
2330 2025-10-03 features: ['0', '0', '0', '0', '0', '0', '75.78', '46.70', '100', '87.30', '1.05', '1.09', '1.17', '1.01', '1.00', '1', '0', '1', '0', '1', '1', '1', '1', '0', '0', '1', '0', '0', '0', '0', '0', '0'] 分數: 0.65進場 敗，10 天內最高獲利: 2.86% (2025-10-09)
6128 2025-11-13 features: ['0', '0', '0', '0', '1', '0', '8.79', '-1.00', '14.60', '4.87', '0.88', '0.82', '0.79', '9.44', '22.37', '0', '0', '0', '0', '0', '0', '0', '0', '0', '1', '0', '0', '0', '0', '0', '0', '0'] 分數: 0.73進場 勝，10 天內最高獲利: 6.07% (2025-11-14)
3450 2025-10-02 features: ['0', '0', '0', '0', '0', '0', '83.41', '22.39', '94.48', '86.26', '1.08', '1.27', '1.42', '1.99', '2.70', '1', '0', '1', '0', '1', '1', '1', '1', '0', '0', '1', '0', '0', '0', '0', '0', '0'] 分數: 0.65進場 敗，10 天內最高獲利: -3.00% (2025-10-03)
6669 2025-10-15 features: ['1', '0', '0', '0', '0', '0', '72.89', '133.80', '99.15', '85.94', '1.08', '1.15', '1.24', '1.36', '1.67', '1', '0', '0', '0', '1', '1', '1', '1', '1', '1', '1', '0', '1', '0', '0', '1', '0'] 分數: 0.65進場 勝，10 天內最高獲利: 8.17% (2025-10-23)
6669 2025-10-28 features: ['1', '0', '0', '0', '0', '0', '74.22', '245.69', '76.81', '80.30', '1.00', '1.13', '1.26', '0.56', '0.50', '1', '0', '0', '0', '1', '1', '1', '1', '1', '0', '1', '0', '0', '0', '0', '0', '0'] 分數: 0.65進場 勝，10 天內最高獲利: 6.85% (2025-10-31)
6906 2025-11-18 features: ['0', '0', '0', '0', '1', '0', '26.33', '-4.74', '3.45', '2.55', '0.93', '0.87', '0.78', '1.33', '1.54', '0', '0', '0', '0', '0', '0', '0', '0', '0', '1', '0', '0', '0', '0', '0', '0', '0'] 分數: 0.64進場 勝，10 天內最高獲利: 5.47% (2025-11-28)
6515 2025-09-18 features: ['1', '0', '0', '0', '0', '0', '75.39', '145.89', '100', '76.92', '1.10', '1.23', '1.47', '3.73', '1.21', '1', '0', '1', '0', '1', '1', '1', '1', '0', '0', '1', '0', '0', '0', '0', '0', '0'] 分數: 0.66進場 勝，10 天內最高獲利: 12.27% (2025-09-26)
6515 2025-10-09 features: ['0', '0', '0', '0', '0', '0', '74.51', '204.27', '85.51', '60.66', '1.03', '1.16', '1.56', '1.06', '1.10', '1', '0', '0', '0', '1', '1', '1', '1', '0', '0', '1', '0', '0', '0', '0', '0', '0'] 分數: 0.66進場 勝，10 天內最高獲利: 6.97% (2025-10-15)
6515 2025-10-21 features: ['1', '0', '0', '0', '0', '0', '74.30', '198.13', '87.50', '80.42', '1.01', '1.10', '1.50', '0.64', '0.51', '1', '0', '0', '0', '1', '1', '1', '1', '1', '0', '1', '0', '0', '0', '0', '0', '0'] 分數: 0.65進場 勝，10 天內最高獲利: 7.35% (2025-10-29)
2360 2025-10-27 features: ['0', '0', '0', '0', '0', '0', '72.42', '34.77', '84.62', '85.39', '1.07', '1.14', '1.29', '1.77', '1.31', '1', '0', '1', '0', '1', '1', '1', '1', '0', '0', '1', '0', '0', '0', '0', '0', '0'] 分數: 0.65進場 勝，10 天內最高獲利: 10.98% (2025-10-31)
3494 2025-11-24 features: ['0', '0', '0', '0', '0', '0', '17.57', '-0.53', '3.30', '8.71', '0.91', '0.83', '0.74', '1.96', '2.52', '0', '0', '0', '0', '0', '0', '0', '0', '0', '1', '0', '0', '0', '0', '0', '0', '0'] 分數: 0.65進場 敗，10 天內最高獲利: 3.77% (2025-12-04)
8210 2025-10-23 features: ['0', '0', '0', '0', '0', '0', '76.13', '39.16', '95.63', '89.15', '1.05', '1.20', '1.28', '0.75', '1.41', '1', '0', '0', '0', '1', '1', '1', '1', '1', '0', '1', '0', '0', '0', '0', '0', '0'] 分數: 0.67進場 勝，10 天內最高獲利: 20.08% (2025-10-31)
8210 2025-11-03 features: ['0', '0', '0', '0', '0', '0', '88.15', '87.51', '97.79', '90.43', '1.05', '1.32', '1.51', '0.79', '0.90', '1', '0', '0', '0', '1', '1', '1', '1', '1', '0', '1', '0', '0', '0', '0', '0', '0'] 分數: 0.67進場 勝，10 天內最高獲利: 9.74% (2025-11-11)
6442 2025-09-04 features: ['0', '0', '0', '0', '0', '0', '74.00', '94.96', '71.15', '86.07', '1.01', '1.17', '1.57', '0.85', '1.02', '1', '0', '0', '0', '1', '1', '1', '1', '1', '0', '1', '0', '0', '0', '0', '0', '0'] 分數: 0.65進場 敗，10 天內最高獲利: -1.46% (2025-09-08)
2327 2025-09-15 features: ['0', '0', '0', '0', '0', '0', '19.13', '-83.59', '84.62', '78.21', '1.05', '0.69', '0.37', '2.27', '3.93', '0', '0', '0', '0', '1', '0', '0', '0', '1', '1', '0', '0', '0', '0', '0', '0', '1'] 分數: 0.79進場 勝，10 天內最高獲利: 19.21% (2025-09-24)
3533 2025-11-24 features: ['0', '0', '1', '0', '1', '0', '30.04', '-73.77', '17.24', '14.61', '0.99', '0.90', '0.81', '1.20', '1.37', '0', '0', '0', '0', '0', '0', '0', '0', '0', '1', '0', '0', '0', '0', '0', '0', '0'] 分數: 0.67進場 勝，10 天內最高獲利: 12.45% (2025-11-28)
5234 2025-09-05 features: ['1', '0', '0', '0', '0', '0', '77.95', '37.37', '100', '89.69', '1.07', '1.25', '1.50', '0.96', '1.00', '1', '0', '0', '0', '1', '1', '1', '1', '1', '0', '1', '0', '0', '0', '0', '0', '0'] 分數: 0.66進場 敗，10 天內最高獲利: -0.12% (2025-09-08)
3017 2025-10-13 features: ['0', '0', '0', '0', '0', '0', '65.32', '41.86', '84.79', '84.16', '1.00', '1.10', '1.16', '0.69', '0.77', '1', '0', '0', '0', '1', '1', '1', '1', '1', '0', '1', '0', '0', '0', '0', '1', '0'] 分數: 0.66進場 勝，10 天內最高獲利: 5.17% (2025-10-15)
3017 2025-10-28 features: ['0', '0', '0', '0', '0', '0', '72.03', '50.71', '97.30', '73.18', '1.09', '1.15', '1.23', '2.58', '1.71', '1', '0', '0', '0', '1', '1', '1', '1', '0', '0', '1', '0', '0', '0', '0', '1', '0'] 分數: 0.65進場 勝，10 天內最高獲利: 15.00% (2025-11-03)
3017 2025-11-07 features: ['0', '0', '0', '0', '0', '0', '71.23', '105.99', '83.33', '86.91', '1.00', '1.14', '1.31', '0.84', '0.81', '1', '0', '0', '0', '1', '1', '1', '1', '1', '0', '1', '0', '0', '0', '0', '0', '0'] 分數: 0.65進場 勝，10 天內最高獲利: 5.80% (2025-11-10)
3443 2025-10-21 features: ['0', '0', '0', '0', '0', '0', '76.72', '66.04', '100', '82.75', '1.10', '1.19', '1.27', '2.02', '2.13', '1', '0', '1', '0', '1', '1', '1', '1', '0', '0', '1', '0', '0', '0', '0', '0', '0'] 分數: 0.67進場 敗，10 天內最高獲利: -0.60% (2025-10-22)
3443 2025-11-12 features: ['0', '0', '0', '0', '0', '0', '71.79', '111.76', '75.45', '85.76', '1.03', '1.16', '1.32', '0.65', '0.83', '1', '0', '0', '0', '1', '1', '1', '1', '1', '0', '1', '0', '0', '1', '0', '0', '0'] 分數: 0.64進場 敗，10 天內最高獲利: 4.24% (2025-11-20)
3443 2025-11-25 features: ['1', '0', '0', '0', '0', '0', '73.04', '133.54', '100', '63.64', '1.10', '1.21', '1.42', '1.57', '1.28', '1', '0', '0', '0', '1', '1', '1', '1', '0', '0', '1', '0', '0', '0', '0', '0', '0'] 分數: 0.65進場 敗，10 天內最高獲利: 3.91% (2025-11-28)
6805 2025-10-21 features: ['1', '0', '0', '0', '0', '0', '73.21', '59.62', '100', '86.62', '1.08', '1.20', '1.26', '1.50', '1.36', '1', '0', '1', '0', '1', '1', '1', '1', '0', '0', '1', '0', '0', '0', '0', '0', '0'] 分數: 0.67進場 勝，10 天內最高獲利: 10.23% (2025-10-31)
6805 2025-10-31 features: ['0', '0', '0', '0', '0', '0', '80.48', '103.03', '96.61', '94.00', '1.02', '1.17', '1.32', '0.65', '0.42', '1', '0', '0', '0', '1', '1', '1', '1', '1', '0', '1', '0', '0', '0', '0', '0', '0'] 分數: 0.67進場 敗，10 天內最高獲利: 0.69% (2025-11-03)
2364 2025-10-13 features: ['1', '0', '0', '0', '0', '0', '29.64', '-4.09', '30.21', '11.84', '0.98', '0.93', '0.79', '1.09', '0.81', '0', '0', '0', '0', '0', '0', '0', '0', '0', '1', '0', '0', '0', '0', '0', '0', '0'] 分數: 0.65進場 敗，10 天內最高獲利: 0.98% (2025-10-16)
3653 2025-11-28 features: ['0', '0', '0', '0', '0', '0', '72.83', '137.98', '88.89', '88.01', '1.08', '1.20', '1.24', '1.83', '1.36', '1', '0', '0', '0', '1', '1', '1', '1', '1', '0', '1', '0', '0', '0', '0', '0', '0'] 分數: 0.65進場 勝，10 天內最高獲利: 5.34% (2025-12-05)
6243 2025-11-19 features: ['0', '0', '0', '0', '1', '0', '21.11', '-1.38', '21.90', '12.19', '0.93', '0.87', '0.81', '3.34', '3.23', '0', '0', '0', '0', '0', '0', '0', '0', '0', '1', '0', '0', '0', '0', '0', '0', '0'] 分數: 0.71進場 敗，10 天內最高獲利: 4.35% (2025-11-28)
3665 2025-10-17 features: ['0', '0', '0', '0', '0', '0', '73.47', '45.16', '93.65', '91.98', '1.09', '1.18', '1.28', '1.37', '1.94', '1', '0', '1', '0', '1', '1', '1', '1', '1', '0', '1', '0', '0', '1', '0', '0', '0'] 分數: 0.65進場 勝，10 天內最高獲利: 5.79% (2025-10-27)
3665 2025-10-27 features: ['0', '0', '0', '0', '0', '0', '77.76', '78.28', '86.89', '83.13', '1.04', '1.19', '1.30', '0.73', '0.84', '1', '0', '0', '0', '1', '1', '1', '1', '1', '0', '1', '0', '0', '0', '0', '0', '0'] 分數: 0.67進場 勝，10 天內最高獲利: 6.57% (2025-10-29)
3665 2025-11-10 features: ['0', '0', '0', '1', '0', '0', '73.26', '88.51', '93.88', '65.61', '1.08', '1.15', '1.35', '1.43', '1.24', '1', '0', '0', '0', '1', '1', '1', '1', '0', '0', '1', '1', '0', '0', '0', '0', '0'] 分數: 0.65進場 勝，10 天內最高獲利: 9.45% (2025-11-20)
6415 2025-11-06 features: ['0', '0', '1', '1', '0', '0', '35.55', '-13.56', '41.54', '20.57', '1.02', '0.95', '0.80', '1.54', '1.58', '0', '0', '0', '0', '0', '0', '0', '0', '0', '1', '0', '0', '0', '0', '0', '0', '0'] 分數: 0.65進場 敗，10 天內最高獲利: 0.46% (2025-11-07)
6415 2025-11-17 features: ['0', '0', '0', '0', '0', '0', '26.35', '-13.02', '6.35', '13.52', '0.95', '0.89', '0.75', '2.12', '1.86', '0', '0', '0', '0', '0', '0', '0', '0', '0', '1', '0', '0', '0', '0', '0', '0', '0'] 分數: 0.65進場 敗，10 天內最高獲利: 4.62% (2025-11-26)
2404 2025-11-14 features: ['0', '0', '0', '0', '0', '0', '38.86', '-34.24', '43.31', '41.32', '1.00', '0.95', '0.82', '1.97', '2.55', '0', '0', '0', '0', '0', '0', '0', '0', '0', '1', '0', '0', '0', '0', '0', '0', '0'] 分數: 0.69進場 敗，10 天內最高獲利: 1.41% (2025-11-17)
2466 2025-10-07 features: ['0', '0', '0', '0', '1', '0', '25.85', '-2.96', '17.27', '11.55', '0.95', '0.86', '0.81', '1.67', '1.06', '0', '0', '0', '0', '0', '0', '0', '0', '0', '1', '0', '0', '0', '0', '0', '0', '0'] 分數: 0.67進場 敗，10 天內最高獲利: -1.65% (2025-10-08)
2308 2025-09-09 features: ['0', '0', '0', '1', '0', '0', '77.23', '39.87', '88.62', '84.86', '1.09', '1.14', '1.39', '1.78', '1.54', '1', '0', '1', '0', '1', '1', '1', '1', '1', '0', '1', '1', '0', '0', '0', '0', '0'] 分數: 0.66進場 勝，10 天內最高獲利: 13.78% (2025-09-18)
2308 2025-09-19 features: ['0', '0', '0', '0', '0', '0', '81.89', '64.76', '88.40', '90.59', '1.03', '1.16', '1.43', '1.27', '1.39', '1', '0', '0', '0', '1', '1', '1', '1', '0', '0', '1', '0', '0', '0', '0', '0', '0'] 分數: 0.67進場 敗，10 天內最高獲利: 2.14% (2025-09-22)
2308 2025-10-03 features: ['1', '0', '0', '0', '0', '0', '75.84', '53.58', '98.13', '70.63', '1.07', '1.11', '1.37', '1.18', '1.10', '1', '0', '0', '0', '1', '1', '1', '1', '0', '0', '1', '0', '0', '0', '0', '0', '0'] 分數: 0.66進場 勝，10 天內最高獲利: 9.34% (2025-10-13)
2308 2025-10-13 features: ['0', '0', '0', '0', '0', '0', '81.61', '68.35', '92.79', '93.45', '1.04', '1.15', '1.43', '1.31', '1.35', '1', '0', '1', '0', '1', '1', '1', '1', '1', '0', '1', '0', '0', '0', '0', '0', '0'] 分數: 0.66進場 敗，10 天內最高獲利: -0.49% (2025-10-16)
2308 2025-10-28 features: ['0', '0', '0', '0', '0', '0', '74.58', '61.38', '94.68', '78.24', '1.03', '1.10', '1.33', '0.99', '0.62', '1', '0', '0', '0', '1', '1', '1', '1', '0', '0', '1', '0', '0', '0', '0', '0', '0'] 分數: 0.66進場 敗，10 天內最高獲利: -1.40% (2025-10-29)
2059 2025-10-09 features: ['0', '0', '0', '0', '0', '0', '73.56', '120.89', '95.56', '91.91', '1.07', '1.11', '1.24', '1.64', '1.43', '1', '0', '0', '0', '1', '1', '1', '1', '1', '0', '1', '0', '0', '0', '0', '0', '0'] 分數: 0.66進場 敗，10 天內最高獲利: 4.94% (2025-10-16)
2059 2025-10-31 features: ['0', '0', '0', '0', '0', '0', '73.73', '183.60', '89.77', '83.66', '1.04', '1.10', '1.23', '0.98', '0.77', '1', '0', '0', '0', '1', '1', '1', '1', '1', '0', '1', '0', '0', '0', '0', '0', '0'] 分數: 0.65進場 敗，10 天內最高獲利: 4.87% (2025-11-06)
6863 2025-11-13 features: ['0', '0', '0', '0', '0', '0', '20.80', '-5.36', '0', '2.78', '0.91', '0.83', '0.79', '1.97', '3.72', '0', '0', '0', '0', '0', '0', '0', '0', '0', '1', '0', '0', '0', '0', '0', '0', '0'] 分數: 0.66進場 敗，10 天內最高獲利: -2.23% (2025-11-14)

近 60 天內總勝率: 22/43 = 51.16%
分數>95分位且多頭排列持續性勝率: 54.71% (樣本數: 510)
分數>95分位且多頭排列且量能持續放大勝率: 67.40% (樣本數: 727)
剛形成多頭排列勝率: 24.06% (樣本數: 2810)

[BYPASS Step3: 畫圖]

[Step 4: 進出場買賣模擬 (Entry and exit trading simulation)]

🔍 昨日 (2025-12-15) 有訊號，今日 (2025-12-16) 用開盤價進場 (模擬持有部位)
模擬進場 6442 光聖 昨日 (2025-12-15) 分數: 0.646，今日(2025-12-16) 以開盤價 1435.0 進場 ✅！
模擬進場 6691 洋基工程 昨日 (2025-12-15) 分數: 0.663，今日(2025-12-16) 以開盤價 631.0 進場 ✅！
模擬進場 8499 鼎炫-KY 昨日 (2025-12-15) 分數: 0.655，今日(2025-12-16) 以開盤價 393.0 進場 ✅！

最近 10 天內所有分數 >= 95 分位(0.64) 且多頭排列持續且量能放大且多頭+RSI>50的進場訊號 (含預測，無勝負結果)
2429 鼎炫-KY 2025-12-10 分數: 0.649 預測訊號，無勝負結果
2429 鼎炫-KY 2025-12-12 分數: 0.712 預測訊號，無勝負結果
2485 鼎炫-KY 2025-12-09 分數: 0.647 預測訊號，無勝負結果
6442 鼎炫-KY 2025-12-15 分數: 0.646 預測訊號，無勝負結果
6456 鼎炫-KY 2025-12-09 分數: 0.683 預測訊號，無勝負結果
6691 鼎炫-KY 2025-12-11 分數: 0.649 預測訊號，無勝負結果
6691 鼎炫-KY 2025-12-12 分數: 0.654 預測訊號，無勝負結果
6691 鼎炫-KY 2025-12-15 分數: 0.663 預測訊號，無勝負結果
6691 鼎炫-KY 2025-12-16 分數: 0.671 預測訊號，無勝負結果
8499 鼎炫-KY 2025-12-12 分數: 0.656 預測訊號，無勝負結果
8499 鼎炫-KY 2025-12-15 分數: 0.655 預測訊號，無勝負結果
8499 鼎炫-KY 2025-12-16 分數: 0.653 預測訊號，無勝負結果

今日(2025-12-16)有訊號，預測(2025-12-17)進場的 Predicted
6691 洋基工程 今日 (2025-12-16) 分數: 0.671 下個交易日 (2025-12-17) 預測進場
8499 鼎炫-KY 今日 (2025-12-16) 分數: 0.653 下個交易日 (2025-12-17) 預測進場

已更新模擬自動下單 Excel: C:\Users\Jerry-yc.Liu\Desktop\script\stock_signal_charts\auto_trade_sim.xlsx，sheet: 科技業

全部執行總耗時: 484.23 秒
