所有 print 內容將同步寫入 C:\Users\Jerry-yc.Liu\Desktop\script\stock_signal_charts\20260521_081508_傳統產業\stock_analysis_20260521_081508_傳統產業.log
正在讀取大 pkl: C:\Users\Jerry-yc.Liu\Desktop\script\cache\all_stock_2y.pkl
大 pkl 讀取完成，共有 760 檔股票
可用股票數量: 326
傳統產業 全部有快取的股票代號: 
['1101', '1102', '1103', '1104', '1108', '1109', '1110', '1201', '1203', '1210', '1213', '1215', '1216', '1217', '1218', '1219', '1220', '1225', '1227', '1229', '1231', '1232', '1233', '1234', '1235', '1236', '1256', '1301', '1303', '1304', '1305', '1307', '1308', '1309', '1310', '1312', '1313', '1314', '1315', '1319', '1321', '1323', '1324', '1325', '1326', '1337', '1338', '1339', '1340', '1341', '1402', '1409', '1410', '1413', '1414', '1417', '1418', '1419', '1423', '1434', '1440', '1441', '1444', '1445', '1446', '1447', '1449', '1451', '1452', '1454', '1455', '1457', '1459', '1460', '1463', '1464', '1465', '1466', '1467', '1468', '1470', '1473', '1474', '1475', '1476', '1477', '1503', '1504', '1506', '1512', '1513', '1514', '1515', '1517', '1519', '1521', '1522', '1524', '1525', '1526', '1527', '1528', '1529', '1530', '1531', '1532', '1533', '1535', '1536', '1537', '1538', '1539', '1540', '1541', '1558', '1560', '1563', '1568', '1583', '1587', '1589', '1590', '1597', '1603', '1604', '1605', '1608', '1609', '1611', '1612', '1614', '1615', '1616', '1617', '1618', '1626', '1702', '1708', '1709', '1710', '1711', '1712', '1713', '1714', '1717', '1718', '1721', '1722', '1723', '1725', '1726', '1727', '1730', '1732', '1735', '1737', '1773', '1776', '1802', '1806', '1809', '1810', '1817', '1903', '1904', '1905', '1906', '1907', '1909', '2002', '2006', '2007', '2008', '2009', '2010', '2012', '2013', '2014', '2015', '2017', '2020', '2022', '2023', '2024', '2025', '2027', '2028', '2029', '2030', '2031', '2032', '2033', '2034', '2038', '2049', '2069', '2101', '2102', '2103', '2104', '2105', '2106', '2107', '2108', '2109', '2114', '2115', '2201', '2204', '2206', '2207', '2208', '2211', '2227', '2228', '2231', '2233', '2236', '2239', '2241', '2243', '2247', '2250', '2371', '2497', '2603', '2605', '2606', '2607', '2608', '2609', '2610', '2611', '2612', '2613', '2615', '2616', '2617', '2618', '2630', '2633', '2634', '2636', '2637', '2642', '2645', '2701', '2702', '2704', '2705', '2706', '2707', '2712', '2722', '2723', '2727', '2731', '2739', '2748', '2753', '3004', '3054', '3167', '3346', '3708', '4306', '4414', '4426', '4438', '4439', '4440', '4526', '4532', '4540', '4551', '4552', '4555', '4557', '4560', '4562', '4564', '4566', '4569', '4571', '4572', '4576', '4581', '4583', '4720', '4722', '4739', '4755', '4763', '4764', '4766', '4770', '4930', '5007', '5283', '5288', '5292', '5538', '5607', '5608', '5706', '6288', '6505', '6581', '6582', '6605', '6606', '6641', '6753', '6790', '6806', '8222', '8341', '8367', '8374', '8422', '8438', '8473', '8476', '8926', '8940', '8996']
✅ 快取最新交易日為 2026-03-20, 昨日訊號才有可能出現。

[Step 1: Random Forest 訓練權重 (Random Forest Algo)]
訓練集勝率: 71.25%
測試集勝率: 67.63%
Random Forest 訓練耗時: 18.53 秒
y_all 樣本分布 (0=敗, 1=勝):
0    13550
1     4500
dtype: int64
勝率比例: 24.930748%

混淆矩陣 (Confusion Matrix):
[[2927 1138]
 [1494 2571]]

分類報告 (Classification Report):
              precision    recall  f1-score   support

           0     0.6621    0.7200    0.6898      4065
           1     0.6932    0.6325    0.6614      4065

    accuracy                         0.6763      8130
   macro avg     0.6776    0.6763    0.6756      8130
weighted avg     0.6776    0.6763    0.6756      8130


各特徵對模型預測勝率的重要性: 
k_pattern   : 0.0035
ma_cross    : 0.0023
rsi_signal  : 0.0021
macd_signal : 0.0022
kd_cross    : 0.0031
vol_cross   : 0.0043
RSI         : 0.1127
MACD        : 0.1463
K           : 0.0639
D           : 0.0768
close/5MA   : 0.1313
close/20MA  : 0.0999
close/60MA  : 0.1586
vol/5MA     : 0.0576
vol/20MA    : 0.0645
bullish_ma  : 0.0023
bullish_ma_just: 0.0007
vol_up_just : 0.0041
rsi_just    : 0.0024
ma5_up      : 0.0084
ma20_up     : 0.0084
ma60_up     : 0.0085
bullish_ma_n: 0.0030
ma5_up_n    : 0.0049
vol_up_n    : 0.0035
bullish_ma_and_rsi: 0.0017
ma5_up_and_macd: 0.0019
bullish_ma_and_vol: 0.0016
is_w_buttom : 0.0064
is_triangle : 0.0062
is_cup_handle: 0.0017
is_inverse_head_shoulder: 0.0050
特徵重要性圖已存檔於 C:\Users\Jerry-yc.Liu\Desktop\script\stock_signal_charts\20260521_081508_傳統產業\feature_importances.png

[Step 2: 多股票回測與分數分布 (Multi Stock Analyze)]
回測分數分布總耗時: 30.46 秒

分數分布統計: 最小值：0.24，最大值: 0.91，平均值:0.48，中位數:0.47，95分位: 0.62

近 60 天内分數 >= 95分位 (0.62) 且多頭排列持續且量能放大且多頭+RSI>50的進場訊號:
4722 2026-03-04 features: ['0', '0', '0', '0', '0', '0', '48.84', '6.87', '17.50', '44.12', '0.88', '1.01', '1.02', '0.59', '1.33', '1', '0', '0', '0', '0', '1', '1', '1', '0', '0', '0', '0', '0', '1', '0', '0', '0'] 分數: 0.63進場 勝，10 天內最高獲利: 6.61% (2026-03-13)
4583 2026-01-08 features: ['0', '1', '0', '1', '0', '1', '66.67', '4.81', '91.67', '50', '1.07', '1.08', '1.10', '7.16', '8.72', '1', '1', '0', '1', '1', '1', '1', '0', '0', '0', '1', '1', '0', '0', '0', '1', '0'] 分數: 0.68進場 敗，10 天內最高獲利: 4.84% (2026-01-16)
8996 2026-01-22 features: ['0', '0', '0', '0', '0', '0', '64.83', '49.31', '57.78', '65.74', '1.03', '1.14', '1.27', '0.29', '0.13', '1', '0', '0', '0', '1', '1', '1', '1', '0', '0', '1', '0', '0', '0', '0', '0', '0'] 分數: 0.64進場 勝，10 天內最高獲利: 6.88% (2026-01-29)
8996 2026-02-03 features: ['0', '0', '0', '0', '0', '0', '69.84', '52.38', '93.04', '76.82', '1.05', '1.14', '1.38', '2.14', '1.28', '1', '0', '0', '0', '1', '1', '1', '1', '1', '1', '1', '0', '1', '0', '1', '0', '0'] 分數: 0.64進場 勝，10 天內最高獲利: 13.95% (2026-02-10)
4764 2025-12-10 features: ['0', '0', '0', '0', '0', '0', '73.71', '5.55', '99.01', '92.97', '1.14', '1.36', '1.57', '3.57', '5.51', '1', '0', '0', '0', '1', '1', '1', '1', '1', '0', '1', '0', '0', '0', '0', '0', '0'] 分數: 0.67進場 勝，10 天內最高獲利: 30.17% (2025-12-19)
4766 2025-12-02 features: ['0', '0', '0', '0', '0', '0', '34.56', '-11.01', '41.03', '64.10', '0.98', '0.96', '0.87', '1.42', '0.80', '0', '0', '0', '0', '1', '0', '0', '0', '1', '1', '0', '0', '0', '0', '0', '0', '0'] 分數: 0.65進場 敗，10 天內最高獲利: 2.02% (2025-12-08)
8374 2026-01-16 features: ['0', '0', '0', '0', '0', '0', '60.16', '1.75', '46.72', '50.50', '1.03', '1.07', '1.08', '2.50', '1.95', '1', '1', '1', '0', '1', '1', '0', '0', '0', '0', '1', '0', '0', '0', '0', '0', '0'] 分數: 0.64進場 勝，10 天內最高獲利: 7.91% (2026-01-26)
4551 2026-01-05 features: ['0', '0', '0', '0', '0', '0', '51.23', '-1.69', '71.43', '36.45', '1.03', '1.02', '0.93', '3.33', '3.28', '0', '0', '0', '1', '1', '0', '0', '0', '0', '1', '0', '0', '0', '1', '0', '0', '0'] 分數: 0.63進場 勝，10 天內最高獲利: 6.81% (2026-01-15)
8438 2025-12-31 features: ['1', '0', '0', '0', '0', '0', '93.09', '1.85', '100', '100.00', '1.19', '1.36', '1.38', '5.33', '18.73', '1', '0', '0', '0', '1', '1', '1', '0', '1', '1', '1', '0', '1', '0', '0', '0', '0'] 分數: 0.68進場 勝，10 天內最高獲利: 23.87% (2026-01-08)
8438 2026-01-12 features: ['0', '0', '0', '0', '0', '0', '89.49', '5.85', '96.12', '94.94', '1.03', '1.36', '1.59', '0.16', '0.34', '1', '0', '0', '0', '1', '1', '1', '1', '1', '0', '1', '0', '0', '0', '0', '0', '0'] 分數: 0.71進場 勝，10 天內最高獲利: 21.39% (2026-01-22)

近 60 天內總勝率: 8/10 = 80.00%
分數>95分位且多頭排列持續性勝率: 95.45% (樣本數: 44)
分數>95分位且多頭排列且量能持續放大勝率: 73.87% (樣本數: 111)
剛形成多頭排列勝率: 17.90% (樣本數: 352)

[BYPASS Step3: 畫圖]

[Step 4: 進出場買賣模擬 (Entry and exit trading simulation)]

🔍 昨日 (2026-03-19) 有訊號，今日 (2026-03-20) 用開盤價進場 (模擬持有部位)
昨日所有股票都沒有進場訊號

最近 10 天內所有分數 >= 95 分位(0.62) 且多頭排列持續且量能放大且多頭+RSI>50的進場訊號 (含預測，無勝負結果)
4755 高力 2026-03-13 分數: 0.622 預測訊號，無勝負結果

今日(2026-03-20)有訊號，預測(2026-03-23)進場的 Predicted

已更新模擬自動下單 Excel: C:\Users\Jerry-yc.Liu\Desktop\script\stock_signal_charts\auto_trade_sim.xlsx，sheet: 傳統產業

全部執行總耗時: 86.67 秒
