2026-05-28 15:00:05,131 INFO:所有 print 內容將同步寫入 C:\Users\Jerry-yc.Liu\Desktop\script\cache\cache_update_ 20260528_150005.log
2026-05-28 15:00:05,176 INFO:
三大產業過濾後股票數量: 760
2026-05-28 15:00:05,176 INFO:科技業 股票數量: 434
2026-05-28 15:00:05,177 INFO:傳統產業 股票數量: 326
2026-05-28 15:14:19,301 INFO:twstock 已有今日(2026-05-28)資料，但快取尚未更新，快取更新中...
2026-05-28 15:14:19,525 INFO:
需要抓股票的數量: 760
2026-05-28 15:20:21,612 INFO:1101 快取已捕抓到 2026-05-28，共 485 天
2026-05-28 15:32:29,872 INFO:1102 快取已捕抓到 2026-05-28，共 485 天
2026-05-28 15:36:51,018 INFO:1103 快取已捕抓到 2026-05-28，共 485 天
2026-05-28 15:39:52,684 INFO:1104 快取已捕抓到 2026-05-28，共 485 天
2026-05-28 15:43:14,691 INFO:1108 快取已捕抓到 2026-05-28，共 485 天
2026-05-28 15:45:49,276 INFO:1109 快取已捕抓到 2026-05-28，共 485 天
2026-05-28 15:48:20,995 INFO:1110 快取已捕抓到 2026-05-28，共 485 天
2026-05-28 15:51:21,473 INFO:1201 快取已捕抓到 2026-05-28，共 485 天
2026-05-28 15:54:00,674 INFO:1203 快取已捕抓到 2026-05-28，共 485 天
2026-05-28 15:56:26,247 INFO:1210 快取已捕抓到 2026-05-28，共 485 天
2026-05-28 15:58:54,588 INFO:1213 快取已捕抓到 2026-05-28，共 485 天
2026-05-28 16:03:52,650 INFO:1215 快取已捕抓到 2026-05-28，共 485 天
2026-05-28 16:08:46,755 INFO:1216 快取已捕抓到 2026-05-28，共 485 天
2026-05-28 16:13:04,950 INFO:1217 快取已捕抓到 2026-05-28，共 485 天
2026-05-28 16:17:08,466 INFO:1218 快取已捕抓到 2026-05-28，共 485 天
2026-05-28 16:21:41,185 INFO:1219 快取已捕抓到 2026-05-28，共 485 天
2026-05-28 16:25:50,531 INFO:1220 快取已捕抓到 2026-05-28，共 485 天
2026-05-28 16:28:39,041 INFO:1225 快取已捕抓到 2026-05-28，共 432 天
2026-05-28 16:33:12,440 INFO:1227 快取已捕抓到 2026-05-28，共 485 天
2026-05-28 16:36:55,691 INFO:1229 快取已捕抓到 2026-05-28，共 485 天
2026-05-28 16:41:19,601 INFO:1231 快取已捕抓到 2026-05-28，共 485 天
2026-05-28 16:45:00,392 INFO:1232 快取已捕抓到 2026-05-28，共 485 天
2026-05-28 16:48:35,562 INFO:1233 快取已捕抓到 2026-05-28，共 485 天
2026-05-28 16:52:20,528 INFO:1234 快取已捕抓到 2026-05-28，共 485 天
2026-05-28 16:55:16,343 INFO:1235 快取已捕抓到 2026-05-28，共 485 天
2026-05-28 16:58:35,847 INFO:1236 快取已捕抓到 2026-05-28，共 485 天
2026-05-28 17:07:18,842 INFO:1256 快取已捕抓到 2026-05-28，共 485 天
2026-05-28 17:18:11,315 INFO:1301 快取已捕抓到 2026-05-28，共 485 天
2026-05-28 17:28:19,411 INFO:1303 快取已捕抓到 2026-05-28，共 485 天
2026-05-28 17:39:08,070 INFO:1304 快取已捕抓到 2026-05-28，共 485 天
2026-05-28 17:47:12,137 INFO:1305 快取已捕抓到 2026-05-28，共 485 天
2026-05-28 17:56:27,282 INFO:1307 快取已捕抓到 2026-05-28，共 485 天
2026-05-28 18:05:51,395 INFO:1308 快取已捕抓到 2026-05-28，共 485 天
2026-05-28 18:14:21,788 INFO:1309 快取已捕抓到 2026-05-28，共 485 天
2026-05-28 18:23:28,286 INFO:1310 快取已捕抓到 2026-05-28，共 485 天
2026-05-28 18:32:49,683 INFO:1312 快取已捕抓到 2026-05-28，共 485 天
2026-05-28 18:41:02,171 INFO:1313 快取已捕抓到 2026-05-28，共 485 天
2026-05-28 18:48:23,347 INFO:1314 快取已捕抓到 2026-05-28，共 485 天
2026-05-28 18:56:28,878 INFO:1315 快取已捕抓到 2026-05-28，共 485 天
2026-05-28 19:05:03,021 INFO:1319 快取已捕抓到 2026-05-28，共 485 天
2026-05-28 19:12:13,067 INFO:1321 快取已捕抓到 2026-05-28，共 485 天
2026-05-28 19:20:35,807 INFO:1323 快取已捕抓到 2026-05-28，共 485 天
2026-05-28 19:28:40,932 INFO:1324 快取已捕抓到 2026-05-28，共 485 天
2026-05-28 19:37:44,074 INFO:1325 快取已捕抓到 2026-05-28，共 485 天
2026-05-28 19:45:58,399 INFO:1326 快取已捕抓到 2026-05-28，共 485 天
2026-05-28 19:52:49,551 INFO:1337 快取已捕抓到 2026-05-28，共 485 天
2026-05-28 20:00:37,977 INFO:1338 快取已捕抓到 2026-05-28，共 485 天
2026-05-28 20:08:28,620 INFO:1339 快取已捕抓到 2026-05-28，共 485 天
2026-05-28 20:17:17,697 INFO:1340 快取已捕抓到 2026-05-28，共 485 天
2026-05-28 20:25:03,736 INFO:1341 快取已捕抓到 2026-05-28，共 485 天
2026-05-28 20:33:39,044 INFO:1402 快取已捕抓到 2026-05-28，共 485 天
2026-05-28 20:41:53,098 INFO:1409 快取已捕抓到 2026-05-28，共 485 天
2026-05-28 20:50:31,306 INFO:1410 快取已捕抓到 2026-05-28，共 485 天
2026-05-28 20:58:38,296 INFO:1413 快取已捕抓到 2026-05-28，共 485 天
2026-05-28 21:07:53,009 INFO:1414 快取已捕抓到 2026-05-28，共 478 天
2026-05-28 21:16:44,861 INFO:1417 快取已捕抓到 2026-05-28，共 485 天
2026-05-28 21:24:42,084 INFO:1418 快取已捕抓到 2026-05-28，共 485 天
2026-05-28 21:34:07,654 INFO:1419 快取已捕抓到 2026-05-28，共 485 天
2026-05-28 21:42:09,220 INFO:1423 快取已捕抓到 2026-05-28，共 485 天
2026-05-28 21:50:43,759 INFO:1434 快取已捕抓到 2026-05-28，共 485 天
2026-05-28 21:57:47,653 INFO:1440 快取已捕抓到 2026-05-28，共 485 天
2026-05-28 22:06:54,973 INFO:1441 快取已捕抓到 2026-05-28，共 485 天
2026-05-28 22:15:34,580 INFO:1444 快取已捕抓到 2026-05-28，共 485 天
2026-05-28 22:22:33,285 INFO:1445 快取已捕抓到 2026-05-28，共 485 天
2026-05-28 22:29:20,748 INFO:1446 快取已捕抓到 2026-05-28，共 485 天
2026-05-28 22:35:39,960 INFO:1447 快取已捕抓到 2026-05-28，共 485 天
2026-05-28 22:41:23,540 INFO:1449 快取已捕抓到 2026-05-28，共 485 天
2026-05-28 22:46:17,115 INFO:1451 快取已捕抓到 2026-05-28，共 485 天
2026-05-28 22:49:26,568 INFO:1452 快取已捕抓到 2026-05-28，共 485 天
2026-05-28 22:53:56,393 INFO:1454 快取已捕抓到 2026-05-28，共 485 天
2026-05-28 22:58:18,138 INFO:1455 快取已捕抓到 2026-05-28，共 485 天
2026-05-28 23:02:15,870 INFO:1457 快取已捕抓到 2026-05-28，共 485 天
2026-05-28 23:06:22,308 INFO:1459 快取已捕抓到 2026-05-28，共 485 天
2026-05-28 23:10:10,082 INFO:1460 快取已捕抓到 2026-05-28，共 485 天
2026-05-28 23:13:34,362 INFO:1463 快取已捕抓到 2026-05-28，共 485 天
2026-05-28 23:17:07,724 INFO:1464 快取已捕抓到 2026-05-28，共 485 天
2026-05-28 23:20:37,566 INFO:1465 快取已捕抓到 2026-05-28，共 485 天
2026-05-28 23:24:04,144 INFO:1466 快取已捕抓到 2026-05-28，共 485 天
2026-05-28 23:26:30,322 INFO:1467 快取已捕抓到 2026-05-28，共 485 天
2026-05-28 23:29:13,262 INFO:1468 快取已捕抓到 2026-05-28，共 485 天
2026-05-28 23:31:58,433 INFO:1470 快取已捕抓到 2026-05-28，共 485 天
2026-05-28 23:34:20,973 INFO:1471 快取已捕抓到 2026-05-28，共 485 天
2026-05-28 23:36:34,552 INFO:1473 快取已捕抓到 2026-05-28，共 485 天
2026-05-28 23:38:48,536 INFO:1474 快取已捕抓到 2026-05-28，共 485 天
2026-05-28 23:41:21,938 INFO:1475 快取已捕抓到 2026-05-28，共 485 天
2026-05-28 23:43:29,424 INFO:1476 快取已捕抓到 2026-05-28，共 485 天
2026-05-28 23:45:39,656 INFO:1477 快取已捕抓到 2026-05-28，共 485 天
2026-05-28 23:47:59,289 INFO:1503 快取已捕抓到 2026-05-28，共 485 天
2026-05-28 23:50:45,548 INFO:1504 快取已捕抓到 2026-05-28，共 485 天
2026-05-28 23:53:31,595 INFO:1506 快取已捕抓到 2026-05-28，共 485 天
2026-05-28 23:55:52,992 INFO:1512 快取已捕抓到 2026-05-28，共 485 天
2026-05-28 23:58:10,368 INFO:1513 快取已捕抓到 2026-05-28，共 485 天
2026-05-29 00:00:41,442 INFO:1514 快取已捕抓到 2026-05-28，共 485 天
2026-05-29 00:03:25,673 INFO:1515 快取已捕抓到 2026-05-28，共 484 天
2026-05-29 00:05:50,782 INFO:1517 快取已捕抓到 2026-05-28，共 484 天
2026-05-29 00:08:23,154 INFO:1519 快取已捕抓到 2026-05-28，共 484 天
2026-05-29 00:10:49,913 INFO:1521 快取已捕抓到 2026-05-28，共 484 天
2026-05-29 00:14:48,865 INFO:1522 快取已捕抓到 2026-05-28，共 484 天
2026-05-29 00:18:09,253 INFO:1524 快取已捕抓到 2026-05-28，共 484 天
2026-05-29 00:21:04,541 INFO:1525 快取已捕抓到 2026-05-28，共 484 天
2026-05-29 00:23:49,765 INFO:1526 快取已捕抓到 2026-05-28，共 484 天
2026-05-29 00:26:02,179 INFO:1527 快取已捕抓到 2026-05-28，共 484 天
2026-05-29 00:28:09,096 INFO:1528 快取已捕抓到 2026-05-28，共 484 天
2026-05-29 00:30:51,099 INFO:1529 快取已捕抓到 2026-05-28，共 484 天
2026-05-29 00:32:50,295 INFO:1530 快取已捕抓到 2026-05-28，共 484 天
2026-05-29 00:34:55,959 INFO:1531 快取已捕抓到 2026-05-28，共 484 天
2026-05-29 00:36:57,103 INFO:1532 快取已捕抓到 2026-05-28，共 484 天
2026-05-29 00:38:57,942 INFO:1533 快取已捕抓到 2026-05-28，共 484 天
2026-05-29 00:40:58,604 INFO:1535 快取已捕抓到 2026-05-28，共 484 天
2026-05-29 00:43:09,447 INFO:1536 快取已捕抓到 2026-05-28，共 484 天
2026-05-29 00:45:20,504 INFO:1537 快取已捕抓到 2026-05-28，共 484 天
2026-05-29 00:47:16,276 INFO:1538 快取已捕抓到 2026-05-28，共 477 天
2026-05-29 00:49:32,135 INFO:1539 快取已捕抓到 2026-05-28，共 484 天
2026-05-29 00:51:29,149 INFO:1540 快取已捕抓到 2026-05-28，共 484 天
2026-05-29 00:53:30,505 INFO:1541 快取已捕抓到 2026-05-28，共 484 天
2026-05-29 00:55:39,549 INFO:1558 快取已捕抓到 2026-05-28，共 484 天
2026-05-29 00:57:53,796 INFO:1560 快取已捕抓到 2026-05-28，共 484 天
2026-05-29 01:00:19,120 INFO:1563 快取已捕抓到 2026-05-28，共 484 天
2026-05-29 01:02:49,848 INFO:1568 快取已捕抓到 2026-05-28，共 484 天
2026-05-29 01:04:53,630 INFO:1582 快取已捕抓到 2026-05-28，共 484 天
2026-05-29 01:06:57,951 INFO:1583 快取已捕抓到 2026-05-28，共 484 天
2026-05-29 01:08:46,299 INFO:1587 快取已捕抓到 2026-05-28，共 484 天
2026-05-29 01:10:56,574 INFO:1589 快取已捕抓到 2026-04-02，共 447 天
2026-05-29 01:12:45,083 INFO:1590 快取已捕抓到 2026-05-28，共 484 天
2026-05-29 01:14:33,519 INFO:1597 快取已捕抓到 2026-05-28，共 484 天
2026-05-29 01:16:39,265 INFO:1603 快取已捕抓到 2026-05-28，共 484 天
2026-05-29 01:18:26,059 INFO:1604 快取已捕抓到 2026-05-28，共 484 天
2026-05-29 01:20:46,258 INFO:1605 快取已捕抓到 2026-05-28，共 484 天
2026-05-29 01:22:33,710 INFO:1608 快取已捕抓到 2026-05-28，共 484 天
2026-05-29 01:24:15,664 INFO:1609 快取已捕抓到 2026-05-28，共 484 天
2026-05-29 01:25:57,690 INFO:1611 快取已捕抓到 2026-05-28，共 484 天
2026-05-29 01:27:41,745 INFO:1612 快取已捕抓到 2026-05-28，共 484 天
2026-05-29 01:29:27,514 INFO:1614 快取已捕抓到 2026-05-28，共 484 天
2026-05-29 01:31:15,712 INFO:1615 快取已捕抓到 2026-05-28，共 484 天
2026-05-29 01:33:05,100 INFO:1616 快取已捕抓到 2026-05-28，共 484 天
2026-05-29 01:34:48,491 INFO:1617 快取已捕抓到 2026-05-28，共 484 天
2026-05-29 01:36:42,725 INFO:1618 快取已捕抓到 2026-05-28，共 484 天
2026-05-29 01:38:27,106 INFO:1626 快取已捕抓到 2026-05-28，共 484 天
2026-05-29 01:40:16,371 INFO:1702 快取已捕抓到 2026-05-28，共 484 天
2026-05-29 01:41:57,130 INFO:1708 快取已捕抓到 2026-05-28，共 484 天
2026-05-29 01:43:51,115 INFO:1709 快取已捕抓到 2026-05-28，共 484 天
2026-05-29 01:45:47,781 INFO:1710 快取已捕抓到 2026-05-28，共 484 天
2026-05-29 01:47:32,126 INFO:1711 快取已捕抓到 2026-05-28，共 484 天
2026-05-29 01:49:13,806 INFO:1712 快取已捕抓到 2026-05-28，共 484 天
2026-05-29 01:51:01,979 INFO:1713 快取已捕抓到 2026-05-28，共 484 天
2026-05-29 01:52:45,480 INFO:1714 快取已捕抓到 2026-05-28，共 484 天
2026-05-29 01:54:31,094 INFO:1717 快取已捕抓到 2026-05-28，共 484 天
2026-05-29 01:56:21,268 INFO:1718 快取已捕抓到 2026-05-28，共 484 天
2026-05-29 01:58:12,317 INFO:1721 快取已捕抓到 2026-05-28，共 484 天
2026-05-29 01:59:57,773 INFO:1722 快取已捕抓到 2026-05-28，共 484 天
2026-05-29 02:01:59,360 INFO:1723 快取已捕抓到 2026-05-28，共 484 天
2026-05-29 02:03:43,185 INFO:1725 快取已捕抓到 2026-05-28，共 484 天
2026-05-29 02:05:32,058 INFO:1726 快取已捕抓到 2026-05-28，共 484 天
2026-05-29 02:07:11,844 INFO:1727 快取已捕抓到 2026-05-28，共 484 天
2026-05-29 02:08:57,340 INFO:1730 快取已捕抓到 2026-05-28，共 484 天
2026-05-29 02:10:43,336 INFO:1732 快取已捕抓到 2026-05-28，共 484 天
2026-05-29 02:12:23,114 INFO:1735 快取已捕抓到 2026-05-28，共 484 天
2026-05-29 02:14:00,687 INFO:1737 快取已捕抓到 2026-05-28，共 484 天
2026-05-29 02:15:51,165 INFO:1773 快取已捕抓到 2026-05-28，共 484 天
2026-05-29 02:18:38,051 INFO:1776 快取已捕抓到 2026-05-28，共 484 天
2026-05-29 02:21:04,411 INFO:1802 快取已捕抓到 2026-05-28，共 484 天
2026-05-29 02:22:45,469 INFO:1806 快取已捕抓到 2026-05-28，共 484 天
2026-05-29 02:24:35,760 INFO:1809 快取已捕抓到 2026-05-28，共 484 天
2026-05-29 02:26:22,981 INFO:1810 快取已捕抓到 2026-05-28，共 484 天
2026-05-29 02:28:02,897 INFO:1817 快取已捕抓到 2026-05-28，共 484 天
2026-05-29 02:29:48,031 INFO:1903 快取已捕抓到 2026-05-28，共 484 天
2026-05-29 02:31:32,103 INFO:1904 快取已捕抓到 2026-05-28，共 484 天
2026-05-29 02:33:20,037 INFO:1905 快取已捕抓到 2026-05-28，共 484 天
2026-05-29 02:34:57,261 INFO:1906 快取已捕抓到 2026-05-28，共 484 天
2026-05-29 02:36:32,723 INFO:1907 快取已捕抓到 2026-05-28，共 484 天
2026-05-29 02:38:11,182 INFO:1909 快取已捕抓到 2026-05-28，共 484 天
2026-05-29 02:41:17,398 INFO:2002 快取已捕抓到 2026-05-28，共 484 天
2026-05-29 02:44:06,059 INFO:2006 快取已捕抓到 2026-05-28，共 484 天
2026-05-29 02:46:56,768 INFO:2007 快取已捕抓到 2026-05-28，共 484 天
2026-05-29 02:49:03,420 INFO:2008 快取已捕抓到 2026-05-28，共 484 天
2026-05-29 02:51:08,627 INFO:2009 快取已捕抓到 2026-05-28，共 484 天
2026-05-29 02:54:04,695 INFO:2010 快取已捕抓到 2026-05-28，共 484 天
2026-05-29 02:56:32,733 INFO:2012 快取已捕抓到 2026-05-28，共 484 天
2026-05-29 02:59:03,197 INFO:2013 快取已捕抓到 2026-05-28，共 484 天
2026-05-29 03:01:18,133 INFO:2014 快取已捕抓到 2026-05-28，共 484 天
2026-05-29 03:03:06,499 INFO:2015 快取已捕抓到 2026-05-28，共 484 天
2026-05-29 03:04:43,108 INFO:2017 快取已捕抓到 2026-05-28，共 484 天
2026-05-29 03:06:22,887 INFO:2020 快取已捕抓到 2026-05-28，共 484 天
2026-05-29 03:08:03,277 INFO:2022 快取已捕抓到 2026-05-28，共 484 天
2026-05-29 03:09:43,677 INFO:2023 快取已捕抓到 2026-05-28，共 484 天
2026-05-29 03:11:23,459 INFO:2024 快取已捕抓到 2026-05-28，共 484 天
2026-05-29 03:13:03,086 INFO:2025 快取已捕抓到 2026-05-28，共 479 天
2026-05-29 03:14:40,011 INFO:2027 快取已捕抓到 2026-05-28，共 484 天
2026-05-29 03:16:17,538 INFO:2028 快取已捕抓到 2026-05-28，共 484 天
2026-05-29 03:17:59,283 INFO:2029 快取已捕抓到 2026-05-28，共 484 天
2026-05-29 03:20:42,353 INFO:2030 快取已捕抓到 2026-05-28，共 484 天
2026-05-29 03:24:06,252 INFO:2031 快取已捕抓到 2026-05-28，共 484 天
2026-05-29 03:27:52,116 INFO:2032 快取已捕抓到 2026-05-28，共 484 天
2026-05-29 03:32:05,144 INFO:2033 快取已捕抓到 2026-05-28，共 484 天
2026-05-29 03:34:54,164 INFO:2034 快取已捕抓到 2026-05-28，共 484 天
2026-05-29 03:36:59,090 INFO:2038 快取已捕抓到 2026-05-28，共 484 天
2026-05-29 03:40:04,649 INFO:2049 快取已捕抓到 2026-05-28，共 484 天
2026-05-29 03:42:33,729 INFO:2059 快取已捕抓到 2026-05-28，共 484 天
2026-05-29 03:45:00,127 INFO:2069 快取已捕抓到 2026-05-28，共 484 天
2026-05-29 03:48:03,194 INFO:2101 快取已捕抓到 2026-05-28，共 477 天
2026-05-29 03:50:19,595 INFO:2102 快取已捕抓到 2026-05-28，共 484 天
2026-05-29 03:53:21,689 INFO:2103 快取已捕抓到 2026-05-28，共 484 天
2026-05-29 03:55:05,295 INFO:2104 快取已捕抓到 2026-05-28，共 484 天
2026-05-29 03:56:44,157 INFO:2105 快取已捕抓到 2026-05-28，共 484 天
2026-05-29 03:58:27,509 INFO:2106 快取已捕抓到 2026-05-28，共 484 天
2026-05-29 04:00:16,482 INFO:2107 快取已捕抓到 2026-05-28，共 484 天
2026-05-29 04:02:08,699 INFO:2108 快取已捕抓到 2026-05-28，共 484 天
2026-05-29 04:03:48,558 INFO:2109 快取已捕抓到 2026-05-28，共 484 天
2026-05-29 04:05:33,511 INFO:2114 快取已捕抓到 2026-05-28，共 484 天
2026-05-29 04:07:14,124 INFO:2115 快取已捕抓到 2026-05-28，共 484 天
2026-05-29 04:08:52,564 INFO:2201 快取已捕抓到 2026-05-28，共 484 天
2026-05-29 04:10:34,688 INFO:2204 快取已捕抓到 2026-05-28，共 484 天
2026-05-29 04:12:15,388 INFO:2206 快取已捕抓到 2026-05-28，共 484 天
2026-05-29 04:13:58,880 INFO:2207 快取已捕抓到 2026-05-28，共 484 天
2026-05-29 04:15:48,920 INFO:2208 快取已捕抓到 2026-05-28，共 484 天
2026-05-29 04:17:25,764 INFO:2211 快取已捕抓到 2026-05-28，共 484 天
2026-05-29 04:19:03,665 INFO:2227 快取已捕抓到 2026-05-28，共 484 天
2026-05-29 04:21:07,655 INFO:2228 快取已捕抓到 2026-05-28，共 484 天
2026-05-29 04:22:55,706 INFO:2231 快取已捕抓到 2026-05-28，共 484 天
2026-05-29 04:24:35,669 INFO:2233 快取已捕抓到 2026-05-28，共 484 天
2026-05-29 04:26:21,556 INFO:2236 快取已捕抓到 2026-05-28，共 484 天
2026-05-29 04:27:57,577 INFO:2239 快取已捕抓到 2026-05-28，共 484 天
2026-05-29 04:29:37,690 INFO:2241 快取已捕抓到 2026-05-28，共 484 天
2026-05-29 04:31:12,931 INFO:2243 快取已捕抓到 2026-05-28，共 484 天
2026-05-29 04:32:53,036 INFO:2247 快取已捕抓到 2026-05-28，共 484 天
2026-05-29 04:34:30,597 INFO:2250 快取已捕抓到 2026-05-28，共 484 天
2026-05-29 04:36:11,351 INFO:2301 快取已捕抓到 2026-05-28，共 484 天
2026-05-29 04:38:00,925 INFO:2302 快取已捕抓到 2026-05-28，共 484 天
2026-05-29 04:39:40,897 INFO:2303 快取已捕抓到 2026-05-28，共 484 天
2026-05-29 04:41:17,662 INFO:2305 快取已捕抓到 2026-05-28，共 484 天
2026-05-29 04:42:57,620 INFO:2308 快取已捕抓到 2026-05-28，共 484 天
2026-05-29 04:44:34,405 INFO:2312 快取已捕抓到 2026-05-28，共 484 天
2026-05-29 04:46:17,849 INFO:2313 快取已捕抓到 2026-05-28，共 484 天
2026-05-29 04:47:59,067 INFO:2314 快取已捕抓到 2026-05-28，共 477 天
2026-05-29 04:49:41,128 INFO:2316 快取已捕抓到 2026-05-28，共 484 天
2026-05-29 04:51:16,382 INFO:2317 快取已捕抓到 2026-05-28，共 484 天
2026-05-29 04:52:49,181 INFO:2321 快取已捕抓到 2026-05-28，共 484 天
2026-05-29 04:54:30,354 INFO:2323 快取已捕抓到 2026-05-28，共 484 天
2026-05-29 04:56:11,740 INFO:2324 快取已捕抓到 2026-05-28，共 484 天
2026-05-29 04:57:49,754 INFO:2327 快取已捕抓到 2026-05-28，共 477 天
2026-05-29 04:59:46,757 INFO:2328 快取已捕抓到 2026-05-28，共 484 天
2026-05-29 05:01:35,209 INFO:2329 快取已捕抓到 2026-05-28，共 484 天
2026-05-29 05:03:10,419 INFO:2330 快取已捕抓到 2026-05-28，共 484 天
2026-05-29 05:04:46,691 INFO:2331 快取已捕抓到 2026-05-28，共 484 天
2026-05-29 05:06:30,482 INFO:2332 快取已捕抓到 2026-05-28，共 484 天
2026-05-29 05:08:12,894 INFO:2337 快取已捕抓到 2026-05-28，共 484 天
2026-05-29 05:09:52,877 INFO:2338 快取已捕抓到 2026-05-28，共 484 天
2026-05-29 05:11:30,145 INFO:2340 快取已捕抓到 2026-05-28，共 484 天
2026-05-29 05:13:10,103 INFO:2342 快取已捕抓到 2026-05-28，共 484 天
2026-05-29 05:14:50,298 INFO:2344 快取已捕抓到 2026-05-28，共 484 天
2026-05-29 05:16:30,931 INFO:2345 快取已捕抓到 2026-05-28，共 484 天
2026-05-29 05:18:15,413 INFO:2347 快取已捕抓到 2026-05-28，共 484 天
2026-05-29 05:19:56,394 INFO:2349 快取已捕抓到 2026-05-28，共 484 天
2026-05-29 05:22:00,461 INFO:2351 快取已捕抓到 2026-05-28，共 484 天
2026-05-29 05:23:44,710 INFO:2352 快取已捕抓到 2026-05-28，共 478 天
2026-05-29 05:25:25,647 INFO:2353 快取已捕抓到 2026-05-28，共 484 天
2026-05-29 05:27:06,649 INFO:2354 快取已捕抓到 2026-05-28，共 484 天
2026-05-29 05:28:47,588 INFO:2355 快取已捕抓到 2026-05-28，共 484 天
2026-05-29 05:30:30,574 INFO:2356 快取已捕抓到 2026-05-28，共 484 天
2026-05-29 05:32:09,344 INFO:2357 快取已捕抓到 2026-05-28，共 484 天
2026-05-29 05:33:56,804 INFO:2359 快取已捕抓到 2026-05-28，共 484 天
2026-05-29 05:35:39,554 INFO:2360 快取已捕抓到 2026-05-28，共 484 天
2026-05-29 05:37:17,505 INFO:2362 快取已捕抓到 2026-05-28，共 484 天
2026-05-29 05:39:03,716 INFO:2363 快取已捕抓到 2026-05-28，共 480 天
2026-05-29 05:40:42,957 INFO:2364 快取已捕抓到 2026-05-28，共 484 天
2026-05-29 05:42:33,967 INFO:2365 快取已捕抓到 2026-05-28，共 484 天
2026-05-29 05:44:16,274 INFO:2367 快取已捕抓到 2026-05-28，共 484 天
2026-05-29 05:45:59,593 INFO:2368 快取已捕抓到 2026-05-28，共 484 天
2026-05-29 05:47:40,257 INFO:2369 快取已捕抓到 2026-05-28，共 484 天
2026-05-29 05:49:17,564 INFO:2371 快取已捕抓到 2026-05-28，共 477 天
2026-05-29 05:51:01,199 INFO:2373 快取已捕抓到 2026-05-28，共 484 天
2026-05-29 05:52:39,652 INFO:2374 快取已捕抓到 2026-05-28，共 484 天
2026-05-29 05:54:23,934 INFO:2375 快取已捕抓到 2026-05-28，共 484 天
2026-05-29 05:56:04,255 INFO:2376 快取已捕抓到 2026-05-28，共 484 天
2026-05-29 05:57:40,872 INFO:2377 快取已捕抓到 2026-05-28，共 484 天
2026-05-29 05:59:23,505 INFO:2379 快取已捕抓到 2026-05-28，共 484 天
2026-05-29 06:01:20,949 INFO:2380 快取已捕抓到 2026-05-28，共 484 天
2026-05-29 06:03:07,363 INFO:2382 快取已捕抓到 2026-05-28，共 484 天
2026-05-29 06:04:44,384 INFO:2383 快取已捕抓到 2026-05-28，共 484 天
2026-05-29 06:06:23,201 INFO:2385 快取已捕抓到 2026-05-28，共 484 天
2026-05-29 06:08:03,020 INFO:2387 快取已捕抓到 2026-05-28，共 484 天
2026-05-29 06:09:48,010 INFO:2388 快取已捕抓到 2026-05-28，共 484 天
2026-05-29 06:11:30,922 INFO:2390 快取已捕抓到 2026-05-28，共 484 天
2026-05-29 06:13:17,278 INFO:2392 快取已捕抓到 2026-05-28，共 484 天
2026-05-29 06:15:01,219 INFO:2393 快取已捕抓到 2026-05-28，共 484 天
2026-05-29 06:16:42,825 INFO:2395 快取已捕抓到 2026-05-28，共 484 天
2026-05-29 06:18:22,923 INFO:2397 快取已捕抓到 2026-05-28，共 484 天
2026-05-29 06:20:29,566 INFO:2399 快取已捕抓到 2026-05-28，共 484 天
2026-05-29 06:22:11,468 INFO:2401 快取已捕抓到 2026-05-28，共 484 天
2026-05-29 06:24:04,155 INFO:2402 快取已捕抓到 2026-05-28，共 484 天
2026-05-29 06:25:46,448 INFO:2404 快取已捕抓到 2026-05-28，共 484 天
2026-05-29 06:27:27,841 INFO:2405 快取已捕抓到 2026-05-28，共 484 天
2026-05-29 06:29:09,675 INFO:2406 快取已捕抓到 2026-05-28，共 484 天
2026-05-29 06:30:58,920 INFO:2408 快取已捕抓到 2026-05-28，共 484 天
2026-05-29 06:32:40,540 INFO:2409 快取已捕抓到 2026-05-28，共 484 天
2026-05-29 06:34:21,778 INFO:2412 快取已捕抓到 2026-05-28，共 484 天
2026-05-29 06:36:05,171 INFO:2413 快取已捕抓到 2026-05-28，共 484 天
2026-05-29 06:37:53,008 INFO:2414 快取已捕抓到 2026-05-28，共 484 天
2026-05-29 06:39:33,394 INFO:2415 快取已捕抓到 2026-05-28，共 484 天
2026-05-29 06:41:19,350 INFO:2417 快取已捕抓到 2026-05-28，共 484 天
2026-05-29 06:42:55,881 INFO:2419 快取已捕抓到 2026-05-28，共 484 天
2026-05-29 06:44:35,060 INFO:2420 快取已捕抓到 2026-05-28，共 484 天
2026-05-29 06:46:16,556 INFO:2421 快取已捕抓到 2026-05-28，共 484 天
2026-05-29 06:47:59,095 INFO:2423 快取已捕抓到 2026-05-28，共 484 天
2026-05-29 06:49:38,874 INFO:2424 快取已捕抓到 2026-05-28，共 484 天
2026-05-29 06:51:19,201 INFO:2425 快取已捕抓到 2026-05-28，共 484 天
2026-05-29 06:52:56,969 INFO:2426 快取已捕抓到 2026-05-28，共 484 天
2026-05-29 06:54:40,962 INFO:2427 快取已捕抓到 2026-05-28，共 484 天
2026-05-29 06:56:18,895 INFO:2428 快取已捕抓到 2026-05-28，共 484 天
2026-05-29 06:57:57,784 INFO:2429 快取已捕抓到 2026-05-28，共 484 天
2026-05-29 06:59:44,114 INFO:2430 快取已捕抓到 2026-05-28，共 484 天
2026-05-29 07:01:58,545 INFO:2431 快取已捕抓到 2026-05-28，共 484 天
2026-05-29 07:03:36,454 INFO:2433 快取已捕抓到 2026-05-28，共 484 天
2026-05-29 07:05:21,580 INFO:2434 快取已捕抓到 2026-05-28，共 484 天
2026-05-29 07:07:02,471 INFO:2436 快取已捕抓到 2026-05-28，共 484 天
2026-05-29 07:08:43,432 INFO:2438 快取已捕抓到 2026-05-28，共 484 天
2026-05-29 07:10:24,412 INFO:2439 快取已捕抓到 2026-05-28，共 484 天
2026-05-29 07:12:13,710 INFO:2440 快取已捕抓到 2026-05-28，共 484 天
2026-05-29 07:13:54,456 INFO:2441 快取已捕抓到 2026-05-28，共 484 天
2026-05-29 07:15:36,795 INFO:2444 快取已捕抓到 2026-05-28，共 484 天
2026-05-29 07:17:20,033 INFO:2449 快取已捕抓到 2026-05-28，共 484 天
2026-05-29 07:19:04,209 INFO:2450 快取已捕抓到 2026-05-28，共 484 天
2026-05-29 07:21:09,620 INFO:2451 快取已捕抓到 2026-05-28，共 484 天
2026-05-29 07:23:02,192 INFO:2453 快取已捕抓到 2026-05-28，共 484 天
2026-05-29 07:24:44,134 INFO:2454 快取已捕抓到 2026-05-28，共 484 天
2026-05-29 07:26:29,177 INFO:2455 快取已捕抓到 2026-05-28，共 484 天
2026-05-29 07:28:21,113 INFO:2457 快取已捕抓到 2026-05-28，共 484 天
2026-05-29 07:30:28,025 INFO:2458 快取已捕抓到 2026-05-28，共 484 天
2026-05-29 07:32:40,842 INFO:2459 快取已捕抓到 2026-05-28，共 484 天
2026-05-29 07:34:37,648 INFO:2460 快取已捕抓到 2026-05-28，共 484 天
2026-05-29 07:36:36,755 INFO:2461 快取已捕抓到 2026-05-28，共 484 天
2026-05-29 07:38:32,570 INFO:2462 快取已捕抓到 2026-05-28，共 484 天
2026-05-29 07:40:32,845 INFO:2464 快取已捕抓到 2026-05-28，共 484 天
2026-05-29 07:42:32,496 INFO:2465 快取已捕抓到 2026-05-28，共 484 天
2026-05-29 07:44:36,086 INFO:2466 快取已捕抓到 2026-05-28，共 484 天
2026-05-29 07:46:56,317 INFO:2467 快取已捕抓到 2026-05-28，共 484 天
2026-05-29 07:48:56,046 INFO:2468 快取已捕抓到 2026-05-28，共 484 天
2026-05-29 07:51:02,757 INFO:2471 快取已捕抓到 2026-05-28，共 484 天
2026-05-29 07:52:55,842 INFO:2472 快取已捕抓到 2026-05-28，共 484 天
2026-05-29 07:54:41,543 INFO:2474 快取已捕抓到 2026-05-28，共 484 天
2026-05-29 07:56:24,054 INFO:2476 快取已捕抓到 2026-05-28，共 484 天
2026-05-29 07:58:09,328 INFO:2477 快取已捕抓到 2026-05-28，共 484 天
2026-05-29 07:59:53,759 INFO:2478 快取已捕抓到 2026-05-28，共 484 天
2026-05-29 08:02:08,569 INFO:2480 快取已捕抓到 2026-05-28，共 484 天
2026-05-29 08:04:17,217 INFO:2481 快取已捕抓到 2026-05-28，共 484 天
2026-05-29 08:06:03,102 INFO:2482 快取已捕抓到 2026-05-28，共 484 天
2026-05-29 08:07:54,579 INFO:2483 快取已捕抓到 2026-05-28，共 484 天
2026-05-29 08:09:42,943 INFO:2484 快取已捕抓到 2026-05-28，共 484 天
2026-05-29 08:11:33,894 INFO:2485 快取已捕抓到 2026-05-28，共 484 天
2026-05-29 08:13:26,044 INFO:2486 快取已捕抓到 2026-05-28，共 484 天
2026-05-29 08:15:24,255 INFO:2488 快取已捕抓到 2026-05-28，共 484 天
2026-05-29 08:17:14,670 INFO:2489 快取已捕抓到 2026-05-28，共 471 天
2026-05-29 08:19:06,285 INFO:2491 快取已捕抓到 2026-05-28，共 484 天
2026-05-29 08:21:30,702 INFO:2492 快取已捕抓到 2026-05-28，共 484 天
2026-05-29 08:23:38,395 INFO:2493 快取已捕抓到 2026-05-28，共 484 天
2026-05-29 08:25:48,604 INFO:2495 快取已捕抓到 2026-05-28，共 484 天
2026-05-29 08:27:49,705 INFO:2497 快取已捕抓到 2026-05-28，共 484 天
2026-05-29 08:29:50,568 INFO:2498 快取已捕抓到 2026-05-28，共 484 天
2026-05-29 08:32:08,280 INFO:2603 快取已捕抓到 2026-05-28，共 484 天
2026-05-29 08:34:24,476 INFO:2605 快取已捕抓到 2026-05-28，共 484 天
2026-05-29 08:36:33,410 INFO:2606 快取已捕抓到 2026-05-28，共 484 天
2026-05-29 08:38:44,538 INFO:2607 快取已捕抓到 2026-05-28，共 478 天
2026-05-29 08:40:59,434 INFO:2608 快取已捕抓到 2026-05-28，共 484 天
2026-05-29 08:43:11,090 INFO:2609 快取已捕抓到 2026-05-28，共 484 天
2026-05-29 08:45:25,807 INFO:2610 快取已捕抓到 2026-05-28，共 484 天
2026-05-29 08:47:46,185 INFO:2611 快取已捕抓到 2026-05-28，共 484 天
2026-05-29 08:50:03,838 INFO:2612 快取已捕抓到 2026-05-28，共 484 天
2026-05-29 08:52:15,868 INFO:2613 快取已捕抓到 2026-05-28，共 484 天
2026-05-29 08:54:09,368 INFO:2615 快取已捕抓到 2026-05-28，共 484 天
2026-05-29 08:56:11,283 INFO:2616 快取已捕抓到 2026-05-28，共 484 天
2026-05-29 08:58:31,503 INFO:2617 快取已捕抓到 2026-05-28，共 484 天
2026-05-29 09:01:39,815 INFO:2618 快取已捕抓到 2026-05-28，共 484 天
2026-05-29 09:05:01,347 INFO:2630 快取已捕抓到 2026-05-28，共 484 天
2026-05-29 09:08:31,358 INFO:2633 快取已捕抓到 2026-05-28，共 484 天
2026-05-29 09:11:18,202 INFO:2634 快取已捕抓到 2026-05-28，共 484 天
2026-05-29 09:14:01,850 INFO:2636 快取已捕抓到 2026-05-28，共 484 天
2026-05-29 09:16:49,830 INFO:2637 快取已捕抓到 2026-05-28，共 484 天
2026-05-29 09:19:56,939 INFO:2642 快取已捕抓到 2026-05-28，共 484 天
2026-05-29 09:22:28,461 INFO:2645 快取已捕抓到 2026-05-28，共 484 天
2026-05-29 09:24:41,835 INFO:2701 快取已捕抓到 2026-05-28，共 484 天
2026-05-29 09:26:44,488 INFO:2702 快取已捕抓到 2026-05-28，共 484 天
2026-05-29 09:28:53,695 INFO:2704 快取已捕抓到 2026-05-28，共 484 天
2026-05-29 09:31:32,684 INFO:2705 快取已捕抓到 2026-05-28，共 484 天
2026-05-29 09:34:15,546 INFO:2706 快取已捕抓到 2026-05-28，共 484 天
2026-05-29 09:37:00,325 INFO:2707 快取已捕抓到 2026-05-28，共 484 天
2026-05-29 09:39:23,432 INFO:2712 快取已捕抓到 2026-05-28，共 484 天
2026-05-29 09:41:42,994 INFO:2722 快取已捕抓到 2026-05-28，共 484 天
2026-05-29 09:44:04,072 INFO:2723 快取已捕抓到 2026-05-28，共 484 天
2026-05-29 09:46:50,369 INFO:2727 快取已捕抓到 2026-05-28，共 484 天
2026-05-29 09:49:26,404 INFO:2731 快取已捕抓到 2026-05-28，共 484 天
2026-05-29 09:52:24,830 INFO:2739 快取已捕抓到 2026-05-28，共 484 天
2026-05-29 09:55:03,767 INFO:2748 快取已捕抓到 2026-05-28，共 484 天
2026-05-29 09:57:34,485 INFO:2753 快取已捕抓到 2026-05-28，共 484 天
2026-05-29 09:59:56,363 INFO:3002 快取已捕抓到 2026-05-28，共 484 天
2026-05-29 10:03:32,451 INFO:3003 快取已捕抓到 2026-05-28，共 484 天
2026-05-29 10:06:06,179 INFO:3004 快取已捕抓到 2026-05-28，共 484 天
2026-05-29 10:08:36,145 INFO:3005 快取已捕抓到 2026-05-28，共 484 天
2026-05-29 10:11:46,711 INFO:3006 快取已捕抓到 2026-05-28，共 484 天
2026-05-29 10:14:44,437 INFO:3008 快取已捕抓到 2026-05-28，共 484 天
2026-05-29 10:18:22,452 INFO:3010 快取已捕抓到 2026-05-28，共 484 天
2026-05-29 10:21:24,934 INFO:3011 快取已捕抓到 2026-05-28，共 484 天
2026-05-29 10:23:46,644 INFO:3013 快取已捕抓到 2026-05-28，共 484 天
2026-05-29 10:26:35,123 INFO:3014 快取已捕抓到 2026-05-28，共 484 天
2026-05-29 10:28:45,984 INFO:3015 快取已捕抓到 2026-05-28，共 484 天
2026-05-29 10:31:10,026 INFO:3016 快取已捕抓到 2026-05-28，共 484 天
2026-05-29 10:33:27,741 INFO:3017 快取已捕抓到 2026-05-28，共 484 天
2026-05-29 10:35:59,681 INFO:3018 快取已捕抓到 2026-05-28，共 484 天
2026-05-29 10:38:11,845 INFO:3019 快取已捕抓到 2026-05-28，共 484 天
2026-05-29 10:40:42,520 INFO:3021 快取已捕抓到 2026-05-28，共 484 天
2026-05-29 10:44:05,518 INFO:3022 快取已捕抓到 2026-05-28，共 484 天
2026-05-29 10:46:54,368 INFO:3023 快取已捕抓到 2026-05-28，共 484 天
2026-05-29 10:49:14,181 INFO:3024 快取已捕抓到 2026-05-28，共 484 天
2026-05-29 10:51:47,131 INFO:3025 快取已捕抓到 2026-05-28，共 484 天
2026-05-29 10:54:07,651 INFO:3026 快取已捕抓到 2026-05-28，共 484 天
2026-05-29 10:56:41,134 INFO:3027 快取已捕抓到 2026-05-28，共 484 天
2026-05-29 10:58:55,414 INFO:3028 快取已捕抓到 2026-05-28，共 484 天
2026-05-29 11:02:23,430 INFO:3029 快取已捕抓到 2026-05-28，共 484 天
2026-05-29 11:05:56,504 INFO:3030 快取已捕抓到 2026-05-28，共 484 天
2026-05-29 11:09:36,370 INFO:3031 快取已捕抓到 2026-05-28，共 484 天
2026-05-29 11:12:25,883 INFO:3032 快取已捕抓到 2026-05-28，共 484 天
2026-05-29 11:15:30,745 INFO:3033 快取已捕抓到 2026-05-28，共 484 天
2026-05-29 11:18:21,351 INFO:3034 快取已捕抓到 2026-05-28，共 484 天
2026-05-29 11:21:30,721 INFO:3035 快取已捕抓到 2026-05-28，共 484 天
2026-05-29 11:24:25,196 INFO:3036 快取已捕抓到 2026-05-28，共 484 天
2026-05-29 11:27:05,904 INFO:3037 快取已捕抓到 2026-05-28，共 484 天
2026-05-29 11:29:54,360 INFO:3038 快取已捕抓到 2026-05-28，共 484 天
2026-05-29 11:33:18,046 INFO:3041 快取已捕抓到 2026-05-28，共 478 天
2026-05-29 11:36:01,606 INFO:3042 快取已捕抓到 2026-05-28，共 484 天
2026-05-29 11:38:39,453 INFO:3043 快取已捕抓到 2026-05-28，共 484 天
2026-05-29 11:41:09,373 INFO:3044 快取已捕抓到 2026-05-28，共 484 天
2026-05-29 11:43:29,807 INFO:3045 快取已捕抓到 2026-05-28，共 484 天
2026-05-29 11:46:08,790 INFO:3046 快取已捕抓到 2026-05-28，共 484 天
2026-05-29 11:48:10,660 INFO:3047 快取已捕抓到 2026-05-28，共 484 天
2026-05-29 11:51:21,757 INFO:3048 快取已捕抓到 2026-05-28，共 484 天
2026-05-29 11:53:29,506 INFO:3049 快取已捕抓到 2026-05-28，共 484 天
2026-05-29 11:55:45,505 INFO:3050 快取已捕抓到 2026-05-28，共 484 天
2026-05-29 11:58:00,788 INFO:3051 快取已捕抓到 2026-05-28，共 484 天
2026-05-29 12:00:10,996 INFO:3054 快取已捕抓到 2026-05-28，共 484 天
2026-05-29 12:02:58,072 INFO:3055 快取已捕抓到 2026-05-28，共 484 天
2026-05-29 12:05:34,500 INFO:3057 快取已捕抓到 2026-05-28，共 478 天
2026-05-29 12:07:47,548 INFO:3058 快取已捕抓到 2026-05-28，共 484 天
2026-05-29 12:10:02,446 INFO:3059 快取已捕抓到 2026-05-28，共 484 天
2026-05-29 12:12:40,944 INFO:3060 快取已捕抓到 2026-05-28，共 484 天
2026-05-29 12:15:42,442 INFO:3062 快取已捕抓到 2026-05-28，共 484 天
2026-05-29 12:19:38,694 INFO:3090 快取已捕抓到 2026-05-28，共 484 天
2026-05-29 12:23:57,505 INFO:3092 快取已捕抓到 2026-05-28，共 484 天
2026-05-29 12:27:15,063 INFO:3094 快取已捕抓到 2026-05-28，共 484 天
2026-05-29 12:29:50,780 INFO:3130 快取已捕抓到 2026-05-28，共 484 天
2026-05-29 12:32:32,158 INFO:3138 快取已捕抓到 2026-05-28，共 484 天
2026-05-29 12:35:13,551 INFO:3149 快取已捕抓到 2026-05-28，共 484 天
2026-05-29 12:37:47,109 INFO:3167 快取已捕抓到 2026-05-28，共 484 天
2026-05-29 12:40:20,765 INFO:3168 快取已捕抓到 2026-05-28，共 484 天
2026-05-29 12:42:32,492 INFO:3189 快取已捕抓到 2026-05-28，共 484 天
2026-05-29 12:44:35,798 INFO:3209 快取已捕抓到 2026-05-28，共 484 天
2026-05-29 12:46:55,212 INFO:3229 快取已捕抓到 2026-05-28，共 484 天
2026-05-29 12:49:20,069 INFO:3231 快取已捕抓到 2026-05-28，共 484 天
2026-05-29 12:52:25,958 INFO:3257 快取已捕抓到 2026-05-28，共 484 天
2026-05-29 12:55:38,626 INFO:3296 快取已捕抓到 2026-05-28，共 484 天
2026-05-29 12:57:50,025 INFO:3305 快取已捕抓到 2026-05-28，共 484 天
2026-05-29 13:00:19,329 INFO:3308 快取已捕抓到 2026-05-28，共 484 天
2026-05-29 13:02:40,957 INFO:3311 快取已捕抓到 2026-05-28，共 484 天
2026-05-29 13:05:03,649 INFO:3312 快取已捕抓到 2026-05-28，共 484 天
2026-05-29 13:07:11,084 INFO:3321 快取已捕抓到 2026-05-28，共 479 天
2026-05-29 13:09:22,073 INFO:3338 快取已捕抓到 2026-05-28，共 484 天
2026-05-29 13:11:34,808 INFO:3346 快取已捕抓到 2026-05-28，共 484 天
2026-05-29 13:13:33,044 INFO:3356 快取已捕抓到 2026-05-28，共 478 天
2026-05-29 13:15:44,413 INFO:3376 快取已捕抓到 2026-05-28，共 484 天
2026-05-29 13:18:36,640 INFO:3380 快取已捕抓到 2026-05-28，共 484 天
2026-05-29 13:22:04,115 INFO:3406 快取已捕抓到 2026-05-28，共 484 天
2026-05-29 13:24:55,278 INFO:3413 快取已捕抓到 2026-05-28，共 484 天
2026-05-29 13:27:28,831 INFO:3416 快取已捕抓到 2026-05-28，共 484 天
2026-05-29 13:29:45,242 INFO:3419 快取已捕抓到 2026-05-28，共 484 天
2026-05-29 13:32:47,970 INFO:3432 快取已捕抓到 2026-05-28，共 484 天
2026-05-29 13:36:26,879 INFO:3437 快取已捕抓到 2026-05-28，共 484 天
2026-05-29 13:40:23,749 INFO:3443 快取已捕抓到 2026-05-28，共 484 天
2026-05-29 13:44:17,802 INFO:3447 快取已捕抓到 2026-05-28，共 484 天
2026-05-29 13:47:13,499 INFO:3450 快取已捕抓到 2026-05-28，共 484 天
2026-05-29 13:50:13,324 INFO:3454 快取已捕抓到 2026-03-18，共 436 天
2026-05-29 13:53:31,180 INFO:3481 快取已捕抓到 2026-05-29，共 478 天
2026-05-29 13:56:54,670 INFO:3494 快取已捕抓到 2026-05-29，共 478 天
2026-05-29 13:59:40,358 INFO:3501 快取已捕抓到 2026-05-29，共 485 天
2026-05-29 14:03:48,954 INFO:3504 快取已捕抓到 2026-05-29，共 485 天
2026-05-29 14:06:33,683 INFO:3515 快取已捕抓到 2026-05-29，共 485 天
2026-05-29 14:09:37,413 INFO:3518 快取已捕抓到 2026-05-29，共 485 天
2026-05-29 14:13:00,267 INFO:3528 快取已捕抓到 2026-05-29，共 485 天
2026-05-29 14:16:41,960 INFO:3530 快取已捕抓到 2026-05-29，共 485 天
2026-05-29 14:19:31,124 INFO:3532 快取已捕抓到 2026-05-29，共 485 天
2026-05-29 14:24:06,437 INFO:3533 快取已捕抓到 2026-05-29，共 485 天
2026-05-29 14:28:06,551 INFO:3535 快取已捕抓到 2026-05-29，共 485 天
2026-05-29 14:31:15,890 INFO:3543 快取已捕抓到 2026-05-29，共 485 天
2026-05-29 14:34:55,232 INFO:3545 快取已捕抓到 2026-05-29，共 485 天
2026-05-29 14:38:50,356 INFO:3550 快取已捕抓到 2026-05-29，共 485 天
2026-05-29 14:42:08,088 INFO:3563 快取已捕抓到 2026-05-29，共 485 天
2026-05-29 14:44:59,636 INFO:3576 快取已捕抓到 2026-05-29，共 485 天
2026-05-29 14:48:13,486 INFO:3583 快取已捕抓到 2026-05-29，共 485 天
2026-05-29 14:51:26,257 INFO:3588 快取已捕抓到 2026-05-29，共 485 天
2026-05-29 14:54:55,631 INFO:3591 快取已捕抓到 2026-05-29，共 485 天
2026-05-29 14:58:49,239 INFO:3592 快取已捕抓到 2026-05-29，共 485 天
2026-05-29 15:03:02,162 INFO:3593 快取已捕抓到 2026-05-29，共 478 天
2026-05-29 15:06:14,933 INFO:3596 快取已捕抓到 2026-05-29，共 485 天
2026-05-29 15:08:57,513 INFO:3605 快取已捕抓到 2026-05-29，共 485 天
2026-05-29 15:12:11,932 INFO:3607 快取已捕抓到 2026-05-29，共 485 天
2026-05-29 15:14:40,879 INFO:3617 快取已捕抓到 2026-05-29，共 485 天
2026-05-29 15:17:14,608 INFO:3622 快取已捕抓到 2026-05-29，共 485 天
2026-05-29 15:20:13,095 INFO:3645 快取已捕抓到 2026-05-29，共 485 天
2026-05-29 15:23:43,696 INFO:3652 快取已捕抓到 2026-05-29，共 485 天
2026-05-29 15:27:50,010 INFO:3653 快取已捕抓到 2026-05-29，共 485 天
2026-05-29 15:31:08,548 INFO:3661 快取已捕抓到 2026-05-29，共 485 天
2026-05-29 15:35:19,210 INFO:3665 快取已捕抓到 2026-05-29，共 485 天
2026-05-29 15:38:24,960 INFO:3669 快取已捕抓到 2026-05-29，共 485 天
2026-05-29 15:40:57,408 INFO:3673 快取已捕抓到 2026-05-29，共 485 天
2026-05-29 15:43:51,421 INFO:3679 快取已捕抓到 2026-05-29，共 485 天
2026-05-29 15:46:48,834 INFO:3686 快取已捕抓到 2026-05-29，共 485 天
2026-05-29 15:50:05,635 INFO:3694 快取已捕抓到 2026-05-29，共 485 天
2026-05-29 15:53:33,771 INFO:3701 快取已捕抓到 2026-05-29，共 485 天
2026-05-29 15:56:28,453 INFO:3702 快取已捕抓到 2026-05-29，共 485 天
2026-05-29 16:00:05,972 INFO:3704 快取已捕抓到 2026-05-29，共 485 天
2026-05-29 16:05:31,332 INFO:3706 快取已捕抓到 2026-05-29，共 485 天
2026-05-29 16:10:56,161 INFO:3708 快取已捕抓到 2026-05-29，共 485 天
2026-05-29 16:14:50,665 INFO:3711 快取已捕抓到 2026-05-29，共 485 天
2026-05-29 16:18:51,086 INFO:3712 快取已捕抓到 2026-05-29，共 485 天
2026-05-29 16:23:24,505 INFO:3714 快取已捕抓到 2026-05-29，共 485 天
2026-05-29 16:27:17,453 INFO:3715 快取已捕抓到 2026-05-29，共 485 天
2026-05-29 16:31:52,751 INFO:4306 快取已捕抓到 2026-05-29，共 485 天
2026-05-29 16:36:37,259 INFO:4414 快取已捕抓到 2026-05-29，共 478 天
2026-05-29 16:42:00,458 INFO:4426 快取已捕抓到 2026-05-29，共 485 天
2026-05-29 16:46:26,661 INFO:4438 快取已捕抓到 2026-05-29，共 485 天
2026-05-29 16:51:06,884 INFO:4439 快取已捕抓到 2026-05-29，共 485 天
2026-05-29 16:56:38,271 INFO:4440 快取已捕抓到 2026-05-29，共 485 天
2026-05-29 17:04:58,190 INFO:4526 快取已捕抓到 2026-05-29，共 485 天
2026-05-29 17:17:09,035 INFO:4532 快取已捕抓到 2026-05-29，共 485 天
2026-05-29 17:28:35,046 INFO:4540 快取已捕抓到 2026-05-29，共 485 天
2026-05-29 17:39:49,650 INFO:4545 快取已捕抓到 2026-05-29，共 485 天
2026-05-29 17:48:58,416 INFO:4551 快取已捕抓到 2026-05-29，共 485 天
2026-05-29 17:58:22,714 INFO:4552 快取已捕抓到 2026-05-29，共 485 天
2026-05-29 18:08:00,840 INFO:4555 快取已捕抓到 2026-05-29，共 485 天
2026-05-29 18:17:19,408 INFO:4557 快取已捕抓到 2026-05-29，共 485 天
2026-05-29 18:26:19,110 INFO:4560 快取已捕抓到 2026-05-29，共 485 天
2026-05-29 18:35:54,460 INFO:4562 快取已捕抓到 2026-05-29，共 485 天
2026-05-29 18:44:57,232 INFO:4564 快取已捕抓到 2026-05-29，共 485 天
2026-05-29 18:54:17,681 INFO:4566 快取已捕抓到 2026-05-29，共 485 天
2026-05-29 19:04:08,823 INFO:4569 快取已捕抓到 2026-05-29，共 485 天
2026-05-29 19:13:25,737 INFO:4571 快取已捕抓到 2026-05-29，共 485 天
2026-05-29 19:22:40,101 INFO:4572 快取已捕抓到 2026-05-29，共 485 天
2026-05-29 19:30:51,546 INFO:4576 快取已捕抓到 2026-05-29，共 485 天
2026-05-29 19:39:06,475 INFO:4581 快取已捕抓到 2026-05-29，共 485 天
2026-05-29 19:47:49,319 INFO:4583 快取已捕抓到 2026-05-29，共 485 天
2026-05-29 19:55:48,214 INFO:4588 快取已捕抓到 2026-05-29，共 485 天
2026-05-29 20:04:05,643 INFO:4720 快取已捕抓到 2026-05-29，共 485 天
2026-05-29 20:12:24,324 INFO:4722 快取已捕抓到 2026-05-29，共 485 天
2026-05-29 20:19:54,973 INFO:4739 快取已捕抓到 2026-05-29，共 485 天
2026-05-29 20:28:27,663 INFO:4755 快取已捕抓到 2026-05-29，共 485 天
2026-05-29 20:36:44,646 INFO:4763 快取已捕抓到 2026-05-29，共 478 天
2026-05-29 20:45:00,727 INFO:4764 快取已捕抓到 2026-05-29，共 485 天
2026-05-29 20:53:31,010 INFO:4766 快取已捕抓到 2026-05-29，共 485 天
2026-05-29 21:01:35,274 INFO:4770 快取已捕抓到 2026-05-29，共 485 天
2026-05-29 21:09:30,263 INFO:4904 快取已捕抓到 2026-05-29，共 485 天
2026-05-29 21:17:22,074 INFO:4906 快取已捕抓到 2026-05-29，共 485 天
2026-05-29 21:25:39,968 INFO:4912 快取已捕抓到 2026-05-29，共 485 天
2026-05-29 21:33:18,431 INFO:4915 快取已捕抓到 2026-05-29，共 485 天
2026-05-29 21:40:47,893 INFO:4916 快取已捕抓到 2026-05-29，共 485 天
2026-05-29 21:48:29,241 INFO:4919 快取已捕抓到 2026-05-29，共 485 天
2026-05-29 21:56:55,467 INFO:4927 快取已捕抓到 2026-05-29，共 485 天
2026-05-29 22:03:46,289 INFO:4930 快取已捕抓到 2026-05-29，共 485 天
2026-05-29 22:11:20,760 INFO:4934 快取已捕抓到 2026-05-29，共 485 天
2026-05-29 22:18:51,787 INFO:4935 快取已捕抓到 2026-05-29，共 485 天
2026-05-29 22:27:36,502 INFO:4938 快取已捕抓到 2026-05-29，共 485 天
2026-05-29 22:34:51,924 INFO:4942 快取已捕抓到 2026-05-29，共 485 天
2026-05-29 22:41:25,237 INFO:4943 快取已捕抓到 2026-05-29，共 485 天
2026-05-29 22:47:59,437 INFO:4949 快取已捕抓到 2026-05-29，共 485 天
2026-05-29 22:55:17,718 INFO:4952 快取已捕抓到 2026-05-29，共 485 天
2026-05-29 23:03:04,106 INFO:4956 快取已捕抓到 2026-05-29，共 485 天
2026-05-29 23:08:59,596 INFO:4958 快取已捕抓到 2026-05-29，共 485 天
2026-05-29 23:13:19,871 INFO:4960 快取已捕抓到 2026-05-29，共 485 天
2026-05-29 23:17:29,898 INFO:4961 快取已捕抓到 2026-05-29，共 485 天
2026-05-29 23:21:15,323 INFO:4967 快取已捕抓到 2026-05-29，共 485 天
2026-05-29 23:23:26,204 INFO:4968 快取已捕抓到 2026-05-29，共 485 天
2026-05-29 23:25:52,375 INFO:4976 快取已捕抓到 2026-05-29，共 485 天
2026-05-29 23:28:18,056 INFO:4977 快取已捕抓到 2026-05-29，共 485 天
2026-05-29 23:30:42,749 INFO:4989 快取已捕抓到 2026-05-29，共 485 天
2026-05-29 23:33:00,247 INFO:4994 快取已捕抓到 2026-05-29，共 485 天
2026-05-29 23:35:13,231 INFO:4999 快取已捕抓到 2026-05-29，共 485 天
2026-05-29 23:37:20,999 INFO:5007 快取已捕抓到 2026-05-29，共 485 天
2026-05-29 23:39:41,095 INFO:5203 快取已捕抓到 2026-05-29，共 485 天
2026-05-29 23:42:06,354 INFO:5215 快取已捕抓到 2026-05-29，共 485 天
2026-05-29 23:44:28,818 INFO:5222 快取已捕抓到 2026-05-29，共 485 天
2026-05-29 23:46:30,780 INFO:5225 快取已捕抓到 2026-05-29，共 485 天
2026-05-29 23:48:39,745 INFO:5234 快取已捕抓到 2026-05-29，共 485 天
2026-05-29 23:50:49,280 INFO:5243 快取已捕抓到 2026-05-29，共 485 天
2026-05-29 23:52:55,858 INFO:5244 快取已捕抓到 2026-05-29，共 485 天
2026-05-29 23:55:02,080 INFO:5258 快取已捕抓到 2026-05-29，共 485 天
2026-05-29 23:57:14,542 INFO:5269 快取已捕抓到 2026-05-29，共 485 天
2026-05-29 23:59:20,873 INFO:5283 快取已捕抓到 2026-05-29，共 485 天
2026-05-30 00:01:53,535 INFO:5285 快取已捕抓到 2026-05-29，共 485 天
2026-05-30 00:04:08,370 INFO:5288 快取已捕抓到 2026-05-29，共 484 天
2026-05-30 00:06:12,913 INFO:5292 快取已捕抓到 2026-05-29，共 484 天
2026-05-30 00:08:17,029 INFO:5388 快取已捕抓到 2026-05-29，共 484 天
2026-05-30 00:10:18,659 INFO:5434 快取已捕抓到 2026-05-29，共 484 天
2026-05-30 00:12:12,490 INFO:5469 快取已捕抓到 2026-05-29，共 477 天
2026-05-30 00:14:12,539 INFO:5471 快取已捕抓到 2026-05-29，共 484 天
2026-05-30 00:16:21,577 INFO:5484 快取已捕抓到 2026-05-29，共 484 天
2026-05-30 00:18:17,161 INFO:5538 快取已捕抓到 2026-05-29，共 484 天
2026-05-30 00:20:44,749 INFO:5607 快取已捕抓到 2026-05-29，共 484 天
2026-05-30 00:22:40,267 INFO:5608 快取已捕抓到 2026-05-29，共 484 天
2026-05-30 00:24:28,769 INFO:5706 快取已捕抓到 2026-05-29，共 484 天
2026-05-30 00:26:18,194 INFO:6108 快取已捕抓到 2026-05-29，共 484 天
2026-05-30 00:28:09,602 INFO:6112 快取已捕抓到 2026-05-29，共 484 天
2026-05-30 00:29:57,405 INFO:6115 快取已捕抓到 2026-05-29，共 484 天
2026-05-30 00:31:54,023 INFO:6116 快取已捕抓到 2026-05-29，共 484 天
2026-05-30 00:33:46,221 INFO:6117 快取已捕抓到 2026-05-29，共 484 天
2026-05-30 00:35:39,143 INFO:6120 快取已捕抓到 2026-05-29，共 477 天
2026-05-30 00:37:37,920 INFO:6128 快取已捕抓到 2026-05-29，共 484 天
2026-05-30 00:39:31,291 INFO:6133 快取已捕抓到 2026-05-29，共 484 天
2026-05-30 00:41:23,036 INFO:6136 快取已捕抓到 2026-05-29，共 484 天
2026-05-30 00:43:15,655 INFO:6139 快取已捕抓到 2026-05-29，共 484 天
2026-05-30 00:45:10,792 INFO:6141 快取已捕抓到 2026-05-29，共 484 天
2026-05-30 00:47:13,812 INFO:6142 快取已捕抓到 2026-05-29，共 484 天
2026-05-30 00:49:08,650 INFO:6152 快取已捕抓到 2026-05-29，共 484 天
2026-05-30 00:51:05,825 INFO:6153 快取已捕抓到 2026-05-29，共 484 天
2026-05-30 00:52:55,184 INFO:6155 快取已捕抓到 2026-05-29，共 484 天
2026-05-30 00:54:47,873 INFO:6164 快取已捕抓到 2026-05-29，共 477 天
2026-05-30 00:56:44,949 INFO:6165 快取已捕抓到 2026-05-29，共 484 天
2026-05-30 00:58:32,095 INFO:6166 快取已捕抓到 2026-05-29，共 484 天
2026-05-30 01:00:22,908 INFO:6168 快取已捕抓到 2026-05-29，共 484 天
2026-05-30 01:02:18,364 INFO:6176 快取已捕抓到 2026-05-29，共 484 天
2026-05-30 01:04:02,443 INFO:6183 快取已捕抓到 2026-05-29，共 484 天
2026-05-30 01:05:57,924 INFO:6189 快取已捕抓到 2026-05-29，共 484 天
2026-05-30 01:07:47,930 INFO:6191 快取已捕抓到 2026-05-29，共 484 天
2026-05-30 01:09:36,370 INFO:6192 快取已捕抓到 2026-05-29，共 484 天
2026-05-30 01:11:28,738 INFO:6196 快取已捕抓到 2026-05-29，共 484 天
2026-05-30 01:13:24,628 INFO:6197 快取已捕抓到 2026-05-29，共 484 天
2026-05-30 01:15:14,376 INFO:6201 快取已捕抓到 2026-05-29，共 484 天
2026-05-30 01:17:01,568 INFO:6202 快取已捕抓到 2026-05-29，共 484 天
2026-05-30 01:18:48,010 INFO:6205 快取已捕抓到 2026-05-29，共 484 天
2026-05-30 01:21:02,793 INFO:6206 快取已捕抓到 2026-05-29，共 484 天
2026-05-30 01:22:51,213 INFO:6209 快取已捕抓到 2026-05-29，共 484 天
2026-05-30 01:24:43,687 INFO:6213 快取已捕抓到 2026-05-29，共 484 天
2026-05-30 01:26:26,329 INFO:6214 快取已捕抓到 2026-05-29，共 484 天
2026-05-30 01:28:13,406 INFO:6215 快取已捕抓到 2026-05-29，共 484 天
2026-05-30 01:30:04,370 INFO:6216 快取已捕抓到 2026-05-29，共 484 天
2026-05-30 01:31:57,962 INFO:6224 快取已捕抓到 2026-05-29，共 484 天
2026-05-30 01:33:54,668 INFO:6225 快取已捕抓到 2026-05-29，共 484 天
2026-05-30 01:35:45,617 INFO:6226 快取已捕抓到 2026-05-29，共 484 天
2026-05-30 01:37:37,545 INFO:6230 快取已捕抓到 2026-05-29，共 484 天
2026-05-30 01:39:28,495 INFO:6235 快取已捕抓到 2026-05-29，共 484 天
2026-05-30 01:41:18,623 INFO:6239 快取已捕抓到 2026-05-29，共 484 天
2026-05-30 01:43:13,455 INFO:6243 快取已捕抓到 2026-05-29，共 484 天
2026-05-30 01:45:04,593 INFO:6257 快取已捕抓到 2026-05-29，共 484 天
2026-05-30 01:46:53,173 INFO:6269 快取已捕抓到 2026-05-29，共 484 天
2026-05-30 01:48:37,645 INFO:6271 快取已捕抓到 2026-05-29，共 484 天
2026-05-30 01:50:21,969 INFO:6277 快取已捕抓到 2026-05-29，共 484 天
2026-05-30 01:52:06,422 INFO:6278 快取已捕抓到 2026-05-29，共 484 天
2026-05-30 01:53:58,892 INFO:6281 快取已捕抓到 2026-05-29，共 484 天
2026-05-30 01:55:43,770 INFO:6282 快取已捕抓到 2026-05-29，共 484 天
2026-05-30 01:57:35,728 INFO:6283 快取已捕抓到 2026-05-29，共 484 天
2026-05-30 01:59:21,464 INFO:6285 快取已捕抓到 2026-05-29，共 484 天
2026-05-30 02:01:08,987 INFO:6288 快取已捕抓到 2025-08-04，共 287 天
2026-05-30 02:03:00,430 INFO:6405 快取已捕抓到 2026-05-29，共 484 天
2026-05-30 02:04:50,086 INFO:6409 快取已捕抓到 2026-05-29，共 484 天
2026-05-30 02:06:33,937 INFO:6412 快取已捕抓到 2026-05-29，共 484 天
2026-05-30 02:08:25,047 INFO:6414 快取已捕抓到 2026-05-29，共 484 天
2026-05-30 02:10:11,340 INFO:6415 快取已捕抓到 2026-05-29，共 484 天
2026-05-30 02:11:54,079 INFO:6416 快取已捕抓到 2026-05-29，共 484 天
2026-05-30 02:13:34,707 INFO:6426 快取已捕抓到 2026-05-29，共 484 天
2026-05-30 02:15:19,659 INFO:6438 快取已捕抓到 2026-05-29，共 484 天
2026-05-30 02:17:01,912 INFO:6442 快取已捕抓到 2026-05-29，共 484 天
2026-05-30 02:18:44,968 INFO:6443 快取已捕抓到 2026-05-29，共 484 天
2026-05-30 02:20:52,256 INFO:6449 快取已捕抓到 2026-05-29，共 484 天
2026-05-30 02:22:33,098 INFO:6451 快取已捕抓到 2026-05-29，共 484 天
2026-05-30 02:24:20,074 INFO:6456 快取已捕抓到 2026-05-29，共 484 天
2026-05-30 02:26:06,157 INFO:6477 快取已捕抓到 2026-05-29，共 484 天
2026-05-30 02:27:49,176 INFO:6505 快取已捕抓到 2026-05-29，共 484 天
2026-05-30 02:29:37,269 INFO:6515 快取已捕抓到 2026-05-29，共 484 天
2026-05-30 02:31:20,806 INFO:6525 快取已捕抓到 2026-05-29，共 484 天
2026-05-30 02:33:07,129 INFO:6526 快取已捕抓到 2026-05-29，共 484 天
2026-05-30 02:34:57,415 INFO:6531 快取已捕抓到 2026-05-29，共 484 天
2026-05-30 02:36:51,918 INFO:6533 快取已捕抓到 2026-05-29，共 484 天
2026-05-30 02:38:38,468 INFO:6552 快取已捕抓到 2026-05-29，共 484 天
2026-05-30 02:40:20,847 INFO:6558 快取已捕抓到 2026-05-29，共 484 天
2026-05-30 02:42:09,953 INFO:6573 快取已捕抓到 2026-05-29，共 484 天
2026-05-30 02:43:55,643 INFO:6579 快取已捕抓到 2026-05-29，共 484 天
2026-05-30 02:45:45,965 INFO:6581 快取已捕抓到 2026-05-29，共 484 天
2026-05-30 02:47:37,266 INFO:6582 快取已捕抓到 2026-05-29，共 484 天
2026-05-30 02:51:15,522 INFO:6591 快取已捕抓到 2026-05-29，共 484 天
2026-05-30 02:54:57,935 INFO:6605 快取已捕抓到 2026-05-29，共 484 天
2026-05-30 02:58:09,202 INFO:6606 快取已捕抓到 2026-05-29，共 484 天
2026-05-30 03:01:19,575 INFO:6641 快取已捕抓到 2026-05-29，共 484 天
2026-05-30 03:04:58,238 INFO:6658 快取已捕抓到 2026-05-29，共 484 天
2026-05-30 03:07:25,939 INFO:6668 快取已捕抓到 2026-05-29，共 484 天
2026-05-30 03:09:09,403 INFO:6669 快取已捕抓到 2026-05-29，共 484 天
2026-05-30 03:10:54,469 INFO:6672 快取已捕抓到 2026-05-29，共 484 天
2026-05-30 03:12:37,403 INFO:6674 快取已捕抓到 2026-05-29，共 484 天
2026-05-30 03:14:24,266 INFO:6689 快取已捕抓到 2026-05-29，共 484 天
2026-05-30 03:16:06,065 INFO:6691 快取已捕抓到 2026-05-29，共 484 天
2026-05-30 03:17:48,225 INFO:6695 快取已捕抓到 2026-05-29，共 484 天
2026-05-30 03:19:26,909 INFO:6698 快取已捕抓到 2026-05-29，共 484 天
2026-05-30 03:21:37,612 INFO:6706 快取已捕抓到 2026-05-29，共 484 天
2026-05-30 03:24:29,692 INFO:6715 快取已捕抓到 2026-05-29，共 484 天
2026-05-30 03:26:23,063 INFO:6719 快取已捕抓到 2026-05-29，共 484 天
2026-05-30 03:28:07,903 INFO:6742 快取已捕抓到 2026-05-29，共 484 天
2026-05-30 03:29:54,522 INFO:6743 快取已捕抓到 2026-05-29，共 484 天
2026-05-30 03:31:38,599 INFO:6753 快取已捕抓到 2026-05-29，共 484 天
2026-05-30 03:33:24,104 INFO:6756 快取已捕抓到 2026-05-29，共 484 天
2026-05-30 03:35:07,326 INFO:6770 快取已捕抓到 2026-05-29，共 484 天
2026-05-30 03:36:52,662 INFO:6776 快取已捕抓到 2026-05-29，共 484 天
2026-05-30 03:38:39,963 INFO:6781 快取已捕抓到 2026-05-29，共 484 天
2026-05-30 03:40:29,296 INFO:6789 快取已捕抓到 2026-05-29，共 484 天
2026-05-30 03:42:14,390 INFO:6790 快取已捕抓到 2026-05-29，共 484 天
2026-05-30 03:43:54,603 INFO:6792 快取已捕抓到 2026-05-29，共 484 天
2026-05-30 03:45:35,402 INFO:6799 快取已捕抓到 2026-05-29，共 484 天
2026-05-30 03:47:18,953 INFO:6805 快取已捕抓到 2026-05-29，共 484 天
2026-05-30 03:49:01,750 INFO:6806 快取已捕抓到 2026-05-29，共 484 天
2026-05-30 03:50:47,679 INFO:6830 快取已捕抓到 2026-05-29，共 484 天
2026-05-30 03:52:30,911 INFO:6834 快取已捕抓到 2026-05-29，共 484 天
2026-05-30 03:54:13,023 INFO:6835 快取已捕抓到 2026-05-29，共 484 天
2026-05-30 03:55:59,781 INFO:6863 快取已捕抓到 2026-05-29，共 484 天
2026-05-30 03:57:47,328 INFO:6906 快取已捕抓到 2026-05-29，共 484 天
2026-05-30 03:59:31,379 INFO:6916 快取已捕抓到 2026-05-29，共 484 天
2026-05-30 04:01:17,234 INFO:6928 快取已捕抓到 2026-05-29，共 484 天
2026-05-30 04:03:02,311 INFO:6933 快取已捕抓到 2026-05-29，共 484 天
2026-05-30 04:04:45,807 INFO:6937 快取已捕抓到 2026-05-29，共 484 天
2026-05-30 04:06:22,959 INFO:8011 快取已捕抓到 2026-05-29，共 484 天
2026-05-30 04:08:04,963 INFO:8016 快取已捕抓到 2026-05-29，共 484 天
2026-05-30 04:09:53,782 INFO:8021 快取已捕抓到 2026-05-29，共 484 天
2026-05-30 04:11:40,200 INFO:8028 快取已捕抓到 2026-05-29，共 484 天
2026-05-30 04:13:20,755 INFO:8039 快取已捕抓到 2026-05-29，共 484 天
2026-05-30 04:15:01,828 INFO:8046 快取已捕抓到 2026-05-29，共 484 天
2026-05-30 04:16:38,951 INFO:8070 快取已捕抓到 2026-05-29，共 484 天
2026-05-30 04:18:17,684 INFO:8072 快取已捕抓到 2026-05-29，共 484 天
2026-05-30 04:20:01,217 INFO:8081 快取已捕抓到 2026-05-29，共 484 天
2026-05-30 04:22:02,694 INFO:8101 快取已捕抓到 2026-05-29，共 426 天
2026-05-30 04:23:41,886 INFO:8103 快取已捕抓到 2026-05-29，共 477 天
2026-05-30 04:25:20,050 INFO:8104 快取已捕抓到 2026-05-29，共 484 天
2026-05-30 04:27:03,411 INFO:8105 快取已捕抓到 2026-05-29，共 484 天
2026-05-30 04:28:46,938 INFO:8110 快取已捕抓到 2026-05-29，共 484 天
2026-05-30 04:30:29,860 INFO:8112 快取已捕抓到 2026-05-29，共 484 天
2026-05-30 04:32:10,297 INFO:8114 快取已捕抓到 2026-05-29，共 484 天
2026-05-30 04:33:52,340 INFO:8131 快取已捕抓到 2026-05-29，共 484 天
2026-05-30 04:35:35,225 INFO:8150 快取已捕抓到 2026-05-29，共 484 天
2026-05-30 04:37:18,245 INFO:8163 快取已捕抓到 2026-05-29，共 484 天
2026-05-30 04:38:58,662 INFO:8201 快取已捕抓到 2026-05-29，共 484 天
2026-05-30 04:40:44,192 INFO:8210 快取已捕抓到 2026-05-29，共 484 天
2026-05-30 04:42:32,080 INFO:8213 快取已捕抓到 2026-05-29，共 484 天
2026-05-30 04:44:30,101 INFO:8215 快取已捕抓到 2026-05-29，共 484 天
2026-05-30 04:46:20,217 INFO:8222 快取已捕抓到 2026-05-29，共 484 天
2026-05-30 04:48:07,417 INFO:8249 快取已捕抓到 2026-05-29，共 477 天
2026-05-30 04:49:55,600 INFO:8261 快取已捕抓到 2026-05-29，共 484 天
2026-05-30 04:51:43,092 INFO:8271 快取已捕抓到 2026-05-29，共 484 天
2026-05-30 04:53:26,086 INFO:8341 快取已捕抓到 2026-05-29，共 484 天
2026-05-30 04:55:10,262 INFO:8367 快取已捕抓到 2026-05-29，共 484 天
2026-05-30 04:56:47,888 INFO:8374 快取已捕抓到 2026-05-29，共 484 天
2026-05-30 04:58:29,312 INFO:8422 快取已捕抓到 2026-05-29，共 477 天
2026-05-30 05:00:21,990 INFO:8438 快取已捕抓到 2026-05-29，共 484 天
2026-05-30 05:02:05,287 INFO:8454 快取已捕抓到 2026-05-29，共 484 天
2026-05-30 05:03:54,415 INFO:8473 快取已捕抓到 2026-05-29，共 484 天
2026-05-30 05:05:37,438 INFO:8476 快取已捕抓到 2026-05-29，共 478 天
2026-05-30 05:07:24,250 INFO:8499 快取已捕抓到 2026-05-29，共 484 天
2026-05-30 05:09:12,671 INFO:8926 快取已捕抓到 2026-05-29，共 484 天
2026-05-30 05:11:05,775 INFO:8940 快取已捕抓到 2026-05-29，共 484 天
2026-05-30 05:12:54,433 INFO:8996 快取已捕抓到 2026-05-29，共 484 天
2026-05-30 05:12:54,950 INFO:四大產業快取已捕抓到最新版
2026-05-30 05:13:03,977 INFO:
四大產業有資料且未下市股票數量: 760
2026-05-30 05:13:04,643 INFO:已合併存成 C:\Users\Jerry-yc.Liu\Desktop\script\cache\all_stock_2y.pkl
2026-05-30 05:13:04,643 INFO:
檢查是否有 open=high=low=close 的資料（疑似無交易日）...
2026-05-30 05:13:08,247 INFO:
全部執行完畢，總耗時: 136728.7 秒
