所有 print 內容將同步寫入 C:\Users\Jerry-yc.Liu\Desktop\script\stock_signal_charts\20251217_224828_銀行業\stock_analysis_20251217_224828_銀行業.log
正在讀取大 pkl: C:\Users\Jerry-yc.Liu\Desktop\script\cache\all_stock_2y.pkl
大 pkl 讀取完成，共有 854 檔股票
可用股票數量: 34
銀行業 全部有快取的股票代號: 
['2801', '2809', '2812', '2816', '2820', '2832', '2834', '2836', '2838', '2845', '2849', '2850', '2851', '2852', '2855', '2867', '2880', '2881', '2882', '2883', '2884', '2885', '2886', '2887', '2888', '2889', '2890', '2891', '2892', '2897', '5876', '5880', '6005', '6024']
✅ 快取最新交易日為 2025-12-16, 昨日訊號才有可能出現。

[Step 1: Random Forest 訓練權重 (Random Forest Algo)]
訓練集勝率: 76.97%
測試集勝率: 72.88%
Random Forest 訓練耗時: 12.28 秒
y_all 樣本分布 (0=敗, 1=勝):
0    10238
1     1511
dtype: int64
勝率比例: 12.860669%

混淆矩陣 (Confusion Matrix):
[[2412  660]
 [1006 2065]]

分類報告 (Classification Report):
              precision    recall  f1-score   support

           0     0.7057    0.7852    0.7433      3072
           1     0.7578    0.6724    0.7126      3071

    accuracy                         0.7288      6143
   macro avg     0.7317    0.7288    0.7279      6143
weighted avg     0.7317    0.7288    0.7279      6143


各特徵對模型預測勝率的重要性: 
k_pattern   : 0.0079
ma_cross    : 0.0014
rsi_signal  : 0.0022
macd_signal : 0.0019
kd_cross    : 0.0026
vol_cross   : 0.0006
RSI         : 0.0876
MACD        : 0.1571
K           : 0.0496
D           : 0.0711
close/5MA   : 0.0987
close/20MA  : 0.1438
close/60MA  : 0.1819
vol/5MA     : 0.0536
vol/20MA    : 0.0648
bullish_ma  : 0.0034
bullish_ma_just: 0.0011
vol_up_just : 0.0031
rsi_just    : 0.0027
ma5_up      : 0.0058
ma20_up     : 0.0070
ma60_up     : 0.0123
bullish_ma_n: 0.0093
ma5_up_n    : 0.0030
vol_up_n    : 0.0037
bullish_ma_and_rsi: 0.0079
ma5_up_and_macd: 0.0023
bullish_ma_and_vol: 0.0013
is_w_buttom : 0.0031
is_triangle : 0.0015
is_cup_handle: 0.0014
is_inverse_head_shoulder: 0.0063
特徵重要性圖已存檔於 C:\Users\Jerry-yc.Liu\Desktop\script\stock_signal_charts\20251217_224828_銀行業\feature_importances.png

[Step 2: 多股票回測與分數分布 (Multi Stock Analyze)]
回測分數分布總耗時: 24.52 秒

分數分布統計: 最小值：0.19，最大值: 0.95，平均值:0.43，中位數:0.41，95分位: 0.66

近 60 天内分數 >= 95分位 (0.66) 且多頭排列持續且量能放大且多頭+RSI>50的進場訊號:
2832 2025-11-03 features: ['0', '1', '0', '1', '0', '0', '87.25', '1.28', '100', '70.18', '1.24', '1.29', '1.38', '1.42', '1.45', '1', '1', '0', '0', '1', '1', '1', '0', '1', '0', '1', '1', '0', '1', '0', '0', '0'] 分數: 0.79進場 勝，10 天內最高獲利: 6.65% (2025-11-13)
2832 2025-11-13 features: ['0', '0', '0', '0', '0', '0', '88.04', '3.80', '91.53', '95.98', '1.04', '1.22', '1.38', '2.54', '1.57', '1', '0', '0', '0', '1', '1', '1', '1', '1', '1', '1', '0', '1', '1', '0', '0', '0'] 分數: 0.77進場 敗，10 天內最高獲利: 3.76% (2025-11-21)
2850 2025-09-17 features: ['0', '0', '0', '0', '0', '0', '49.88', '2.93', '0', '6.67', '0.97', '0.99', '1.07', '1.11', '1.16', '1', '0', '1', '0', '0', '1', '1', '1', '0', '0', '0', '0', '0', '0', '0', '0', '0'] 分數: 0.67進場 勝，10 天內最高獲利: 8.60% (2025-09-24)
2887 2025-10-09 features: ['0', '0', '0', '0', '0', '0', '80.10', '0.43', '100', '91.97', '1.02', '1.06', '1.10', '1.44', '1.47', '1', '0', '1', '0', '1', '1', '1', '1', '1', '0', '1', '0', '0', '0', '0', '0', '0'] 分數: 0.68進場 勝，10 天內最高獲利: 5.32% (2025-10-15)
2867 2025-09-17 features: ['0', '0', '0', '0', '0', '0', '49.05', '0.15', '5.17', '11.62', '0.97', '0.97', '1.07', '1.34', '0.90', '1', '0', '1', '0', '0', '1', '1', '1', '0', '0', '0', '0', '0', '0', '0', '0', '0'] 分數: 0.69進場 敗，10 天內最高獲利: 2.41% (2025-09-24)
2867 2025-10-13 features: ['1', '0', '0', '0', '0', '0', '55.61', '0.09', '48.00', '46.47', '0.99', '1.02', '1.08', '0.48', '0.81', '1', '0', '0', '0', '1', '0', '1', '1', '0', '0', '1', '0', '0', '0', '0', '0', '0'] 分數: 0.74進場 勝，10 天內最高獲利: 9.98% (2025-10-23)
6005 2025-09-24 features: ['0', '0', '0', '0', '0', '0', '67.21', '0.64', '75.00', '60.10', '1.02', '1.05', '1.12', '1.19', '1.01', '1', '0', '1', '0', '1', '1', '1', '1', '0', '0', '1', '0', '0', '0', '0', '0', '0'] 分數: 0.66進場 敗，10 天內最高獲利: 3.91% (2025-10-03)
2855 2025-09-23 features: ['0', '0', '0', '0', '0', '0', '72.88', '0.62', '85.00', '76.77', '1.02', '1.05', '1.12', '2.05', '1.79', '1', '0', '1', '0', '1', '1', '1', '1', '0', '0', '1', '0', '0', '0', '0', '0', '0'] 分數: 0.68進場 敗，10 天內最高獲利: 5.00% (2025-10-03)
2816 2025-11-10 features: ['0', '0', '0', '0', '0', '0', '72.25', '0.25', '67.50', '62.50', '1.01', '1.03', '1.04', '2.11', '3.56', '1', '0', '1', '0', '1', '1', '1', '1', '1', '0', '1', '0', '0', '0', '0', '0', '0'] 分數: 0.68進場 勝，10 天內最高獲利: 8.14% (2025-11-20)
2838 2025-10-09 features: ['0', '0', '0', '0', '0', '0', '82.49', '0.41', '70.73', '84.34', '1.02', '1.07', '1.10', '0.68', '0.84', '1', '0', '0', '0', '1', '1', '1', '1', '1', '0', '1', '0', '0', '1', '0', '0', '0'] 分數: 0.66進場 敗，10 天內最高獲利: 2.35% (2025-10-17)
2851 2025-11-07 features: ['0', '0', '0', '0', '0', '0', '74.31', '0.24', '72.73', '77.58', '1.02', '1.03', '1.05', '2.78', '2.33', '1', '0', '0', '0', '1', '1', '1', '1', '0', '1', '1', '0', '1', '0', '0', '0', '0'] 分數: 0.69進場 勝，10 天內最高獲利: 5.16% (2025-11-14)

近 60 天內總勝率: 6/11 = 54.55%
分數>95分位且多頭排列持續性勝率: 69.81% (樣本數: 106)
分數>95分位且多頭排列且量能持續放大勝率: 66.00% (樣本數: 100)
剛形成多頭排列勝率: 6.61% (樣本數: 257)

[BYPASS Step3: 畫圖]

[Step 4: 進出場買賣模擬 (Entry and exit trading simulation)]

🔍 昨日 (2025-12-15) 有訊號，今日 (2025-12-16) 用開盤價進場 (模擬持有部位)
昨日所有股票都沒有進場訊號

最近 10 天內所有分數 >= 95 分位(0.66) 且多頭排列持續且量能放大且多頭+RSI>50的進場訊號 (含預測，無勝負結果)
最近 10 天內沒有任何進場訊號

今日(2025-12-16)有訊號，預測(2025-12-17)進場的 Predicted

已更新模擬自動下單 Excel: C:\Users\Jerry-yc.Liu\Desktop\script\stock_signal_charts\auto_trade_sim.xlsx，sheet: 銀行業

全部執行總耗時: 45.39 秒
