所有 print 內容將同步寫入 C:\Users\Jerry-yc.Liu\Desktop\script\stock_signal_charts\20251203_231206_銀行業\stock_analysis_20251203_231206_銀行業.log
正在讀取大 pkl: C:\Users\Jerry-yc.Liu\Desktop\script\cache\all_stock_2y.pkl
大 pkl 讀取完成，共有 854 檔股票
可用股票數量: 34
銀行業 全部有快取的股票代號: 
['2801', '2809', '2812', '2816', '2820', '2832', '2834', '2836', '2838', '2845', '2849', '2850', '2851', '2852', '2855', '2867', '2880', '2881', '2882', '2883', '2884', '2885', '2886', '2887', '2888', '2889', '2890', '2891', '2892', '2897', '5876', '5880', '6005', '6024']
✅ 快取最新交易日為 2025-12-02, 昨日訊號才有可能出現。

[Step 1: Random Forest 訓練權重 (Random Forest Algo)]
訓練集勝率: 77.30%
測試集勝率: 73.14%
Random Forest 訓練耗時: 11.16 秒
y_all 樣本分布 (0=敗, 1=勝):
0    10242
1     1547
dtype: int64
勝率比例: 13.122402%

混淆矩陣 (Confusion Matrix):
[[2398  675]
 [ 976 2097]]

分類報告 (Classification Report):
              precision    recall  f1-score   support

           0     0.7107    0.7803    0.7439      3073
           1     0.7565    0.6824    0.7175      3073

    accuracy                         0.7314      6146
   macro avg     0.7336    0.7314    0.7307      6146
weighted avg     0.7336    0.7314    0.7307      6146


各特徵對模型預測勝率的重要性: 
k_pattern   : 0.0074
ma_cross    : 0.0021
rsi_signal  : 0.0022
macd_signal : 0.0018
kd_cross    : 0.0018
vol_cross   : 0.0005
RSI         : 0.0754
MACD        : 0.1519
K           : 0.0455
D           : 0.0739
close/5MA   : 0.1031
close/20MA  : 0.1434
close/60MA  : 0.2055
vol/5MA     : 0.0525
vol/20MA    : 0.0538
bullish_ma  : 0.0059
bullish_ma_just: 0.0014
vol_up_just : 0.0043
rsi_just    : 0.0034
ma5_up      : 0.0076
ma20_up     : 0.0076
ma60_up     : 0.0120
bullish_ma_n: 0.0069
ma5_up_n    : 0.0037
vol_up_n    : 0.0051
bullish_ma_and_rsi: 0.0063
ma5_up_and_macd: 0.0021
bullish_ma_and_vol: 0.0027
is_w_buttom : 0.0041
is_triangle : 0.0008
is_cup_handle: 0.0020
is_inverse_head_shoulder: 0.0033
特徵重要性圖已存檔於 C:\Users\Jerry-yc.Liu\Desktop\script\stock_signal_charts\20251203_231206_銀行業\feature_importances.png

[Step 2: 多股票回測與分數分布 (Multi Stock Analyze)]
回測分數分布總耗時: 21.09 秒

分數分布統計: 最小值：0.19，最大值: 0.96，平均值:0.44，中位數:0.42，95分位: 0.66

近 60 天内分數 >= 95分位 (0.66) 且多頭排列持續且量能放大且多頭+RSI>50的進場訊號:
2832 2025-09-11 features: ['0', '0', '0', '1', '0', '0', '73.37', '0.47', '83.33', '76.41', '1.03', '1.04', '1.09', '1.26', '2.49', '1', '0', '0', '0', '1', '1', '1', '1', '1', '0', '1', '1', '0', '0', '0', '0', '0'] 分數: 0.67進場 敗，10 天內最高獲利: 1.15% (2025-09-15)
2832 2025-09-22 features: ['0', '0', '0', '0', '0', '0', '75.80', '0.72', '92.16', '81.51', '1.02', '1.05', '1.11', '1.74', '1.36', '1', '0', '0', '0', '1', '1', '1', '1', '0', '0', '1', '0', '0', '0', '0', '0', '0'] 分數: 0.69進場 勝，10 天內最高獲利: 5.04% (2025-09-30)
2832 2025-11-03 features: ['0', '1', '0', '1', '0', '0', '87.25', '1.28', '100', '70.18', '1.24', '1.29', '1.38', '1.42', '1.45', '1', '1', '0', '0', '1', '1', '1', '0', '1', '0', '1', '1', '0', '1', '0', '0', '0'] 分數: 0.78進場 勝，10 天內最高獲利: 6.65% (2025-11-13)
2832 2025-11-13 features: ['0', '0', '0', '0', '0', '0', '88.04', '3.80', '91.53', '95.98', '1.04', '1.22', '1.38', '2.54', '1.57', '1', '0', '0', '0', '1', '1', '1', '1', '1', '1', '1', '0', '1', '1', '0', '0', '0'] 分數: 0.81進場 敗，10 天內最高獲利: 3.76% (2025-11-21)
6005 2025-09-09 features: ['0', '0', '0', '0', '0', '0', '71.95', '0.37', '96.87', '90.50', '1.02', '1.05', '1.10', '1.86', '1.86', '1', '0', '1', '0', '1', '1', '1', '1', '1', '0', '1', '0', '0', '1', '0', '0', '0'] 分數: 0.67進場 勝，10 天內最高獲利: 6.51% (2025-09-12)
2838 2025-10-09 features: ['0', '0', '0', '0', '0', '0', '82.49', '0.41', '70.73', '84.34', '1.02', '1.07', '1.10', '0.68', '0.84', '1', '0', '0', '0', '1', '1', '1', '1', '1', '0', '1', '0', '0', '1', '0', '0', '0'] 分數: 0.70進場 敗，10 天內最高獲利: 2.35% (2025-10-17)
2850 2025-09-01 features: ['0', '0', '0', '0', '0', '0', '76.82', '2.20', '95', '94.17', '1.04', '1.07', '1.10', '2.39', '1.79', '1', '0', '0', '0', '1', '1', '1', '1', '1', '0', '1', '0', '0', '0', '0', '0', '0'] 分數: 0.66進場 勝，10 天內最高獲利: 7.17% (2025-09-05)
2855 2025-09-05 features: ['0', '0', '0', '0', '0', '0', '69.02', '0.26', '78.57', '85.45', '1.03', '1.04', '1.05', '2.23', '1.98', '1', '0', '0', '0', '1', '1', '0', '1', '1', '0', '1', '0', '0', '1', '0', '0', '0'] 分數: 0.68進場 勝，10 天內最高獲利: 5.80% (2025-09-15)
2855 2025-09-23 features: ['0', '0', '0', '0', '0', '0', '72.88', '0.62', '85.00', '76.77', '1.02', '1.05', '1.12', '2.05', '1.79', '1', '0', '1', '0', '1', '1', '1', '1', '0', '0', '1', '0', '0', '0', '0', '0', '0'] 分數: 0.70進場 敗，10 天內最高獲利: 5.00% (2025-10-03)
5876 2025-09-10 features: ['0', '0', '0', '1', '0', '0', '33.75', '-0.84', '42.11', '33.33', '1.00', '0.98', '0.93', '1.51', '1.50', '0', '0', '0', '0', '0', '0', '0', '0', '0', '1', '0', '0', '0', '0', '0', '0', '0'] 分數: 0.66進場 敗，10 天內最高獲利: 2.68% (2025-09-19)
2867 2025-08-21 features: ['0', '0', '0', '1', '0', '0', '69.20', '0.08', '77.27', '56.46', '1.04', '1.05', '1.08', '2.39', '2.48', '1', '0', '0', '0', '1', '1', '1', '1', '0', '0', '1', '1', '0', '0', '0', '0', '0'] 分數: 0.75進場 勝，10 天內最高獲利: 9.37% (2025-08-25)
2867 2025-09-01 features: ['0', '0', '0', '0', '0', '0', '68.59', '0.18', '89.25', '56.42', '1.06', '1.11', '1.18', '1.68', '3.14', '1', '0', '1', '0', '1', '1', '1', '1', '0', '0', '1', '0', '0', '1', '0', '0', '0'] 分數: 0.67進場 敗，10 天內最高獲利: 1.80% (2025-09-02)
2867 2025-09-17 features: ['0', '0', '0', '0', '0', '0', '49.05', '0.15', '5.17', '11.62', '0.97', '0.97', '1.07', '1.34', '0.90', '1', '0', '1', '0', '0', '1', '1', '1', '0', '0', '0', '0', '0', '0', '0', '0', '0'] 分數: 0.70進場 敗，10 天內最高獲利: 2.41% (2025-09-24)
2867 2025-10-13 features: ['1', '0', '0', '0', '0', '0', '55.61', '0.09', '48.00', '46.47', '0.99', '1.02', '1.08', '0.48', '0.81', '1', '0', '0', '0', '1', '0', '1', '1', '0', '0', '1', '0', '0', '0', '0', '0', '0'] 分數: 0.67進場 勝，10 天內最高獲利: 9.98% (2025-10-23)

近 60 天內總勝率: 7/14 = 50.00%
分數>95分位且多頭排列持續性勝率: 61.80% (樣本數: 89)
分數>95分位且多頭排列且量能持續放大勝率: 63.04% (樣本數: 92)
剛形成多頭排列勝率: 6.44% (樣本數: 264)

[BYPASS Step3: 畫圖]

[Step 4: 進出場買賣模擬 (Entry and exit trading simulation)]

🔍 昨日 (2025-12-01) 有訊號，今日 (2025-12-02) 用開盤價進場 (模擬持有部位)
模擬進場 2832 台產 昨日 (2025-12-01) 分數: 0.659，今日(2025-12-02) 以開盤價 53.8 進場 ✅！

最近 10 天內所有分數 >= 95 分位(0.66) 且多頭排列持續且量能放大且多頭+RSI>50的進場訊號 (含預測，無勝負結果)
2832 群益期 2025-11-20 分數: 0.730 預測訊號，無勝負結果
2832 群益期 2025-11-21 分數: 0.672 預測訊號，無勝負結果
2832 群益期 2025-11-24 分數: 0.787 預測訊號，無勝負結果
2832 群益期 2025-11-25 分數: 0.764 預測訊號，無勝負結果
2832 群益期 2025-11-26 分數: 0.700 預測訊號，無勝負結果
2832 群益期 2025-11-27 分數: 0.758 預測訊號，無勝負結果
2832 群益期 2025-12-01 分數: 0.659 預測訊號，無勝負結果
2851 群益期 2025-11-24 分數: 0.659 預測訊號，無勝負結果

今日(2025-12-02)有訊號，預測(2025-12-03)進場的 Predicted

已更新模擬自動下單 Excel: C:\Users\Jerry-yc.Liu\Desktop\script\stock_signal_charts\auto_trade_sim.xlsx，sheet: 銀行業

全部執行總耗時: 40.34 秒
