所有 print 內容將同步寫入 C:\Users\Jerry-yc.Liu\Desktop\script\stock_signal_charts\20251204_213957_其他行業\stock_analysis_20251204_213957_其他行業.log
正在讀取大 pkl: C:\Users\Jerry-yc.Liu\Desktop\script\cache\all_stock_2y.pkl
大 pkl 讀取完成，共有 854 檔股票
可用股票數量: 18
其他行業 全部有快取的股票代號: 
['1432', '1598', '1736', '2062', '2762', '3557', '4536', '5306', '6670', '6671', '6754', '6768', '6807', '8462', '8464', '8467', '8478', '8482']
✅ 快取最新交易日為 2025-12-04, 昨日訊號才有可能出現。

[Step 1: Random Forest 訓練權重 (Random Forest Algo)]
訓練集勝率: 80.71%
測試集勝率: 71.19%
Random Forest 訓練耗時: 7.08 秒
y_all 樣本分布 (0=敗, 1=勝):
0    4270
1    1526
dtype: int64
勝率比例: 26.328502%

混淆矩陣 (Confusion Matrix):
[[940 341]
 [397 884]]

分類報告 (Classification Report):
              precision    recall  f1-score   support

           0     0.7031    0.7338    0.7181      1281
           1     0.7216    0.6901    0.7055      1281

    accuracy                         0.7119      2562
   macro avg     0.7123    0.7119    0.7118      2562
weighted avg     0.7123    0.7119    0.7118      2562


各特徵對模型預測勝率的重要性: 
k_pattern   : 0.0044
ma_cross    : 0.0033
rsi_signal  : 0.0014
macd_signal : 0.0017
kd_cross    : 0.0039
vol_cross   : 0.0018
RSI         : 0.0964
MACD        : 0.1223
K           : 0.0684
D           : 0.0919
close/5MA   : 0.1133
close/20MA  : 0.0988
close/60MA  : 0.1486
vol/5MA     : 0.0660
vol/20MA    : 0.0639
bullish_ma  : 0.0047
bullish_ma_just: 0.0016
vol_up_just : 0.0069
rsi_just    : 0.0022
ma5_up      : 0.0048
ma20_up     : 0.0126
ma60_up     : 0.0236
bullish_ma_n: 0.0038
ma5_up_n    : 0.0084
vol_up_n    : 0.0101
bullish_ma_and_rsi: 0.0032
ma5_up_and_macd: 0.0019
bullish_ma_and_vol: 0.0076
is_w_buttom : 0.0060
is_triangle : 0.0060
is_cup_handle: 0.0051
is_inverse_head_shoulder: 0.0053
特徵重要性圖已存檔於 C:\Users\Jerry-yc.Liu\Desktop\script\stock_signal_charts\20251204_213957_其他行業\feature_importances.png

[Step 2: 多股票回測與分數分布 (Multi Stock Analyze)]
回測分數分布總耗時: 13.24 秒

分數分布統計: 最小值：0.22，最大值: 0.91，平均值:0.46，中位數:0.45，95分位: 0.66

近 60 天内分數 >= 95分位 (0.66) 且多頭排列持續且量能放大且多頭+RSI>50的進場訊號:
6768 2025-10-14 features: ['0', '0', '0', '0', '0', '0', '61.04', '4.03', '62.50', '71.17', '0.98', '1.07', '1.10', '0.48', '0.95', '1', '0', '0', '0', '0', '1', '1', '1', '0', '0', '1', '0', '0', '1', '0', '1', '0'] 分數: 0.69進場 勝，10 天內最高獲利: 6.03% (2025-10-15)
1598 2025-10-14 features: ['0', '0', '0', '0', '0', '0', '49.48', '0.24', '27.27', '49.21', '0.98', '1.00', '1.02', '1.75', '1.12', '1', '0', '0', '0', '0', '1', '1', '1', '0', '1', '0', '0', '1', '0', '0', '0', '0'] 分數: 0.67進場 勝，10 天內最高獲利: 10.18% (2025-10-21)
1598 2025-11-03 features: ['0', '0', '0', '0', '0', '0', '45.38', '0.22', '15.38', '19.44', '0.98', '0.98', '1.01', '1.81', '1.70', '1', '0', '0', '0', '0', '0', '1', '1', '0', '1', '0', '0', '1', '0', '0', '0', '0'] 分數: 0.68進場 敗，10 天內最高獲利: 4.91% (2025-11-12)
4536 2025-09-11 features: ['0', '0', '0', '0', '0', '0', '43.63', '0.62', '7.41', '23.10', '0.97', '0.98', '0.98', '1.74', '2.32', '1', '0', '1', '0', '0', '0', '0', '1', '0', '0', '0', '0', '0', '0', '0', '0', '0'] 分數: 0.69進場 敗，10 天內最高獲利: 3.84% (2025-09-19)
8462 2025-08-27 features: ['0', '0', '0', '1', '0', '0', '72.49', '3.23', '96.30', '74.37', '1.05', '1.06', '1.14', '1.79', '2.85', '1', '0', '0', '0', '1', '1', '1', '1', '1', '1', '1', '1', '1', '0', '0', '0', '0'] 分數: 0.69進場 勝，10 天內最高獲利: 7.28% (2025-08-29)
8462 2025-09-16 features: ['0', '0', '0', '0', '0', '0', '50.41', '3.58', '4.17', '14.09', '0.97', '0.99', '1.07', '1.13', '0.74', '1', '0', '1', '0', '0', '1', '1', '1', '0', '0', '1', '0', '0', '0', '0', '0', '0'] 分數: 0.72進場 敗，10 天內最高獲利: 3.82% (2025-09-26)
2762 2025-10-30 features: ['0', '0', '0', '0', '0', '0', '49.40', '1.23', '0', '15.22', '0.98', '0.99', '1.03', '1.47', '0.25', '1', '0', '0', '0', '0', '1', '1', '1', '0', '1', '0', '0', '1', '0', '0', '0', '0'] 分數: 0.70進場 敗，10 天內最高獲利: 0.12% (2025-11-03)
1736 2025-09-18 features: ['0', '1', '0', '0', '0', '0', '60.66', '-1.33', '82.93', '85.23', '1.06', '1.07', '0.99', '1.47', '2.53', '0', '0', '0', '0', '1', '1', '0', '0', '1', '1', '0', '0', '0', '0', '0', '0', '0'] 分數: 0.68進場 勝，10 天內最高獲利: 10.97% (2025-09-25)

近 60 天內總勝率: 4/8 = 50.00%
分數>95分位且多頭排列持續性勝率: 68.66% (樣本數: 67)
分數>95分位且多頭排列且量能持續放大勝率: 71.23% (樣本數: 73)
剛形成多頭排列勝率: 17.76% (樣本數: 107)

[BYPASS Step3: 畫圖]

[Step 4: 進出場買賣模擬 (Entry and exit trading simulation)]

🔍 昨日 (2025-12-03) 有訊號，今日 (2025-12-04) 用開盤價進場 (模擬持有部位)
昨日所有股票都沒有進場訊號

最近 10 天內所有分數 >= 95 分位(0.66) 且多頭排列持續且量能放大且多頭+RSI>50的進場訊號 (含預測，無勝負結果)
最近 10 天內沒有任何進場訊號

今日(2025-12-04)有訊號，預測(2025-12-05)進場的 Predicted

已更新模擬自動下單 Excel: C:\Users\Jerry-yc.Liu\Desktop\script\stock_signal_charts\auto_trade_sim.xlsx，sheet: 其他行業

全部執行總耗時: 25.89 秒
