所有 print 內容將同步寫入 C:\Users\Jerry-yc.Liu\Desktop\script\stock_signal_charts\20251221_160523_傳統產業\stock_analysis_20251221_160523_傳統產業.log
正在讀取大 pkl: C:\Users\Jerry-yc.Liu\Desktop\script\cache\all_stock_2y.pkl
大 pkl 讀取完成，共有 854 檔股票
可用股票數量: 326
傳統產業 全部有快取的股票代號: 
['1101', '1102', '1103', '1104', '1108', '1109', '1110', '1201', '1203', '1210', '1213', '1215', '1216', '1217', '1218', '1219', '1220', '1225', '1227', '1229', '1231', '1232', '1233', '1234', '1235', '1236', '1256', '1301', '1303', '1304', '1305', '1307', '1308', '1309', '1310', '1312', '1313', '1314', '1315', '1319', '1321', '1323', '1324', '1325', '1326', '1337', '1338', '1339', '1340', '1341', '1402', '1409', '1410', '1413', '1414', '1417', '1418', '1419', '1423', '1434', '1440', '1441', '1444', '1445', '1446', '1447', '1449', '1451', '1452', '1454', '1455', '1457', '1459', '1460', '1463', '1464', '1465', '1466', '1467', '1468', '1470', '1473', '1474', '1475', '1476', '1477', '1503', '1504', '1506', '1512', '1513', '1514', '1515', '1517', '1519', '1521', '1522', '1524', '1525', '1526', '1527', '1528', '1529', '1530', '1531', '1532', '1533', '1535', '1536', '1537', '1538', '1539', '1540', '1541', '1558', '1560', '1563', '1568', '1583', '1587', '1589', '1590', '1597', '1603', '1604', '1605', '1608', '1609', '1611', '1612', '1614', '1615', '1616', '1617', '1618', '1626', '1702', '1708', '1709', '1710', '1711', '1712', '1713', '1714', '1717', '1718', '1721', '1722', '1723', '1725', '1726', '1727', '1730', '1732', '1735', '1737', '1773', '1776', '1802', '1806', '1809', '1810', '1817', '1903', '1904', '1905', '1906', '1907', '1909', '2002', '2006', '2007', '2008', '2009', '2010', '2012', '2013', '2014', '2015', '2017', '2020', '2022', '2023', '2024', '2025', '2027', '2028', '2029', '2030', '2031', '2032', '2033', '2034', '2038', '2049', '2069', '2101', '2102', '2103', '2104', '2105', '2106', '2107', '2108', '2109', '2114', '2115', '2201', '2204', '2206', '2207', '2208', '2211', '2227', '2228', '2231', '2233', '2236', '2239', '2241', '2243', '2247', '2250', '2371', '2497', '2603', '2605', '2606', '2607', '2608', '2609', '2610', '2611', '2612', '2613', '2615', '2616', '2617', '2618', '2630', '2633', '2634', '2636', '2637', '2642', '2645', '2701', '2702', '2704', '2705', '2706', '2707', '2712', '2722', '2723', '2727', '2731', '2739', '2748', '2753', '3004', '3054', '3167', '3346', '3708', '4306', '4414', '4426', '4438', '4439', '4440', '4526', '4532', '4540', '4551', '4552', '4555', '4557', '4560', '4562', '4564', '4566', '4569', '4571', '4572', '4576', '4581', '4583', '4720', '4722', '4739', '4755', '4763', '4764', '4766', '4770', '4930', '5007', '5283', '5288', '5292', '5538', '5607', '5608', '5706', '6288', '6505', '6581', '6582', '6605', '6606', '6641', '6753', '6790', '6806', '8222', '8341', '8367', '8374', '8422', '8438', '8473', '8476', '8926', '8940', '8996']
✅ 快取最新交易日為 2025-12-19, 昨日訊號才有可能出現。

[Step 1: Random Forest 訓練權重 (Random Forest Algo)]
訓練集勝率: 64.49%
測試集勝率: 63.16%
Random Forest 訓練耗時: 96.58 秒
y_all 樣本分布 (0=敗, 1=勝):
0    87461
1    22277
dtype: int64
勝率比例: 20.300169%

混淆矩陣 (Confusion Matrix):
[[17596  8643]
 [10692 15546]]

分類報告 (Classification Report):
              precision    recall  f1-score   support

           0     0.6220    0.6706    0.6454     26239
           1     0.6427    0.5925    0.6166     26238

    accuracy                         0.6316     52477
   macro avg     0.6324    0.6316    0.6310     52477
weighted avg     0.6324    0.6316    0.6310     52477


各特徵對模型預測勝率的重要性: 
k_pattern   : 0.0029
ma_cross    : 0.0010
rsi_signal  : 0.0013
macd_signal : 0.0010
kd_cross    : 0.0011
vol_cross   : 0.0041
RSI         : 0.0696
MACD        : 0.1323
K           : 0.0417
D           : 0.0433
close/5MA   : 0.1614
close/20MA  : 0.1622
close/60MA  : 0.2712
vol/5MA     : 0.0257
vol/20MA    : 0.0289
bullish_ma  : 0.0030
bullish_ma_just: 0.0004
vol_up_just : 0.0020
rsi_just    : 0.0007
ma5_up      : 0.0045
ma20_up     : 0.0055
ma60_up     : 0.0092
bullish_ma_n: 0.0027
ma5_up_n    : 0.0062
vol_up_n    : 0.0022
bullish_ma_and_rsi: 0.0025
ma5_up_and_macd: 0.0006
bullish_ma_and_vol: 0.0006
is_w_buttom : 0.0044
is_triangle : 0.0039
is_cup_handle: 0.0027
is_inverse_head_shoulder: 0.0013
特徵重要性圖已存檔於 C:\Users\Jerry-yc.Liu\Desktop\script\stock_signal_charts\20251221_160523_傳統產業\feature_importances.png

[Step 2: 多股票回測與分數分布 (Multi Stock Analyze)]
回測分數分布總耗時: 199.84 秒

分數分布統計: 最小值：0.24，最大值: 0.96，平均值:0.48，中位數:0.47，95分位: 0.65

近 60 天内分數 >= 95分位 (0.65) 且多頭排列持續且量能放大且多頭+RSI>50的進場訊號:
1517 2025-10-09 features: ['0', '0', '0', '0', '0', '0', '86.88', '0.28', '100', '65.48', '1.11', '1.16', '1.19', '5.47', '6.24', '1', '0', '0', '0', '1', '1', '1', '1', '0', '1', '1', '0', '1', '0', '0', '0', '0'] 分數: 0.66進場 勝，10 天內最高獲利: 14.00% (2025-10-14)
8422 2025-10-22 features: ['1', '0', '0', '0', '0', '0', '89.13', '6.82', '100', '91.77', '1.12', '1.19', '1.24', '5.04', '7.56', '1', '0', '0', '0', '1', '1', '1', '1', '1', '1', '1', '0', '1', '1', '0', '0', '0'] 分數: 0.71進場 敗，10 天內最高獲利: -2.03% (2025-10-30)
8422 2025-11-19 features: ['0', '0', '0', '0', '0', '0', '12.35', '-31.08', '0.13', '0.20', '0.19', '0.11', '0.11', '2.27', '6.47', '0', '0', '0', '0', '0', '0', '0', '0', '0', '1', '0', '0', '0', '0', '0', '0', '0'] 分數: 0.71進場 勝，10 天內最高獲利: 18.90% (2025-11-26)
2236 2025-10-15 features: ['0', '0', '0', '0', '0', '0', '23.79', '-0.96', '13.90', '16.09', '0.90', '0.86', '0.89', '4.59', '3.38', '0', '0', '0', '0', '0', '0', '0', '0', '0', '1', '0', '0', '0', '0', '0', '0', '0'] 分數: 0.76進場 敗，10 天內最高獲利: 0.11% (2025-10-23)
2605 2025-12-04 features: ['0', '0', '0', '0', '0', '0', '81.03', '1.41', '100', '91.01', '1.11', '1.27', '1.32', '1.56', '3.75', '1', '0', '0', '0', '1', '1', '1', '1', '1', '1', '1', '0', '1', '1', '0', '0', '0'] 分數: 0.69進場 敗，10 天內最高獲利: -9.98% (2025-12-05)
5288 2025-09-12 features: ['0', '0', '0', '0', '1', '0', '23.52', '-3.27', '12.20', '6.29', '0.94', '0.91', '0.85', '1.50', '2.48', '0', '0', '0', '0', '0', '0', '0', '0', '0', '1', '0', '0', '0', '0', '0', '0', '0'] 分數: 0.75進場 敗，10 天內最高獲利: 0.00% (2025-09-15)
1419 2025-11-24 features: ['1', '0', '0', '0', '0', '0', '77.05', '3.01', '100', '90.57', '1.11', '1.21', '1.29', '4.12', '2.20', '1', '0', '0', '0', '1', '1', '1', '1', '1', '0', '1', '0', '0', '0', '0', '0', '0'] 分數: 0.66進場 敗，10 天內最高獲利: -1.89% (2025-11-25)
6605 2025-10-01 features: ['0', '0', '0', '0', '0', '0', '26.47', '-5.08', '0', '18.38', '0.97', '0.94', '0.82', '2.04', '1.86', '0', '0', '0', '0', '0', '0', '0', '0', '0', '1', '0', '0', '0', '0', '0', '0', '0'] 分數: 0.69進場 勝，10 天內最高獲利: 5.51% (2025-10-08)
6605 2025-10-13 features: ['0', '0', '0', '0', '0', '0', '45.84', '-3.78', '70.83', '62.50', '1.02', '1.01', '0.89', '1.92', '2.23', '0', '0', '0', '0', '1', '0', '0', '0', '1', '1', '0', '0', '0', '0', '0', '0', '0'] 分數: 0.70進場 敗，10 天內最高獲利: 4.53% (2025-10-23)
6582 2025-10-14 features: ['0', '0', '0', '0', '0', '0', '82.12', '0.47', '86.39', '94.92', '1.13', '1.22', '1.16', '2.87', '5.21', '0', '0', '0', '0', '1', '1', '1', '0', '1', '1', '0', '0', '0', '0', '0', '1', '0'] 分數: 0.66進場 敗，10 天內最高獲利: 0.54% (2025-10-15)
1810 2025-11-18 features: ['0', '0', '0', '0', '0', '0', '29.29', '-0.58', '8.82', '12.27', '0.95', '0.92', '0.84', '2.07', '2.01', '0', '0', '0', '0', '0', '0', '0', '0', '0', '1', '0', '0', '0', '0', '0', '0', '0'] 分數: 0.68進場 勝，10 天內最高獲利: 13.64% (2025-11-26)
4564 2025-11-25 features: ['0', '0', '0', '1', '0', '0', '41.72', '-0.62', '72.41', '58.66', '1.03', '0.98', '0.89', '1.91', '1.32', '0', '0', '0', '0', '1', '0', '0', '0', '0', '1', '0', '1', '0', '0', '0', '0', '0'] 分數: 0.66進場 勝，10 天內最高獲利: 7.65% (2025-11-26)
4722 2025-09-30 features: ['1', '0', '0', '0', '0', '0', '79.74', '17.55', '100', '85.71', '1.10', '1.33', '1.82', '0.55', '1.10', '1', '0', '0', '0', '1', '1', '1', '1', '1', '0', '1', '0', '0', '1', '0', '0', '0'] 分數: 0.69進場 勝，10 天內最高獲利: 11.43% (2025-10-03)
2033 2025-09-25 features: ['0', '0', '0', '0', '0', '0', '83.48', '0.80', '100', '88.21', '1.12', '1.19', '1.30', '3.15', '4.88', '1', '0', '0', '0', '1', '1', '1', '1', '1', '1', '1', '0', '1', '0', '0', '0', '0'] 分數: 0.67進場 敗，10 天內最高獲利: 2.10% (2025-09-30)
1802 2025-12-02 features: ['0', '0', '0', '0', '0', '0', '64.38', '1.50', '90.98', '86.16', '1.07', '1.13', '1.26', '1.91', '1.79', '1', '0', '0', '0', '1', '1', '1', '1', '1', '1', '1', '0', '1', '0', '0', '0', '0'] 分數: 0.67進場 敗，10 天內最高獲利: 7.55% (2025-12-09)
2103 2025-11-19 features: ['0', '0', '0', '0', '0', '0', '21.52', '-0.38', '3.70', '7.95', '0.96', '0.93', '0.87', '1.41', '2.86', '0', '0', '0', '0', '0', '0', '0', '0', '0', '1', '0', '0', '0', '0', '0', '0', '0'] 分數: 0.66進場 勝，10 天內最高獲利: 12.32% (2025-11-28)
1231 2025-10-07 features: ['0', '0', '0', '0', '0', '0', '18.06', '-4.15', '6.45', '11.45', '0.94', '0.90', '0.85', '2.84', '4.83', '0', '0', '0', '0', '0', '0', '0', '0', '0', '1', '0', '0', '0', '0', '0', '0', '0'] 分數: 0.73進場 敗，10 天內最高獲利: 1.29% (2025-10-09)
1340 2025-09-23 features: ['0', '0', '0', '0', '0', '0', '81.03', '0.28', '85.90', '95.30', '1.15', '1.30', '1.29', '3.19', '4.82', '0', '0', '0', '0', '1', '1', '1', '0', '1', '1', '0', '0', '0', '0', '0', '1', '0'] 分數: 0.66進場 敗，10 天內最高獲利: 6.03% (2025-09-24)
1340 2025-11-04 features: ['0', '0', '0', '0', '0', '0', '31.10', '-0.19', '2.11', '11.81', '0.93', '0.88', '0.90', '2.56', '2.17', '0', '0', '0', '0', '0', '0', '0', '0', '0', '1', '0', '0', '0', '0', '0', '0', '0'] 分數: 0.69進場 勝，10 天內最高獲利: 19.70% (2025-11-13)
1303 2025-11-12 features: ['1', '0', '0', '0', '0', '0', '79.40', '1.27', '100', '90.21', '1.12', '1.17', '1.21', '3.01', '3.79', '1', '0', '0', '0', '1', '1', '1', '1', '1', '1', '1', '0', '1', '1', '0', '0', '0'] 分數: 0.67進場 勝，10 天內最高獲利: 15.06% (2025-11-18)
1303 2025-11-28 features: ['0', '0', '0', '0', '0', '0', '67.64', '3.58', '82.41', '49.59', '1.08', '1.17', '1.36', '2.40', '2.07', '1', '0', '0', '0', '1', '1', '1', '1', '0', '0', '1', '0', '0', '0', '1', '0', '0'] 分數: 0.66進場 勝，10 天內最高獲利: 14.75% (2025-12-03)
1326 2025-11-13 features: ['1', '0', '0', '0', '0', '0', '76.65', '0.72', '100', '90.45', '1.13', '1.18', '1.21', '3.43', '6.42', '1', '0', '0', '0', '1', '1', '1', '0', '1', '1', '1', '0', '1', '1', '0', '0', '0'] 分數: 0.67進場 敗，10 天內最高獲利: -4.49% (2025-11-14)
6505 2025-10-17 features: ['0', '0', '0', '0', '0', '0', '66.43', '0.69', '94.74', '85.61', '1.04', '1.08', '1.08', '1.17', '1.56', '0', '0', '0', '0', '1', '1', '1', '0', '1', '1', '0', '0', '0', '1', '0', '1', '0'] 分數: 0.66進場 勝，10 天內最高獲利: 6.29% (2025-10-23)
6505 2025-11-10 features: ['1', '0', '0', '0', '0', '0', '78.60', '2.04', '96.53', '94.78', '1.08', '1.16', '1.24', '1.89', '2.29', '1', '0', '0', '0', '1', '1', '1', '1', '1', '1', '1', '0', '1', '0', '0', '0', '0'] 分數: 0.69進場 勝，10 天內最高獲利: 8.29% (2025-11-20)
1608 2025-11-04 features: ['0', '0', '0', '0', '0', '0', '75.08', '1.16', '100', '89.01', '1.13', '1.21', '1.27', '1.08', '1.51', '1', '0', '0', '0', '1', '1', '1', '1', '1', '0', '1', '0', '0', '1', '0', '0', '0'] 分數: 0.69進場 敗，10 天內最高獲利: 4.01% (2025-11-05)
2634 2025-11-18 features: ['0', '0', '0', '0', '1', '0', '26.09', '-2.07', '2.33', '1.74', '0.96', '0.91', '0.83', '1.41', '1.09', '0', '0', '0', '0', '0', '0', '1', '0', '0', '1', '0', '0', '0', '0', '0', '0', '0'] 分數: 0.66進場 勝，10 天內最高獲利: 16.63% (2025-11-26)
1589 2025-11-05 features: ['0', '0', '0', '0', '1', '0', '24.15', '-0.84', '9.46', '3.15', '0.96', '0.86', '0.85', '1.10', '0.83', '0', '0', '1', '0', '0', '0', '0', '0', '0', '1', '0', '0', '0', '0', '0', '0', '0'] 分數: 0.68進場 敗，10 天內最高獲利: 1.08% (2025-11-06)
2009 2025-09-26 features: ['1', '0', '0', '0', '0', '1', '82.62', '0.92', '100', '89.36', '1.15', '1.21', '1.23', '18.77', '26.05', '1', '0', '0', '0', '1', '1', '1', '1', '1', '1', '1', '0', '1', '0', '0', '0', '0'] 分數: 0.69進場 敗，10 天內最高獲利: 0.83% (2025-09-30)
2009 2025-10-09 features: ['0', '0', '0', '0', '0', '0', '77.34', '2.64', '84.66', '86.21', '1.08', '1.24', '1.32', '2.01', '3.80', '1', '0', '0', '0', '1', '1', '1', '1', '1', '1', '1', '0', '1', '1', '0', '0', '0'] 分數: 0.67進場 敗，10 天內最高獲利: -6.07% (2025-10-13)
2009 2025-12-04 features: ['1', '0', '0', '0', '0', '0', '70.28', '0.93', '100', '90.96', '1.11', '1.18', '1.21', '3.56', '7.99', '1', '0', '1', '0', '1', '1', '1', '1', '1', '0', '1', '0', '0', '1', '0', '1', '0'] 分數: 0.66進場 敗，10 天內最高獲利: -3.98% (2025-12-05)
1587 2025-09-17 features: ['1', '0', '0', '0', '0', '0', '64.83', '1.69', '91.78', '70.55', '1.06', '1.15', '1.26', '1.42', '2.81', '1', '0', '0', '0', '1', '1', '1', '1', '0', '1', '1', '0', '1', '0', '0', '0', '0'] 分數: 0.66進場 勝，10 天內最高獲利: 10.00% (2025-09-18)
1590 2025-10-07 features: ['1', '1', '0', '0', '0', '0', '67.85', '-0.86', '100', '85.66', '1.08', '1.09', '1.05', '2.38', '3.38', '0', '0', '0', '0', '1', '1', '0', '0', '1', '1', '0', '0', '0', '1', '0', '0', '0'] 分數: 0.66進場 勝，10 天內最高獲利: 6.99% (2025-10-16)
1727 2025-11-25 features: ['1', '0', '0', '0', '0', '0', '67.57', '1.12', '100', '70.82', '1.11', '1.19', '1.19', '2.58', '4.38', '1', '1', '0', '0', '1', '1', '1', '0', '0', '0', '1', '0', '0', '0', '0', '1', '0'] 分數: 0.66進場 敗，10 天內最高獲利: -7.01% (2025-11-28)
1583 2025-11-20 features: ['0', '0', '0', '0', '0', '0', '24.03', '-1.51', '0', '3.60', '0.96', '0.92', '0.86', '2.13', '1.84', '0', '0', '0', '0', '0', '0', '0', '0', '0', '1', '0', '0', '0', '0', '0', '0', '0'] 分數: 0.66進場 勝，10 天內最高獲利: 9.93% (2025-11-24)
1711 2025-09-10 features: ['1', '0', '0', '0', '0', '0', '79.69', '0.75', '100', '81.86', '1.13', '1.18', '1.29', '7.14', '8.67', '1', '0', '0', '0', '1', '1', '1', '1', '1', '1', '1', '0', '1', '0', '0', '0', '0'] 分數: 0.67進場 敗，10 天內最高獲利: -5.91% (2025-09-11)
1519 2025-10-30 features: ['0', '0', '0', '0', '0', '0', '66.37', '6.81', '89.61', '81.90', '1.07', '1.11', '1.07', '4.01', '5.23', '0', '0', '0', '0', '1', '1', '0', '0', '1', '1', '0', '0', '0', '0', '0', '1', '0'] 分數: 0.67進場 勝，10 天內最高獲利: 20.92% (2025-11-03)
6753 2025-09-10 features: ['1', '0', '0', '0', '0', '0', '81.84', '21.08', '100', '91.98', '1.09', '1.40', '1.76', '0.51', '1.04', '1', '0', '0', '0', '1', '1', '1', '1', '1', '0', '1', '0', '0', '0', '0', '0', '0'] 分數: 0.66進場 敗，10 天內最高獲利: -9.34% (2025-09-11)
2201 2025-11-14 features: ['1', '0', '0', '0', '0', '1', '82.98', '1.21', '100', '100.00', '1.18', '1.29', '1.29', '13.22', '24.11', '0', '0', '0', '0', '1', '1', '1', '0', '1', '1', '0', '0', '0', '0', '0', '1', '0'] 分數: 0.70進場 敗，10 天內最高獲利: -9.92% (2025-11-17)
1605 2025-10-09 features: ['0', '0', '0', '0', '0', '0', '79.95', '1.72', '93.08', '95.22', '1.15', '1.30', '1.40', '2.92', '5.16', '1', '0', '0', '0', '1', '1', '1', '1', '1', '1', '1', '0', '1', '0', '0', '0', '0'] 分數: 0.74進場 敗，10 天內最高獲利: -4.33% (2025-10-13)
1605 2025-11-13 features: ['1', '0', '0', '1', '0', '0', '69.78', '1.22', '100', '87.96', '1.11', '1.14', '1.31', '4.70', '3.72', '1', '0', '0', '0', '1', '1', '1', '1', '1', '1', '1', '1', '1', '1', '0', '0', '1'] 分數: 0.68進場 敗，10 天內最高獲利: -4.79% (2025-11-14)
3167 2025-09-26 features: ['0', '0', '0', '0', '0', '0', '40.43', '-0.99', '4.55', '35.54', '0.90', '0.91', '0.95', '1.67', '1.14', '1', '0', '0', '0', '0', '0', '1', '1', '0', '1', '0', '0', '1', '0', '0', '0', '0'] 分數: 0.68進場 勝，10 天內最高獲利: 6.03% (2025-10-03)
3167 2025-10-14 features: ['0', '0', '0', '0', '0', '0', '41.30', '-4.06', '36.62', '38.09', '0.94', '0.91', '0.90', '1.48', '2.17', '0', '0', '0', '0', '0', '0', '1', '0', '0', '1', '0', '0', '0', '0', '0', '0', '0'] 分數: 0.74進場 敗，10 天內最高獲利: 2.07% (2025-10-15)
3167 2025-12-05 features: ['1', '1', '0', '1', '0', '0', '62.99', '4.67', '100', '68.14', '1.09', '1.09', '1.18', '3.39', '1.66', '1', '1', '0', '0', '1', '1', '1', '0', '1', '0', '1', '1', '0', '0', '0', '0', '0'] 分數: 0.69進場 勝，10 天內最高獲利: 8.82% (2025-12-10)
2607 2025-10-07 features: ['0', '0', '0', '0', '0', '0', '93.64', '1.87', '95.38', '75.79', '1.49', '1.64', '1.66', '0.73', '0.91', '1', '1', '0', '0', '1', '1', '1', '0', '1', '0', '1', '0', '0', '0', '0', '1', '0'] 分數: 0.67進場 敗，10 天內最高獲利: 0.51% (2025-10-16)
2612 2025-12-04 features: ['0', '0', '0', '0', '0', '0', '82.71', '3.64', '100', '92.97', '1.12', '1.32', '1.36', '0.49', '1.03', '1', '0', '0', '0', '1', '1', '1', '1', '1', '0', '1', '0', '0', '1', '0', '0', '0'] 分數: 0.66進場 敗，10 天內最高獲利: -6.84% (2025-12-05)
8996 2025-10-02 features: ['1', '1', '0', '1', '0', '0', '68.10', '3.18', '100', '84.99', '1.15', '1.17', '1.21', '3.32', '3.74', '1', '1', '0', '0', '1', '1', '1', '0', '0', '0', '1', '1', '0', '0', '0', '0', '0'] 分數: 0.70進場 勝，10 天內最高獲利: 8.61% (2025-10-09)
8996 2025-10-14 features: ['0', '0', '0', '0', '0', '0', '74.78', '24.49', '100', '92.54', '1.09', '1.27', '1.35', '0.37', '0.59', '1', '0', '0', '0', '1', '1', '1', '1', '1', '0', '1', '0', '0', '0', '0', '0', '0'] 分數: 0.66進場 勝，10 天內最高獲利: 19.44% (2025-10-16)
8996 2025-11-26 features: ['0', '0', '0', '0', '0', '0', '47.94', '-3.40', '58.82', '46.79', '1.01', '0.90', '1.11', '2.69', '1.72', '0', '0', '0', '0', '1', '0', '1', '0', '0', '1', '0', '0', '0', '0', '0', '0', '0'] 分數: 0.67進場 勝，10 天內最高獲利: 11.95% (2025-12-03)
5608 2025-10-14 features: ['0', '1', '0', '1', '0', '1', '68.98', '0.04', '100', '72.70', '1.09', '1.10', '1.11', '19.24', '11.21', '1', '1', '0', '0', '1', '1', '1', '0', '1', '1', '1', '1', '1', '1', '0', '0', '0'] 分數: 0.66進場 敗，10 天內最高獲利: -5.28% (2025-10-15)
4739 2025-09-26 features: ['1', '0', '0', '0', '0', '0', '75.42', '2.94', '84.43', '89.53', '1.07', '1.13', '1.25', '2.84', '3.01', '1', '0', '0', '0', '1', '1', '1', '1', '1', '1', '1', '0', '1', '0', '0', '0', '0'] 分數: 0.66進場 敗，10 天內最高獲利: -4.51% (2025-10-03)
2723 2025-11-14 features: ['0', '0', '0', '0', '0', '0', '19.88', '-2.03', '0', '22.86', '0.96', '0.91', '0.85', '1.68', '3.06', '0', '0', '0', '0', '0', '0', '0', '0', '0', '1', '0', '0', '0', '0', '0', '0', '0'] 分數: 0.72進場 敗，10 天內最高獲利: 1.27% (2025-11-24)
1473 2025-10-07 features: ['0', '0', '0', '0', '0', '0', '84.72', '0.95', '95.80', '84.87', '1.06', '1.17', '1.17', '1.10', '3.48', '1', '1', '1', '0', '1', '1', '1', '0', '1', '0', '1', '0', '0', '0', '0', '0', '0'] 分數: 0.68進場 敗，10 天內最高獲利: 4.92% (2025-10-17)
4764 2025-12-02 features: ['1', '1', '0', '1', '0', '0', '63.09', '1.20', '98.32', '92.42', '1.13', '1.16', '1.35', '4.89', '4.06', '1', '1', '0', '0', '1', '1', '1', '0', '1', '0', '1', '1', '0', '0', '0', '0', '0'] 分數: 0.72進場 勝，10 天內最高獲利: 37.62% (2025-12-12)

近 60 天內總勝率: 23/53 = 43.40%
分數>95分位且多頭排列持續性勝率: 59.21% (樣本數: 304)
分數>95分位且多頭排列且量能持續放大勝率: 55.30% (樣本數: 897)
剛形成多頭排列勝率: 17.05% (樣本數: 1801)

[BYPASS Step3: 畫圖]

[Step 4: 進出場買賣模擬 (Entry and exit trading simulation)]

🔍 昨日 (2025-12-18) 有訊號，今日 (2025-12-19) 用開盤價進場 (模擬持有部位)
昨日所有股票都沒有進場訊號

最近 10 天內所有分數 >= 95 分位(0.65) 且多頭排列持續且量能放大且多頭+RSI>50的進場訊號 (含預測，無勝負結果)
1475 高力 2025-12-11 分數: 0.710 預測訊號，無勝負結果
1475 高力 2025-12-15 分數: 0.738 預測訊號，無勝負結果
1519 高力 2025-12-10 分數: 0.666 預測訊號，無勝負結果
2236 高力 2025-12-09 分數: 0.672 預測訊號，無勝負結果
3167 高力 2025-12-09 分數: 0.671 預測訊號，無勝負結果
4764 高力 2025-12-10 分數: 0.730 預測訊號，無勝負結果
4764 高力 2025-12-12 分數: 0.689 預測訊號，無勝負結果
4764 高力 2025-12-15 分數: 0.713 預測訊號，無勝負結果
4764 高力 2025-12-19 分數: 0.664 預測訊號，無勝負結果
4770 高力 2025-12-10 分數: 0.686 預測訊號，無勝負結果

今日(2025-12-19)有訊號，預測(2025-12-22)進場的 Predicted
4764 雙鍵 今日 (2025-12-19) 分數: 0.664 下個交易日 (2025-12-22) 預測進場

已更新模擬自動下單 Excel: C:\Users\Jerry-yc.Liu\Desktop\script\stock_signal_charts\auto_trade_sim.xlsx，sheet: 傳統產業

全部執行總耗時: 355.20 秒
