所有 print 內容將同步寫入 C:\Users\Jerry-yc.Liu\Desktop\script\stock_signal_charts\20260317_081508_傳統產業\stock_analysis_20260317_081508_傳統產業.log
正在讀取大 pkl: C:\Users\Jerry-yc.Liu\Desktop\script\cache\all_stock_2y.pkl
大 pkl 讀取完成，共有 854 檔股票
可用股票數量: 326
傳統產業 全部有快取的股票代號: 
['1101', '1102', '1103', '1104', '1108', '1109', '1110', '1201', '1203', '1210', '1213', '1215', '1216', '1217', '1218', '1219', '1220', '1225', '1227', '1229', '1231', '1232', '1233', '1234', '1235', '1236', '1256', '1301', '1303', '1304', '1305', '1307', '1308', '1309', '1310', '1312', '1313', '1314', '1315', '1319', '1321', '1323', '1324', '1325', '1326', '1337', '1338', '1339', '1340', '1341', '1402', '1409', '1410', '1413', '1414', '1417', '1418', '1419', '1423', '1434', '1440', '1441', '1444', '1445', '1446', '1447', '1449', '1451', '1452', '1454', '1455', '1457', '1459', '1460', '1463', '1464', '1465', '1466', '1467', '1468', '1470', '1473', '1474', '1475', '1476', '1477', '1503', '1504', '1506', '1512', '1513', '1514', '1515', '1517', '1519', '1521', '1522', '1524', '1525', '1526', '1527', '1528', '1529', '1530', '1531', '1532', '1533', '1535', '1536', '1537', '1538', '1539', '1540', '1541', '1558', '1560', '1563', '1568', '1583', '1587', '1589', '1590', '1597', '1603', '1604', '1605', '1608', '1609', '1611', '1612', '1614', '1615', '1616', '1617', '1618', '1626', '1702', '1708', '1709', '1710', '1711', '1712', '1713', '1714', '1717', '1718', '1721', '1722', '1723', '1725', '1726', '1727', '1730', '1732', '1735', '1737', '1773', '1776', '1802', '1806', '1809', '1810', '1817', '1903', '1904', '1905', '1906', '1907', '1909', '2002', '2006', '2007', '2008', '2009', '2010', '2012', '2013', '2014', '2015', '2017', '2020', '2022', '2023', '2024', '2025', '2027', '2028', '2029', '2030', '2031', '2032', '2033', '2034', '2038', '2049', '2069', '2101', '2102', '2103', '2104', '2105', '2106', '2107', '2108', '2109', '2114', '2115', '2201', '2204', '2206', '2207', '2208', '2211', '2227', '2228', '2231', '2233', '2236', '2239', '2241', '2243', '2247', '2250', '2371', '2497', '2603', '2605', '2606', '2607', '2608', '2609', '2610', '2611', '2612', '2613', '2615', '2616', '2617', '2618', '2630', '2633', '2634', '2636', '2637', '2642', '2645', '2701', '2702', '2704', '2705', '2706', '2707', '2712', '2722', '2723', '2727', '2731', '2739', '2748', '2753', '3004', '3054', '3167', '3346', '3708', '4306', '4414', '4426', '4438', '4439', '4440', '4526', '4532', '4540', '4551', '4552', '4555', '4557', '4560', '4562', '4564', '4566', '4569', '4571', '4572', '4576', '4581', '4583', '4720', '4722', '4739', '4755', '4763', '4764', '4766', '4770', '4930', '5007', '5283', '5288', '5292', '5538', '5607', '5608', '5706', '6288', '6505', '6581', '6582', '6605', '6606', '6641', '6753', '6790', '6806', '8222', '8341', '8367', '8374', '8422', '8438', '8473', '8476', '8926', '8940', '8996']
✅ 快取最新交易日為 2026-01-29, 昨日訊號才有可能出現。

[Step 1: Random Forest 訓練權重 (Random Forest Algo)]
訓練集勝率: 70.34%
測試集勝率: 67.02%
Random Forest 訓練耗時: 18.92 秒
y_all 樣本分布 (0=敗, 1=勝):
0    13408
1     4662
dtype: int64
勝率比例: 25.799668%

混淆矩陣 (Confusion Matrix):
[[2921 1102]
 [1551 2471]]

分類報告 (Classification Report):
              precision    recall  f1-score   support

           0     0.6532    0.7261    0.6877      4023
           1     0.6916    0.6144    0.6507      4022

    accuracy                         0.6702      8045
   macro avg     0.6724    0.6702    0.6692      8045
weighted avg     0.6724    0.6702    0.6692      8045


各特徵對模型預測勝率的重要性: 
k_pattern   : 0.0035
ma_cross    : 0.0009
rsi_signal  : 0.0024
macd_signal : 0.0021
kd_cross    : 0.0024
vol_cross   : 0.0047
RSI         : 0.0959
MACD        : 0.1552
K           : 0.0689
D           : 0.0725
close/5MA   : 0.1300
close/20MA  : 0.1044
close/60MA  : 0.1892
vol/5MA     : 0.0470
vol/20MA    : 0.0486
bullish_ma  : 0.0029
bullish_ma_just: 0.0011
vol_up_just : 0.0040
rsi_just    : 0.0023
ma5_up      : 0.0055
ma20_up     : 0.0064
ma60_up     : 0.0174
bullish_ma_n: 0.0025
ma5_up_n    : 0.0050
vol_up_n    : 0.0041
bullish_ma_and_rsi: 0.0027
ma5_up_and_macd: 0.0016
bullish_ma_and_vol: 0.0016
is_w_buttom : 0.0063
is_triangle : 0.0050
is_cup_handle: 0.0019
is_inverse_head_shoulder: 0.0020
特徵重要性圖已存檔於 C:\Users\Jerry-yc.Liu\Desktop\script\stock_signal_charts\20260317_081508_傳統產業\feature_importances.png

[Step 2: 多股票回測與分數分布 (Multi Stock Analyze)]
回測分數分布總耗時: 31.15 秒

分數分布統計: 最小值：0.20，最大值: 0.92，平均值:0.48，中位數:0.46，95分位: 0.64

近 60 天内分數 >= 95分位 (0.64) 且多頭排列持續且量能放大且多頭+RSI>50的進場訊號:
5292 2026-01-15 features: ['0', '0', '0', '0', '0', '0', '77.80', '9.83', '76.36', '81.30', '1.03', '1.14', '1.24', '1.87', '1.77', '1', '0', '0', '0', '1', '1', '1', '1', '1', '1', '1', '0', '1', '0', '0', '0', '0'] 分數: 0.64進場 勝，10 天內最高獲利: 18.25% (2026-01-21)
4764 2025-12-09 features: ['1', '0', '0', '0', '0', '0', '68.94', '4.31', '100.00', '89.92', '1.09', '1.27', '1.45', '1.08', '1.93', '1', '0', '1', '0', '1', '1', '1', '1', '1', '0', '1', '0', '0', '0', '0', '0', '0'] 分數: 0.65進場 勝，10 天內最高獲利: 42.59% (2025-12-19)
4764 2025-12-19 features: ['1', '0', '0', '0', '0', '0', '75.18', '12.73', '100.00', '95.99', '1.08', '1.44', '1.80', '1.27', '2.75', '1', '0', '0', '0', '1', '1', '1', '1', '1', '1', '1', '0', '1', '0', '0', '0', '0'] 分數: 0.66進場 敗，10 天內最高獲利: 0.86% (2025-12-26)
4764 2026-01-05 features: ['0', '0', '0', '1', '0', '0', '71.09', '11.88', '100', '64.86', '1.12', '1.22', '1.68', '0.90', '0.61', '1', '0', '0', '0', '1', '1', '1', '1', '0', '0', '1', '1', '0', '0', '0', '0', '0'] 分數: 0.66進場 敗，10 天內最高獲利: 4.72% (2026-01-15)
4764 2026-01-15 features: ['1', '0', '0', '0', '0', '0', '65.74', '10.70', '64', '50.72', '1.06', '1.12', '1.54', '1.49', '0.91', '1', '0', '1', '0', '1', '1', '1', '1', '0', '0', '1', '0', '0', '0', '0', '0', '0'] 分數: 0.64進場 敗，10 天內最高獲利: -2.26% (2026-01-19)
8438 2025-12-31 features: ['1', '0', '0', '0', '0', '0', '93.09', '1.85', '100', '100.00', '1.19', '1.36', '1.38', '5.33', '18.73', '1', '0', '0', '0', '1', '1', '1', '0', '1', '1', '1', '0', '1', '0', '0', '0', '0'] 分數: 0.72進場 勝，10 天內最高獲利: 23.87% (2026-01-08)
8438 2026-01-12 features: ['0', '0', '0', '0', '0', '0', '89.49', '5.85', '96.12', '94.94', '1.03', '1.36', '1.59', '0.16', '0.34', '1', '0', '0', '0', '1', '1', '1', '1', '1', '0', '1', '0', '0', '0', '0', '0', '0'] 分數: 0.64進場 勝，10 天內最高獲利: 21.39% (2026-01-22)
4763 2025-12-17 features: ['0', '0', '1', '1', '0', '0', '46.12', '-2.05', '72.06', '38.66', '1.05', '1.00', '0.91', '2.64', '2.77', '0', '0', '0', '0', '1', '0', '0', '0', '0', '1', '0', '1', '0', '0', '0', '0', '0'] 分數: 0.66進場 勝，10 天內最高獲利: 5.48% (2025-12-19)
6505 2025-11-10 features: ['1', '0', '0', '0', '0', '0', '78.60', '2.04', '96.53', '94.78', '1.08', '1.16', '1.24', '1.89', '2.29', '1', '0', '0', '0', '1', '1', '1', '1', '1', '1', '1', '0', '1', '0', '0', '0', '0'] 分數: 0.64進場 勝，10 天內最高獲利: 8.29% (2025-11-20)
8996 2025-10-30 features: ['0', '0', '0', '0', '0', '0', '79.88', '57.78', '92.13', '93.82', '1.09', '1.27', '1.57', '1.46', '0.46', '1', '0', '0', '0', '1', '1', '1', '1', '1', '0', '1', '0', '0', '0', '0', '0', '0'] 分數: 0.64進場 勝，10 天內最高獲利: 8.52% (2025-11-06)
8996 2026-01-09 features: ['1', '0', '0', '0', '0', '0', '68.13', '21.14', '100', '58.49', '1.08', '1.16', '1.17', '1.84', '2.93', '1', '1', '0', '0', '1', '1', '1', '0', '0', '0', '1', '0', '0', '0', '0', '1', '0'] 分數: 0.67進場 勝，10 天內最高獲利: 19.06% (2026-01-13)
8422 2025-11-19 features: ['0', '0', '0', '0', '0', '0', '12.35', '-31.08', '0.13', '0.20', '0.19', '0.11', '0.11', '2.27', '6.47', '0', '0', '0', '0', '0', '0', '0', '0', '0', '1', '0', '0', '0', '0', '0', '0', '0'] 分數: 0.75進場 勝，10 天內最高獲利: 18.90% (2025-11-26)

近 60 天內總勝率: 9/12 = 75.00%
分數>95分位且多頭排列持續性勝率: 73.12% (樣本數: 93)
分數>95分位且多頭排列且量能持續放大勝率: 73.91% (樣本數: 115)
剛形成多頭排列勝率: 18.45% (樣本數: 336)

[BYPASS Step3: 畫圖]

[Step 4: 進出場買賣模擬 (Entry and exit trading simulation)]

🔍 昨日 (2026-01-28) 有訊號，今日 (2026-01-29) 用開盤價進場 (模擬持有部位)
昨日所有股票都沒有進場訊號

最近 10 天內所有分數 >= 95 分位(0.64) 且多頭排列持續且量能放大且多頭+RSI>50的進場訊號 (含預測，無勝負結果)
4540 高力 2026-01-21 分數: 0.676 預測訊號，無勝負結果
5292 高力 2026-01-20 分數: 0.651 預測訊號，無勝負結果
5292 高力 2026-01-21 分數: 0.660 預測訊號，無勝負結果
6753 高力 2026-01-20 分數: 0.638 預測訊號，無勝負結果
8438 高力 2026-01-16 分數: 0.672 預測訊號，無勝負結果
8438 高力 2026-01-19 分數: 0.662 預測訊號，無勝負結果

今日(2026-01-29)有訊號，預測(2026-01-30)進場的 Predicted

已更新模擬自動下單 Excel: C:\Users\Jerry-yc.Liu\Desktop\script\stock_signal_charts\auto_trade_sim.xlsx，sheet: 傳統產業

全部執行總耗時: 93.66 秒
