所有 print 內容將同步寫入 C:\Users\Jerry-yc.Liu\Desktop\script\stock_signal_charts\20251221_160523_醫療業\stock_analysis_20251221_160523_醫療業.log
正在讀取大 pkl: C:\Users\Jerry-yc.Liu\Desktop\script\cache\all_stock_2y.pkl
大 pkl 讀取完成，共有 854 檔股票
可用股票數量: 42
醫療業 全部有快取的股票代號: 
['1701', '1707', '1720', '1731', '1733', '1734', '1752', '1760', '1762', '1783', '1786', '1789', '1795', '3164', '3705', '4104', '4106', '4108', '4119', '4133', '4137', '4142', '4148', '4155', '4164', '4190', '4736', '4737', '4746', '4771', '6431', '6446', '6472', '6491', '6541', '6550', '6598', '6657', '6666', '6782', '6796', '6861']
✅ 快取最新交易日為 2025-12-19, 昨日訊號才有可能出現。

[Step 1: Random Forest 訓練權重 (Random Forest Algo)]
訓練集勝率: 72.38%
測試集勝率: 68.22%
Random Forest 訓練耗時: 17.91 秒
y_all 樣本分布 (0=敗, 1=勝):
0    11391
1     2605
dtype: int64
勝率比例: 18.612461%

混淆矩陣 (Confusion Matrix):
[[2522  896]
 [1276 2141]]

分類報告 (Classification Report):
              precision    recall  f1-score   support

           0     0.6640    0.7379    0.6990      3418
           1     0.7050    0.6266    0.6635      3417

    accuracy                         0.6822      6835
   macro avg     0.6845    0.6822    0.6812      6835
weighted avg     0.6845    0.6822    0.6812      6835


各特徵對模型預測勝率的重要性: 
k_pattern   : 0.0028
ma_cross    : 0.0014
rsi_signal  : 0.0013
macd_signal : 0.0020
kd_cross    : 0.0042
vol_cross   : 0.0037
RSI         : 0.0814
MACD        : 0.1724
K           : 0.0585
D           : 0.0638
close/5MA   : 0.0979
close/20MA  : 0.1289
close/60MA  : 0.2127
vol/5MA     : 0.0466
vol/20MA    : 0.0619
bullish_ma  : 0.0039
bullish_ma_just: 0.0007
vol_up_just : 0.0042
rsi_just    : 0.0019
ma5_up      : 0.0051
ma20_up     : 0.0052
ma60_up     : 0.0071
bullish_ma_n: 0.0046
ma5_up_n    : 0.0052
vol_up_n    : 0.0032
bullish_ma_and_rsi: 0.0019
ma5_up_and_macd: 0.0011
bullish_ma_and_vol: 0.0008
is_w_buttom : 0.0033
is_triangle : 0.0020
is_cup_handle: 0.0079
is_inverse_head_shoulder: 0.0024
特徵重要性圖已存檔於 C:\Users\Jerry-yc.Liu\Desktop\script\stock_signal_charts\20251221_160523_醫療業\feature_importances.png

[Step 2: 多股票回測與分數分布 (Multi Stock Analyze)]
回測分數分布總耗時: 41.10 秒

分數分布統計: 最小值：0.23，最大值: 0.96，平均值:0.46，中位數:0.44，95分位: 0.66

近 60 天内分數 >= 95分位 (0.66) 且多頭排列持續且量能放大且多頭+RSI>50的進場訊號:
1795 2025-09-30 features: ['0', '0', '0', '0', '0', '0', '85.70', '9.59', '80.77', '93.59', '1.13', '1.30', '1.25', '7.64', '18.19', '0', '0', '0', '0', '1', '1', '1', '0', '1', '1', '0', '0', '0', '0', '0', '1', '0'] 分數: 0.80進場 勝，10 天內最高獲利: 8.48% (2025-10-08)
1795 2025-10-13 features: ['0', '0', '0', '0', '0', '0', '83.45', '22.44', '92.71', '88.21', '1.03', '1.25', '1.33', '0.82', '0.67', '1', '0', '0', '0', '1', '1', '1', '1', '1', '0', '1', '0', '0', '0', '0', '0', '0'] 分數: 0.76進場 勝，10 天內最高獲利: 7.73% (2025-10-21)
6782 2025-11-18 features: ['0', '0', '0', '0', '1', '0', '27.69', '-5.52', '2.86', '2.66', '0.95', '0.89', '0.86', '1.48', '1.37', '0', '0', '1', '0', '0', '0', '0', '0', '0', '1', '0', '0', '0', '0', '0', '0', '0'] 分數: 0.69進場 勝，10 天內最高獲利: 6.55% (2025-11-26)
6431 2025-11-24 features: ['1', '0', '0', '0', '0', '0', '86.02', '0.31', '100', '64.17', '1.10', '1.14', '1.15', '2.73', '4.07', '1', '1', '0', '0', '1', '1', '1', '0', '1', '0', '1', '0', '0', '1', '0', '0', '0'] 分數: 0.71進場 勝，10 天內最高獲利: 42.02% (2025-12-03)
6431 2025-12-04 features: ['0', '0', '0', '0', '0', '0', '96.36', '2.35', '79.07', '93.02', '1.10', '1.39', '1.55', '1.64', '2.54', '1', '0', '0', '0', '1', '1', '1', '1', '1', '1', '1', '0', '1', '1', '0', '0', '0'] 分數: 0.69進場 勝，10 天內最高獲利: 16.85% (2025-12-11)
6861 2025-09-10 features: ['0', '0', '0', '0', '0', '0', '69.52', '1.82', '59.05', '63.91', '1.05', '1.10', '1.17', '3.63', '5.52', '1', '0', '0', '0', '1', '1', '1', '1', '0', '1', '1', '0', '1', '0', '0', '0', '0'] 分數: 0.68進場 勝，10 天內最高獲利: 5.80% (2025-09-15)
6446 2025-09-23 features: ['0', '0', '0', '1', '0', '0', '54.24', '-1.80', '85.11', '55.04', '1.04', '1.02', '1.01', '1.39', '2.09', '0', '0', '0', '1', '1', '1', '0', '0', '0', '1', '0', '1', '0', '0', '0', '0', '0'] 分數: 0.71進場 勝，10 天內最高獲利: 8.12% (2025-10-01)

近 60 天內總勝率: 7/7 = 100.00%
分數>95分位且多頭排列持續性勝率: 85.71% (樣本數: 35)
分數>95分位且多頭排列且量能持續放大勝率: 70.83% (樣本數: 96)
剛形成多頭排列勝率: 14.62% (樣本數: 212)

[BYPASS Step3: 畫圖]

[Step 4: 進出場買賣模擬 (Entry and exit trading simulation)]

🔍 昨日 (2025-12-18) 有訊號，今日 (2025-12-19) 用開盤價進場 (模擬持有部位)
昨日所有股票都沒有進場訊號

最近 10 天內所有分數 >= 95 分位(0.66) 且多頭排列持續且量能放大且多頭+RSI>50的進場訊號 (含預測，無勝負結果)
6431 睿生光電 2025-12-08 分數: 0.681 預測訊號，無勝負結果
6431 睿生光電 2025-12-09 分數: 0.731 預測訊號，無勝負結果
6431 睿生光電 2025-12-10 分數: 0.756 預測訊號，無勝負結果
6431 睿生光電 2025-12-11 分數: 0.672 預測訊號，無勝負結果
6431 睿生光電 2025-12-12 分數: 0.737 預測訊號，無勝負結果

今日(2025-12-19)有訊號，預測(2025-12-22)進場的 Predicted

已更新模擬自動下單 Excel: C:\Users\Jerry-yc.Liu\Desktop\script\stock_signal_charts\auto_trade_sim.xlsx，sheet: 醫療業

全部執行總耗時: 74.67 秒
