所有 print 內容將同步寫入 C:\Users\Jerry-yc.Liu\Desktop\script\stock_signal_charts\20260525_081507_傳統產業\stock_analysis_20260525_081507_傳統產業.log
正在讀取大 pkl: C:\Users\Jerry-yc.Liu\Desktop\script\cache\all_stock_2y.pkl
大 pkl 讀取完成，共有 760 檔股票
可用股票數量: 326
傳統產業 全部有快取的股票代號: 
['1101', '1102', '1103', '1104', '1108', '1109', '1110', '1201', '1203', '1210', '1213', '1215', '1216', '1217', '1218', '1219', '1220', '1225', '1227', '1229', '1231', '1232', '1233', '1234', '1235', '1236', '1256', '1301', '1303', '1304', '1305', '1307', '1308', '1309', '1310', '1312', '1313', '1314', '1315', '1319', '1321', '1323', '1324', '1325', '1326', '1337', '1338', '1339', '1340', '1341', '1402', '1409', '1410', '1413', '1414', '1417', '1418', '1419', '1423', '1434', '1440', '1441', '1444', '1445', '1446', '1447', '1449', '1451', '1452', '1454', '1455', '1457', '1459', '1460', '1463', '1464', '1465', '1466', '1467', '1468', '1470', '1473', '1474', '1475', '1476', '1477', '1503', '1504', '1506', '1512', '1513', '1514', '1515', '1517', '1519', '1521', '1522', '1524', '1525', '1526', '1527', '1528', '1529', '1530', '1531', '1532', '1533', '1535', '1536', '1537', '1538', '1539', '1540', '1541', '1558', '1560', '1563', '1568', '1583', '1587', '1589', '1590', '1597', '1603', '1604', '1605', '1608', '1609', '1611', '1612', '1614', '1615', '1616', '1617', '1618', '1626', '1702', '1708', '1709', '1710', '1711', '1712', '1713', '1714', '1717', '1718', '1721', '1722', '1723', '1725', '1726', '1727', '1730', '1732', '1735', '1737', '1773', '1776', '1802', '1806', '1809', '1810', '1817', '1903', '1904', '1905', '1906', '1907', '1909', '2002', '2006', '2007', '2008', '2009', '2010', '2012', '2013', '2014', '2015', '2017', '2020', '2022', '2023', '2024', '2025', '2027', '2028', '2029', '2030', '2031', '2032', '2033', '2034', '2038', '2049', '2069', '2101', '2102', '2103', '2104', '2105', '2106', '2107', '2108', '2109', '2114', '2115', '2201', '2204', '2206', '2207', '2208', '2211', '2227', '2228', '2231', '2233', '2236', '2239', '2241', '2243', '2247', '2250', '2371', '2497', '2603', '2605', '2606', '2607', '2608', '2609', '2610', '2611', '2612', '2613', '2615', '2616', '2617', '2618', '2630', '2633', '2634', '2636', '2637', '2642', '2645', '2701', '2702', '2704', '2705', '2706', '2707', '2712', '2722', '2723', '2727', '2731', '2739', '2748', '2753', '3004', '3054', '3167', '3346', '3708', '4306', '4414', '4426', '4438', '4439', '4440', '4526', '4532', '4540', '4551', '4552', '4555', '4557', '4560', '4562', '4564', '4566', '4569', '4571', '4572', '4576', '4581', '4583', '4720', '4722', '4739', '4755', '4763', '4764', '4766', '4770', '4930', '5007', '5283', '5288', '5292', '5538', '5607', '5608', '5706', '6288', '6505', '6581', '6582', '6605', '6606', '6641', '6753', '6790', '6806', '8222', '8341', '8367', '8374', '8422', '8438', '8473', '8476', '8926', '8940', '8996']
✅ 快取最新交易日為 2026-05-22, 昨日訊號才有可能出現。

[Step 1: Random Forest 訓練權重 (Random Forest Algo)]
訓練集勝率: 70.43%
測試集勝率: 65.68%
Random Forest 訓練耗時: 19.40 秒
y_all 樣本分布 (0=敗, 1=勝):
0    13315
1     4666
dtype: int64
勝率比例: 25.949613%

混淆矩陣 (Confusion Matrix):
[[2812 1183]
 [1559 2435]]

分類報告 (Classification Report):
              precision    recall  f1-score   support

           0     0.6433    0.7039    0.6722      3995
           1     0.6730    0.6097    0.6398      3994

    accuracy                         0.6568      7989
   macro avg     0.6582    0.6568    0.6560      7989
weighted avg     0.6582    0.6568    0.6560      7989


各特徵對模型預測勝率的重要性: 
k_pattern   : 0.0042
ma_cross    : 0.0023
rsi_signal  : 0.0022
macd_signal : 0.0021
kd_cross    : 0.0023
vol_cross   : 0.0026
RSI         : 0.1158
MACD        : 0.1536
K           : 0.0628
D           : 0.0706
close/5MA   : 0.1410
close/20MA  : 0.1057
close/60MA  : 0.1583
vol/5MA     : 0.0505
vol/20MA    : 0.0501
bullish_ma  : 0.0026
bullish_ma_just: 0.0008
vol_up_just : 0.0052
rsi_just    : 0.0028
ma5_up      : 0.0088
ma20_up     : 0.0073
ma60_up     : 0.0120
bullish_ma_n: 0.0023
ma5_up_n    : 0.0053
vol_up_n    : 0.0031
bullish_ma_and_rsi: 0.0030
ma5_up_and_macd: 0.0021
bullish_ma_and_vol: 0.0019
is_w_buttom : 0.0035
is_triangle : 0.0071
is_cup_handle: 0.0045
is_inverse_head_shoulder: 0.0036
特徵重要性圖已存檔於 C:\Users\Jerry-yc.Liu\Desktop\script\stock_signal_charts\20260525_081507_傳統產業\feature_importances.png

[Step 2: 多股票回測與分數分布 (Multi Stock Analyze)]
回測分數分布總耗時: 30.71 秒

分數分布統計: 最小值：0.21，最大值: 0.88，平均值:0.48，中位數:0.47，95分位: 0.64

近 60 天内分數 >= 95分位 (0.64) 且多頭排列持續且量能放大且多頭+RSI>50的進場訊號:
4566 2026-04-13 features: ['0', '0', '0', '0', '0', '0', '70.74', '1.65', '89.83', '89.94', '1.14', '1.19', '1.21', '6.26', '8.90', '1', '0', '0', '0', '1', '1', '1', '0', '1', '1', '1', '0', '1', '0', '0', '1', '0'] 分數: 0.66進場 敗，10 天內最高獲利: 3.93% (2026-04-22)
4566 2026-04-27 features: ['0', '0', '0', '0', '0', '0', '48.05', '2.43', '3.85', '11.77', '0.93', '0.98', '1.05', '0.46', '0.57', '1', '0', '0', '0', '0', '1', '1', '1', '0', '0', '0', '0', '0', '0', '0', '1', '0'] 分數: 0.65進場 勝，10 天內最高獲利: 13.23% (2026-05-04)
8438 2026-02-26 features: ['1', '1', '0', '1', '0', '0', '69.71', '2.88', '100', '91.76', '1.14', '1.15', '1.53', '4.40', '5.62', '1', '1', '0', '0', '1', '1', '1', '0', '1', '0', '1', '1', '0', '0', '0', '0', '0'] 分數: 0.73進場 敗，10 天內最高獲利: 9.22% (2026-03-02)
8438 2026-04-02 features: ['0', '0', '0', '0', '0', '0', '59.66', '1.93', '72.26', '76.50', '1.03', '1.07', '1.18', '5.01', '5.05', '1', '0', '0', '0', '1', '1', '1', '1', '1', '1', '1', '0', '1', '0', '0', '1', '0'] 分數: 0.64進場 勝，10 天內最高獲利: 25.42% (2026-04-10)
4540 2026-04-14 features: ['1', '1', '0', '0', '0', '0', '67.42', '0.03', '100', '89.89', '1.13', '1.16', '1.14', '7.00', '7.58', '0', '0', '0', '0', '1', '1', '1', '0', '1', '1', '0', '0', '0', '0', '0', '0', '1'] 分數: 0.64進場 勝，10 天內最高獲利: 13.87% (2026-04-21)
4540 2026-04-30 features: ['0', '0', '0', '0', '0', '0', '77.41', '4.52', '93.23', '85.65', '1.13', '1.30', '1.40', '2.89', '3.94', '1', '0', '0', '0', '1', '1', '1', '1', '1', '1', '1', '0', '1', '0', '0', '0', '0'] 分數: 0.66進場 勝，10 天內最高獲利: 10.51% (2026-05-07)
4755 2026-02-24 features: ['0', '0', '0', '1', '0', '0', '75.61', '4.57', '93.62', '77.28', '1.08', '1.12', '1.25', '2.54', '2.54', '1', '0', '0', '0', '1', '1', '1', '1', '0', '1', '1', '1', '1', '0', '0', '0', '0'] 分數: 0.67進場 勝，10 天內最高獲利: 5.65% (2026-02-25)
4722 2026-03-31 features: ['0', '0', '0', '0', '0', '0', '40.62', '-2.56', '8.45', '13.34', '0.95', '0.90', '0.92', '1.77', '0.78', '0', '0', '1', '0', '0', '0', '0', '0', '0', '1', '0', '0', '0', '0', '0', '0', '0'] 分數: 0.70進場 勝，10 天內最高獲利: 10.31% (2026-04-09)
4722 2026-05-06 features: ['1', '0', '0', '0', '0', '1', '63.38', '4.03', '88.89', '50.89', '1.07', '1.10', '1.14', '6.05', '2.98', '1', '0', '1', '0', '1', '1', '1', '1', '1', '0', '1', '0', '0', '0', '0', '1', '0'] 分數: 0.65進場 勝，10 天內最高獲利: 30.62% (2026-05-15)
4764 2026-02-25 features: ['1', '0', '0', '1', '0', '0', '65.12', '1.01', '100', '88.10', '1.18', '1.17', '1.29', '6.68', '4.68', '0', '0', '0', '0', '1', '1', '1', '0', '1', '1', '0', '1', '0', '0', '0', '1', '0'] 分數: 0.70進場 敗，10 天內最高獲利: 6.27% (2026-03-06)
4764 2026-04-10 features: ['1', '0', '0', '1', '0', '0', '61.59', '2.01', '97.59', '99.20', '1.13', '1.10', '1.20', '2.85', '2.02', '0', '0', '0', '0', '1', '1', '1', '0', '1', '1', '0', '1', '0', '0', '0', '0', '0'] 分數: 0.69進場 勝，10 天內最高獲利: 50.65% (2026-04-20)
4764 2026-04-28 features: ['0', '0', '0', '0', '0', '0', '68.63', '23.31', '75.16', '51.64', '1.10', '1.33', '1.63', '0.61', '0.22', '1', '0', '0', '0', '0', '1', '1', '1', '0', '0', '1', '0', '0', '0', '0', '0', '0'] 分數: 0.68進場 勝，10 天內最高獲利: 44.30% (2026-05-06)
4569 2026-04-10 features: ['1', '1', '0', '0', '0', '0', '68.89', '0.08', '100', '90.48', '1.18', '1.21', '1.17', '2.67', '3.30', '0', '0', '0', '0', '1', '1', '1', '0', '1', '1', '0', '0', '0', '0', '0', '1', '0'] 分數: 0.71進場 勝，10 天內最高獲利: 19.88% (2026-04-20)
4739 2026-04-28 features: ['0', '0', '0', '0', '0', '0', '46.76', '2.82', '3.15', '11.75', '0.91', '0.97', '1.06', '0.34', '0.60', '1', '0', '0', '0', '0', '0', '1', '1', '0', '0', '0', '0', '0', '0', '0', '1', '0'] 分數: 0.65進場 勝，10 天內最高獲利: 12.17% (2026-05-07)
4720 2026-04-15 features: ['1', '0', '0', '0', '0', '0', '73.14', '0.99', '100', '90.01', '1.10', '1.22', '1.29', '2.08', '3.56', '1', '0', '0', '0', '1', '1', '1', '1', '1', '0', '1', '0', '0', '0', '0', '0', '0'] 分數: 0.64進場 勝，10 天內最高獲利: 23.48% (2026-04-24)
4576 2026-03-12 features: ['0', '0', '0', '1', '0', '0', '55.36', '1.03', '71.11', '57.78', '1.05', '1.05', '1.08', '1.21', '1.19', '1', '0', '1', '0', '1', '1', '1', '1', '0', '0', '1', '1', '0', '0', '0', '0', '0'] 分數: 0.65進場 敗，10 天內最高獲利: 0.41% (2026-03-16)
4576 2026-03-25 features: ['0', '1', '0', '1', '0', '0', '61.62', '1.57', '90.62', '57.99', '1.07', '1.07', '1.12', '5.41', '3.18', '1', '1', '0', '0', '1', '1', '1', '0', '0', '1', '1', '1', '1', '0', '0', '1', '0'] 分數: 0.66進場 勝，10 天內最高獲利: 6.98% (2026-03-30)
4576 2026-04-08 features: ['1', '0', '0', '0', '0', '0', '70.64', '5.53', '100', '74.96', '1.10', '1.17', '1.25', '1.45', '2.28', '1', '0', '1', '0', '1', '1', '1', '1', '0', '0', '1', '0', '0', '0', '0', '1', '0'] 分數: 0.67進場 勝，10 天內最高獲利: 31.54% (2026-04-17)
4576 2026-04-28 features: ['1', '0', '0', '0', '0', '0', '70.49', '16.39', '88.06', '49.13', '1.05', '1.16', '1.45', '1.59', '0.58', '1', '0', '1', '0', '1', '1', '1', '1', '0', '0', '1', '0', '0', '0', '0', '0', '0'] 分數: 0.64進場 勝，10 天內最高獲利: 21.61% (2026-05-07)
8996 2026-04-09 features: ['0', '0', '0', '0', '0', '0', '63.07', '29.09', '100', '86.58', '1.10', '1.14', '1.26', '1.07', '1.21', '1', '0', '0', '0', '1', '1', '1', '1', '1', '0', '1', '0', '0', '1', '0', '1', '0'] 分數: 0.64進場 勝，10 天內最高獲利: 20.79% (2026-04-17)
5292 2026-03-27 features: ['0', '0', '0', '0', '0', '0', '83.41', '11.56', '94.84', '95.08', '1.15', '1.32', '1.36', '2.72', '5.64', '1', '0', '0', '0', '1', '1', '1', '1', '1', '1', '1', '0', '1', '0', '0', '1', '0'] 分數: 0.70進場 敗，10 天內最高獲利: -0.59% (2026-03-30)
4557 2026-05-06 features: ['0', '0', '0', '0', '0', '0', '43.39', '-2.04', '50.00', '59.22', '1.01', '0.99', '0.87', '2.82', '3.25', '0', '0', '0', '0', '1', '0', '0', '0', '0', '1', '0', '0', '0', '0', '0', '0', '0'] 分數: 0.65進場 敗，10 天內最高獲利: 2.86% (2026-05-07)

近 60 天內總勝率: 16/22 = 72.73%
分數>95分位且多頭排列持續性勝率: 82.35% (樣本數: 85)
分數>95分位且多頭排列且量能持續放大勝率: 71.54% (樣本數: 123)
剛形成多頭排列勝率: 22.87% (樣本數: 341)

[BYPASS Step3: 畫圖]

[Step 4: 進出場買賣模擬 (Entry and exit trading simulation)]

🔍 昨日 (2026-05-21) 有訊號，今日 (2026-05-22) 用開盤價進場 (模擬持有部位)
昨日所有股票都沒有進場訊號

最近 10 天內所有分數 >= 95 分位(0.64) 且多頭排列持續且量能放大且多頭+RSI>50的進場訊號 (含預測，無勝負結果)
4562 高力 2026-05-18 分數: 0.657 預測訊號，無勝負結果
4571 高力 2026-05-18 分數: 0.651 預測訊號，無勝負結果
4722 高力 2026-05-22 分數: 0.640 預測訊號，無勝負結果
4764 高力 2026-05-20 分數: 0.654 預測訊號，無勝負結果
8374 高力 2026-05-18 分數: 0.708 預測訊號，無勝負結果
8438 高力 2026-05-12 分數: 0.644 預測訊號，無勝負結果

今日(2026-05-22)有訊號，預測(2026-05-25)進場的 Predicted
4722 國精化 今日 (2026-05-22) 分數: 0.640 下個交易日 (2026-05-25) 預測進場

已更新模擬自動下單 Excel: C:\Users\Jerry-yc.Liu\Desktop\script\stock_signal_charts\auto_trade_sim.xlsx，sheet: 傳統產業

全部執行總耗時: 88.11 秒
