所有 print 內容將同步寫入 C:\Users\Jerry-yc.Liu\Desktop\script\stock_signal_charts\20251204_213957_醫療業\stock_analysis_20251204_213957_醫療業.log
正在讀取大 pkl: C:\Users\Jerry-yc.Liu\Desktop\script\cache\all_stock_2y.pkl
大 pkl 讀取完成，共有 854 檔股票
可用股票數量: 42
醫療業 全部有快取的股票代號: 
['1701', '1707', '1720', '1731', '1733', '1734', '1752', '1760', '1762', '1783', '1786', '1789', '1795', '3164', '3705', '4104', '4106', '4108', '4119', '4133', '4137', '4142', '4148', '4155', '4164', '4190', '4736', '4737', '4746', '4771', '6431', '6446', '6472', '6491', '6541', '6550', '6598', '6657', '6666', '6782', '6796', '6861']
✅ 快取最新交易日為 2025-12-04, 昨日訊號才有可能出現。

[Step 1: Random Forest 訓練權重 (Random Forest Algo)]
訓練集勝率: 72.47%
測試集勝率: 68.87%
Random Forest 訓練耗時: 13.93 秒
y_all 樣本分布 (0=敗, 1=勝):
0    11297
1     2676
dtype: int64
勝率比例: 19.151220%

混淆矩陣 (Confusion Matrix):
[[2493  897]
 [1213 2176]]

分類報告 (Classification Report):
              precision    recall  f1-score   support

           0     0.6727    0.7354    0.7026      3390
           1     0.7081    0.6421    0.6735      3389

    accuracy                         0.6887      6779
   macro avg     0.6904    0.6887    0.6881      6779
weighted avg     0.6904    0.6887    0.6881      6779


各特徵對模型預測勝率的重要性: 
k_pattern   : 0.0031
ma_cross    : 0.0015
rsi_signal  : 0.0016
macd_signal : 0.0021
kd_cross    : 0.0028
vol_cross   : 0.0030
RSI         : 0.0874
MACD        : 0.1646
K           : 0.0604
D           : 0.0627
close/5MA   : 0.0886
close/20MA  : 0.1355
close/60MA  : 0.2167
vol/5MA     : 0.0494
vol/20MA    : 0.0590
bullish_ma  : 0.0035
bullish_ma_just: 0.0016
vol_up_just : 0.0036
rsi_just    : 0.0017
ma5_up      : 0.0054
ma20_up     : 0.0079
ma60_up     : 0.0075
bullish_ma_n: 0.0036
ma5_up_n    : 0.0050
vol_up_n    : 0.0030
bullish_ma_and_rsi: 0.0028
ma5_up_and_macd: 0.0015
bullish_ma_and_vol: 0.0009
is_w_buttom : 0.0032
is_triangle : 0.0023
is_cup_handle: 0.0049
is_inverse_head_shoulder: 0.0033
特徵重要性圖已存檔於 C:\Users\Jerry-yc.Liu\Desktop\script\stock_signal_charts\20251204_213957_醫療業\feature_importances.png

[Step 2: 多股票回測與分數分布 (Multi Stock Analyze)]
回測分數分布總耗時: 26.03 秒

分數分布統計: 最小值：0.21，最大值: 0.96，平均值:0.46，中位數:0.44，95分位: 0.66

近 60 天内分數 >= 95分位 (0.66) 且多頭排列持續且量能放大且多頭+RSI>50的進場訊號:
4108 2025-08-26 features: ['0', '0', '0', '0', '0', '0', '77.06', '0.06', '100', '85.19', '1.08', '1.11', '1.06', '5.43', '6.18', '0', '0', '0', '0', '1', '1', '0', '0', '0', '1', '0', '0', '0', '0', '0', '0', '0'] 分數: 0.72進場 勝，10 天內最高獲利: 19.16% (2025-09-04)
6446 2025-09-23 features: ['0', '0', '0', '1', '0', '0', '54.24', '-1.80', '85.11', '55.04', '1.04', '1.02', '1.01', '1.39', '2.09', '0', '0', '0', '1', '1', '1', '0', '0', '0', '1', '0', '1', '0', '0', '0', '0', '0'] 分數: 0.67進場 勝，10 天內最高獲利: 8.12% (2025-10-01)
1783 2025-09-18 features: ['0', '1', '0', '0', '0', '0', '65.52', '0.20', '77.46', '54.07', '1.04', '1.04', '1.04', '4.85', '7.00', '1', '1', '0', '0', '1', '1', '1', '0', '0', '1', '1', '0', '1', '1', '0', '0', '0'] 分數: 0.71進場 敗，10 天內最高獲利: -0.22% (2025-09-25)
1795 2025-10-07 features: ['0', '0', '0', '0', '0', '0', '86.04', '18.71', '97.79', '90.17', '1.05', '1.29', '1.32', '0.37', '1.20', '1', '0', '0', '0', '1', '1', '1', '0', '1', '0', '1', '0', '0', '1', '0', '1', '0'] 分數: 0.85進場 勝，10 天內最高獲利: 7.73% (2025-10-17)
1733 2025-09-24 features: ['0', '0', '0', '0', '0', '0', '85.51', '1.06', '91.24', '90.58', '1.11', '1.17', '1.24', '3.62', '9.19', '1', '0', '0', '0', '1', '1', '1', '1', '1', '1', '1', '0', '1', '0', '0', '0', '0'] 分數: 0.78進場 敗，10 天內最高獲利: -1.36% (2025-09-30)

近 60 天內總勝率: 3/5 = 60.00%
分數>95分位且多頭排列持續性勝率: 77.78% (樣本數: 18)
分數>95分位且多頭排列且量能持續放大勝率: 71.58% (樣本數: 95)
剛形成多頭排列勝率: 15.00% (樣本數: 220)

[BYPASS Step3: 畫圖]

[Step 4: 進出場買賣模擬 (Entry and exit trading simulation)]

🔍 昨日 (2025-12-03) 有訊號，今日 (2025-12-04) 用開盤價進場 (模擬持有部位)
昨日所有股票都沒有進場訊號

最近 10 天內所有分數 >= 95 分位(0.66) 且多頭排列持續且量能放大且多頭+RSI>50的進場訊號 (含預測，無勝負結果)
6431 睿生光電 2025-11-24 分數: 0.717 預測訊號，無勝負結果
6431 睿生光電 2025-11-25 分數: 0.715 預測訊號，無勝負結果
6657 睿生光電 2025-11-24 分數: 0.671 預測訊號，無勝負結果
6657 睿生光電 2025-11-25 分數: 0.686 預測訊號，無勝負結果
6657 睿生光電 2025-11-26 分數: 0.683 預測訊號，無勝負結果

今日(2025-12-04)有訊號，預測(2025-12-05)進場的 Predicted

已更新模擬自動下單 Excel: C:\Users\Jerry-yc.Liu\Desktop\script\stock_signal_charts\auto_trade_sim.xlsx，sheet: 醫療業

全部執行總耗時: 49.14 秒
