所有 print 內容將同步寫入 C:\Users\Jerry-yc.Liu\Desktop\script\stock_signal_charts\20251203_231206_醫療業\stock_analysis_20251203_231206_醫療業.log
正在讀取大 pkl: C:\Users\Jerry-yc.Liu\Desktop\script\cache\all_stock_2y.pkl
大 pkl 讀取完成，共有 854 檔股票
可用股票數量: 42
醫療業 全部有快取的股票代號: 
['1701', '1707', '1720', '1731', '1733', '1734', '1752', '1760', '1762', '1783', '1786', '1789', '1795', '3164', '3705', '4104', '4106', '4108', '4119', '4133', '4137', '4142', '4148', '4155', '4164', '4190', '4736', '4737', '4746', '4771', '6431', '6446', '6472', '6491', '6541', '6550', '6598', '6657', '6666', '6782', '6796', '6861']
✅ 快取最新交易日為 2025-12-02, 昨日訊號才有可能出現。

[Step 1: Random Forest 訓練權重 (Random Forest Algo)]
訓練集勝率: 72.26%
測試集勝率: 68.66%
Random Forest 訓練耗時: 15.30 秒
y_all 樣本分布 (0=敗, 1=勝):
0    11300
1     2668
dtype: int64
勝率比例: 19.100802%

混淆矩陣 (Confusion Matrix):
[[2562  828]
 [1297 2093]]

分類報告 (Classification Report):
              precision    recall  f1-score   support

           0     0.6639    0.7558    0.7069      3390
           1     0.7165    0.6174    0.6633      3390

    accuracy                         0.6866      6780
   macro avg     0.6902    0.6866    0.6851      6780
weighted avg     0.6902    0.6866    0.6851      6780


各特徵對模型預測勝率的重要性: 
k_pattern   : 0.0031
ma_cross    : 0.0012
rsi_signal  : 0.0016
macd_signal : 0.0014
kd_cross    : 0.0024
vol_cross   : 0.0019
RSI         : 0.0838
MACD        : 0.1489
K           : 0.0558
D           : 0.0688
close/5MA   : 0.0934
close/20MA  : 0.1365
close/60MA  : 0.2234
vol/5MA     : 0.0515
vol/20MA    : 0.0594
bullish_ma  : 0.0035
bullish_ma_just: 0.0014
vol_up_just : 0.0034
rsi_just    : 0.0019
ma5_up      : 0.0057
ma20_up     : 0.0081
ma60_up     : 0.0083
bullish_ma_n: 0.0034
ma5_up_n    : 0.0050
vol_up_n    : 0.0043
bullish_ma_and_rsi: 0.0028
ma5_up_and_macd: 0.0014
bullish_ma_and_vol: 0.0005
is_w_buttom : 0.0039
is_triangle : 0.0021
is_cup_handle: 0.0076
is_inverse_head_shoulder: 0.0035
特徵重要性圖已存檔於 C:\Users\Jerry-yc.Liu\Desktop\script\stock_signal_charts\20251203_231206_醫療業\feature_importances.png

[Step 2: 多股票回測與分數分布 (Multi Stock Analyze)]
回測分數分布總耗時: 31.91 秒

分數分布統計: 最小值：0.22，最大值: 0.96，平均值:0.46，中位數:0.44，95分位: 0.67

近 60 天内分數 >= 95分位 (0.67) 且多頭排列持續且量能放大且多頭+RSI>50的進場訊號:
6861 2025-08-26 features: ['0', '0', '0', '1', '0', '1', '69.16', '0.67', '100.00', '85.75', '1.09', '1.11', '1.14', '16.37', '11.90', '1', '0', '1', '0', '1', '1', '1', '0', '1', '0', '1', '1', '0', '0', '0', '0', '0'] 分數: 0.72進場 敗，10 天內最高獲利: -1.57% (2025-08-29)
1795 2025-10-07 features: ['0', '0', '0', '0', '0', '0', '86.04', '18.71', '97.79', '90.17', '1.05', '1.29', '1.32', '0.37', '1.20', '1', '0', '0', '0', '1', '1', '1', '0', '1', '0', '1', '0', '0', '1', '0', '1', '0'] 分數: 0.82進場 勝，10 天內最高獲利: 7.73% (2025-10-17)
1795 2025-10-20 features: ['0', '0', '0', '0', '0', '0', '65.54', '22.55', '33.85', '76.17', '0.98', '1.10', '1.27', '4.12', '2.53', '1', '0', '0', '0', '0', '1', '1', '1', '0', '1', '1', '0', '1', '0', '0', '0', '0'] 分數: 0.68進場 勝，10 天內最高獲利: 9.86% (2025-10-21)
6446 2025-09-23 features: ['0', '0', '0', '1', '0', '0', '54.24', '-1.80', '85.11', '55.04', '1.04', '1.02', '1.01', '1.39', '2.09', '0', '0', '0', '1', '1', '1', '0', '0', '0', '1', '0', '1', '0', '0', '0', '0', '0'] 分數: 0.76進場 勝，10 天內最高獲利: 8.12% (2025-10-01)
1783 2025-09-18 features: ['0', '1', '0', '0', '0', '0', '65.52', '0.20', '77.46', '54.07', '1.04', '1.04', '1.04', '4.85', '7.00', '1', '1', '0', '0', '1', '1', '1', '0', '0', '1', '1', '0', '1', '1', '0', '0', '0'] 分數: 0.69進場 敗，10 天內最高獲利: -0.22% (2025-09-25)
4108 2025-08-26 features: ['0', '0', '0', '0', '0', '0', '77.06', '0.06', '100', '85.19', '1.08', '1.11', '1.06', '5.43', '6.18', '0', '0', '0', '0', '1', '1', '0', '0', '0', '1', '0', '0', '0', '0', '0', '0', '0'] 分數: 0.73進場 勝，10 天內最高獲利: 19.16% (2025-09-04)

近 60 天內總勝率: 4/6 = 66.67%
分數>95分位且多頭排列持續性勝率: 89.47% (樣本數: 19)
分數>95分位且多頭排列且量能持續放大勝率: 74.00% (樣本數: 100)
剛形成多頭排列勝率: 15.00% (樣本數: 220)

[BYPASS Step3: 畫圖]

[Step 4: 進出場買賣模擬 (Entry and exit trading simulation)]

🔍 昨日 (2025-12-01) 有訊號，今日 (2025-12-02) 用開盤價進場 (模擬持有部位)
昨日所有股票都沒有進場訊號

最近 10 天內所有分數 >= 95 分位(0.67) 且多頭排列持續且量能放大且多頭+RSI>50的進場訊號 (含預測，無勝負結果)
6431 睿生光電 2025-11-25 分數: 0.703 預測訊號，無勝負結果
6657 睿生光電 2025-11-24 分數: 0.695 預測訊號，無勝負結果
6657 睿生光電 2025-11-25 分數: 0.690 預測訊號，無勝負結果
6657 睿生光電 2025-11-26 分數: 0.706 預測訊號，無勝負結果

今日(2025-12-02)有訊號，預測(2025-12-03)進場的 Predicted

已更新模擬自動下單 Excel: C:\Users\Jerry-yc.Liu\Desktop\script\stock_signal_charts\auto_trade_sim.xlsx，sheet: 醫療業

全部執行總耗時: 56.43 秒
