所有 print 內容將同步寫入 C:\Users\Jerry-yc.Liu\Desktop\script\stock_signal_charts\20260204_081508_醫療業\stock_analysis_20260204_081508_醫療業.log
正在讀取大 pkl: C:\Users\Jerry-yc.Liu\Desktop\script\cache\all_stock_2y.pkl
大 pkl 讀取完成，共有 854 檔股票
可用股票數量: 42
醫療業 全部有快取的股票代號: 
['1701', '1707', '1720', '1731', '1733', '1734', '1752', '1760', '1762', '1783', '1786', '1789', '1795', '3164', '3705', '4104', '4106', '4108', '4119', '4133', '4137', '4142', '4148', '4155', '4164', '4190', '4736', '4737', '4746', '4771', '6431', '6446', '6472', '6491', '6541', '6550', '6598', '6657', '6666', '6782', '6796', '6861']
✅ 快取最新交易日為 2026-01-29, 昨日訊號才有可能出現。

[Step 1: Random Forest 訓練權重 (Random Forest Algo)]
訓練集勝率: 79.43%
測試集勝率: 71.06%
Random Forest 訓練耗時: 4.46 秒
y_all 樣本分布 (0=敗, 1=勝):
0    3945
1    1422
dtype: int64
勝率比例: 26.495249%

混淆矩陣 (Confusion Matrix):
[[876 308]
 [377 806]]

分類報告 (Classification Report):
              precision    recall  f1-score   support

           0     0.6991    0.7399    0.7189      1184
           1     0.7235    0.6813    0.7018      1183

    accuracy                         0.7106      2367
   macro avg     0.7113    0.7106    0.7104      2367
weighted avg     0.7113    0.7106    0.7104      2367


各特徵對模型預測勝率的重要性: 
k_pattern   : 0.0042
ma_cross    : 0.0020
rsi_signal  : 0.0017
macd_signal : 0.0028
kd_cross    : 0.0039
vol_cross   : 0.0041
RSI         : 0.0861
MACD        : 0.1192
K           : 0.0809
D           : 0.0953
close/5MA   : 0.0794
close/20MA  : 0.1236
close/60MA  : 0.1688
vol/5MA     : 0.0698
vol/20MA    : 0.0785
bullish_ma  : 0.0072
bullish_ma_just: 0.0009
vol_up_just : 0.0063
rsi_just    : 0.0018
ma5_up      : 0.0085
ma20_up     : 0.0063
ma60_up     : 0.0104
bullish_ma_n: 0.0058
ma5_up_n    : 0.0047
vol_up_n    : 0.0044
bullish_ma_and_rsi: 0.0044
ma5_up_and_macd: 0.0016
bullish_ma_and_vol: 0.0011
is_w_buttom : 0.0036
is_triangle : 0.0058
is_cup_handle: 0.0037
is_inverse_head_shoulder: 0.0032
特徵重要性圖已存檔於 C:\Users\Jerry-yc.Liu\Desktop\script\stock_signal_charts\20260204_081508_醫療業\feature_importances.png

[Step 2: 多股票回測與分數分布 (Multi Stock Analyze)]
回測分數分布總耗時: 7.81 秒

分數分布統計: 最小值：0.15，最大值: 0.92，平均值:0.46，中位數:0.45，95分位: 0.67

近 60 天内分數 >= 95分位 (0.67) 且多頭排列持續且量能放大且多頭+RSI>50的進場訊號:
6431 2025-11-25 features: ['0', '0', '0', '0', '0', '0', '91.17', '0.60', '100', '82.27', '1.15', '1.24', '1.26', '4.73', '8.11', '1', '0', '0', '0', '1', '1', '1', '0', '1', '1', '1', '0', '1', '0', '0', '0', '0'] 分數: 0.71進場 勝，10 天內最高獲利: 29.30% (2025-12-03)
6431 2025-12-05 features: ['0', '0', '0', '0', '0', '0', '92.72', '2.52', '71.51', '83.53', '1.05', '1.34', '1.52', '0.76', '1.24', '1', '0', '0', '0', '1', '1', '1', '1', '1', '0', '1', '0', '0', '0', '0', '0', '0'] 分數: 0.72進場 勝，10 天內最高獲利: 18.18% (2025-12-11)
6550 2025-12-12 features: ['0', '0', '0', '0', '0', '0', '45.27', '-0.71', '29.73', '40.52', '1.01', '1.00', '0.90', '1.40', '2.07', '0', '0', '0', '0', '1', '0', '0', '0', '0', '1', '0', '0', '0', '0', '0', '0', '0'] 分數: 0.69進場 勝，10 天內最高獲利: 10.17% (2025-12-16)
6782 2025-11-18 features: ['0', '0', '0', '0', '1', '0', '27.69', '-5.52', '2.86', '2.66', '0.95', '0.89', '0.86', '1.48', '1.37', '0', '0', '1', '0', '0', '0', '0', '0', '0', '1', '0', '0', '0', '0', '0', '0', '0'] 分數: 0.71進場 勝，10 天內最高獲利: 6.55% (2025-11-26)

近 60 天內總勝率: 4/4 = 100.00%
分數>95分位且多頭排列持續性勝率: 100.00% (樣本數: 12)
分數>95分位且多頭排列且量能持續放大勝率: 86.36% (樣本數: 22)
剛形成多頭排列勝率: 14.94% (樣本數: 87)

[BYPASS Step3: 畫圖]

[Step 4: 進出場買賣模擬 (Entry and exit trading simulation)]

🔍 昨日 (2026-01-28) 有訊號，今日 (2026-01-29) 用開盤價進場 (模擬持有部位)
昨日所有股票都沒有進場訊號

最近 10 天內所有分數 >= 95 分位(0.67) 且多頭排列持續且量能放大且多頭+RSI>50的進場訊號 (含預測，無勝負結果)
最近 10 天內沒有任何進場訊號

今日(2026-01-29)有訊號，預測(2026-01-30)進場的 Predicted

已更新模擬自動下單 Excel: C:\Users\Jerry-yc.Liu\Desktop\script\stock_signal_charts\auto_trade_sim.xlsx，sheet: 醫療業

全部執行總耗時: 19.80 秒
