所有 print 內容將同步寫入 C:\Users\Jerry-yc.Liu\Desktop\script\stock_signal_charts\20251221_160523_銀行業\stock_analysis_20251221_160523_銀行業.log
正在讀取大 pkl: C:\Users\Jerry-yc.Liu\Desktop\script\cache\all_stock_2y.pkl
大 pkl 讀取完成，共有 854 檔股票
可用股票數量: 34
銀行業 全部有快取的股票代號: 
['2801', '2809', '2812', '2816', '2820', '2832', '2834', '2836', '2838', '2845', '2849', '2850', '2851', '2852', '2855', '2867', '2880', '2881', '2882', '2883', '2884', '2885', '2886', '2887', '2888', '2889', '2890', '2891', '2892', '2897', '5876', '5880', '6005', '6024']
✅ 快取最新交易日為 2025-12-19, 昨日訊號才有可能出現。

[Step 1: Random Forest 訓練權重 (Random Forest Algo)]
訓練集勝率: 77.10%
測試集勝率: 73.64%
Random Forest 訓練耗時: 16.60 秒
y_all 樣本分布 (0=敗, 1=勝):
0    10228
1     1509
dtype: int64
勝率比例: 12.856778%

混淆矩陣 (Confusion Matrix):
[[2443  626]
 [ 992 2076]]

分類報告 (Classification Report):
              precision    recall  f1-score   support

           0     0.7112    0.7960    0.7512      3069
           1     0.7683    0.6767    0.7196      3068

    accuracy                         0.7364      6137
   macro avg     0.7398    0.7363    0.7354      6137
weighted avg     0.7398    0.7364    0.7354      6137


各特徵對模型預測勝率的重要性: 
k_pattern   : 0.0086
ma_cross    : 0.0015
rsi_signal  : 0.0020
macd_signal : 0.0023
kd_cross    : 0.0019
vol_cross   : 0.0004
RSI         : 0.0836
MACD        : 0.1465
K           : 0.0492
D           : 0.0739
close/5MA   : 0.1060
close/20MA  : 0.1495
close/60MA  : 0.1838
vol/5MA     : 0.0492
vol/20MA    : 0.0606
bullish_ma  : 0.0046
bullish_ma_just: 0.0009
vol_up_just : 0.0051
rsi_just    : 0.0032
ma5_up      : 0.0058
ma20_up     : 0.0052
ma60_up     : 0.0157
bullish_ma_n: 0.0086
ma5_up_n    : 0.0049
vol_up_n    : 0.0039
bullish_ma_and_rsi: 0.0073
ma5_up_and_macd: 0.0017
bullish_ma_and_vol: 0.0019
is_w_buttom : 0.0043
is_triangle : 0.0018
is_cup_handle: 0.0010
is_inverse_head_shoulder: 0.0048
特徵重要性圖已存檔於 C:\Users\Jerry-yc.Liu\Desktop\script\stock_signal_charts\20251221_160523_銀行業\feature_importances.png

[Step 2: 多股票回測與分數分布 (Multi Stock Analyze)]
回測分數分布總耗時: 36.44 秒

分數分布統計: 最小值：0.18，最大值: 0.95，平均值:0.44，中位數:0.42，95分位: 0.67

近 60 天内分數 >= 95分位 (0.67) 且多頭排列持續且量能放大且多頭+RSI>50的進場訊號:
2851 2025-11-07 features: ['0', '0', '0', '0', '0', '0', '74.31', '0.24', '72.73', '77.58', '1.02', '1.03', '1.05', '2.78', '2.33', '1', '0', '0', '0', '1', '1', '1', '1', '0', '1', '1', '0', '1', '0', '0', '0', '0'] 分數: 0.69進場 勝，10 天內最高獲利: 5.16% (2025-11-14)
2851 2025-11-24 features: ['1', '0', '0', '0', '0', '0', '69.95', '0.47', '86.96', '59.29', '1.02', '1.04', '1.08', '2.46', '2.04', '1', '0', '1', '0', '1', '1', '1', '1', '0', '0', '1', '0', '0', '1', '0', '0', '0'] 分數: 0.67進場 敗，10 天內最高獲利: 0.76% (2025-12-02)
2832 2025-09-10 features: ['0', '0', '0', '0', '0', '1', '67.45', '0.39', '72.22', '74.95', '1.02', '1.02', '1.07', '21.59', '13.44', '1', '0', '1', '0', '1', '1', '1', '1', '1', '0', '1', '0', '0', '0', '0', '0', '0'] 分數: 0.71進場 敗，10 天內最高獲利: 3.24% (2025-09-15)
2832 2025-09-22 features: ['0', '0', '0', '0', '0', '0', '75.80', '0.72', '92.16', '81.51', '1.02', '1.05', '1.11', '1.74', '1.36', '1', '0', '0', '0', '1', '1', '1', '1', '0', '0', '1', '0', '0', '0', '0', '0', '0'] 分數: 0.70進場 勝，10 天內最高獲利: 5.04% (2025-09-30)
2832 2025-11-03 features: ['0', '1', '0', '1', '0', '0', '87.25', '1.28', '100', '70.18', '1.24', '1.29', '1.38', '1.42', '1.45', '1', '1', '0', '0', '1', '1', '1', '0', '1', '0', '1', '1', '0', '1', '0', '0', '0'] 分數: 0.83進場 勝，10 天內最高獲利: 6.65% (2025-11-13)
2832 2025-11-13 features: ['0', '0', '0', '0', '0', '0', '88.04', '3.80', '91.53', '95.98', '1.04', '1.22', '1.38', '2.54', '1.57', '1', '0', '0', '0', '1', '1', '1', '1', '1', '1', '1', '0', '1', '1', '0', '0', '0'] 分數: 0.85進場 敗，10 天內最高獲利: 3.76% (2025-11-21)
2832 2025-11-24 features: ['0', '0', '0', '0', '0', '0', '84.25', '3.84', '89.58', '89.11', '1.03', '1.14', '1.37', '1.16', '1.10', '1', '0', '0', '0', '1', '1', '1', '1', '1', '0', '1', '0', '0', '0', '0', '0', '0'] 分數: 0.68進場 敗，10 天內最高獲利: 3.21% (2025-11-27)
2855 2025-09-22 features: ['0', '0', '0', '0', '0', '0', '69.83', '0.60', '72.22', '76.02', '1.01', '1.05', '1.10', '0.79', '0.82', '1', '0', '0', '0', '0', '1', '1', '1', '0', '0', '1', '0', '0', '0', '0', '0', '0'] 分數: 0.67進場 敗，10 天內最高獲利: 4.63% (2025-10-02)
2867 2025-09-17 features: ['0', '0', '0', '0', '0', '0', '49.05', '0.15', '5.17', '11.62', '0.97', '0.97', '1.07', '1.34', '0.90', '1', '0', '1', '0', '0', '1', '1', '1', '0', '0', '0', '0', '0', '0', '0', '0', '0'] 分數: 0.68進場 敗，10 天內最高獲利: 2.41% (2025-09-24)
2867 2025-10-15 features: ['0', '0', '0', '0', '0', '0', '58.08', '0.10', '51.56', '48.43', '1.01', '1.04', '1.09', '0.56', '0.63', '1', '0', '0', '0', '1', '1', '1', '1', '0', '0', '1', '0', '0', '1', '1', '0', '0'] 分數: 0.69進場 勝，10 天內最高獲利: 8.56% (2025-10-23)
5876 2025-09-10 features: ['0', '0', '0', '1', '0', '0', '33.75', '-0.84', '42.11', '33.33', '1.00', '0.98', '0.93', '1.51', '1.50', '0', '0', '0', '0', '0', '0', '0', '0', '0', '1', '0', '0', '0', '0', '0', '0', '0'] 分數: 0.67進場 敗，10 天內最高獲利: 2.68% (2025-09-19)
6005 2025-09-24 features: ['0', '0', '0', '0', '0', '0', '67.21', '0.64', '75.00', '60.10', '1.02', '1.05', '1.12', '1.19', '1.01', '1', '0', '1', '0', '1', '1', '1', '1', '0', '0', '1', '0', '0', '0', '0', '0', '0'] 分數: 0.69進場 敗，10 天內最高獲利: 3.91% (2025-10-03)
2816 2025-11-10 features: ['0', '0', '0', '0', '0', '0', '72.25', '0.25', '67.50', '62.50', '1.01', '1.03', '1.04', '2.11', '3.56', '1', '0', '1', '0', '1', '1', '1', '1', '1', '0', '1', '0', '0', '0', '0', '0', '0'] 分數: 0.68進場 勝，10 天內最高獲利: 8.14% (2025-11-20)

近 60 天內總勝率: 5/13 = 38.46%
分數>95分位且多頭排列持續性勝率: 58.76% (樣本數: 97)
分數>95分位且多頭排列且量能持續放大勝率: 62.00% (樣本數: 100)
剛形成多頭排列勝率: 5.86% (樣本數: 256)

[BYPASS Step3: 畫圖]

[Step 4: 進出場買賣模擬 (Entry and exit trading simulation)]

🔍 昨日 (2025-12-18) 有訊號，今日 (2025-12-19) 用開盤價進場 (模擬持有部位)
昨日所有股票都沒有進場訊號

最近 10 天內所有分數 >= 95 分位(0.67) 且多頭排列持續且量能放大且多頭+RSI>50的進場訊號 (含預測，無勝負結果)
2882 群益期 2025-12-19 分數: 0.683 預測訊號，無勝負結果

今日(2025-12-19)有訊號，預測(2025-12-22)進場的 Predicted
2882 國泰金 今日 (2025-12-19) 分數: 0.683 下個交易日 (2025-12-22) 預測進場

已更新模擬自動下單 Excel: C:\Users\Jerry-yc.Liu\Desktop\script\stock_signal_charts\auto_trade_sim.xlsx，sheet: 銀行業

全部執行總耗時: 65.25 秒
