所有 print 內容將同步寫入 C:\Users\Jerry-yc.Liu\Desktop\script\stock_signal_charts\20260317_081508_科技業\stock_analysis_20260317_081508_科技業.log
正在讀取大 pkl: C:\Users\Jerry-yc.Liu\Desktop\script\cache\all_stock_2y.pkl
大 pkl 讀取完成，共有 854 檔股票
可用股票數量: 434
科技業 全部有快取的股票代號: 
['1471', '1582', '2059', '2301', '2302', '2303', '2305', '2308', '2312', '2313', '2314', '2316', '2317', '2321', '2323', '2324', '2327', '2328', '2329', '2330', '2331', '2332', '2337', '2338', '2340', '2342', '2344', '2345', '2347', '2349', '2351', '2352', '2353', '2354', '2355', '2356', '2357', '2359', '2360', '2362', '2363', '2364', '2365', '2367', '2368', '2369', '2373', '2374', '2375', '2376', '2377', '2379', '2380', '2382', '2383', '2385', '2387', '2388', '2390', '2392', '2393', '2395', '2397', '2399', '2401', '2402', '2404', '2405', '2406', '2408', '2409', '2412', '2413', '2414', '2415', '2417', '2419', '2420', '2421', '2423', '2424', '2425', '2426', '2427', '2428', '2429', '2430', '2431', '2433', '2434', '2436', '2438', '2439', '2440', '2441', '2444', '2449', '2450', '2451', '2453', '2454', '2455', '2457', '2458', '2459', '2460', '2461', '2462', '2464', '2465', '2466', '2467', '2468', '2471', '2472', '2474', '2476', '2477', '2478', '2480', '2481', '2482', '2483', '2484', '2485', '2486', '2488', '2489', '2491', '2492', '2493', '2495', '2498', '3002', '3003', '3005', '3006', '3008', '3010', '3011', '3013', '3014', '3015', '3016', '3017', '3018', '3019', '3021', '3022', '3023', '3024', '3025', '3026', '3027', '3028', '3029', '3030', '3031', '3032', '3033', '3034', '3035', '3036', '3037', '3038', '3041', '3042', '3043', '3044', '3045', '3046', '3047', '3048', '3049', '3050', '3051', '3055', '3057', '3058', '3059', '3060', '3062', '3090', '3092', '3094', '3130', '3138', '3149', '3168', '3189', '3209', '3229', '3231', '3257', '3296', '3305', '3308', '3311', '3312', '3321', '3338', '3356', '3376', '3380', '3406', '3413', '3416', '3419', '3432', '3437', '3443', '3447', '3450', '3454', '3481', '3494', '3501', '3504', '3515', '3518', '3528', '3530', '3532', '3533', '3535', '3543', '3545', '3550', '3563', '3576', '3583', '3588', '3591', '3592', '3593', '3596', '3605', '3607', '3617', '3622', '3645', '3652', '3653', '3661', '3665', '3669', '3673', '3679', '3686', '3694', '3701', '3702', '3704', '3706', '3711', '3712', '3714', '3715', '4545', '4588', '4904', '4906', '4912', '4915', '4916', '4919', '4927', '4934', '4935', '4938', '4942', '4943', '4949', '4952', '4956', '4958', '4960', '4961', '4967', '4968', '4976', '4977', '4989', '4994', '4999', '5203', '5215', '5222', '5225', '5234', '5243', '5244', '5258', '5269', '5285', '5388', '5434', '5469', '5471', '5484', '6108', '6112', '6115', '6116', '6117', '6120', '6128', '6133', '6136', '6139', '6141', '6142', '6152', '6153', '6155', '6164', '6165', '6166', '6168', '6176', '6183', '6189', '6191', '6192', '6196', '6197', '6201', '6202', '6205', '6206', '6209', '6213', '6214', '6215', '6216', '6224', '6225', '6226', '6230', '6235', '6239', '6243', '6257', '6269', '6271', '6277', '6278', '6281', '6282', '6283', '6285', '6405', '6409', '6412', '6414', '6415', '6416', '6426', '6438', '6442', '6443', '6449', '6451', '6456', '6477', '6515', '6525', '6526', '6531', '6533', '6552', '6558', '6573', '6579', '6591', '6658', '6668', '6669', '6672', '6674', '6689', '6691', '6695', '6698', '6706', '6715', '6719', '6742', '6743', '6756', '6770', '6776', '6781', '6789', '6792', '6799', '6805', '6830', '6834', '6835', '6863', '6906', '6916', '6928', '6933', '6937', '8011', '8016', '8021', '8028', '8039', '8046', '8070', '8072', '8081', '8101', '8103', '8104', '8105', '8110', '8112', '8114', '8131', '8150', '8163', '8201', '8210', '8213', '8215', '8249', '8261', '8271', '8454', '8499']
✅ 快取最新交易日為 2026-01-29, 昨日訊號才有可能出現。

[Step 1: Random Forest 訓練權重 (Random Forest Algo)]
訓練集勝率: 62.89%
測試集勝率: 61.09%
Random Forest 訓練耗時: 48.39 秒
y_all 樣本分布 (0=敗, 1=勝):
0    42463
1    18745
dtype: int64
勝率比例: 30.625082%

混淆矩陣 (Confusion Matrix):
[[8663 4076]
 [5837 6902]]

分類報告 (Classification Report):
              precision    recall  f1-score   support

           0     0.5974    0.6800    0.6361     12739
           1     0.6287    0.5418    0.5820     12739

    accuracy                         0.6109     25478
   macro avg     0.6131    0.6109    0.6091     25478
weighted avg     0.6131    0.6109    0.6091     25478


各特徵對模型預測勝率的重要性: 
k_pattern   : 0.0024
ma_cross    : 0.0011
rsi_signal  : 0.0017
macd_signal : 0.0014
kd_cross    : 0.0021
vol_cross   : 0.0103
RSI         : 0.0675
MACD        : 0.1322
K           : 0.0614
D           : 0.0572
close/5MA   : 0.1212
close/20MA  : 0.1519
close/60MA  : 0.2468
vol/5MA     : 0.0355
vol/20MA    : 0.0361
bullish_ma  : 0.0038
bullish_ma_just: 0.0012
vol_up_just : 0.0029
rsi_just    : 0.0014
ma5_up      : 0.0055
ma20_up     : 0.0051
ma60_up     : 0.0140
bullish_ma_n: 0.0042
ma5_up_n    : 0.0038
vol_up_n    : 0.0025
bullish_ma_and_rsi: 0.0031
ma5_up_and_macd: 0.0014
bullish_ma_and_vol: 0.0010
is_w_buttom : 0.0028
is_triangle : 0.0132
is_cup_handle: 0.0030
is_inverse_head_shoulder: 0.0026
特徵重要性圖已存檔於 C:\Users\Jerry-yc.Liu\Desktop\script\stock_signal_charts\20260317_081508_科技業\feature_importances.png

[Step 2: 多股票回測與分數分布 (Multi Stock Analyze)]
回測分數分布總耗時: 85.97 秒

分數分布統計: 最小值：0.19，最大值: 0.97，平均值:0.49，中位數:0.47，95分位: 0.63

近 60 天内分數 >= 95分位 (0.63) 且多頭排列持續且量能放大且多頭+RSI>50的進場訊號:
6426 2025-12-12 features: ['1', '0', '0', '0', '0', '0', '80.77', '4.30', '100', '90.57', '1.15', '1.30', '1.33', '7.64', '9.55', '1', '0', '0', '0', '1', '1', '1', '1', '1', '1', '1', '0', '1', '0', '0', '0', '0'] 分數: 0.64進場 勝，10 天內最高獲利: 9.74% (2025-12-15)
6116 2026-01-05 features: ['1', '0', '0', '0', '0', '0', '80.21', '0.21', '100', '76.14', '1.10', '1.17', '1.18', '1.91', '4.64', '1', '0', '0', '0', '1', '1', '1', '1', '1', '0', '1', '0', '0', '1', '0', '0', '0'] 分數: 0.64進場 勝，10 天內最高獲利: 32.69% (2026-01-08)
8499 2025-12-30 features: ['0', '0', '0', '0', '0', '0', '49.12', '22.50', '12.75', '24.89', '0.92', '0.94', '1.15', '1.48', '1.30', '1', '0', '0', '0', '0', '1', '1', '1', '0', '0', '0', '0', '0', '0', '0', '0', '0'] 分數: 0.65進場 敗，10 天內最高獲利: -1.59% (2025-12-31)
4989 2025-11-19 features: ['0', '0', '0', '0', '0', '0', '47.41', '2.79', '0.38', '19.97', '0.87', '0.93', '1.15', '0.45', '0.65', '1', '0', '0', '0', '0', '1', '1', '1', '0', '0', '0', '0', '0', '0', '0', '0', '0'] 分數: 0.63進場 勝，10 天內最高獲利: 9.96% (2025-11-20)
6438 2025-11-27 features: ['0', '0', '0', '1', '0', '0', '41.47', '-9.56', '81.58', '61.22', '1.06', '0.97', '0.82', '1.39', '1.00', '0', '0', '0', '0', '1', '0', '0', '0', '1', '1', '0', '1', '0', '0', '0', '0', '0'] 分數: 0.69進場 勝，10 天內最高獲利: 5.68% (2025-12-05)
8210 2025-10-22 features: ['0', '0', '0', '0', '0', '0', '75.34', '34.09', '93.30', '86.36', '1.06', '1.20', '1.28', '1.08', '2.02', '1', '0', '1', '0', '1', '1', '1', '1', '1', '0', '1', '0', '0', '0', '0', '0', '1'] 分數: 0.64進場 勝，10 天內最高獲利: 21.34% (2025-10-31)
8210 2025-11-03 features: ['0', '0', '0', '0', '0', '0', '88.15', '87.51', '97.79', '90.43', '1.05', '1.32', '1.51', '0.79', '0.90', '1', '0', '0', '0', '1', '1', '1', '1', '1', '0', '1', '0', '0', '0', '0', '0', '0'] 分數: 0.71進場 勝，10 天內最高獲利: 9.74% (2025-11-11)
6770 2025-11-24 features: ['0', '0', '0', '0', '0', '0', '51.11', '1.68', '1.55', '29.01', '0.93', '0.98', '1.22', '0.54', '0.62', '1', '0', '0', '0', '0', '1', '1', '1', '0', '0', '1', '0', '0', '0', '0', '0', '0'] 分數: 0.64進場 勝，10 天內最高獲利: 6.23% (2025-11-28)
6770 2026-01-06 features: ['1', '0', '0', '0', '0', '0', '77.62', '2.80', '100', '92.80', '1.12', '1.25', '1.41', '1.72', '1.75', '1', '0', '0', '0', '1', '1', '1', '1', '1', '1', '1', '0', '1', '0', '0', '0', '0'] 分數: 0.65進場 勝，10 天內最高獲利: 18.12% (2026-01-16)
8039 2025-12-09 features: ['1', '0', '0', '0', '0', '0', '76.54', '5.75', '100', '81.25', '1.13', '1.31', '1.41', '1.60', '2.39', '1', '0', '1', '0', '1', '1', '1', '1', '0', '0', '1', '0', '0', '0', '0', '0', '0'] 分數: 0.65進場 敗，10 天內最高獲利: 10.11% (2025-12-12)
6573 2025-10-23 features: ['0', '0', '0', '0', '0', '0', '79.20', '0.35', '96.83', '98.94', '1.16', '1.25', '1.28', '5.93', '12.40', '1', '0', '0', '0', '1', '1', '1', '1', '1', '1', '1', '0', '1', '1', '0', '1', '1'] 分數: 0.64進場 勝，10 天內最高獲利: 26.07% (2025-10-30)
6573 2025-11-19 features: ['0', '0', '0', '0', '0', '0', '51.00', '1.35', '6.10', '34.63', '0.89', '0.96', '1.24', '0.43', '0.37', '1', '0', '0', '0', '0', '1', '1', '1', '0', '0', '1', '0', '0', '0', '0', '0', '0'] 分數: 0.64進場 勝，10 天內最高獲利: 19.66% (2025-11-28)
6442 2025-11-13 features: ['1', '0', '0', '0', '0', '0', '66.31', '32.22', '100', '70.54', '1.10', '1.16', '1.19', '1.99', '1.86', '1', '0', '0', '0', '1', '1', '1', '1', '1', '1', '1', '0', '1', '0', '1', '1', '0'] 分數: 0.66進場 勝，10 天內最高獲利: 7.69% (2025-11-21)
6442 2025-11-24 features: ['1', '0', '0', '0', '0', '0', '71.04', '71.05', '100', '96.56', '1.12', '1.25', '1.36', '0.82', '0.80', '1', '0', '0', '0', '1', '1', '1', '1', '1', '0', '1', '0', '0', '0', '0', '0', '0'] 分數: 0.64進場 勝，10 天內最高獲利: 6.91% (2025-11-26)
6442 2025-12-18 features: ['0', '0', '0', '0', '0', '0', '45.29', '56.87', '1.52', '26.15', '0.87', '0.90', '1.10', '2.39', '1.66', '1', '0', '0', '0', '0', '1', '1', '1', '0', '1', '0', '0', '1', '0', '0', '0', '0'] 分數: 0.69進場 勝，10 天內最高獲利: 18.47% (2025-12-26)
6239 2026-01-07 features: ['0', '0', '0', '0', '0', '0', '76.80', '10.06', '83.65', '91.01', '1.06', '1.20', '1.25', '1.27', '1.87', '1', '0', '0', '0', '1', '1', '1', '1', '1', '0', '1', '0', '0', '0', '0', '1', '0'] 分數: 0.65進場 勝，10 天內最高獲利: 27.98% (2026-01-16)
6706 2025-12-08 features: ['1', '0', '0', '0', '0', '0', '79.61', '8.63', '100', '95.41', '1.13', '1.36', '1.51', '1.10', '2.36', '1', '0', '1', '0', '1', '1', '1', '1', '1', '0', '1', '0', '0', '0', '0', '0', '0'] 分數: 0.65進場 敗，10 天內最高獲利: -0.42% (2025-12-12)
6531 2026-01-06 features: ['0', '0', '0', '0', '0', '0', '74.67', '17.77', '79.02', '83.49', '1.04', '1.15', '1.19', '1.24', '2.55', '1', '0', '0', '0', '1', '1', '1', '1', '1', '0', '1', '0', '0', '0', '0', '1', '0'] 分數: 0.63進場 敗，10 天內最高獲利: 0.84% (2026-01-16)
6781 2025-11-24 features: ['0', '0', '0', '0', '0', '0', '48.44', '37.59', '2.27', '23.40', '0.94', '0.98', '1.01', '0.50', '0.54', '1', '0', '0', '0', '0', '1', '0', '1', '0', '0', '0', '0', '0', '0', '0', '0', '0'] 分數: 0.63進場 勝，10 天內最高獲利: 20.00% (2025-12-01)
6781 2025-12-08 features: ['0', '0', '0', '0', '0', '0', '47.95', '40.22', '19.05', '42.62', '0.92', '0.96', '1.05', '1.28', '1.42', '1', '0', '1', '0', '0', '1', '0', '1', '0', '0', '0', '0', '0', '0', '0', '0', '0'] 分數: 0.64進場 敗，10 天內最高獲利: 1.92% (2025-12-15)
6243 2025-11-19 features: ['0', '0', '0', '0', '1', '0', '21.11', '-1.38', '21.90', '12.19', '0.93', '0.87', '0.81', '3.34', '3.23', '0', '0', '0', '0', '0', '0', '0', '0', '0', '1', '0', '0', '0', '0', '0', '0', '0'] 分數: 0.71進場 敗，10 天內最高獲利: 4.35% (2025-11-28)
4967 2025-10-21 features: ['0', '0', '0', '0', '0', '0', '79.07', '12.98', '81.20', '82.35', '1.00', '1.23', '1.52', '0.09', '0.13', '1', '0', '0', '0', '1', '1', '1', '1', '1', '0', '1', '0', '0', '0', '0', '0', '1'] 分數: 0.64進場 勝，10 天內最高獲利: 6.61% (2025-10-27)
4967 2025-11-21 features: ['0', '0', '0', '0', '0', '0', '46.12', '5.84', '7.35', '18.38', '0.92', '0.92', '1.17', '0.60', '0.59', '1', '0', '0', '0', '0', '0', '1', '1', '0', '0', '0', '0', '0', '0', '0', '0', '0'] 分數: 0.66進場 敗，10 天內最高獲利: 4.76% (2025-11-25)
4967 2025-12-31 features: ['0', '0', '0', '0', '0', '0', '76.84', '10.72', '100', '94.32', '1.11', '1.29', '1.39', '1.39', '2.63', '1', '0', '1', '0', '1', '1', '1', '1', '1', '0', '1', '0', '0', '0', '0', '1', '0'] 分數: 0.69進場 勝，10 天內最高獲利: 11.11% (2026-01-08)
4967 2026-01-13 features: ['0', '0', '0', '0', '0', '0', '67.25', '17.50', '55.41', '71.12', '0.97', '1.14', '1.33', '0.14', '0.17', '1', '0', '0', '0', '0', '1', '1', '1', '0', '0', '1', '0', '0', '0', '0', '1', '0'] 分數: 0.65進場 勝，10 天內最高獲利: 10.97% (2026-01-19)
6164 2025-12-16 features: ['1', '0', '0', '0', '0', '0', '84.94', '0.28', '100', '84.57', '1.14', '1.21', '1.21', '9.04', '23.01', '1', '1', '0', '0', '1', '1', '1', '0', '0', '1', '1', '0', '1', '1', '0', '1', '0'] 分數: 0.64進場 勝，10 天內最高獲利: 9.92% (2025-12-17)
6282 2025-10-22 features: ['1', '0', '0', '0', '0', '0', '81.26', '2.61', '100', '90.97', '1.11', '1.28', '1.41', '1.48', '3.92', '1', '0', '0', '0', '1', '1', '1', '1', '1', '0', '1', '0', '0', '0', '0', '0', '0'] 分數: 0.68進場 勝，10 天內最高獲利: 9.21% (2025-10-29)
6415 2025-11-18 features: ['0', '0', '0', '0', '1', '0', '24.83', '-13.72', '4.29', '3.54', '0.94', '0.88', '0.74', '1.37', '1.40', '0', '0', '0', '0', '0', '0', '0', '0', '0', '1', '0', '0', '0', '0', '0', '0', '0'] 分數: 0.65進場 敗，10 天內最高獲利: 7.59% (2025-11-28)
8021 2025-12-29 features: ['1', '0', '0', '0', '0', '0', '76.13', '11.84', '100', '81.29', '1.08', '1.20', '1.41', '1.39', '1.38', '1', '0', '0', '0', '1', '1', '1', '1', '1', '0', '1', '0', '0', '0', '0', '0', '0'] 分數: 0.67進場 勝，10 天內最高獲利: 5.95% (2026-01-08)
8021 2026-01-09 features: ['1', '0', '0', '0', '0', '0', '80.41', '15.57', '100', '83.94', '1.11', '1.22', '1.52', '1.54', '0.92', '1', '0', '0', '0', '1', '1', '1', '1', '1', '1', '1', '0', '1', '0', '0', '0', '0'] 分數: 0.68進場 敗，10 天內最高獲利: 3.25% (2026-01-15)
8110 2026-01-02 features: ['0', '0', '0', '1', '0', '0', '76.37', '5.43', '100', '99.16', '1.09', '1.20', '1.68', '2.20', '0.18', '1', '0', '0', '0', '1', '1', '1', '1', '1', '1', '1', '1', '1', '0', '1', '0', '0'] 分數: 0.64進場 勝，10 天內最高獲利: 20.55% (2026-01-07)
6669 2025-10-21 features: ['0', '0', '0', '0', '0', '0', '76.09', '208.91', '92.93', '87.44', '1.05', '1.18', '1.29', '1.05', '1.25', '1', '0', '1', '0', '1', '1', '1', '1', '1', '0', '1', '0', '0', '0', '0', '0', '0'] 分數: 0.67進場 勝，10 天內最高獲利: 7.38% (2025-10-31)
6669 2025-11-04 features: ['0', '0', '0', '0', '0', '0', '75.48', '273.80', '80.77', '88.37', '1.01', '1.11', '1.27', '0.66', '0.45', '1', '0', '0', '0', '1', '1', '1', '1', '1', '0', '1', '0', '0', '0', '0', '0', '0'] 分數: 0.64進場 敗，10 天內最高獲利: 9.77% (2025-11-11)
6669 2025-11-18 features: ['0', '0', '0', '0', '0', '0', '51.19', '186.90', '8.46', '28.99', '0.95', '0.97', '1.16', '0.78', '0.95', '1', '0', '0', '0', '0', '1', '1', '1', '0', '0', '1', '0', '0', '0', '0', '0', '0'] 分數: 0.64進場 勝，10 天內最高獲利: 10.65% (2025-11-28)
8271 2025-11-05 features: ['0', '0', '0', '0', '1', '0', '50.52', '6.37', '24.47', '19.27', '0.94', '0.94', '1.23', '2.00', '0.52', '1', '0', '0', '0', '0', '1', '1', '1', '0', '1', '1', '0', '1', '0', '0', '0', '0'] 分數: 0.67進場 勝，10 天內最高獲利: 29.36% (2025-11-11)
6691 2025-12-10 features: ['0', '0', '0', '0', '0', '0', '75.79', '23.22', '87.39', '92.13', '1.08', '1.19', '1.24', '1.47', '1.76', '1', '0', '0', '0', '1', '1', '1', '1', '1', '0', '1', '0', '0', '0', '0', '0', '0'] 分數: 0.65進場 勝，10 天內最高獲利: 10.70% (2025-12-15)
8131 2025-11-24 features: ['0', '0', '0', '0', '0', '0', '46.02', '1.94', '5.84', '7.80', '0.92', '0.93', '1.13', '0.56', '0.44', '1', '0', '0', '0', '0', '1', '1', '1', '0', '0', '0', '0', '0', '0', '0', '0', '0'] 分數: 0.64進場 勝，10 天內最高獲利: 20.21% (2025-12-03)
8131 2025-12-31 features: ['1', '0', '0', '0', '0', '0', '77.25', '4.70', '100', '86.42', '1.10', '1.27', '1.51', '1.20', '1.63', '1', '0', '1', '0', '1', '1', '1', '1', '1', '0', '1', '0', '0', '0', '0', '0', '0'] 分數: 0.64進場 勝，10 天內最高獲利: 5.72% (2026-01-07)
6155 2025-10-27 features: ['1', '0', '0', '0', '0', '0', '77.84', '1.66', '97.75', '88.78', '1.07', '1.24', '1.35', '1.25', '3.76', '1', '0', '0', '0', '1', '1', '1', '1', '1', '0', '1', '0', '0', '0', '0', '0', '0'] 分數: 0.66進場 敗，10 天內最高獲利: -3.62% (2025-10-28)
8112 2025-10-23 features: ['0', '0', '0', '0', '0', '0', '85.33', '3.90', '93.90', '89.73', '1.10', '1.30', '1.41', '1.48', '3.20', '1', '0', '0', '0', '1', '1', '1', '1', '1', '0', '1', '0', '0', '1', '0', '0', '0'] 分數: 0.64進場 勝，10 天內最高獲利: 9.92% (2025-10-27)
6128 2025-11-13 features: ['0', '0', '0', '0', '1', '0', '8.79', '-1.00', '14.60', '4.87', '0.88', '0.82', '0.79', '9.44', '22.37', '0', '0', '0', '0', '0', '0', '0', '0', '0', '1', '0', '0', '0', '0', '0', '0', '0'] 分數: 0.74進場 勝，10 天內最高獲利: 6.07% (2025-11-14)
6443 2025-12-11 features: ['0', '0', '0', '0', '0', '0', '78.47', '0.51', '97.96', '99.32', '1.16', '1.30', '1.24', '12.54', '26.05', '0', '0', '0', '0', '1', '1', '1', '0', '1', '1', '0', '0', '0', '0', '0', '1', '1'] 分數: 0.65進場 勝，10 天內最高獲利: 32.86% (2025-12-16)
6443 2026-01-12 features: ['0', '0', '0', '0', '0', '0', '79.80', '3.82', '100', '92.44', '1.15', '1.32', '1.94', '0.57', '1.12', '1', '0', '0', '0', '1', '1', '1', '1', '1', '0', '1', '0', '0', '0', '0', '0', '0'] 分數: 0.66進場 勝，10 天內最高獲利: 17.24% (2026-01-20)
6805 2025-10-21 features: ['1', '0', '0', '0', '0', '0', '73.21', '59.62', '100', '86.62', '1.08', '1.20', '1.26', '1.50', '1.36', '1', '0', '1', '0', '1', '1', '1', '1', '0', '0', '1', '0', '0', '0', '0', '0', '0'] 分數: 0.66進場 勝，10 天內最高獲利: 10.23% (2025-10-31)
6805 2025-10-31 features: ['0', '0', '0', '0', '0', '0', '80.48', '103.03', '96.61', '94.00', '1.02', '1.17', '1.32', '0.65', '0.42', '1', '0', '0', '0', '1', '1', '1', '1', '1', '0', '1', '0', '0', '0', '0', '0', '0'] 分數: 0.65進場 敗，10 天內最高獲利: 0.69% (2025-11-03)
6805 2025-11-21 features: ['0', '0', '0', '0', '0', '0', '46.78', '53.76', '10', '26.16', '0.93', '0.93', '1.11', '1.37', '1.11', '0', '0', '0', '0', '0', '0', '1', '0', '0', '1', '0', '0', '0', '0', '0', '0', '0'] 分數: 0.65進場 勝，10 天內最高獲利: 17.84% (2025-12-01)
6805 2025-12-16 features: ['0', '0', '0', '0', '0', '0', '48.91', '40.11', '11.11', '32.41', '0.95', '0.98', '1.10', '0.73', '0.72', '1', '0', '0', '0', '0', '1', '1', '1', '0', '0', '0', '0', '0', '0', '0', '0', '0'] 分數: 0.65進場 勝，10 天內最高獲利: 8.45% (2025-12-26)
6906 2025-11-18 features: ['0', '0', '0', '0', '1', '0', '26.33', '-4.74', '3.45', '2.55', '0.93', '0.87', '0.78', '1.33', '1.54', '0', '0', '0', '0', '0', '0', '0', '0', '0', '1', '0', '0', '0', '0', '0', '0', '0'] 分數: 0.65進場 勝，10 天內最高獲利: 5.47% (2025-11-28)
6515 2025-10-29 features: ['0', '0', '0', '0', '0', '0', '74.62', '180.48', '100', '69.08', '1.06', '1.12', '1.51', '1.73', '1.03', '1', '0', '1', '0', '1', '1', '1', '1', '0', '0', '1', '0', '0', '0', '0', '0', '0'] 分數: 0.65進場 敗，10 天內最高獲利: 0.00% (2025-10-31)
6515 2025-12-17 features: ['0', '0', '0', '0', '0', '0', '50.80', '90.38', '16.22', '55.41', '0.95', '0.99', '1.07', '1.32', '1.14', '1', '0', '0', '0', '0', '1', '1', '1', '0', '0', '1', '0', '0', '0', '0', '0', '0'] 分數: 0.66進場 勝，10 天內最高獲利: 12.65% (2025-12-26)
6515 2026-01-07 features: ['1', '0', '0', '0', '0', '0', '73.93', '154.35', '98.68', '88.41', '1.09', '1.19', '1.30', '1.22', '1.45', '1', '0', '0', '0', '1', '1', '1', '1', '1', '1', '1', '0', '1', '1', '0', '0', '0'] 分數: 0.66進場 勝，10 天內最高獲利: 6.96% (2026-01-16)
8150 2025-11-13 features: ['0', '0', '0', '0', '0', '0', '79.23', '2.35', '100', '91.61', '1.16', '1.28', '1.48', '1.63', '3.35', '1', '0', '0', '0', '1', '1', '1', '1', '1', '1', '1', '0', '1', '0', '0', '0', '0'] 分數: 0.66進場 勝，10 天內最高獲利: 8.98% (2025-11-14)
8150 2026-01-09 features: ['1', '0', '0', '0', '0', '0', '79.17', '2.89', '100', '92.07', '1.10', '1.22', '1.39', '1.50', '2.45', '1', '0', '1', '0', '1', '1', '1', '1', '1', '0', '1', '0', '0', '0', '0', '0', '0'] 分數: 0.67進場 勝，10 天內最高獲利: 21.44% (2026-01-19)
6139 2025-12-12 features: ['0', '0', '0', '0', '0', '0', '77.16', '24.05', '90.23', '86.59', '1.09', '1.21', '1.30', '1.46', '2.01', '1', '0', '0', '0', '1', '1', '1', '1', '1', '1', '1', '0', '1', '0', '0', '1', '0'] 分數: 0.65進場 勝，10 天內最高獲利: 8.05% (2025-12-19)
6139 2025-12-22 features: ['0', '0', '0', '0', '0', '0', '64.44', '40.41', '58.10', '74.57', '0.96', '1.11', '1.25', '1.27', '1.66', '1', '0', '1', '0', '0', '1', '1', '1', '0', '0', '1', '0', '0', '0', '0', '1', '0'] 分數: 0.65進場 敗，10 天內最高獲利: 4.06% (2025-12-26)
6257 2025-11-03 features: ['1', '0', '0', '0', '0', '0', '79.02', '4.21', '100.00', '83.28', '1.12', '1.21', '1.30', '2.70', '3.86', '1', '0', '0', '0', '1', '1', '1', '1', '1', '0', '1', '0', '0', '0', '0', '0', '0'] 分數: 0.65進場 敗，10 天內最高獲利: -9.61% (2025-11-04)

近 60 天內總勝率: 41/56 = 73.21%
分數>95分位且多頭排列持續性勝率: 70.88% (樣本數: 443)
分數>95分位且多頭排列且量能持續放大勝率: 72.73% (樣本數: 341)
剛形成多頭排列勝率: 23.87% (樣本數: 1131)

[BYPASS Step3: 畫圖]

[Step 4: 進出場買賣模擬 (Entry and exit trading simulation)]

🔍 昨日 (2026-01-28) 有訊號，今日 (2026-01-29) 用開盤價進場 (模擬持有部位)
模擬進場 6202 盛群 昨日 (2026-01-28) 分數: 0.680，今日(2026-01-29) 以開盤價 52.1 進場 ✅！
模擬進場 6285 啟碁 昨日 (2026-01-28) 分數: 0.635，今日(2026-01-29) 以開盤價 171.5 進場 ✅！

最近 10 天內所有分數 >= 95 分位(0.63) 且多頭排列持續且量能放大且多頭+RSI>50的進場訊號 (含預測，無勝負結果)
4949 鼎炫-KY 2026-01-26 分數: 0.643 預測訊號，無勝負結果
4967 鼎炫-KY 2026-01-27 分數: 0.657 預測訊號，無勝負結果
6202 鼎炫-KY 2026-01-26 分數: 0.669 預測訊號，無勝負結果
6202 鼎炫-KY 2026-01-27 分數: 0.634 預測訊號，無勝負結果
6202 鼎炫-KY 2026-01-28 分數: 0.680 預測訊號，無勝負結果
6226 鼎炫-KY 2026-01-16 分數: 0.634 預測訊號，無勝負結果
6239 鼎炫-KY 2026-01-16 分數: 0.645 預測訊號，無勝負結果
6239 鼎炫-KY 2026-01-19 分數: 0.659 預測訊號，無勝負結果
6239 鼎炫-KY 2026-01-20 分數: 0.644 預測訊號，無勝負結果
6282 鼎炫-KY 2026-01-20 分數: 0.646 預測訊號，無勝負結果
6285 鼎炫-KY 2026-01-22 分數: 0.650 預測訊號，無勝負結果
6285 鼎炫-KY 2026-01-23 分數: 0.688 預測訊號，無勝負結果
6285 鼎炫-KY 2026-01-26 分數: 0.636 預測訊號，無勝負結果
6285 鼎炫-KY 2026-01-27 分數: 0.639 預測訊號，無勝負結果
6285 鼎炫-KY 2026-01-28 分數: 0.635 預測訊號，無勝負結果
6442 鼎炫-KY 2026-01-16 分數: 0.642 預測訊號，無勝負結果
6515 鼎炫-KY 2026-01-27 分數: 0.638 預測訊號，無勝負結果
6706 鼎炫-KY 2026-01-21 分數: 0.634 預測訊號，無勝負結果
8021 鼎炫-KY 2026-01-22 分數: 0.665 預測訊號，無勝負結果
8046 鼎炫-KY 2026-01-22 分數: 0.649 預測訊號，無勝負結果
8150 鼎炫-KY 2026-01-16 分數: 0.658 預測訊號，無勝負結果

今日(2026-01-29)有訊號，預測(2026-01-30)進場的 Predicted

已更新模擬自動下單 Excel: C:\Users\Jerry-yc.Liu\Desktop\script\stock_signal_charts\auto_trade_sim.xlsx，sheet: 科技業

全部執行總耗時: 196.15 秒
