所有 print 內容將同步寫入 C:\Users\Jerry-yc.Liu\Desktop\script\stock_signal_charts\20251204_213957_銀行業\stock_analysis_20251204_213957_銀行業.log
正在讀取大 pkl: C:\Users\Jerry-yc.Liu\Desktop\script\cache\all_stock_2y.pkl
大 pkl 讀取完成，共有 854 檔股票
可用股票數量: 34
銀行業 全部有快取的股票代號: 
['2801', '2809', '2812', '2816', '2820', '2832', '2834', '2836', '2838', '2845', '2849', '2850', '2851', '2852', '2855', '2867', '2880', '2881', '2882', '2883', '2884', '2885', '2886', '2887', '2888', '2889', '2890', '2891', '2892', '2897', '5876', '5880', '6005', '6024']
✅ 快取最新交易日為 2025-12-03, 昨日訊號才有可能出現。

[Step 1: Random Forest 訓練權重 (Random Forest Algo)]
訓練集勝率: 75.91%
測試集勝率: 72.99%
Random Forest 訓練耗時: 9.27 秒
y_all 樣本分布 (0=敗, 1=勝):
0    10244
1     1541
dtype: int64
勝率比例: 13.075944%

混淆矩陣 (Confusion Matrix):
[[2425  649]
 [1011 2062]]

分類報告 (Classification Report):
              precision    recall  f1-score   support

           0     0.7058    0.7889    0.7450      3074
           1     0.7606    0.6710    0.7130      3073

    accuracy                         0.7299      6147
   macro avg     0.7332    0.7299    0.7290      6147
weighted avg     0.7332    0.7299    0.7290      6147


各特徵對模型預測勝率的重要性: 
k_pattern   : 0.0066
ma_cross    : 0.0018
rsi_signal  : 0.0016
macd_signal : 0.0013
kd_cross    : 0.0025
vol_cross   : 0.0009
RSI         : 0.0837
MACD        : 0.1472
K           : 0.0468
D           : 0.0751
close/5MA   : 0.0989
close/20MA  : 0.1509
close/60MA  : 0.2028
vol/5MA     : 0.0503
vol/20MA    : 0.0565
bullish_ma  : 0.0046
bullish_ma_just: 0.0007
vol_up_just : 0.0047
rsi_just    : 0.0022
ma5_up      : 0.0055
ma20_up     : 0.0057
ma60_up     : 0.0093
bullish_ma_n: 0.0094
ma5_up_n    : 0.0048
vol_up_n    : 0.0047
bullish_ma_and_rsi: 0.0052
ma5_up_and_macd: 0.0017
bullish_ma_and_vol: 0.0021
is_w_buttom : 0.0037
is_triangle : 0.0019
is_cup_handle: 0.0019
is_inverse_head_shoulder: 0.0049
特徵重要性圖已存檔於 C:\Users\Jerry-yc.Liu\Desktop\script\stock_signal_charts\20251204_213957_銀行業\feature_importances.png

[Step 2: 多股票回測與分數分布 (Multi Stock Analyze)]
回測分數分布總耗時: 17.88 秒

分數分布統計: 最小值：0.18，最大值: 0.96，平均值:0.44，中位數:0.42，95分位: 0.66

近 60 天内分數 >= 95分位 (0.66) 且多頭排列持續且量能放大且多頭+RSI>50的進場訊號:
2816 2025-11-10 features: ['0', '0', '0', '0', '0', '0', '72.25', '0.25', '67.50', '62.50', '1.01', '1.03', '1.04', '2.11', '3.56', '1', '0', '1', '0', '1', '1', '1', '1', '1', '0', '1', '0', '0', '0', '0', '0', '0'] 分數: 0.69進場 勝，10 天內最高獲利: 8.14% (2025-11-20)
2855 2025-09-05 features: ['0', '0', '0', '0', '0', '0', '69.02', '0.26', '78.57', '85.45', '1.03', '1.04', '1.05', '2.23', '1.98', '1', '0', '0', '0', '1', '1', '0', '1', '1', '0', '1', '0', '0', '1', '0', '0', '0'] 分數: 0.66進場 勝，10 天內最高獲利: 5.80% (2025-09-15)
2855 2025-09-22 features: ['0', '0', '0', '0', '0', '0', '69.83', '0.60', '72.22', '76.02', '1.01', '1.05', '1.10', '0.79', '0.82', '1', '0', '0', '0', '0', '1', '1', '1', '0', '0', '1', '0', '0', '0', '0', '0', '0'] 分數: 0.66進場 敗，10 天內最高獲利: 4.63% (2025-10-02)
2855 2025-10-02 features: ['0', '0', '0', '0', '0', '0', '75.58', '0.65', '92.59', '94.75', '1.02', '1.05', '1.14', '1.31', '1.26', '1', '0', '1', '0', '1', '1', '1', '1', '1', '0', '1', '0', '0', '0', '0', '0', '0'] 分數: 0.67進場 勝，10 天內最高獲利: 5.05% (2025-10-07)
2867 2025-09-17 features: ['0', '0', '0', '0', '0', '0', '49.05', '0.15', '5.17', '11.62', '0.97', '0.97', '1.07', '1.34', '0.90', '1', '0', '1', '0', '0', '1', '1', '1', '0', '0', '0', '0', '0', '0', '0', '0', '0'] 分數: 0.72進場 敗，10 天內最高獲利: 2.41% (2025-09-24)
2867 2025-10-15 features: ['0', '0', '0', '0', '0', '0', '58.08', '0.10', '51.56', '48.43', '1.01', '1.04', '1.09', '0.56', '0.63', '1', '0', '0', '0', '1', '1', '1', '1', '0', '0', '1', '0', '0', '1', '1', '0', '0'] 分數: 0.66進場 勝，10 天內最高獲利: 8.56% (2025-10-23)
2850 2025-09-01 features: ['0', '0', '0', '0', '0', '0', '76.82', '2.20', '95', '94.17', '1.04', '1.07', '1.10', '2.39', '1.79', '1', '0', '0', '0', '1', '1', '1', '1', '1', '0', '1', '0', '0', '0', '0', '0', '0'] 分數: 0.68進場 勝，10 天內最高獲利: 7.17% (2025-09-05)
2820 2025-09-03 features: ['0', '0', '0', '0', '0', '0', '79.40', '0.34', '81.25', '76.13', '1.02', '1.04', '1.09', '3.19', '2.15', '1', '0', '0', '0', '1', '1', '1', '1', '0', '1', '1', '0', '1', '0', '0', '0', '0'] 分數: 0.66進場 敗，10 天內最高獲利: 0.29% (2025-09-10)
2832 2025-09-10 features: ['0', '0', '0', '0', '0', '1', '67.45', '0.39', '72.22', '74.95', '1.02', '1.02', '1.07', '21.59', '13.44', '1', '0', '1', '0', '1', '1', '1', '1', '1', '0', '1', '0', '0', '0', '0', '0', '0'] 分數: 0.69進場 敗，10 天內最高獲利: 3.24% (2025-09-15)
2832 2025-09-22 features: ['0', '0', '0', '0', '0', '0', '75.80', '0.72', '92.16', '81.51', '1.02', '1.05', '1.11', '1.74', '1.36', '1', '0', '0', '0', '1', '1', '1', '1', '0', '0', '1', '0', '0', '0', '0', '0', '0'] 分數: 0.66進場 勝，10 天內最高獲利: 5.04% (2025-09-30)
2832 2025-11-05 features: ['0', '0', '0', '0', '0', '0', '84.35', '2.39', '93.47', '95.99', '1.10', '1.24', '1.35', '0.53', '0.56', '1', '0', '0', '0', '1', '1', '1', '1', '1', '0', '1', '0', '0', '1', '0', '0', '0'] 分數: 0.85進場 勝，10 天內最高獲利: 7.79% (2025-11-13)
2832 2025-11-17 features: ['0', '0', '0', '0', '0', '0', '85.62', '3.92', '89.36', '87.25', '1.01', '1.18', '1.36', '0.76', '0.65', '1', '0', '0', '0', '1', '1', '1', '1', '1', '0', '1', '0', '0', '0', '0', '0', '0'] 分數: 0.74進場 勝，10 天內最高獲利: 8.12% (2025-11-27)
6005 2025-09-09 features: ['0', '0', '0', '0', '0', '0', '71.95', '0.37', '96.87', '90.50', '1.02', '1.05', '1.10', '1.86', '1.86', '1', '0', '1', '0', '1', '1', '1', '1', '1', '0', '1', '0', '0', '1', '0', '0', '0'] 分數: 0.66進場 勝，10 天內最高獲利: 6.51% (2025-09-12)
6005 2025-09-24 features: ['0', '0', '0', '0', '0', '0', '67.21', '0.64', '75.00', '60.10', '1.02', '1.05', '1.12', '1.19', '1.01', '1', '0', '1', '0', '1', '1', '1', '1', '0', '0', '1', '0', '0', '0', '0', '0', '0'] 分數: 0.68進場 敗，10 天內最高獲利: 3.91% (2025-10-03)
2851 2025-11-07 features: ['0', '0', '0', '0', '0', '0', '74.31', '0.24', '72.73', '77.58', '1.02', '1.03', '1.05', '2.78', '2.33', '1', '0', '0', '0', '1', '1', '1', '1', '0', '1', '1', '0', '1', '0', '0', '0', '0'] 分數: 0.67進場 勝，10 天內最高獲利: 5.16% (2025-11-14)
2838 2025-10-03 features: ['1', '0', '0', '0', '0', '0', '74.67', '0.26', '100', '94.74', '1.02', '1.05', '1.06', '1.80', '1.81', '1', '0', '0', '0', '1', '1', '1', '1', '1', '1', '1', '0', '1', '1', '0', '0', '0'] 分數: 0.68進場 敗，10 天內最高獲利: 3.79% (2025-10-08)

近 60 天內總勝率: 10/16 = 62.50%
分數>95分位且多頭排列持續性勝率: 61.05% (樣本數: 95)
分數>95分位且多頭排列且量能持續放大勝率: 61.46% (樣本數: 96)
剛形成多頭排列勝率: 6.44% (樣本數: 264)

[BYPASS Step3: 畫圖]

[Step 4: 進出場買賣模擬 (Entry and exit trading simulation)]

🔍 昨日 (2025-12-02) 有訊號，今日 (2025-12-03) 用開盤價進場 (模擬持有部位)
昨日所有股票都沒有進場訊號

最近 10 天內所有分數 >= 95 分位(0.66) 且多頭排列持續且量能放大且多頭+RSI>50的進場訊號 (含預測，無勝負結果)
2832 群益期 2025-11-20 分數: 0.677 預測訊號，無勝負結果
2832 群益期 2025-11-21 分數: 0.663 預測訊號，無勝負結果
2832 群益期 2025-11-24 分數: 0.706 預測訊號，無勝負結果
2832 群益期 2025-11-25 分數: 0.681 預測訊號，無勝負結果
2832 群益期 2025-11-26 分數: 0.691 預測訊號，無勝負結果
2832 群益期 2025-11-27 分數: 0.730 預測訊號，無勝負結果

今日(2025-12-03)有訊號，預測(2025-12-04)進場的 Predicted

已更新模擬自動下單 Excel: C:\Users\Jerry-yc.Liu\Desktop\script\stock_signal_charts\auto_trade_sim.xlsx，sheet: 銀行業

全部執行總耗時: 34.67 秒
