所有 print 內容將同步寫入 C:\Users\Jerry-yc.Liu\Desktop\script\stock_signal_charts\20251203_231206_傳統產業\stock_analysis_20251203_231206_傳統產業.log
正在讀取大 pkl: C:\Users\Jerry-yc.Liu\Desktop\script\cache\all_stock_2y.pkl
大 pkl 讀取完成，共有 854 檔股票
可用股票數量: 326
傳統產業 全部有快取的股票代號: 
['1101', '1102', '1103', '1104', '1108', '1109', '1110', '1201', '1203', '1210', '1213', '1215', '1216', '1217', '1218', '1219', '1220', '1225', '1227', '1229', '1231', '1232', '1233', '1234', '1235', '1236', '1256', '1301', '1303', '1304', '1305', '1307', '1308', '1309', '1310', '1312', '1313', '1314', '1315', '1319', '1321', '1323', '1324', '1325', '1326', '1337', '1338', '1339', '1340', '1341', '1402', '1409', '1410', '1413', '1414', '1417', '1418', '1419', '1423', '1434', '1440', '1441', '1444', '1445', '1446', '1447', '1449', '1451', '1452', '1454', '1455', '1457', '1459', '1460', '1463', '1464', '1465', '1466', '1467', '1468', '1470', '1473', '1474', '1475', '1476', '1477', '1503', '1504', '1506', '1512', '1513', '1514', '1515', '1517', '1519', '1521', '1522', '1524', '1525', '1526', '1527', '1528', '1529', '1530', '1531', '1532', '1533', '1535', '1536', '1537', '1538', '1539', '1540', '1541', '1558', '1560', '1563', '1568', '1583', '1587', '1589', '1590', '1597', '1603', '1604', '1605', '1608', '1609', '1611', '1612', '1614', '1615', '1616', '1617', '1618', '1626', '1702', '1708', '1709', '1710', '1711', '1712', '1713', '1714', '1717', '1718', '1721', '1722', '1723', '1725', '1726', '1727', '1730', '1732', '1735', '1737', '1773', '1776', '1802', '1806', '1809', '1810', '1817', '1903', '1904', '1905', '1906', '1907', '1909', '2002', '2006', '2007', '2008', '2009', '2010', '2012', '2013', '2014', '2015', '2017', '2020', '2022', '2023', '2024', '2025', '2027', '2028', '2029', '2030', '2031', '2032', '2033', '2034', '2038', '2049', '2069', '2101', '2102', '2103', '2104', '2105', '2106', '2107', '2108', '2109', '2114', '2115', '2201', '2204', '2206', '2207', '2208', '2211', '2227', '2228', '2231', '2233', '2236', '2239', '2241', '2243', '2247', '2250', '2371', '2497', '2603', '2605', '2606', '2607', '2608', '2609', '2610', '2611', '2612', '2613', '2615', '2616', '2617', '2618', '2630', '2633', '2634', '2636', '2637', '2642', '2645', '2701', '2702', '2704', '2705', '2706', '2707', '2712', '2722', '2723', '2727', '2731', '2739', '2748', '2753', '3004', '3054', '3167', '3346', '3708', '4306', '4414', '4426', '4438', '4439', '4440', '4526', '4532', '4540', '4551', '4552', '4555', '4557', '4560', '4562', '4564', '4566', '4569', '4571', '4572', '4576', '4581', '4583', '4720', '4722', '4739', '4755', '4763', '4764', '4766', '4770', '4930', '5007', '5283', '5288', '5292', '5538', '5607', '5608', '5706', '6288', '6505', '6581', '6582', '6605', '6606', '6641', '6753', '6790', '6806', '8222', '8341', '8367', '8374', '8422', '8438', '8473', '8476', '8926', '8940', '8996']
✅ 快取最新交易日為 2025-12-02, 昨日訊號才有可能出現。

[Step 1: Random Forest 訓練權重 (Random Forest Algo)]
訓練集勝率: 64.36%
測試集勝率: 63.58%
Random Forest 訓練耗時: 100.82 秒
y_all 樣本分布 (0=敗, 1=勝):
0    87627
1    22169
dtype: int64
勝率比例: 20.191082%

混淆矩陣 (Confusion Matrix):
[[17852  8437]
 [10709 15579]]

分類報告 (Classification Report):
              precision    recall  f1-score   support

           0     0.6250    0.6791    0.6509     26289
           1     0.6487    0.5926    0.6194     26288

    accuracy                         0.6358     52577
   macro avg     0.6369    0.6358    0.6352     52577
weighted avg     0.6369    0.6358    0.6352     52577


各特徵對模型預測勝率的重要性: 
k_pattern   : 0.0027
ma_cross    : 0.0013
rsi_signal  : 0.0011
macd_signal : 0.0012
kd_cross    : 0.0011
vol_cross   : 0.0028
RSI         : 0.0679
MACD        : 0.1265
K           : 0.0455
D           : 0.0480
close/5MA   : 0.1467
close/20MA  : 0.1704
close/60MA  : 0.2719
vol/5MA     : 0.0262
vol/20MA    : 0.0278
bullish_ma  : 0.0030
bullish_ma_just: 0.0003
vol_up_just : 0.0019
rsi_just    : 0.0007
ma5_up      : 0.0090
ma20_up     : 0.0068
ma60_up     : 0.0110
bullish_ma_n: 0.0022
ma5_up_n    : 0.0058
vol_up_n    : 0.0019
bullish_ma_and_rsi: 0.0025
ma5_up_and_macd: 0.0006
bullish_ma_and_vol: 0.0006
is_w_buttom : 0.0055
is_triangle : 0.0042
is_cup_handle: 0.0023
is_inverse_head_shoulder: 0.0007
特徵重要性圖已存檔於 C:\Users\Jerry-yc.Liu\Desktop\script\stock_signal_charts\20251203_231206_傳統產業\feature_importances.png

[Step 2: 多股票回測與分數分布 (Multi Stock Analyze)]
回測分數分布總耗時: 207.50 秒

分數分布統計: 最小值：0.26，最大值: 0.95，平均值:0.48，中位數:0.46，95分位: 0.66

近 60 天内分數 >= 95分位 (0.66) 且多頭排列持續且量能放大且多頭+RSI>50的進場訊號:
6753 2025-08-26 features: ['1', '0', '0', '0', '0', '0', '76.97', '6.10', '100', '81.16', '1.14', '1.23', '1.35', '1.93', '2.26', '1', '0', '0', '0', '1', '1', '1', '1', '1', '1', '1', '0', '1', '0', '0', '0', '0'] 分數: 0.72進場 勝，10 天內最高獲利: 29.86% (2025-09-05)
6753 2025-09-09 features: ['0', '0', '0', '0', '0', '0', '77.65', '19.07', '85.19', '86.28', '1.04', '1.32', '1.62', '0.52', '1.08', '1', '0', '0', '0', '1', '1', '1', '1', '1', '0', '1', '0', '0', '0', '0', '0', '0'] 分數: 0.68進場 敗，10 天內最高獲利: 10.00% (2025-09-10)
2033 2025-09-25 features: ['0', '0', '0', '0', '0', '0', '83.48', '0.80', '100', '88.21', '1.12', '1.19', '1.30', '3.15', '4.88', '1', '0', '0', '0', '1', '1', '1', '1', '1', '1', '1', '0', '1', '0', '0', '0', '0'] 分數: 0.69進場 敗，10 天內最高獲利: 2.10% (2025-09-30)
2723 2025-11-14 features: ['0', '0', '0', '0', '0', '0', '19.88', '-2.03', '0', '22.86', '0.96', '0.91', '0.85', '1.68', '3.06', '0', '0', '0', '0', '0', '0', '0', '0', '0', '1', '0', '0', '0', '0', '0', '0', '0'] 分數: 0.66進場 敗，10 天內最高獲利: 1.27% (2025-11-24)
1256 2025-09-02 features: ['0', '0', '0', '0', '0', '0', '85.06', '2.65', '100', '83.33', '1.13', '1.18', '1.20', '2.78', '3.32', '1', '0', '0', '0', '1', '1', '1', '0', '1', '0', '1', '0', '0', '0', '0', '0', '0'] 分數: 0.70進場 勝，10 天內最高獲利: 26.83% (2025-09-11)
4722 2025-08-21 features: ['0', '0', '0', '0', '0', '0', '85.04', '10.86', '94.83', '98.28', '1.09', '1.42', '1.60', '0.54', '0.93', '1', '0', '0', '0', '1', '1', '1', '1', '1', '0', '1', '0', '0', '0', '0', '0', '0'] 分數: 0.71進場 勝，10 天內最高獲利: 30.43% (2025-08-28)
4722 2025-09-19 features: ['1', '0', '0', '0', '0', '0', '67.77', '9.53', '100', '74.36', '1.13', '1.12', '1.60', '1.69', '2.87', '0', '0', '0', '0', '1', '1', '1', '0', '0', '1', '0', '0', '0', '0', '0', '0', '0'] 分數: 0.68進場 勝，10 天內最高獲利: 15.13% (2025-09-26)
4722 2025-09-30 features: ['1', '0', '0', '0', '0', '0', '79.74', '17.55', '100', '85.71', '1.10', '1.33', '1.82', '0.55', '1.10', '1', '0', '0', '0', '1', '1', '1', '1', '1', '0', '1', '0', '0', '1', '0', '0', '0'] 分數: 0.74進場 勝，10 天內最高獲利: 11.43% (2025-10-03)
2642 2025-09-08 features: ['1', '0', '0', '0', '0', '0', '93.29', '0.75', '100', '100', '1.14', '1.21', '1.23', '11.94', '22.04', '1', '0', '0', '0', '1', '1', '1', '1', '1', '1', '1', '0', '1', '0', '0', '0', '1'] 分數: 0.68進場 敗，10 天內最高獲利: -0.16% (2025-09-09)
2201 2025-11-14 features: ['1', '0', '0', '0', '0', '1', '82.98', '1.21', '100', '100.00', '1.18', '1.29', '1.29', '13.22', '24.11', '0', '0', '0', '0', '1', '1', '1', '0', '1', '1', '0', '0', '0', '0', '0', '1', '0'] 分數: 0.79進場 敗，10 天內最高獲利: -9.92% (2025-11-17)
8422 2025-10-22 features: ['1', '0', '0', '0', '0', '0', '89.13', '6.82', '100', '91.77', '1.12', '1.19', '1.24', '5.04', '7.56', '1', '0', '0', '0', '1', '1', '1', '1', '1', '1', '1', '0', '1', '1', '0', '0', '0'] 分數: 0.69進場 敗，10 天內最高獲利: -2.03% (2025-10-30)
2645 2025-08-25 features: ['0', '0', '0', '0', '0', '0', '81.85', '18.47', '86.36', '78.93', '1.04', '1.21', '1.53', '0.80', '0.94', '1', '0', '0', '0', '1', '1', '1', '1', '1', '0', '1', '0', '0', '0', '0', '0', '0'] 分數: 0.67進場 勝，10 天內最高獲利: 7.43% (2025-09-03)
4440 2025-10-15 features: ['1', '0', '0', '0', '0', '0', '88.98', '0.75', '97.94', '89.34', '1.10', '1.22', '1.25', '2.48', '7.83', '1', '0', '0', '0', '1', '1', '1', '1', '1', '0', '1', '0', '0', '0', '0', '0', '0'] 分數: 0.69進場 敗，10 天內最高獲利: 1.83% (2025-10-17)
2630 2025-08-27 features: ['0', '0', '0', '0', '0', '0', '74.73', '5.65', '85.61', '66.43', '1.08', '1.20', '1.54', '1.49', '0.26', '1', '0', '1', '0', '1', '1', '1', '1', '0', '0', '1', '0', '0', '0', '0', '0', '0'] 分數: 0.66進場 勝，10 天內最高獲利: 13.59% (2025-09-03)
1236 2025-09-25 features: ['0', '0', '0', '0', '0', '0', '89.94', '0.67', '88.00', '92.65', '1.01', '1.05', '1.11', '10.80', '8.41', '1', '0', '0', '0', '1', '1', '1', '0', '1', '0', '1', '0', '0', '1', '0', '1', '0'] 分數: 0.67進場 勝，10 天內最高獲利: 12.96% (2025-10-03)
3004 2025-08-28 features: ['1', '0', '0', '0', '0', '0', '71.77', '1.13', '100', '87.46', '1.11', '1.14', '1.11', '4.11', '5.70', '0', '0', '0', '0', '1', '1', '0', '0', '1', '1', '0', '0', '0', '1', '0', '0', '0'] 分數: 0.66進場 敗，10 天內最高獲利: 4.53% (2025-09-03)
2231 2025-08-27 features: ['0', '0', '0', '0', '0', '0', '74.90', '4.98', '100', '81.00', '1.09', '1.22', '1.31', '3.09', '3.96', '1', '0', '1', '0', '1', '1', '1', '1', '0', '0', '1', '0', '0', '0', '0', '0', '0'] 分數: 0.69進場 勝，10 天內最高獲利: 35.05% (2025-09-05)
2231 2025-09-08 features: ['1', '0', '0', '0', '0', '0', '88.28', '14.27', '100', '95.28', '1.12', '1.43', '1.75', '1.02', '1.89', '1', '0', '0', '0', '1', '1', '1', '1', '1', '0', '1', '0', '0', '0', '0', '0', '0'] 分數: 0.67進場 敗，10 天內最高獲利: 5.36% (2025-09-10)
4557 2025-08-21 features: ['0', '0', '1', '0', '0', '0', '35.47', '-4.90', '69.41', '35.60', '1.02', '0.95', '0.83', '1.35', '1.74', '0', '0', '0', '0', '0', '0', '0', '0', '0', '1', '0', '0', '0', '0', '0', '0', '0'] 分數: 0.73進場 勝，10 天內最高獲利: 6.18% (2025-08-27)
2634 2025-08-28 features: ['1', '0', '0', '0', '0', '0', '77.62', '2.57', '100', '90.69', '1.14', '1.24', '1.34', '2.51', '4.02', '1', '0', '0', '0', '1', '1', '1', '1', '1', '0', '1', '0', '0', '0', '0', '0', '0'] 分數: 0.71進場 勝，10 天內最高獲利: 11.83% (2025-09-03)
2233 2025-08-25 features: ['1', '0', '0', '0', '0', '0', '79.81', '17.97', '100', '81.64', '1.06', '1.23', '1.39', '1.58', '2.24', '1', '0', '1', '0', '1', '1', '1', '1', '0', '0', '1', '0', '0', '0', '0', '0', '0'] 分數: 0.69進場 敗，10 天內最高獲利: 1.13% (2025-08-27)
5288 2025-09-12 features: ['0', '0', '0', '0', '1', '0', '23.52', '-3.27', '12.20', '6.29', '0.94', '0.91', '0.85', '1.50', '2.48', '0', '0', '0', '0', '0', '0', '0', '0', '0', '1', '0', '0', '0', '0', '0', '0', '0'] 分數: 0.70進場 敗，10 天內最高獲利: 0.00% (2025-09-15)
2009 2025-09-26 features: ['1', '0', '0', '0', '0', '1', '82.62', '0.92', '100', '89.36', '1.15', '1.21', '1.23', '18.77', '26.05', '1', '0', '0', '0', '1', '1', '1', '1', '1', '1', '1', '0', '1', '0', '0', '0', '0'] 分數: 0.74進場 敗，10 天內最高獲利: 0.83% (2025-09-30)
2009 2025-10-09 features: ['0', '0', '0', '0', '0', '0', '77.34', '2.64', '84.66', '86.21', '1.08', '1.24', '1.32', '2.01', '3.80', '1', '0', '0', '0', '1', '1', '1', '1', '1', '1', '1', '0', '1', '1', '0', '0', '0'] 分數: 0.66進場 敗，10 天內最高獲利: -6.07% (2025-10-13)
2208 2025-09-04 features: ['0', '0', '0', '0', '0', '0', '73.64', '1.00', '100', '74.65', '1.11', '1.24', '1.28', '0.92', '2.44', '1', '0', '0', '0', '1', '1', '1', '1', '1', '0', '1', '0', '0', '0', '0', '0', '0'] 分數: 0.66進場 勝，10 天內最高獲利: 29.80% (2025-09-12)
1231 2025-10-07 features: ['0', '0', '0', '0', '0', '0', '18.06', '-4.15', '6.45', '11.45', '0.94', '0.90', '0.85', '2.84', '4.83', '0', '0', '0', '0', '0', '0', '0', '0', '0', '1', '0', '0', '0', '0', '0', '0', '0'] 分數: 0.73進場 敗，10 天內最高獲利: 1.29% (2025-10-09)
2241 2025-10-08 features: ['0', '0', '0', '0', '0', '0', '80.48', '1.72', '95.04', '85.48', '1.05', '1.18', '1.28', '1.80', '2.64', '1', '0', '0', '0', '1', '1', '1', '1', '1', '0', '1', '0', '0', '0', '0', '0', '0'] 分數: 0.66進場 勝，10 天內最高獲利: 10.39% (2025-10-16)
2241 2025-10-20 features: ['0', '0', '0', '0', '0', '0', '79.28', '2.64', '95.59', '93.29', '1.05', '1.18', '1.37', '0.98', '1.36', '1', '0', '0', '0', '1', '1', '1', '1', '1', '0', '1', '0', '0', '0', '0', '0', '0'] 分數: 0.68進場 敗，10 天內最高獲利: 0.79% (2025-10-28)
4564 2025-08-25 features: ['1', '0', '0', '0', '0', '0', '79.99', '0.47', '100', '92.59', '1.16', '1.25', '1.23', '1.95', '4.86', '0', '0', '0', '0', '1', '1', '1', '0', '1', '1', '0', '0', '0', '0', '0', '1', '0'] 分數: 0.72進場 勝，10 天內最高獲利: 6.43% (2025-09-01)
4555 2025-08-21 features: ['1', '0', '0', '0', '0', '0', '90.26', '2.71', '100', '93.76', '1.13', '1.29', '1.37', '4.73', '13.36', '1', '0', '0', '0', '1', '1', '1', '1', '1', '1', '1', '0', '1', '0', '0', '0', '0'] 分數: 0.74進場 敗，10 天內最高獲利: -1.39% (2025-08-22)
1340 2025-09-23 features: ['0', '0', '0', '0', '0', '0', '81.03', '0.28', '85.90', '95.30', '1.15', '1.30', '1.29', '3.19', '4.82', '0', '0', '0', '0', '1', '1', '1', '0', '1', '1', '0', '0', '0', '0', '0', '1', '0'] 分數: 0.66進場 敗，10 天內最高獲利: 6.03% (2025-09-24)
1340 2025-11-04 features: ['0', '0', '0', '0', '0', '0', '31.10', '-0.19', '2.11', '11.81', '0.93', '0.88', '0.90', '2.56', '2.17', '0', '0', '0', '0', '0', '0', '0', '0', '0', '1', '0', '0', '0', '0', '0', '0', '0'] 分數: 0.68進場 勝，10 天內最高獲利: 19.70% (2025-11-13)
1608 2025-11-04 features: ['0', '0', '0', '0', '0', '0', '75.08', '1.16', '100', '89.01', '1.13', '1.21', '1.27', '1.08', '1.51', '1', '0', '0', '0', '1', '1', '1', '1', '1', '0', '1', '0', '0', '1', '0', '0', '0'] 分數: 0.66進場 敗，10 天內最高獲利: 4.01% (2025-11-05)
1605 2025-10-09 features: ['0', '0', '0', '0', '0', '0', '79.95', '1.72', '93.08', '95.22', '1.15', '1.30', '1.40', '2.92', '5.16', '1', '0', '0', '0', '1', '1', '1', '1', '1', '1', '1', '0', '1', '0', '0', '0', '0'] 分數: 0.71進場 敗，10 天內最高獲利: -4.33% (2025-10-13)
6505 2025-11-12 features: ['1', '0', '0', '0', '0', '0', '83.29', '2.79', '95.92', '91.40', '1.07', '1.20', '1.31', '1.78', '2.96', '1', '0', '0', '0', '1', '1', '1', '1', '1', '1', '1', '0', '1', '0', '0', '0', '0'] 分數: 0.71進場 敗，10 天內最高獲利: 1.63% (2025-11-20)
2607 2025-10-07 features: ['0', '0', '0', '0', '0', '0', '93.64', '1.87', '95.38', '75.79', '1.49', '1.64', '1.66', '0.73', '0.91', '1', '1', '0', '0', '1', '1', '1', '0', '1', '0', '1', '0', '0', '0', '0', '1', '0'] 分數: 0.67進場 敗，10 天內最高獲利: 0.51% (2025-10-16)
1506 2025-08-25 features: ['1', '0', '0', '0', '0', '1', '88.11', '0.08', '100', '95.24', '1.08', '1.11', '1.10', '6.60', '6.45', '0', '0', '0', '0', '1', '1', '1', '0', '1', '1', '0', '0', '0', '0', '0', '0', '0'] 分數: 0.66進場 勝，10 天內最高獲利: 14.17% (2025-09-01)
1587 2025-09-18 features: ['1', '0', '0', '0', '0', '0', '71.31', '2.16', '100', '78.08', '1.12', '1.25', '1.38', '2.85', '5.97', '1', '0', '0', '0', '1', '1', '1', '1', '0', '1', '1', '0', '1', '0', '0', '0', '0'] 分數: 0.67進場 敗，10 天內最高獲利: -0.23% (2025-09-23)
1590 2025-10-07 features: ['1', '1', '0', '0', '0', '0', '67.85', '-0.86', '100', '85.66', '1.08', '1.09', '1.05', '2.38', '3.38', '0', '0', '0', '0', '1', '1', '0', '0', '1', '1', '0', '0', '0', '1', '0', '0', '0'] 分數: 0.69進場 勝，10 天內最高獲利: 6.99% (2025-10-16)
2243 2025-09-01 features: ['1', '0', '0', '0', '0', '0', '76.51', '0.48', '100', '88.62', '1.14', '1.28', '1.26', '2.86', '4.83', '0', '0', '0', '0', '1', '1', '1', '0', '1', '1', '0', '0', '0', '0', '0', '1', '0'] 分數: 0.69進場 敗，10 天內最高獲利: 9.86% (2025-09-02)
2211 2025-10-15 features: ['1', '0', '0', '0', '0', '0', '84.35', '3.92', '100', '91.60', '1.07', '1.15', '1.24', '1.11', '1.90', '1', '0', '0', '0', '1', '1', '1', '1', '1', '0', '1', '0', '0', '1', '0', '0', '0'] 分數: 0.67進場 敗，10 天內最高獲利: 0.89% (2025-10-22)
1717 2025-08-21 features: ['0', '0', '0', '0', '0', '0', '84.80', '4.04', '80.18', '79.07', '1.02', '1.32', '1.54', '0.16', '0.55', '1', '0', '0', '0', '1', '1', '1', '1', '1', '0', '1', '0', '0', '0', '0', '0', '0'] 分數: 0.70進場 敗，10 天內最高獲利: 4.41% (2025-08-29)
1717 2025-09-01 features: ['0', '0', '0', '0', '0', '0', '82.76', '4.43', '100.00', '82.07', '1.05', '1.24', '1.57', '2.08', '0.77', '1', '0', '1', '0', '1', '1', '1', '1', '1', '0', '1', '0', '0', '0', '0', '0', '0'] 分數: 0.66進場 敗，10 天內最高獲利: 0.00% (2025-09-02)
1314 2025-11-06 features: ['1', '0', '0', '0', '0', '0', '83.53', '0.35', '100', '100', '1.17', '1.28', '1.32', '1.60', '3.93', '1', '0', '0', '0', '1', '1', '1', '1', '1', '1', '1', '0', '1', '1', '0', '0', '1'] 分數: 0.70進場 敗，10 天內最高獲利: -3.38% (2025-11-07)
4414 2025-09-04 features: ['0', '1', '0', '0', '0', '0', '73.36', '0.38', '100.00', '86.67', '1.14', '1.15', '1.51', '5.91', '3.35', '1', '1', '0', '0', '1', '1', '1', '0', '1', '1', '1', '0', '1', '1', '0', '0', '0'] 分數: 0.67進場 敗，10 天內最高獲利: 1.57% (2025-09-08)
3708 2025-08-22 features: ['1', '0', '0', '1', '0', '0', '79.47', '8.86', '100', '81.48', '1.14', '1.19', '1.53', '4.92', '5.36', '1', '0', '0', '0', '1', '1', '1', '1', '1', '1', '1', '1', '1', '0', '0', '0', '0'] 分數: 0.72進場 敗，10 天內最高獲利: -3.03% (2025-08-29)
8996 2025-08-25 features: ['0', '0', '0', '0', '0', '0', '77.14', '25.88', '82.98', '75.73', '1.08', '1.18', '1.38', '1.63', '1.50', '1', '0', '0', '0', '1', '1', '1', '1', '0', '1', '1', '0', '1', '0', '0', '0', '0'] 分數: 0.66進場 敗，10 天內最高獲利: -1.52% (2025-08-27)
8996 2025-10-02 features: ['1', '1', '0', '1', '0', '0', '68.10', '3.18', '100', '84.99', '1.15', '1.17', '1.21', '3.32', '3.74', '1', '1', '0', '0', '1', '1', '1', '0', '0', '0', '1', '1', '0', '0', '0', '0', '0'] 分數: 0.70進場 勝，10 天內最高獲利: 8.61% (2025-10-09)
8996 2025-10-14 features: ['0', '0', '0', '0', '0', '0', '74.78', '24.49', '100', '92.54', '1.09', '1.27', '1.35', '0.37', '0.59', '1', '0', '0', '0', '1', '1', '1', '1', '1', '0', '1', '0', '0', '0', '0', '0', '0'] 分數: 0.69進場 勝，10 天內最高獲利: 19.44% (2025-10-16)
8996 2025-10-29 features: ['0', '0', '0', '0', '0', '0', '79.31', '54.26', '100', '89.22', '1.11', '1.30', '1.57', '1.34', '0.40', '1', '0', '1', '0', '1', '1', '1', '1', '0', '0', '1', '0', '0', '0', '0', '0', '0'] 分數: 0.67進場 勝，10 天內最高獲利: 9.78% (2025-11-06)
1810 2025-08-26 features: ['1', '0', '0', '1', '0', '0', '72.51', '1.26', '93.42', '55.18', '1.10', '1.16', '1.34', '2.22', '1.70', '1', '0', '0', '0', '1', '1', '1', '1', '0', '1', '1', '1', '1', '0', '0', '0', '0'] 分數: 0.67進場 勝，10 天內最高獲利: 8.04% (2025-09-03)
1810 2025-11-18 features: ['0', '0', '0', '0', '0', '0', '29.29', '-0.58', '8.82', '12.27', '0.95', '0.92', '0.84', '2.07', '2.01', '0', '0', '0', '0', '0', '0', '0', '0', '0', '1', '0', '0', '0', '0', '0', '0', '0'] 分數: 0.68進場 勝，10 天內最高獲利: 13.64% (2025-11-26)
6605 2025-09-11 features: ['0', '0', '0', '0', '0', '0', '17.99', '-7.49', '0', '6.39', '0.95', '0.91', '0.78', '2.45', '2.49', '0', '0', '0', '0', '0', '0', '0', '0', '0', '1', '0', '0', '0', '0', '0', '0', '0'] 分數: 0.66進場 敗，10 天內最高獲利: 3.83% (2025-09-15)
1473 2025-10-02 features: ['0', '0', '0', '0', '0', '0', '81.42', '0.47', '76.47', '90.40', '1.10', '1.14', '1.13', '5.19', '12.35', '0', '0', '0', '0', '1', '1', '1', '0', '1', '1', '0', '0', '0', '1', '0', '0', '0'] 分數: 0.67進場 敗，10 天內最高獲利: 3.92% (2025-10-07)
3167 2025-09-26 features: ['0', '0', '0', '0', '0', '0', '40.43', '-0.99', '4.55', '35.54', '0.90', '0.91', '0.95', '1.67', '1.14', '1', '0', '0', '0', '0', '0', '1', '1', '0', '1', '0', '0', '1', '0', '0', '0', '0'] 分數: 0.66進場 勝，10 天內最高獲利: 6.03% (2025-10-03)
3167 2025-10-14 features: ['0', '0', '0', '0', '0', '0', '41.30', '-4.06', '36.62', '38.09', '0.94', '0.91', '0.90', '1.48', '2.17', '0', '0', '0', '0', '0', '0', '1', '0', '0', '1', '0', '0', '0', '0', '0', '0', '0'] 分數: 0.67進場 敗，10 天內最高獲利: 2.07% (2025-10-15)
1303 2025-11-12 features: ['1', '0', '0', '0', '0', '0', '79.40', '1.27', '100', '90.21', '1.12', '1.17', '1.21', '3.01', '3.79', '1', '0', '0', '0', '1', '1', '1', '1', '1', '1', '1', '0', '1', '1', '0', '0', '0'] 分數: 0.66進場 勝，10 天內最高獲利: 15.06% (2025-11-18)
2236 2025-10-15 features: ['0', '0', '0', '0', '0', '0', '23.79', '-0.96', '13.90', '16.09', '0.90', '0.86', '0.89', '4.59', '3.38', '0', '0', '0', '0', '0', '0', '0', '0', '0', '1', '0', '0', '0', '0', '0', '0', '0'] 分數: 0.68進場 敗，10 天內最高獲利: 0.11% (2025-10-23)
1517 2025-10-09 features: ['0', '0', '0', '0', '0', '0', '86.88', '0.28', '100', '65.48', '1.11', '1.16', '1.19', '5.47', '6.24', '1', '0', '0', '0', '1', '1', '1', '1', '0', '1', '1', '0', '1', '0', '0', '0', '0'] 分數: 0.66進場 勝，10 天內最高獲利: 14.00% (2025-10-14)
1519 2025-10-31 features: ['1', '0', '0', '0', '0', '0', '75.70', '15.36', '100', '81.90', '1.12', '1.21', '1.18', '2.56', '4.70', '0', '0', '0', '0', '1', '1', '1', '0', '1', '1', '0', '0', '0', '0', '0', '1', '0'] 分數: 0.68進場 勝，10 天內最高獲利: 9.93% (2025-11-03)
1711 2025-09-10 features: ['1', '0', '0', '0', '0', '0', '79.69', '0.75', '100', '81.86', '1.13', '1.18', '1.29', '7.14', '8.67', '1', '0', '0', '0', '1', '1', '1', '1', '1', '1', '1', '0', '1', '0', '0', '0', '0'] 分數: 0.68進場 敗，10 天內最高獲利: -5.91% (2025-09-11)

近 60 天內總勝率: 26/61 = 42.62%
分數>95分位且多頭排列持續性勝率: 56.54% (樣本數: 405)
分數>95分位且多頭排列且量能持續放大勝率: 55.44% (樣本數: 846)
剛形成多頭排列勝率: 17.03% (樣本數: 1820)

[BYPASS Step3: 畫圖]

[Step 4: 進出場買賣模擬 (Entry and exit trading simulation)]

🔍 昨日 (2025-12-01) 有訊號，今日 (2025-12-02) 用開盤價進場 (模擬持有部位)
模擬進場 1303 南亞 昨日 (2025-12-01) 分數: 0.660，今日(2025-12-02) 以開盤價 61.5 進場 ✅！

最近 10 天內所有分數 >= 95 分位(0.66) 且多頭排列持續且量能放大且多頭+RSI>50的進場訊號 (含預測，無勝負結果)
1303 高力 2025-12-01 分數: 0.660 預測訊號，無勝負結果
1303 高力 2025-12-02 分數: 0.668 預測訊號，無勝負結果
1419 高力 2025-11-24 分數: 0.679 預測訊號，無勝負結果
2208 高力 2025-11-26 分數: 0.706 預測訊號，無勝負結果
2231 高力 2025-11-25 分數: 0.672 預測訊號，無勝負結果
2231 高力 2025-11-26 分數: 0.664 預測訊號，無勝負結果
2723 高力 2025-11-19 分數: 0.689 預測訊號，無勝負結果
4564 高力 2025-11-25 分數: 0.694 預測訊號，無勝負結果
4764 高力 2025-12-02 分數: 0.664 預測訊號，無勝負結果
4766 高力 2025-12-02 分數: 0.662 預測訊號，無勝負結果
6753 高力 2025-11-25 分數: 0.702 預測訊號，無勝負結果

今日(2025-12-02)有訊號，預測(2025-12-03)進場的 Predicted
1303 南亞 今日 (2025-12-02) 分數: 0.668 下個交易日 (2025-12-03) 預測進場
4764 雙鍵 今日 (2025-12-02) 分數: 0.664 下個交易日 (2025-12-03) 預測進場
4766 南寶 今日 (2025-12-02) 分數: 0.662 下個交易日 (2025-12-03) 預測進場

已更新模擬自動下單 Excel: C:\Users\Jerry-yc.Liu\Desktop\script\stock_signal_charts\auto_trade_sim.xlsx，sheet: 傳統產業

全部執行總耗時: 369.09 秒
